386 
    <Начальные остатки> from: 329784      to: 330383
     <Конечные остатки> from: 327607      to: 332560
Транзакция <223> Финиш. Время операции: 0,006 сек.
---------------------------------------------------------------------------------
Транзакция <224> Старт. Перевод: 5548 руб. fromAcc: 520 toAcc: 103 
    <Начальные остатки> from: 487367      to: 317063
     <Конечные остатки> from: 481819      to: 322611
Транзакция <224> Финиш. Время операции: 0,000 сек.
---------------------------------------------------------------------------------
Транзакция <225> Старт. Перевод: 1054 руб. fromAcc: 329 toAcc: 772 
    <Начальные остатки> from: 483730      to: 443943
     <Конечные остатки> from: 482676      to: 444997
Транзакция <225> Финиш. Время операции: 0,000 сек.
---------------------------------------------------------------------------------
Транзакция <226> Старт. Перевод: 5756 руб. fromAcc: 897 toAcc: 713 
    <Начальные остатки> from: 333181      to: 308452
     <Конечные остатки> from: 327425      to: 314208
Транзакция <226> Финиш. Время операции: 0,000 сек.
---------------------------------------------------------------------------------
Транзакция <227> Старт. Перевод: 7836 руб. fromAcc: 322 toAcc: 761 
    <Начальные остатки> from: 345237      to: 497733
     <Конечные остатки> from: 337401      to: 505569
Транзакция <227> Финиш. Время операции: 0,001 сек.
---------------------------------------------------------------------------------
Транзакция <228> Старт. Перевод: 6247 руб. fromAcc: 740 toAcc: 19 
    <Начальные остатки> from: 476011      to: 402843
     <Конечные остатки> from: 469764      to: 409090
Транзакция <228> Финиш. Время операции: 0,000 сек.
---------------------------------------------------------------------------------
Транзакция <229> Старт. Перевод: 4412 руб. fromAcc: 981 toAcc: 199 
    <Начальные остатки> from: 494285      to: 470486
     <Конечные остатки> from: 489873      to: 474898
Транзакция <229> Финиш. Время операции: 0,002 сек.
---------------------------------------------------------------------------------
Транзакция <230> Старт. Перевод: 3671 руб. fromAcc: 908 toAcc: 433 
    <Начальные остатки> from: 456224      to: 370680
     <Конечные остатки> from: 452553      to: 374351
Транзакция <230> Финиш. Время операции: 0,000 сек.
---------------------------------------------------------------------------------
Транзакция <231> Старт. Перевод: 6860 руб. fromAcc: 724 toAcc: 983 
    <Начальные остатки> from: 316294      to: 313617
     <Конечные остатки> from: 309434      to: 320477
Транзакция <231> Финиш. Время операции: 0,000 сек.
---------------------------------------------------------------------------------
Транзакция <232> Старт. Перевод: 3584 руб. fromAcc: 951 toAcc: 898 
    <Начальные остатки> from: 315842      to: 315211
     <Конечные остатки> from: 312258      to: 318795
Транзакция <232> Финиш. Время операции: 0,000 сек.
---------------------------------------------------------------------------------
Транзакция <233> Старт. Перевод: 6559 руб. fromAcc: 96 toAcc: 557 
    <Начальные остатки> from: 481238      to: 437257
     <Конечные остатки> from: 474679      to: 443816
Транзакция <233> Финиш. Время операции: 0,000 сек.
---------------------------------------------------------------------------------
Транзакция <234> Старт. Перевод: 2738 руб. fromAcc: 246 toAcc: 949 
    <Начальные остатки> from: 467962      to: 405180
     <Конечные остатки> from: 465224      to: 407918
Транзакция <234> Финиш. Время операции: 0,003 сек.
---------------------------------------------------------------------------------
Транзакция <235> Старт. Перевод: 3841 руб. fromAcc: 964 toAcc: 733 
    <Начальные остатки> from: 425184      to: 386114
     <Конечные остатки> from: 421343      to: 389955
Транзакция <235> Финиш. Время операции: 0,001 сек.
---------------------------------------------------------------------------------
Транзакция <236> Старт. Перевод: 8374 руб. fromAcc: 899 toAcc: 394 
    <Начальные остатки> from: 332870      to: 385741
     <Конечные остатки> from: 324496      to: 394115
Транзакция <236> Финиш. Время операции: 0,000 сек.
---------------------------------------------------------------------------------
Транзакция <237> Старт. Перевод: 1272 руб. fromAcc: 446 toAcc: 242 
    <Начальные остатки> from: 424620      to: 366703
     <Конечные остатки> from: 423348      to: 367975
Транзакция <237> Финиш. Время операции: 0,000 сек.
---------------------------------------------------------------------------------
Транзакция <238> Старт. Перевод: 7873 руб. fromAcc: 672 toAcc: 654 
    <Начальные остатки> from: 367400      to: 424654
     <Конечные остатки> from: 359527      to: 432527
Транзакция <238> Финиш. Время операции: 0,000 сек.
---------------------------------------------------------------------------------
Транзакция <239> Старт. Перевод: 6116 руб. fromAcc: 446 toAcc: 668 
    <Начальные остатки> from: 423348      to: 328613
     <Конечные остатки> from: 417232      to: 334729
Транзакция <239> Финиш. Время операции: 0,000 сек.
---------------------------------------------------------------------------------
Транзакция <240> Старт. Перевод: 4550 руб. fromAcc: 401 toAcc: 7 
    <Начальные остатки> from: 457543      to: 414013
     <Конечные остатки> from: 452993      to: 418563
Транзакция <240> Финиш. Время операции: 0,000 сек.
---------------------------------------------------------------------------------
Транзакция <241> Старт. Перевод: 4049 руб. fromAcc: 897 toAcc: 642 
    <Начальные остатки> from: 327425      to: 363308
     <Конечные остатки> from: 323376      to: 367357
Транзакция <241> Финиш. Время операции: 0,001 сек.
---------------------------------------------------------------------------------
Транзакция <242> Старт. Перевод: 7942 руб. fromAcc: 656 toAcc: 272 
    <Начальные остатки> from: 403343      to: 302911
     <Конечные остатки> from: 395401      to: 310853
Транзакция <242> Финиш. Время операции: 0,000 сек.
---------------------------------------------------------------------------------
Транзакция <243> Старт. Перевод: 8717 руб. fromAcc: 87 toAcc: 456 
    <Начальные остатки> from: 411208      to: 401770
     <Конечные остатки> from: 402491      to: 410487
Транзакция <243> Финиш. Время операции: 0,000 сек.
---------------------------------------------------------------------------------
Транзакция <244> Старт. Перевод: 9388 руб. fromAcc: 636 toAcc: 700 
    <Начальные остатки> from: 404593      to: 443214
     <Конечные остатки> from: 395205      to: 452602
Транзакция <244> Финиш. Время операции: 0,000 сек.
---------------------------------------------------------------------------------
Транзакция <245> Старт. Перевод: 4176 руб. fromAcc: 672 toAcc: 484 
    <Начальные остатки> from: 359527      to: 381252
     <Конечные остатки> from: 355351      to: 385428
Транзакция <245> Финиш. Время операции: 0,000 сек.
---------------------------------------------------------------------------------
Транзакция <246> Старт. Перевод: 6235 руб. fromAcc: 518 toAcc: 85 
    <Начальные остатки> from: 347086      to: 397567
     <Конечные остатки> from: 340851      to: 403802
Транзакция <246> Финиш. Время операции: 0,000 сек.
---------------------------------------------------------------------------------
     <Конечные остатки> from: 321424      to: 363157
Транзакция <138> Финиш. Время операции: 4,017 сек.
---------------------------------------------------------------------------------
Транзакция <247> Старт. Перевод: 9816 руб. fromAcc: 247 toAcc: 54 
    <Начальные остатки> from: 407034      to: 382201
     <Конечные остатки> from: 397218      to: 392017
Транзакция <247> Финиш. Время операции: 0,001 сек.
---------------------------------------------------------------------------------
Транзакция <248> Старт. Перевод: 488 руб. fromAcc: 772 toAcc: 374 
    <Начальные остатки> from: 444997      to: 369698
     <Конечные остатки> from: 444509      to: 370186
Транзакция <248> Финиш. Время операции: 0,000 сек.
---------------------------------------------------------------------------------
Транзакция <249> Старт. Перевод: 9812 руб. fromAcc: 578 toAcc: 669 
    <Начальные остатки> from: 340327      to: 317804
     <Конечные остатки> from: 330515      to: 327616
Транзакция <249> Финиш. Время операции: 0,000 сек.
---------------------------------------------------------------------------------
Транзакция <250> Старт. Перевод: 211 руб. fromAcc: 160 toAcc: 283 
    <Начальные остатки> from: 436564      to: 359679
     <Конечные остатки> from: 436353      to: 359890
Транзакция <250> Финиш. Время операции: 0,000 сек.
---------------------------------------------------------------------------------
Транзакция <251> Старт. Перевод: 1689 руб. fromAcc: 871 toAcc: 721 
    <Начальные остатки> from: 428598      to: 445770
     <Конечные остатки> from: 426909      to: 447459
Транзакция <251> Финиш. Время операции: 0,000 сек.
---------------------------------------------------------------------------------
Транзакция <252> Старт. Перевод: 55000 руб. fromAcc: 420 toAcc: 707 
    <Начальные остатки> from: 384561      to: 413388
Транзакция <253> Старт. Перевод: 8917 руб. fromAcc: 443 toAcc: 682 
    <Начальные остатки> from: 300090      to: 502738
     <Конечные остатки> from: 291173      to: 511655
Транзакция <253> Финиш. Время операции: 0,000 сек.
---------------------------------------------------------------------------------
Транзакция <254> Старт. Перевод: 228 руб. fromAcc: 98 toAcc: 870 
    <Начальные остатки> from: 380831      to: 480580
     <Конечные остатки> from: 380603      to: 480808
Транзакция <254> Финиш. Время операции: 0,001 сек.
---------------------------------------------------------------------------------
Транзакция <255> Старт. Перевод: 2054 руб. fromAcc: 539 toAcc: 332 
    <Начальные остатки> from: 353601      to: 449963
     <Конечные остатки> from: 351547      to: 452017
Транзакция <255> Финиш. Время операции: 0,000 сек.
---------------------------------------------------------------------------------
Транзакция <256> Старт. Перевод: 7818 руб. fromAcc: 208 toAcc: 419 
    <Начальные остатки> from: 483578      to: 412576
     <Конечные остатки> from: 475760      to: 420394
Транзакция <256> Финиш. Время операции: 0,000 сек.
---------------------------------------------------------------------------------
Транзакция <257> Старт. Перевод: 8727 руб. fromAcc: 263 toAcc: 947 
    <Начальные остатки> from: 480229      to: 391194
     <Конечные остатки> from: 471502      to: 399921
Транзакция <257> Финиш. Время операции: 0,000 сек.
---------------------------------------------------------------------------------
Транзакция <258> Старт. Перевод: 3063 руб. fromAcc: 603 toAcc: 719 
    <Начальные остатки> from: 359552      to: 311779
     <Конечные остатки> from: 356489      to: 314842
Транзакция <258> Финиш. Время операции: 0,000 сек.
---------------------------------------------------------------------------------
Транзакция <259> Старт. Перевод: 788 руб. fromAcc: 900 toAcc: 480 
    <Начальные остатки> from: 361871      to: 361248
     <Конечные остатки> from: 361083      to: 362036
Транзакция <259> Финиш. Время операции: 0,000 сек.
---------------------------------------------------------------------------------
Транзакция <260> Старт. Перевод: 2914 руб. fromAcc: 157 toAcc: 459 
    <Начальные остатки> from: 439796      to: 385443
     <Конечные остатки> from: 436882      to: 388357
Транзакция <260> Финиш. Время операции: 0,000 сек.
---------------------------------------------------------------------------------
Транзакция <261> Старт. Перевод: 304 руб. fromAcc: 808 toAcc: 327 
    <Начальные остатки> from: 362735      to: 454230
     <Конечные остатки> from: 362431      to: 454534
Транзакция <261> Финиш. Время операции: 0,000 сек.
---------------------------------------------------------------------------------
Транзакция <262> Старт. Перевод: 5814 руб. fromAcc: 521 toAcc: 26 
    <Начальные остатки> from: 405806      to: 360750
     <Конечные остатки> from: 399992      to: 366564
Транзакция <262> Финиш. Время операции: 0,000 сек.
---------------------------------------------------------------------------------
Транзакция <263> Старт. Перевод: 7047 руб. fromAcc: 690 toAcc: 407 
    <Начальные остатки> from: 494531      to: 376396
     <Конечные остатки> from: 487484      to: 383443
Транзакция <263> Финиш. Время операции: 0,000 сек.
---------------------------------------------------------------------------------
Транзакция <264> Старт. Перевод: 4355 руб. fromAcc: 46 toAcc: 30 
    <Начальные остатки> from: 338364      to: 313585
     <Конечные остатки> from: 334009      to: 317940
Транзакция <264> Финиш. Время операции: 0,000 сек.
---------------------------------------------------------------------------------
Транзакция <265> Старт. Перевод: 198 руб. fromAcc: 966 toAcc: 814 
    <Начальные остатки> from: 331758      to: 354223
     <Конечные остатки> from: 331560      to: 354421
Транзакция <265> Финиш. Время операции: 0,000 сек.
---------------------------------------------------------------------------------
Транзакция <266> Старт. Перевод: 1476 руб. fromAcc: 810 toAcc: 422 
    <Начальные остатки> from: 377974      to: 396364
     <Конечные остатки> from: 376498      to: 397840
Транзакция <266> Финиш. Время операции: 0,000 сек.
---------------------------------------------------------------------------------
Транзакция <267> Старт. Перевод: 6036 руб. fromAcc: 74 toAcc: 409 
    <Начальные остатки> from: 386492      to: 438753
     <Конечные остатки> from: 380456      to: 444789
Транзакция <267> Финиш. Время операции: 0,000 сек.
---------------------------------------------------------------------------------
Транзакция <268> Старт. Перевод: 8200 руб. fromAcc: 218 toAcc: 208 
    <Начальные остатки> from: 334417      to: 475760
     <Конечные остатки> from: 326217      to: 483960
Транзакция <268> Финиш. Время операции: 0,003 сек.
---------------------------------------------------------------------------------
Транзакция <269> Старт. Перевод: 5859 руб. fromAcc: 790 toAcc: 951 
    <Начальные остатки> from: 433331      to: 312258
     <Конечные остатки> from: 427472      to: 318117
Транзакция <269> Финиш. Время операции: 0,008 сек.
---------------------------------------------------------------------------------
Транзакция <270> Старт. Перевод: 3439 руб. fromAcc: 869 toAcc: 980 
    <Начальные остатки> from: 400225      to: 437839
     <Конечные остатки> from: 396786      to: 441278
Транзакция <270> Финиш. Время операции: 0,001 сек.
---------------------------------------------------------------------------------
Транзакция <271> Старт. Перевод: 908 руб. fromAcc: 891 toAcc: 660 
    <Начальные остатки> from: 507400      to: 415365
     <Конечные остатки> from: 506492      to: 416273
Транзакция <271> Финиш. Время операции: 0,000 сек.
---------------------------------------------------------------------------------
Транзакция <272> Старт. Перевод: 8841 руб. fromAcc: 665 toAcc: 768 
    <Начальные остатки> from: 403923      to: 340417
     <Конечные остатки> from: 395082      to: 349258
Транзакция <272> Финиш. Время операции: 0,000 сек.
---------------------------------------------------------------------------------
Транзакция <273> Старт. Перевод: 3540 руб. fromAcc: 747 toAcc: 289 
    <Начальные остатки> from: 359009      to: 472611
     <Конечные остатки> from: 355469      to: 476151
Транзакция <273> Финиш. Время операции: 0,000 сек.
---------------------------------------------------------------------------------
Транзакция <274> Старт. Перевод: 55000 руб. fromAcc: 347 toAcc: 938 
    <Начальные остатки> from: 370346      to: 354787
Транзакция <275> Старт. Перевод: 452 руб. fromAcc: 413 toAcc: 677 
    <Начальные остатки> from: 466757      to: 312279
     <Конечные остатки> from: 466305      to: 312731
Транзакция <275> Финиш. Время операции: 0,000 сек.
---------------------------------------------------------------------------------
Транзакция <276> Старт. Перевод: 3561 руб. fromAcc: 631 toAcc: 933 
    <Начальные остатки> from: 354627      to: 465368
     <Конечные остатки> from: 351066      to: 468929
Транзакция <276> Финиш. Время операции: 0,000 сек.
---------------------------------------------------------------------------------
Транзакция <277> Старт. Перевод: 8109 руб. fromAcc: 150 toAcc: 145 
    <Начальные остатки> from: 334973      to: 357422
     <Конечные остатки> from: 326864      to: 365531
Транзакция <277> Финиш. Время операции: 0,000 сек.
---------------------------------------------------------------------------------
Транзакция <278> Старт. Перевод: 4623 руб. fromAcc: 381 toAcc: 758 
    <Начальные остатки> from: 466931      to: 379778
     <Конечные остатки> from: 462308      to: 384401
Транзакция <278> Финиш. Время операции: 0,000 сек.
---------------------------------------------------------------------------------
     <Конечные остатки> from: 309465      to: 471584
Транзакция <221> Финиш. Время операции: 1,810 сек.
---------------------------------------------------------------------------------
Транзакция <279> Старт. Перевод: 3354 руб. fromAcc: 809 toAcc: 127 
    <Начальные остатки> from: 369053      to: 385111
     <Конечные остатки> from: 365699      to: 388465
Транзакция <279> Финиш. Время операции: 0,000 сек.
---------------------------------------------------------------------------------
Транзакция <280> Старт. Перевод: 718 руб. fromAcc: 258 toAcc: 70 
    <Начальные остатки> from: 418680      to: 493670
     <Конечные остатки> from: 417962      to: 494388
Транзакция <280> Финиш. Время операции: 0,000 сек.
---------------------------------------------------------------------------------
Транзакция <281> Старт. Перевод: 7156 руб. fromAcc: 162 toAcc: 243 
    <Начальные остатки> from: 384458      to: 341251
     <Конечные остатки> from: 377302      to: 348407
Транзакция <281> Финиш. Время операции: 0,000 сек.
---------------------------------------------------------------------------------
Транзакция <282> Старт. Перевод: 3821 руб. fromAcc: 24 toAcc: 395 
    <Начальные остатки> from: 342822      to: 402302
     <Конечные остатки> from: 339001      to: 406123
Транзакция <282> Финиш. Время операции: 0,005 сек.
---------------------------------------------------------------------------------
Транзакция <283> Старт. Перевод: 1934 руб. fromAcc: 301 toAcc: 469 
    <Начальные остатки> from: 480036      to: 342829
     <Конечные остатки> from: 478102      to: 344763
Транзакция <283> Финиш. Время операции: 0,000 сек.
---------------------------------------------------------------------------------
Транзакция <284> Старт. Перевод: 6545 руб. fromAcc: 420 toAcc: 128 
    <Начальные остатки> from: 329561      to: 421003
     <Конечные остатки> from: 323016      to: 427548
Транзакция <284> Финиш. Время операции: 0,000 сек.
---------------------------------------------------------------------------------
Транзакция <285> Старт. Перевод: 5963 руб. fromAcc: 481 toAcc: 526 
    <Начальные остатки> from: 456966      to: 370969
     <Конечные остатки> from: 451003      to: 376932
Транзакция <285> Финиш. Время операции: 0,000 сек.
---------------------------------------------------------------------------------
Транзакция <286> Старт. Перевод: 9176 руб. fromAcc: 480 toAcc: 45 
    <Начальные остатки> from: 362036      to: 351175
[ Операция невозможна из-за блокировки счета !!! ]
from: true to: false
     <Конечные остатки> from: 362036      to: 351175
Транзакция <286> Финиш. Время операции: 0,000 сек.
---------------------------------------------------------------------------------
Транзакция <287> Старт. Перевод: 6207 руб. fromAcc: 570 toAcc: 271 
    <Начальные остатки> from: 434990      to: 476206
     <Конечные остатки> from: 428783      to: 482413
Транзакция <287> Финиш. Время операции: 0,000 сек.
---------------------------------------------------------------------------------
Транзакция <288> Старт. Перевод: 548 руб. fromAcc: 942 toAcc: 717 
    <Начальные остатки> from: 332316      to: 379098
     <Конечные остатки> from: 331768      to: 379646
Транзакция <288> Финиш. Время операции: 0,000 сек.
---------------------------------------------------------------------------------
Транзакция <289> Старт. Перевод: 8545 руб. fromAcc: 412 toAcc: 666 
    <Начальные остатки> from: 478296      to: 370255
     <Конечные остатки> from: 469751      to: 378800
Транзакция <289> Финиш. Время операции: 0,005 сек.
---------------------------------------------------------------------------------
Транзакция <290> Старт. Перевод: 7968 руб. fromAcc: 698 toAcc: 5 
    <Начальные остатки> from: 357516      to: 328152
     <Конечные остатки> from: 349548      to: 336120
Транзакция <290> Финиш. Время операции: 0,000 сек.
---------------------------------------------------------------------------------
Транзакция <291> Старт. Перевод: 6811 руб. fromAcc: 653 toAcc: 174 
    <Начальные остатки> from: 485831      to: 409020
     <Конечные остатки> from: 479020      to: 415831
Транзакция <291> Финиш. Время операции: 0,000 сек.
---------------------------------------------------------------------------------
Транзакция <292> Старт. Перевод: 3872 руб. fromAcc: 452 toAcc: 112 
    <Начальные остатки> from: 348879      to: 350987
     <Конечные остатки> from: 345007      to: 354859
Транзакция <292> Финиш. Время операции: 0,000 сек.
---------------------------------------------------------------------------------
Транзакция <293> Старт. Перевод: 4615 руб. fromAcc: 832 toAcc: 648 
    <Начальные остатки> from: 382740      to: 345390
     <Конечные остатки> from: 378125      to: 350005
Транзакция <293> Финиш. Время операции: 0,000 сек.
---------------------------------------------------------------------------------
Транзакция <294> Старт. Перевод: 9411 руб. fromAcc: 4 toAcc: 897 
    <Начальные остатки> from: 308589      to: 323376
     <Конечные остатки> from: 299178      to: 332787
Транзакция <294> Финиш. Время операции: 0,000 сек.
---------------------------------------------------------------------------------
Транзакция <295> Старт. Перевод: 6373 руб. fromAcc: 787 toAcc: 49 
    <Начальные остатки> from: 448984      to: 433961
     <Конечные остатки> from: 442611      to: 440334
Транзакция <295> Финиш. Время операции: 0,000 сек.
---------------------------------------------------------------------------------
Транзакция <296> Старт. Перевод: 7670 руб. fromAcc: 849 toAcc: 399 
    <Начальные остатки> from: 304750      to: 423262
[ Операция невозможна из-за блокировки счета !!! ]
from: true to: false
     <Конечные остатки> from: 304750      to: 423262
Транзакция <296> Финиш. Время операции: 0,000 сек.
---------------------------------------------------------------------------------
Транзакция <297> Старт. Перевод: 6508 руб. fromAcc: 672 toAcc: 585 
    <Начальные остатки> from: 355351      to: 420309
     <Конечные остатки> from: 348843      to: 426817
Транзакция <297> Финиш. Время операции: 0,000 сек.
---------------------------------------------------------------------------------
Транзакция <298> Старт. Перевод: 1705 руб. fromAcc: 9 toAcc: 788 
    <Начальные остатки> from: 493043      to: 462096
     <Конечные остатки> from: 491338      to: 463801
Транзакция <298> Финиш. Время операции: 0,000 сек.
---------------------------------------------------------------------------------
Транзакция <299> Старт. Перевод: 8251 руб. fromAcc: 150 toAcc: 81 
    <Начальные остатки> from: 326864      to: 386849
     <Конечные остатки> from: 318613      to: 395100
Транзакция <299> Финиш. Время операции: 0,000 сек.
---------------------------------------------------------------------------------
Транзакция <300> Старт. Перевод: 5099 руб. fromAcc: 276 toAcc: 190 
    <Начальные остатки> from: 310734      to: 394657
     <Конечные остатки> from: 305635      to: 399756
Транзакция <300> Финиш. Время операции: 0,000 сек.
---------------------------------------------------------------------------------
Транзакция <301> Старт. Перевод: 6000 руб. fromAcc: 542 toAcc: 695 
    <Начальные остатки> from: 467567      to: 350088
     <Конечные остатки> from: 461567      to: 356088
Транзакция <301> Финиш. Время операции: 0,000 сек.
---------------------------------------------------------------------------------
Транзакция <302> Старт. Перевод: 5229 руб. fromAcc: 290 toAcc: 106 
    <Начальные остатки> from: 403344      to: 342208
     <Конечные остатки> from: 398115      to: 347437
Транзакция <302> Финиш. Время операции: 0,000 сек.
---------------------------------------------------------------------------------
Транзакция <303> Старт. Перевод: 7672 руб. fromAcc: 1000 toAcc: 275 
Транзакция <304> Старт. Перевод: 1949 руб. fromAcc: 127 toAcc: 370 
    <Начальные остатки> from: 388465      to: 492134
     <Конечные остатки> from: 386516      to: 494083
Транзакция <304> Финиш. Время операции: 0,000 сек.
---------------------------------------------------------------------------------
Транзакция <305> Старт. Перевод: 6002 руб. fromAcc: 1000 toAcc: 967 
Транзакция <306> Старт. Перевод: 6864 руб. fromAcc: 333 toAcc: 860 
    <Начальные остатки> from: 331160      to: 453316
     <Конечные остатки> from: 324296      to: 460180
Транзакция <306> Финиш. Время операции: 0,000 сек.
---------------------------------------------------------------------------------
Транзакция <307> Старт. Перевод: 235 руб. fromAcc: 701 toAcc: 893 
    <Начальные остатки> from: 395427      to: 419244
     <Конечные остатки> from: 395192      to: 419479
Транзакция <307> Финиш. Время операции: 0,000 сек.
---------------------------------------------------------------------------------
Транзакция <308> Старт. Перевод: 914 руб. fromAcc: 560 toAcc: 413 
    <Начальные остатки> from: 307912      to: 466305
     <Конечные остатки> from: 306998      to: 467219
Транзакция <308> Финиш. Время операции: 0,000 сек.
---------------------------------------------------------------------------------
Транзакция <309> Старт. Перевод: 2139 руб. fromAcc: 973 toAcc: 987 
    <Начальные остатки> from: 409649      to: 342278
     <Конечные остатки> from: 407510      to: 344417
Транзакция <309> Финиш. Время операции: 0,000 сек.
---------------------------------------------------------------------------------
Транзакция <310> Старт. Перевод: 448 руб. fromAcc: 253 toAcc: 659 
    <Начальные остатки> from: 269587      to: 498598
     <Конечные остатки> from: 269139      to: 499046
Транзакция <310> Финиш. Время операции: 0,000 сек.
---------------------------------------------------------------------------------
Транзакция <311> Старт. Перевод: 2813 руб. fromAcc: 152 toAcc: 315 
    <Начальные остатки> from: 470103      to: 328757
     <Конечные остатки> from: 467290      to: 331570
Транзакция <311> Финиш. Время операции: 0,000 сек.
---------------------------------------------------------------------------------
     <Конечные остатки> from: 374614      to: 519338
Транзакция <215> Финиш. Время операции: 2,996 сек.
---------------------------------------------------------------------------------
Транзакция <312> Старт. Перевод: 4484 руб. fromAcc: 42 toAcc: 729 
    <Начальные остатки> from: 368516      to: 440481
     <Конечные остатки> from: 364032      to: 444965
Транзакция <312> Финиш. Время операции: 0,000 сек.
---------------------------------------------------------------------------------
Транзакция <313> Старт. Перевод: 9209 руб. fromAcc: 809 toAcc: 460 
    <Начальные остатки> from: 365699      to: 302993
     <Конечные остатки> from: 356490      to: 312202
Транзакция <313> Финиш. Время операции: 0,000 сек.
---------------------------------------------------------------------------------
Транзакция <314> Старт. Перевод: 8362 руб. fromAcc: 780 toAcc: 33 
    <Начальные остатки> from: 460435      to: 421940
     <Конечные остатки> from: 452073      to: 430302
Транзакция <314> Финиш. Время операции: 0,000 сек.
---------------------------------------------------------------------------------
Транзакция <315> Старт. Перевод: 1828 руб. fromAcc: 101 toAcc: 822 
    <Начальные остатки> from: 426032      to: 346776
     <Конечные остатки> from: 424204      to: 348604
Транзакция <315> Финиш. Время операции: 0,000 сек.
---------------------------------------------------------------------------------
Транзакция <316> Старт. Перевод: 1473 руб. fromAcc: 401 toAcc: 584 
    <Начальные остатки> from: 452993      to: 360676
     <Конечные остатки> from: 451520      to: 362149
Транзакция <316> Финиш. Время операции: 0,000 сек.
---------------------------------------------------------------------------------
Транзакция <317> Старт. Перевод: 55000 руб. fromAcc: 485 toAcc: 886 
    <Начальные остатки> from: 358646      to: 386699
Транзакция <318> Старт. Перевод: 5252 руб. fromAcc: 743 toAcc: 13 
    <Начальные остатки> from: 281431      to: 470394
     <Конечные остатки> from: 276179      to: 475646
Транзакция <318> Финиш. Время операции: 0,001 сек.
---------------------------------------------------------------------------------
***********************   < 66,667 операция в секунду >   **************************
Транзакция <319> Старт. Перевод: 1036 руб. fromAcc: 916 toAcc: 864 
    <Начальные остатки> from: 395931      to: 371986
     <Конечные остатки> from: 394895      to: 373022
Транзакция <319> Финиш. Время операции: 0,001 сек.
---------------------------------------------------------------------------------
Транзакция <320> Старт. Перевод: 55000 руб. fromAcc: 381 toAcc: 911 
    <Начальные остатки> from: 462308      to: 474999
Транзакция <321> Старт. Перевод: 9406 руб. fromAcc: 967 toAcc: 209 
    <Начальные остатки> from: 336695      to: 370714
     <Конечные остатки> from: 327289      to: 380120
Транзакция <321> Финиш. Время операции: 0,001 сек.
---------------------------------------------------------------------------------
Транзакция <322> Старт. Перевод: 2682 руб. fromAcc: 124 toAcc: 407 
    <Начальные остатки> from: 442882      to: 383443
     <Конечные остатки> from: 440200      to: 386125
Транзакция <322> Финиш. Время операции: 0,000 сек.
---------------------------------------------------------------------------------
Транзакция <323> Старт. Перевод: 9514 руб. fromAcc: 447 toAcc: 681 
    <Начальные остатки> from: 335212      to: 428666
     <Конечные остатки> from: 325698      to: 438180
Транзакция <323> Финиш. Время операции: 0,001 сек.
---------------------------------------------------------------------------------
Транзакция <324> Старт. Перевод: 5224 руб. fromAcc: 694 toAcc: 385 
    <Начальные остатки> from: 384064      to: 469570
     <Конечные остатки> from: 378840      to: 474794
Транзакция <324> Финиш. Время операции: 0,000 сек.
---------------------------------------------------------------------------------
Транзакция <325> Старт. Перевод: 9687 руб. fromAcc: 808 toAcc: 713 
    <Начальные остатки> from: 362431      to: 314208
     <Конечные остатки> from: 352744      to: 323895
Транзакция <325> Финиш. Время операции: 0,000 сек.
---------------------------------------------------------------------------------
Транзакция <326> Старт. Перевод: 8781 руб. fromAcc: 706 toAcc: 395 
    <Начальные остатки> from: 366448      to: 406123
     <Конечные остатки> from: 357667      to: 414904
Транзакция <326> Финиш. Время операции: 0,000 сек.
---------------------------------------------------------------------------------
Транзакция <327> Старт. Перевод: 6831 руб. fromAcc: 296 toAcc: 509 
    <Начальные остатки> from: 418227      to: 395714
     <Конечные остатки> from: 411396      to: 402545
Транзакция <327> Финиш. Время операции: 0,000 сек.
---------------------------------------------------------------------------------
Транзакция <328> Старт. Перевод: 2601 руб. fromAcc: 998 toAcc: 540 
    <Начальные остатки> from: 394394      to: 487192
     <Конечные остатки> from: 391793      to: 489793
Транзакция <328> Финиш. Время операции: 0,000 сек.
---------------------------------------------------------------------------------
Транзакция <329> Старт. Перевод: 2601 руб. fromAcc: 417 toAcc: 478 
    <Начальные остатки> from: 468166      to: 328888
     <Конечные остатки> from: 465565      to: 331489
Транзакция <329> Финиш. Время операции: 0,000 сек.
---------------------------------------------------------------------------------
Транзакция <330> Старт. Перевод: 3271 руб. fromAcc: 164 toAcc: 582 
    <Начальные остатки> from: 463042      to: 384766
     <Конечные остатки> from: 459771      to: 388037
Транзакция <330> Финиш. Время операции: 0,000 сек.
---------------------------------------------------------------------------------
Транзакция <331> Старт. Перевод: 7934 руб. fromAcc: 44 toAcc: 410 
    <Начальные остатки> from: 325083      to: 323108
     <Конечные остатки> from: 317149      to: 331042
Транзакция <331> Финиш. Время операции: 0,000 сек.
---------------------------------------------------------------------------------
Транзакция <332> Старт. Перевод: 5326 руб. fromAcc: 932 toAcc: 852 
    <Начальные остатки> from: 325607      to: 424909
     <Конечные остатки> from: 320281      to: 430235
Транзакция <332> Финиш. Время операции: 0,000 сек.
---------------------------------------------------------------------------------
Транзакция <333> Старт. Перевод: 3988 руб. fromAcc: 730 toAcc: 213 
    <Начальные остатки> from: 320895      to: 424655
     <Конечные остатки> from: 316907      to: 428643
Транзакция <333> Финиш. Время операции: 0,000 сек.
---------------------------------------------------------------------------------
Транзакция <334> Старт. Перевод: 834 руб. fromAcc: 719 toAcc: 820 
    <Начальные остатки> from: 314842      to: 404194
     <Конечные остатки> from: 314008      to: 405028
Транзакция <334> Финиш. Время операции: 0,000 сек.
---------------------------------------------------------------------------------
Транзакция <335> Старт. Перевод: 2784 руб. fromAcc: 467 toAcc: 243 
    <Начальные остатки> from: 319297      to: 348407
     <Конечные остатки> from: 316513      to: 351191
Транзакция <335> Финиш. Время операции: 0,000 сек.
---------------------------------------------------------------------------------
Транзакция <336> Старт. Перевод: 7559 руб. fromAcc: 227 toAcc: 994 
    <Начальные остатки> from: 470626      to: 307569
     <Конечные остатки> from: 463067      to: 315128
Транзакция <336> Финиш. Время операции: 0,000 сек.
---------------------------------------------------------------------------------
Транзакция <337> Старт. Перевод: 3392 руб. fromAcc: 393 toAcc: 474 
    <Начальные остатки> from: 428418      to: 348165
     <Конечные остатки> from: 425026      to: 351557
Транзакция <337> Финиш. Время операции: 0,000 сек.
---------------------------------------------------------------------------------
Транзакция <338> Старт. Перевод: 7749 руб. fromAcc: 185 toAcc: 6 
    <Начальные остатки> from: 387939      to: 399349
     <Конечные остатки> from: 380190      to: 407098
Транзакция <338> Финиш. Время операции: 0,000 сек.
---------------------------------------------------------------------------------
Транзакция <339> Старт. Перевод: 1967 руб. fromAcc: 167 toAcc: 53 
    <Начальные остатки> from: 418390      to: 505091
     <Конечные остатки> from: 416423      to: 507058
Транзакция <339> Финиш. Время операции: 0,000 сек.
---------------------------------------------------------------------------------
Транзакция <340> Старт. Перевод: 2127 руб. fromAcc: 614 toAcc: 66 
    <Начальные остатки> from: 460030      to: 325906
     <Конечные остатки> from: 457903      to: 328033
Транзакция <340> Финиш. Время операции: 0,000 сек.
---------------------------------------------------------------------------------
Транзакция <341> Старт. Перевод: 6467 руб. fromAcc: 17 toAcc: 993 
    <Начальные остатки> from: 479143      to: 418752
     <Конечные остатки> from: 472676      to: 425219
Транзакция <341> Финиш. Время операции: 0,000 сек.
---------------------------------------------------------------------------------
Транзакция <342> Старт. Перевод: 6157 руб. fromAcc: 209 toAcc: 150 
    <Начальные остатки> from: 380120      to: 318613
     <Конечные остатки> from: 373963      to: 324770
Транзакция <342> Финиш. Время операции: 0,000 сек.
---------------------------------------------------------------------------------
Транзакция <343> Старт. Перевод: 9360 руб. fromAcc: 686 toAcc: 23 
    <Начальные остатки> from: 415982      to: 488063
     <Конечные остатки> from: 406622      to: 497423
Транзакция <343> Финиш. Время операции: 0,000 сек.
---------------------------------------------------------------------------------
Транзакция <344> Старт. Перевод: 8159 руб. fromAcc: 724 toAcc: 587 
    <Начальные остатки> from: 309434      to: 351517
     <Конечные остатки> from: 301275      to: 359676
Транзакция <344> Финиш. Время операции: 0,000 сек.
---------------------------------------------------------------------------------
Транзакция <345> Старт. Перевод: 4155 руб. fromAcc: 773 toAcc: 880 
    <Начальные остатки> from: 458107      to: 477658
     <Конечные остатки> from: 453952      to: 481813
Транзакция <345> Финиш. Время операции: 0,000 сек.
---------------------------------------------------------------------------------
Транзакция <346> Старт. Перевод: 1325 руб. fromAcc: 456 toAcc: 926 
    <Начальные остатки> from: 410487      to: 423650
     <Конечные остатки> from: 409162      to: 424975
Транзакция <346> Финиш. Время операции: 0,000 сек.
---------------------------------------------------------------------------------
Транзакция <347> Старт. Перевод: 4060 руб. fromAcc: 203 toAcc: 541 
    <Начальные остатки> from: 468150      to: 313908
     <Конечные остатки> from: 464090      to: 317968
Транзакция <347> Финиш. Время операции: 0,000 сек.
---------------------------------------------------------------------------------
Транзакция <348> Старт. Перевод: 4235 руб. fromAcc: 195 toAcc: 234 
    <Начальные остатки> from: 406093      to: 543314
     <Конечные остатки> from: 401858      to: 547549
Транзакция <348> Финиш. Время операции: 0,000 сек.
---------------------------------------------------------------------------------
Транзакция <349> Старт. Перевод: 3611 руб. fromAcc: 815 toAcc: 181 
    <Начальные остатки> from: 460395      to: 350328
     <Конечные остатки> from: 456784      to: 353939
Транзакция <349> Финиш. Время операции: 0,000 сек.
---------------------------------------------------------------------------------
Транзакция <350> Старт. Перевод: 6918 руб. fromAcc: 261 toAcc: 216 
    <Начальные остатки> from: 483932      to: 296511
[ Операция невозможна из-за блокировки счета !!! ]
from: true to: false
     <Конечные остатки> from: 483932      to: 296511
Транзакция <350> Финиш. Время операции: 0,000 сек.
---------------------------------------------------------------------------------
Транзакция <351> Старт. Перевод: 6563 руб. fromAcc: 309 toAcc: 874 
    <Начальные остатки> from: 408864      to: 323133
     <Конечные остатки> from: 402301      to: 329696
Транзакция <351> Финиш. Время операции: 0,000 сек.
---------------------------------------------------------------------------------
Транзакция <352> Старт. Перевод: 2041 руб. fromAcc: 482 toAcc: 809 
    <Начальные остатки> from: 333497      to: 356490
     <Конечные остатки> from: 331456      to: 358531
Транзакция <352> Финиш. Время операции: 0,000 сек.
---------------------------------------------------------------------------------
Транзакция <353> Старт. Перевод: 5892 руб. fromAcc: 35 toAcc: 297 
    <Начальные остатки> from: 408253      to: 321403
     <Конечные остатки> from: 402361      to: 327295
Транзакция <353> Финиш. Время операции: 0,000 сек.
---------------------------------------------------------------------------------
Транзакция <354> Старт. Перевод: 3290 руб. fromAcc: 232 toAcc: 134 
    <Начальные остатки> from: 480875      to: 334709
     <Конечные остатки> from: 477585      to: 337999
Транзакция <354> Финиш. Время операции: 0,000 сек.
---------------------------------------------------------------------------------
Транзакция <355> Старт. Перевод: 4207 руб. fromAcc: 369 toAcc: 965 
    <Начальные остатки> from: 364789      to: 439097
     <Конечные остатки> from: 360582      to: 443304
Транзакция <355> Финиш. Время операции: 0,000 сек.
---------------------------------------------------------------------------------
Транзакция <356> Старт. Перевод: 5526 руб. fromAcc: 885 toAcc: 955 
    <Начальные остатки> from: 495556      to: 491353
     <Конечные остатки> from: 490030      to: 496879
Транзакция <356> Финиш. Время операции: 0,000 сек.
---------------------------------------------------------------------------------
Транзакция <357> Старт. Перевод: 5403 руб. fromAcc: 656 toAcc: 771 
    <Начальные остатки> from: 395401      to: 449377
     <Конечные остатки> from: 389998      to: 454780
Транзакция <357> Финиш. Время операции: 0,000 сек.
---------------------------------------------------------------------------------
Транзакция <358> Старт. Перевод: 3765 руб. fromAcc: 312 toAcc: 46 
    <Начальные остатки> from: 382328      to: 334009
     <Конечные остатки> from: 378563      to: 337774
Транзакция <358> Финиш. Время операции: 0,000 сек.
---------------------------------------------------------------------------------
Транзакция <359> Старт. Перевод: 872 руб. fromAcc: 965 toAcc: 834 
    <Начальные остатки> from: 443304      to: 407009
     <Конечные остатки> from: 442432      to: 407881
Транзакция <359> Финиш. Время операции: 0,000 сек.
---------------------------------------------------------------------------------
Транзакция <360> Старт. Перевод: 576 руб. fromAcc: 270 toAcc: 99 
    <Начальные остатки> from: 336107      to: 372181
     <Конечные остатки> from: 335531      to: 372757
Транзакция <360> Финиш. Время операции: 0,000 сек.
---------------------------------------------------------------------------------
Транзакция <361> Старт. Перевод: 6096 руб. fromAcc: 146 toAcc: 941 
    <Начальные остатки> from: 363356      to: 499012
     <Конечные остатки> from: 357260      to: 505108
Транзакция <361> Финиш. Время операции: 0,000 сек.
---------------------------------------------------------------------------------
Транзакция <362> Старт. Перевод: 3943 руб. fromAcc: 800 toAcc: 77 
    <Начальные остатки> from: 455429      to: 398992
     <Конечные остатки> from: 451486      to: 402935
Транзакция <362> Финиш. Время операции: 0,000 сек.
---------------------------------------------------------------------------------
Транзакция <363> Старт. Перевод: 5934 руб. fromAcc: 916 toAcc: 98 
    <Начальные остатки> from: 394895      to: 380603
     <Конечные остатки> from: 388961      to: 386537
Транзакция <363> Финиш. Время операции: 0,000 сек.
---------------------------------------------------------------------------------
Транзакция <364> Старт. Перевод: 55000 руб. fromAcc: 8 toAcc: 146 
    <Начальные остатки> from: 448287      to: 357260
Транзакция <365> Старт. Перевод: 1913 руб. fromAcc: 9 toAcc: 975 
    <Начальные остатки> from: 491338      to: 441375
     <Конечные остатки> from: 489425      to: 443288
Транзакция <365> Финиш. Время операции: 0,000 сек.
---------------------------------------------------------------------------------
Транзакция <366> Старт. Перевод: 4578 руб. fromAcc: 934 toAcc: 824 
    <Начальные остатки> from: 381529      to: 449048
     <Конечные остатки> from: 376951      to: 453626
Транзакция <366> Финиш. Время операции: 0,000 сек.
---------------------------------------------------------------------------------
Транзакция <367> Старт. Перевод: 9469 руб. fromAcc: 891 toAcc: 386 
    <Начальные остатки> from: 506492      to: 332560
     <Конечные остатки> from: 497023      to: 342029
Транзакция <367> Финиш. Время операции: 0,000 сек.
---------------------------------------------------------------------------------
Транзакция <368> Старт. Перевод: 5217 руб. fromAcc: 738 toAcc: 616 
    <Начальные остатки> from: 483338      to: 470046
     <Конечные остатки> from: 478121      to: 475263
Транзакция <368> Финиш. Время операции: 0,000 сек.
---------------------------------------------------------------------------------
     <Конечные остатки> from: 332354      to: 474794
Транзакция <199> Финиш. Время операции: 4,495 сек.
---------------------------------------------------------------------------------
Транзакция <369> Старт. Перевод: 2170 руб. fromAcc: 6 toAcc: 699 
    <Начальные остатки> from: 407098      to: 332450
     <Конечные остатки> from: 404928      to: 334620
Транзакция <369> Финиш. Время операции: 0,000 сек.
---------------------------------------------------------------------------------
Транзакция <370> Старт. Перевод: 4634 руб. fromAcc: 901 toAcc: 774 
    <Начальные остатки> from: 346040      to: 377974
     <Конечные остатки> from: 341406      to: 382608
Транзакция <370> Финиш. Время операции: 0,000 сек.
---------------------------------------------------------------------------------
Транзакция <371> Старт. Перевод: 8066 руб. fromAcc: 392 toAcc: 573 
    <Начальные остатки> from: 335990      to: 305148
     <Конечные остатки> from: 327924      to: 313214
Транзакция <371> Финиш. Время операции: 0,000 сек.
---------------------------------------------------------------------------------
Транзакция <372> Старт. Перевод: 9994 руб. fromAcc: 469 toAcc: 607 
    <Начальные остатки> from: 344763      to: 382800
     <Конечные остатки> from: 334769      to: 392794
Транзакция <372> Финиш. Время операции: 0,000 сек.
---------------------------------------------------------------------------------
Транзакция <373> Старт. Перевод: 9589 руб. fromAcc: 18 toAcc: 872 
    <Начальные остатки> from: 326585      to: 412167
     <Конечные остатки> from: 316996      to: 421756
Транзакция <373> Финиш. Время операции: 0,000 сек.
---------------------------------------------------------------------------------
Транзакция <374> Старт. Перевод: 1010 руб. fromAcc: 741 toAcc: 196 
    <Начальные остатки> from: 419894      to: 439263
     <Конечные остатки> from: 418884      to: 440273
Транзакция <374> Финиш. Время операции: 0,000 сек.
---------------------------------------------------------------------------------
Транзакция <375> Старт. Перевод: 9918 руб. fromAcc: 216 toAcc: 476 
    <Начальные остатки> from: 296511      to: 341213
[ Операция невозможна из-за блокировки счета !!! ]
from: false to: true
     <Конечные остатки> from: 296511      to: 341213
Транзакция <375> Финиш. Время операции: 0,000 сек.
---------------------------------------------------------------------------------
Транзакция <376> Старт. Перевод: 883 руб. fromAcc: 493 toAcc: 42 
    <Начальные остатки> from: 454607      to: 364032
     <Конечные остатки> from: 453724      to: 364915
Транзакция <376> Финиш. Время операции: 0,000 сек.
---------------------------------------------------------------------------------
Транзакция <377> Старт. Перевод: 5803 руб. fromAcc: 592 toAcc: 301 
    <Начальные остатки> from: 381017      to: 478102
     <Конечные остатки> from: 375214      to: 483905
Транзакция <377> Финиш. Время операции: 0,000 сек.
---------------------------------------------------------------------------------
Транзакция <378> Старт. Перевод: 9898 руб. fromAcc: 888 toAcc: 635 
    <Начальные остатки> from: 444521      to: 440705
     <Конечные остатки> from: 434623      to: 450603
Транзакция <378> Финиш. Время операции: 0,000 сек.
---------------------------------------------------------------------------------
Транзакция <379> Старт. Перевод: 2377 руб. fromAcc: 648 toAcc: 252 
    <Начальные остатки> from: 350005      to: 488430
     <Конечные остатки> from: 347628      to: 490807
Транзакция <379> Финиш. Время операции: 0,000 сек.
---------------------------------------------------------------------------------
Транзакция <380> Старт. Перевод: 3439 руб. fromAcc: 920 toAcc: 300 
    <Начальные остатки> from: 373263      to: 350496
     <Конечные остатки> from: 369824      to: 353935
Транзакция <380> Финиш. Время операции: 0,000 сек.
---------------------------------------------------------------------------------
Транзакция <381> Старт. Перевод: 7934 руб. fromAcc: 566 toAcc: 121 
    <Начальные остатки> from: 312739      to: 416727
     <Конечные остатки> from: 304805      to: 424661
Транзакция <381> Финиш. Время операции: 0,000 сек.
---------------------------------------------------------------------------------
Транзакция <382> Старт. Перевод: 8676 руб. fromAcc: 467 toAcc: 940 
    <Начальные остатки> from: 316513      to: 336703
     <Конечные остатки> from: 307837      to: 345379
Транзакция <382> Финиш. Время операции: 0,000 сек.
---------------------------------------------------------------------------------
Транзакция <383> Старт. Перевод: 9218 руб. fromAcc: 857 toAcc: 642 
    <Начальные остатки> from: 429901      to: 367357
     <Конечные остатки> from: 420683      to: 376575
Транзакция <383> Финиш. Время операции: 0,000 сек.
---------------------------------------------------------------------------------
Транзакция <384> Старт. Перевод: 6689 руб. fromAcc: 274 toAcc: 540 
    <Начальные остатки> from: 380793      to: 489793
     <Конечные остатки> from: 374104      to: 496482
Транзакция <384> Финиш. Время операции: 0,000 сек.
---------------------------------------------------------------------------------
Транзакция <385> Старт. Перевод: 198 руб. fromAcc: 839 toAcc: 211 
    <Начальные остатки> from: 399414      to: 459138
     <Конечные остатки> from: 399216      to: 459336
Транзакция <385> Финиш. Время операции: 0,000 сек.
---------------------------------------------------------------------------------
Транзакция <386> Старт. Перевод: 9280 руб. fromAcc: 472 toAcc: 528 
    <Начальные остатки> from: 395520      to: 382096
     <Конечные остатки> from: 386240      to: 391376
Транзакция <386> Финиш. Время операции: 0,000 сек.
---------------------------------------------------------------------------------
Транзакция <387> Старт. Перевод: 9851 руб. fromAcc: 139 toAcc: 996 
    <Начальные остатки> from: 364005      to: 351387
     <Конечные остатки> from: 354154      to: 361238
Транзакция <387> Финиш. Время операции: 0,000 сек.
---------------------------------------------------------------------------------
Транзакция <388> Старт. Перевод: 2234 руб. fromAcc: 442 toAcc: 386 
    <Начальные остатки> from: 448896      to: 342029
     <Конечные остатки> from: 446662      to: 344263
Транзакция <388> Финиш. Время операции: 0,000 сек.
---------------------------------------------------------------------------------
Транзакция <389> Старт. Перевод: 6966 руб. fromAcc: 695 toAcc: 438 
    <Начальные остатки> from: 356088      to: 475935
     <Конечные остатки> from: 349122      to: 482901
Транзакция <389> Финиш. Время операции: 0,000 сек.
---------------------------------------------------------------------------------
Транзакция <390> Старт. Перевод: 9284 руб. fromAcc: 117 toAcc: 97 
    <Начальные остатки> from: 352481      to: 306638
     <Конечные остатки> from: 343197      to: 315922
Транзакция <390> Финиш. Время операции: 0,001 сек.
---------------------------------------------------------------------------------
Транзакция <391> Старт. Перевод: 2467 руб. fromAcc: 945 toAcc: 365 
    <Начальные остатки> from: 354161      to: 336013
     <Конечные остатки> from: 351694      to: 338480
Транзакция <391> Финиш. Время операции: 0,000 сек.
---------------------------------------------------------------------------------
Транзакция <392> Старт. Перевод: 3544 руб. fromAcc: 55 toAcc: 307 
    <Начальные остатки> from: 407812      to: 494693
     <Конечные остатки> from: 404268      to: 498237
Транзакция <392> Финиш. Время операции: 0,000 сек.
---------------------------------------------------------------------------------
Транзакция <393> Старт. Перевод: 2262 руб. fromAcc: 175 toAcc: 230 
    <Начальные остатки> from: 441398      to: 351810
     <Конечные остатки> from: 439136      to: 354072
Транзакция <393> Финиш. Время операции: 0,000 сек.
---------------------------------------------------------------------------------
Транзакция <394> Старт. Перевод: 5662 руб. fromAcc: 860 toAcc: 306 
    <Начальные остатки> from: 460180      to: 340416
     <Конечные остатки> from: 454518      to: 346078
Транзакция <394> Финиш. Время операции: 0,000 сек.
---------------------------------------------------------------------------------
Транзакция <395> Старт. Перевод: 6142 руб. fromAcc: 222 toAcc: 182 
    <Начальные остатки> from: 326210      to: 390034
     <Конечные остатки> from: 320068      to: 396176
Транзакция <395> Финиш. Время операции: 0,000 сек.
---------------------------------------------------------------------------------
Транзакция <396> Старт. Перевод: 55000 руб. fromAcc: 786 toAcc: 206 
    <Начальные остатки> from: 346380      to: 430779
Транзакция <397> Старт. Перевод: 7306 руб. fromAcc: 36 toAcc: 1000 
Транзакция <398> Старт. Перевод: 3493 руб. fromAcc: 62 toAcc: 606 
    <Начальные остатки> from: 399742      to: 481197
     <Конечные остатки> from: 396249      to: 484690
Транзакция <398> Финиш. Время операции: 0,000 сек.
---------------------------------------------------------------------------------
Транзакция <399> Старт. Перевод: 55000 руб. fromAcc: 616 toAcc: 546 
    <Начальные остатки> from: 475263      to: 394811
Транзакция <400> Старт. Перевод: 7342 руб. fromAcc: 7 toAcc: 679 
    <Начальные остатки> from: 418563      to: 444005
     <Конечные остатки> from: 411221      to: 451347
Транзакция <400> Финиш. Время операции: 0,000 сек.
---------------------------------------------------------------------------------
Транзакция <401> Старт. Перевод: 8411 руб. fromAcc: 915 toAcc: 374 
    <Начальные остатки> from: 389383      to: 370186
     <Конечные остатки> from: 380972      to: 378597
Транзакция <401> Финиш. Время операции: 0,000 сек.
---------------------------------------------------------------------------------
Транзакция <402> Старт. Перевод: 8324 руб. fromAcc: 507 toAcc: 483 
    <Начальные остатки> from: 315604      to: 413045
     <Конечные остатки> from: 307280      to: 421369
Транзакция <402> Финиш. Время операции: 0,000 сек.
---------------------------------------------------------------------------------
Транзакция <403> Старт. Перевод: 9751 руб. fromAcc: 437 toAcc: 385 
    <Начальные остатки> from: 457573      to: 474794
     <Конечные остатки> from: 447822      to: 484545
Транзакция <403> Финиш. Время операции: 0,000 сек.
---------------------------------------------------------------------------------
Транзакция <404> Старт. Перевод: 7521 руб. fromAcc: 225 toAcc: 251 
    <Начальные остатки> from: 480903      to: 316342
     <Конечные остатки> from: 473382      to: 323863
Транзакция <404> Финиш. Время операции: 0,000 сек.
---------------------------------------------------------------------------------
Транзакция <405> Старт. Перевод: 1672 руб. fromAcc: 870 toAcc: 541 
    <Начальные остатки> from: 480808      to: 317968
     <Конечные остатки> from: 479136      to: 319640
Транзакция <405> Финиш. Время операции: 0,000 сек.
---------------------------------------------------------------------------------
Транзакция <406> Старт. Перевод: 7270 руб. fromAcc: 250 toAcc: 426 
    <Начальные остатки> from: 350604      to: 478103
     <Конечные остатки> from: 343334      to: 485373
Транзакция <406> Финиш. Время операции: 0,000 сек.
---------------------------------------------------------------------------------
Транзакция <407> Старт. Перевод: 9930 руб. fromAcc: 839 toAcc: 837 
    <Начальные остатки> from: 399216      to: 396310
     <Конечные остатки> from: 389286      to: 406240
Транзакция <407> Финиш. Время операции: 0,000 сек.
---------------------------------------------------------------------------------
Транзакция <408> Старт. Перевод: 6024 руб. fromAcc: 106 toAcc: 200 
    <Начальные остатки> from: 347437      to: 423291
     <Конечные остатки> from: 341413      to: 429315
Транзакция <408> Финиш. Время операции: 0,000 сек.
---------------------------------------------------------------------------------
Транзакция <409> Старт. Перевод: 5681 руб. fromAcc: 16 toAcc: 817 
    <Начальные остатки> from: 345803      to: 385259
     <Конечные остатки> from: 340122      to: 390940
Транзакция <409> Финиш. Время операции: 0,000 сек.
---------------------------------------------------------------------------------
Транзакция <410> Старт. Перевод: 4855 руб. fromAcc: 156 toAcc: 46 
    <Начальные остатки> from: 436845      to: 337774
[ Операция невозможна из-за блокировки счета !!! ]
from: false to: true
     <Конечные остатки> from: 436845      to: 337774
Транзакция <410> Финиш. Время операции: 0,000 сек.
---------------------------------------------------------------------------------
Транзакция <411> Старт. Перевод: 9962 руб. fromAcc: 421 toAcc: 91 
    <Начальные остатки> from: 426708      to: 336050
     <Конечные остатки> from: 416746      to: 346012
Транзакция <411> Финиш. Время операции: 0,001 сек.
---------------------------------------------------------------------------------
Транзакция <412> Старт. Перевод: 4900 руб. fromAcc: 583 toAcc: 274 
    <Начальные остатки> from: 374614      to: 374104
     <Конечные остатки> from: 369714      to: 379004
Транзакция <412> Финиш. Время операции: 0,000 сек.
---------------------------------------------------------------------------------
Транзакция <413> Старт. Перевод: 55000 руб. fromAcc: 780 toAcc: 113 
    <Начальные остатки> from: 452073      to: 323679
Транзакция <414> Старт. Перевод: 5015 руб. fromAcc: 553 toAcc: 717 
    <Начальные остатки> from: 485912      to: 379646
     <Конечные остатки> from: 480897      to: 384661
Транзакция <414> Финиш. Время операции: 0,000 сек.
---------------------------------------------------------------------------------
Транзакция <415> Старт. Перевод: 8900 руб. fromAcc: 176 toAcc: 323 
    <Начальные остатки> from: 339057      to: 445690
     <Конечные остатки> from: 330157      to: 454590
Транзакция <415> Финиш. Время операции: 0,000 сек.
---------------------------------------------------------------------------------
Транзакция <416> Старт. Перевод: 2385 руб. fromAcc: 896 toAcc: 728 
    <Начальные остатки> from: 334269      to: 348693
     <Конечные остатки> from: 331884      to: 351078
Транзакция <416> Финиш. Время операции: 0,000 сек.
---------------------------------------------------------------------------------
Транзакция <417> Старт. Перевод: 3555 руб. fromAcc: 609 toAcc: 683 
    <Начальные остатки> from: 313380      to: 386951
     <Конечные остатки> from: 309825      to: 390506
Транзакция <417> Финиш. Время операции: 0,000 сек.
---------------------------------------------------------------------------------
Транзакция <418> Старт. Перевод: 8196 руб. fromAcc: 654 toAcc: 950 
    <Начальные остатки> from: 432527      to: 361477
     <Конечные остатки> from: 424331      to: 369673
Транзакция <418> Финиш. Время операции: 0,000 сек.
---------------------------------------------------------------------------------
Транзакция <419> Старт. Перевод: 6762 руб. fromAcc: 3 toAcc: 785 
    <Начальные остатки> from: 499023      to: 454277
     <Конечные остатки> from: 492261      to: 461039
Транзакция <419> Финиш. Время операции: 0,000 сек.
---------------------------------------------------------------------------------
Транзакция <420> Старт. Перевод: 5584 руб. fromAcc: 317 toAcc: 362 
    <Начальные остатки> from: 385457      to: 360632
     <Конечные остатки> from: 379873      to: 366216
Транзакция <420> Финиш. Время операции: 0,000 сек.
---------------------------------------------------------------------------------
Транзакция <421> Старт. Перевод: 7808 руб. fromAcc: 513 toAcc: 859 
    <Начальные остатки> from: 475893      to: 384122
     <Конечные остатки> from: 468085      to: 391930
Транзакция <421> Финиш. Время операции: 0,000 сек.
---------------------------------------------------------------------------------
Транзакция <422> Старт. Перевод: 4493 руб. fromAcc: 274 toAcc: 993 
    <Начальные остатки> from: 379004      to: 425219
     <Конечные остатки> from: 374511      to: 429712
Транзакция <422> Финиш. Время операции: 0,000 сек.
---------------------------------------------------------------------------------
Транзакция <423> Старт. Перевод: 7879 руб. fromAcc: 626 toAcc: 985 
    <Начальные остатки> from: 298341      to: 398743
     <Конечные остатки> from: 290462      to: 406622
Транзакция <423> Финиш. Время операции: 0,000 сек.
---------------------------------------------------------------------------------
Транзакция <424> Старт. Перевод: 6884 руб. fromAcc: 298 toAcc: 268 
    <Начальные остатки> from: 343909      to: 377783
     <Конечные остатки> from: 337025      to: 384667
Транзакция <424> Финиш. Время операции: 0,000 сек.
---------------------------------------------------------------------------------
Транзакция <425> Старт. Перевод: 9578 руб. fromAcc: 100 toAcc: 815 
    <Начальные остатки> from: 369860      to: 456784
     <Конечные остатки> from: 360282      to: 466362
Транзакция <425> Финиш. Время операции: 0,001 сек.
---------------------------------------------------------------------------------
Транзакция <426> Старт. Перевод: 8587 руб. fromAcc: 953 toAcc: 569 
    <Начальные остатки> from: 460443      to: 324894
     <Конечные остатки> from: 451856      to: 333481
Транзакция <426> Финиш. Время операции: 0,001 сек.
---------------------------------------------------------------------------------
Транзакция <427> Старт. Перевод: 3175 руб. fromAcc: 526 toAcc: 350 
    <Начальные остатки> from: 376932      to: 309547
     <Конечные остатки> from: 373757      to: 312722
Транзакция <427> Финиш. Время операции: 0,001 сек.
---------------------------------------------------------------------------------
Транзакция <428> Старт. Перевод: 6088 руб. fromAcc: 661 toAcc: 525 
    <Начальные остатки> from: 430549      to: 365223
     <Конечные остатки> from: 424461      to: 371311
Транзакция <428> Финиш. Время операции: 0,003 сек.
---------------------------------------------------------------------------------
Транзакция <429> Старт. Перевод: 4153 руб. fromAcc: 897 toAcc: 936 
    <Начальные остатки> from: 332787      to: 316412
     <Конечные остатки> from: 328634      to: 320565
Транзакция <429> Финиш. Время операции: 0,004 сек.
---------------------------------------------------------------------------------
Транзакция <430> Старт. Перевод: 9100 руб. fromAcc: 425 toAcc: 808 
    <Начальные остатки> from: 339603      to: 352744
     <Конечные остатки> from: 330503      to: 361844
Транзакция <430> Финиш. Время операции: 0,001 сек.
---------------------------------------------------------------------------------
Транзакция <431> Старт. Перевод: 9115 руб. fromAcc: 786 toAcc: 865 
    <Начальные остатки> from: 291380      to: 352593
     <Конечные остатки> from: 282265      to: 361708
Транзакция <431> Финиш. Время операции: 0,000 сек.
---------------------------------------------------------------------------------
Транзакция <432> Старт. Перевод: 2207 руб. fromAcc: 426 toAcc: 448 
    <Начальные остатки> from: 485373      to: 371095
     <Конечные остатки> from: 483166      to: 373302
Транзакция <432> Финиш. Время операции: 0,000 сек.
---------------------------------------------------------------------------------
Транзакция <433> Старт. Перевод: 9642 руб. fromAcc: 4 toAcc: 220 
    <Начальные остатки> from: 299178      to: 406899
     <Конечные остатки> from: 289536      to: 416541
Транзакция <433> Финиш. Время операции: 0,000 сек.
---------------------------------------------------------------------------------
СЧЕТ ЗАБЛОКИРОВАН
     <Конечные остатки> from: 391793      to: 462302
Транзакция <190> Финиш. Время операции: 5,776 сек.
---------------------------------------------------------------------------------
Транзакция <434> Старт. Перевод: 1437 руб. fromAcc: 16 toAcc: 938 
    <Начальные остатки> from: 340122      to: 409787
     <Конечные остатки> from: 338685      to: 411224
Транзакция <434> Финиш. Время операции: 0,001 сек.
---------------------------------------------------------------------------------
Транзакция <435> Старт. Перевод: 6144 руб. fromAcc: 840 toAcc: 871 
    <Начальные остатки> from: 511924      to: 426909
     <Конечные остатки> from: 505780      to: 433053
Транзакция <435> Финиш. Время операции: 0,000 сек.
---------------------------------------------------------------------------------
Транзакция <436> Старт. Перевод: 4051 руб. fromAcc: 807 toAcc: 650 
    <Начальные остатки> from: 352156      to: 322211
     <Конечные остатки> from: 348105      to: 326262
Транзакция <436> Финиш. Время операции: 0,000 сек.
---------------------------------------------------------------------------------
Транзакция <437> Старт. Перевод: 6297 руб. fromAcc: 260 toAcc: 754 
    <Начальные остатки> from: 416387      to: 350670
     <Конечные остатки> from: 410090      to: 356967
Транзакция <437> Финиш. Время операции: 0,000 сек.
---------------------------------------------------------------------------------
Транзакция <438> Старт. Перевод: 2389 руб. fromAcc: 873 toAcc: 334 
    <Начальные остатки> from: 330038      to: 428583
     <Конечные остатки> from: 327649      to: 430972
Транзакция <438> Финиш. Время операции: 0,000 сек.
---------------------------------------------------------------------------------
Транзакция <439> Старт. Перевод: 5132 руб. fromAcc: 669 toAcc: 840 
    <Начальные остатки> from: 327616      to: 505780
     <Конечные остатки> from: 322484      to: 510912
Транзакция <439> Финиш. Время операции: 0,000 сек.
---------------------------------------------------------------------------------
Транзакция <440> Старт. Перевод: 5088 руб. fromAcc: 294 toAcc: 709 
    <Начальные остатки> from: 475962      to: 453521
     <Конечные остатки> from: 470874      to: 458609
Транзакция <440> Финиш. Время операции: 0,000 сек.
---------------------------------------------------------------------------------
Транзакция <441> Старт. Перевод: 6333 руб. fromAcc: 104 toAcc: 427 
    <Начальные остатки> from: 340823      to: 322343
     <Конечные остатки> from: 334490      to: 328676
Транзакция <441> Финиш. Время операции: 0,000 сек.
---------------------------------------------------------------------------------
Транзакция <442> Старт. Перевод: 1490 руб. fromAcc: 522 toAcc: 433 
    <Начальные остатки> from: 476844      to: 374351
     <Конечные остатки> from: 475354      to: 375841
Транзакция <442> Финиш. Время операции: 0,000 сек.
---------------------------------------------------------------------------------
Транзакция <443> Старт. Перевод: 6833 руб. fromAcc: 965 toAcc: 655 
    <Начальные остатки> from: 442432      to: 455977
     <Конечные остатки> from: 435599      to: 462810
Транзакция <443> Финиш. Время операции: 0,000 сек.
---------------------------------------------------------------------------------
Транзакция <444> Старт. Перевод: 7558 руб. fromAcc: 323 toAcc: 953 
    <Начальные остатки> from: 454590      to: 451856
     <Конечные остатки> from: 447032      to: 459414
Транзакция <444> Финиш. Время операции: 0,000 сек.
---------------------------------------------------------------------------------
Транзакция <445> Старт. Перевод: 9264 руб. fromAcc: 657 toAcc: 388 
    <Начальные остатки> from: 400606      to: 411000
     <Конечные остатки> from: 391342      to: 420264
Транзакция <445> Финиш. Время операции: 0,000 сек.
---------------------------------------------------------------------------------
Транзакция <446> Старт. Перевод: 4134 руб. fromAcc: 266 toAcc: 15 
    <Начальные остатки> from: 470171      to: 406773
     <Конечные остатки> from: 466037      to: 410907
Транзакция <446> Финиш. Время операции: 0,000 сек.
---------------------------------------------------------------------------------
Транзакция <447> Старт. Перевод: 9343 руб. fromAcc: 747 toAcc: 862 
    <Начальные остатки> from: 355469      to: 497673
     <Конечные остатки> from: 346126      to: 507016
Транзакция <447> Финиш. Время операции: 0,000 сек.
---------------------------------------------------------------------------------
Транзакция <448> Старт. Перевод: 838 руб. fromAcc: 16 toAcc: 857 
    <Начальные остатки> from: 338685      to: 420683
     <Конечные остатки> from: 337847      to: 421521
Транзакция <448> Финиш. Время операции: 0,000 сек.
---------------------------------------------------------------------------------
Транзакция <449> Старт. Перевод: 7748 руб. fromAcc: 503 toAcc: 732 
    <Начальные остатки> from: 320190      to: 480031
     <Конечные остатки> from: 312442      to: 487779
Транзакция <449> Финиш. Время операции: 0,000 сек.
---------------------------------------------------------------------------------
Транзакция <450> Старт. Перевод: 55000 руб. fromAcc: 903 toAcc: 341 
    <Начальные остатки> from: 302697      to: 426323
Транзакция <451> Старт. Перевод: 9468 руб. fromAcc: 136 toAcc: 933 
    <Начальные остатки> from: 359936      to: 468929
     <Конечные остатки> from: 350468      to: 478397
Транзакция <451> Финиш. Время операции: 0,000 сек.
---------------------------------------------------------------------------------
Транзакция <452> Старт. Перевод: 1094 руб. fromAcc: 848 toAcc: 514 
    <Начальные остатки> from: 481834      to: 333470
     <Конечные остатки> from: 480740      to: 334564
Транзакция <452> Финиш. Время операции: 0,000 сек.
---------------------------------------------------------------------------------
Транзакция <453> Старт. Перевод: 9786 руб. fromAcc: 898 toAcc: 677 
    <Начальные остатки> from: 318795      to: 312731
     <Конечные остатки> from: 309009      to: 322517
Транзакция <453> Финиш. Время операции: 0,000 сек.
---------------------------------------------------------------------------------
Транзакция <454> Старт. Перевод: 573 руб. fromAcc: 883 toAcc: 291 
    <Начальные остатки> from: 316608      to: 471114
     <Конечные остатки> from: 316035      to: 471687
Транзакция <454> Финиш. Время операции: 0,000 сек.
---------------------------------------------------------------------------------
Транзакция <455> Старт. Перевод: 5903 руб. fromAcc: 184 toAcc: 374 
    <Начальные остатки> from: 492821      to: 378597
     <Конечные остатки> from: 486918      to: 384500
Транзакция <455> Финиш. Время операции: 0,000 сек.
---------------------------------------------------------------------------------
Транзакция <456> Старт. Перевод: 8957 руб. fromAcc: 664 toAcc: 384 
    <Начальные остатки> from: 344524      to: 356707
     <Конечные остатки> from: 335567      to: 365664
Транзакция <456> Финиш. Время операции: 0,000 сек.
---------------------------------------------------------------------------------
Транзакция <457> Старт. Перевод: 215 руб. fromAcc: 298 toAcc: 363 
    <Начальные остатки> from: 337025      to: 409490
     <Конечные остатки> from: 336810      to: 409705
Транзакция <457> Финиш. Время операции: 0,000 сек.
---------------------------------------------------------------------------------
Транзакция <458> Старт. Перевод: 1271 руб. fromAcc: 621 toAcc: 230 
    <Начальные остатки> from: 322668      to: 354072
     <Конечные остатки> from: 321397      to: 355343
Транзакция <458> Финиш. Время операции: 0,000 сек.
---------------------------------------------------------------------------------
Транзакция <459> Старт. Перевод: 1403 руб. fromAcc: 975 toAcc: 837 
    <Начальные остатки> from: 443288      to: 406240
     <Конечные остатки> from: 441885      to: 407643
Транзакция <459> Финиш. Время операции: 0,000 сек.
---------------------------------------------------------------------------------
Транзакция <460> Старт. Перевод: 55000 руб. fromAcc: 370 toAcc: 615 
    <Начальные остатки> from: 494083      to: 416307
Транзакция <461> Старт. Перевод: 4191 руб. fromAcc: 778 toAcc: 135 
    <Начальные остатки> from: 472364      to: 467725
     <Конечные остатки> from: 468173      to: 471916
Транзакция <461> Финиш. Время операции: 0,000 сек.
---------------------------------------------------------------------------------
Транзакция <462> Старт. Перевод: 7603 руб. fromAcc: 44 toAcc: 697 
    <Начальные остатки> from: 317149      to: 457377
     <Конечные остатки> from: 309546      to: 464980
Транзакция <462> Финиш. Время операции: 0,000 сек.
---------------------------------------------------------------------------------
Транзакция <463> Старт. Перевод: 4326 руб. fromAcc: 489 toAcc: 525 
    <Начальные остатки> from: 308666      to: 371311
     <Конечные остатки> from: 304340      to: 375637
Транзакция <463> Финиш. Время операции: 0,000 сек.
---------------------------------------------------------------------------------
Транзакция <464> Старт. Перевод: 5033 руб. fromAcc: 606 toAcc: 693 
    <Начальные остатки> from: 484690      to: 314477
     <Конечные остатки> from: 479657      to: 319510
Транзакция <464> Финиш. Время операции: 0,000 сек.
---------------------------------------------------------------------------------
Транзакция <465> Старт. Перевод: 7302 руб. fromAcc: 595 toAcc: 588 
    <Начальные остатки> from: 497477      to: 356750
     <Конечные остатки> from: 490175      to: 364052
Транзакция <465> Финиш. Время операции: 0,000 сек.
---------------------------------------------------------------------------------
Транзакция <466> Старт. Перевод: 5927 руб. fromAcc: 504 toAcc: 992 
    <Начальные остатки> from: 462792      to: 469939
     <Конечные остатки> from: 456865      to: 475866
Транзакция <466> Финиш. Время операции: 0,000 сек.
---------------------------------------------------------------------------------
Транзакция <467> Старт. Перевод: 8120 руб. fromAcc: 675 toAcc: 131 
    <Начальные остатки> from: 306555      to: 372779
     <Конечные остатки> from: 298435      to: 380899
Транзакция <467> Финиш. Время операции: 0,000 сек.
---------------------------------------------------------------------------------
Транзакция <468> Старт. Перевод: 647 руб. fromAcc: 840 toAcc: 334 
    <Начальные остатки> from: 510912      to: 430972
     <Конечные остатки> from: 510265      to: 431619
Транзакция <468> Финиш. Время операции: 0,000 сек.
---------------------------------------------------------------------------------
Транзакция <469> Старт. Перевод: 9828 руб. fromAcc: 991 toAcc: 625 
    <Начальные остатки> from: 404215      to: 454342
     <Конечные остатки> from: 394387      to: 464170
Транзакция <469> Финиш. Время операции: 0,002 сек.
---------------------------------------------------------------------------------
Транзакция <470> Старт. Перевод: 752 руб. fromAcc: 391 toAcc: 881 
    <Начальные остатки> from: 421493      to: 303633
     <Конечные остатки> from: 420741      to: 304385
Транзакция <470> Финиш. Время операции: 0,000 сек.
---------------------------------------------------------------------------------
Транзакция <471> Старт. Перевод: 9090 руб. fromAcc: 667 toAcc: 236 
    <Начальные остатки> from: 463187      to: 353414
     <Конечные остатки> from: 454097      to: 362504
Транзакция <471> Финиш. Время операции: 0,000 сек.
---------------------------------------------------------------------------------
Транзакция <472> Старт. Перевод: 7423 руб. fromAcc: 975 toAcc: 26 
    <Начальные остатки> from: 441885      to: 366564
     <Конечные остатки> from: 434462      to: 373987
Транзакция <472> Финиш. Время операции: 0,000 сек.
---------------------------------------------------------------------------------
Транзакция <473> Старт. Перевод: 8147 руб. fromAcc: 653 toAcc: 890 
    <Начальные остатки> from: 479020      to: 307465
     <Конечные остатки> from: 470873      to: 315612
Транзакция <473> Финиш. Время операции: 0,000 сек.
---------------------------------------------------------------------------------
Транзакция <474> Старт. Перевод: 6706 руб. fromAcc: 585 toAcc: 624 
    <Начальные остатки> from: 426817      to: 424705
     <Конечные остатки> from: 420111      to: 431411
Транзакция <474> Финиш. Время операции: 0,000 сек.
---------------------------------------------------------------------------------
Транзакция <475> Старт. Перевод: 2138 руб. fromAcc: 774 toAcc: 977 
    <Начальные остатки> from: 382608      to: 338294
     <Конечные остатки> from: 380470      to: 340432
Транзакция <475> Финиш. Время операции: 0,000 сек.
---------------------------------------------------------------------------------
Транзакция <476> Старт. Перевод: 6767 руб. fromAcc: 236 toAcc: 878 
    <Начальные остатки> from: 362504      to: 408680
     <Конечные остатки> from: 355737      to: 415447
Транзакция <476> Финиш. Время операции: 0,000 сек.
---------------------------------------------------------------------------------
Транзакция <477> Старт. Перевод: 3209 руб. fromAcc: 408 toAcc: 522 
    <Начальные остатки> from: 355871      to: 475354
     <Конечные остатки> from: 352662      to: 478563
Транзакция <477> Финиш. Время операции: 0,000 сек.
---------------------------------------------------------------------------------
Транзакция <478> Старт. Перевод: 4844 руб. fromAcc: 686 toAcc: 307 
    <Начальные остатки> from: 406622      to: 498237
     <Конечные остатки> from: 401778      to: 503081
Транзакция <478> Финиш. Время операции: 0,001 сек.
---------------------------------------------------------------------------------
Транзакция <479> Старт. Перевод: 5364 руб. fromAcc: 611 toAcc: 894 
    <Начальные остатки> from: 354293      to: 355364
     <Конечные остатки> from: 348929      to: 360728
Транзакция <479> Финиш. Время операции: 0,000 сек.
---------------------------------------------------------------------------------
Транзакция <480> Старт. Перевод: 4110 руб. fromAcc: 463 toAcc: 535 
    <Начальные остатки> from: 460968      to: 457681
     <Конечные остатки> from: 456858      to: 461791
Транзакция <480> Финиш. Время операции: 0,003 сек.
---------------------------------------------------------------------------------
Транзакция <481> Старт. Перевод: 6507 руб. fromAcc: 715 toAcc: 400 
    <Начальные остатки> from: 355671      to: 416306
     <Конечные остатки> from: 349164      to: 422813
Транзакция <481> Финиш. Время операции: 0,000 сек.
---------------------------------------------------------------------------------
Транзакция <482> Старт. Перевод: 3123 руб. fromAcc: 873 toAcc: 831 
    <Начальные остатки> from: 327649      to: 349876
     <Конечные остатки> from: 324526      to: 352999
Транзакция <482> Финиш. Время операции: 0,001 сек.
---------------------------------------------------------------------------------
Транзакция <483> Старт. Перевод: 6605 руб. fromAcc: 726 toAcc: 332 
    <Начальные остатки> from: 445522      to: 452017
     <Конечные остатки> from: 438917      to: 458622
Транзакция <483> Финиш. Время операции: 0,001 сек.
---------------------------------------------------------------------------------
Транзакция <484> Старт. Перевод: 3073 руб. fromAcc: 916 toAcc: 626 
    <Начальные остатки> from: 388961      to: 290462
     <Конечные остатки> from: 385888      to: 293535
Транзакция <484> Финиш. Время операции: 0,001 сек.
---------------------------------------------------------------------------------
Транзакция <485> Старт. Перевод: 3436 руб. fromAcc: 52 toAcc: 311 
    <Начальные остатки> from: 491280      to: 336803
     <Конечные остатки> from: 487844      to: 340239
Транзакция <485> Финиш. Время операции: 0,002 сек.
---------------------------------------------------------------------------------
Транзакция <486> Старт. Перевод: 511 руб. fromAcc: 283 toAcc: 453 
    <Начальные остатки> from: 359890      to: 434158
     <Конечные остатки> from: 359379      to: 434669
Транзакция <486> Финиш. Время операции: 0,000 сек.
---------------------------------------------------------------------------------
Транзакция <487> Старт. Перевод: 9856 руб. fromAcc: 375 toAcc: 3 
    <Начальные остатки> from: 428621      to: 492261
     <Конечные остатки> from: 418765      to: 502117
Транзакция <487> Финиш. Время операции: 0,001 сек.
---------------------------------------------------------------------------------
Транзакция <488> Старт. Перевод: 5765 руб. fromAcc: 858 toAcc: 21 
    <Начальные остатки> from: 501948      to: 317470
     <Конечные остатки> from: 496183      to: 323235
Транзакция <488> Финиш. Время операции: 0,000 сек.
---------------------------------------------------------------------------------
Транзакция <489> Старт. Перевод: 9029 руб. fromAcc: 708 toAcc: 543 
    <Начальные остатки> from: 482450      to: 455920
     <Конечные остатки> from: 473421      to: 464949
Транзакция <489> Финиш. Время операции: 0,000 сек.
---------------------------------------------------------------------------------
Транзакция <490> Старт. Перевод: 9726 руб. fromAcc: 410 toAcc: 379 
    <Начальные остатки> from: 331042      to: 505136
     <Конечные остатки> from: 321316      to: 514862
Транзакция <490> Финиш. Время операции: 0,000 сек.
---------------------------------------------------------------------------------
Транзакция <491> Старт. Перевод: 6578 руб. fromAcc: 944 toAcc: 239 
    <Начальные остатки> from: 376397      to: 484908
     <Конечные остатки> from: 369819      to: 491486
Транзакция <491> Финиш. Время операции: 0,000 сек.
---------------------------------------------------------------------------------
Транзакция <492> Старт. Перевод: 4216 руб. fromAcc: 393 toAcc: 382 
    <Начальные остатки> from: 425026      to: 333834
     <Конечные остатки> from: 420810      to: 338050
Транзакция <492> Финиш. Время операции: 0,000 сек.
---------------------------------------------------------------------------------
Транзакция <493> Старт. Перевод: 1081 руб. fromAcc: 452 toAcc: 408 
    <Начальные остатки> from: 345007      to: 352662
     <Конечные остатки> from: 343926      to: 353743
Транзакция <493> Финиш. Время операции: 0,000 сек.
---------------------------------------------------------------------------------
Транзакция <494> Старт. Перевод: 3611 руб. fromAcc: 24 toAcc: 905 
    <Начальные остатки> from: 339001      to: 321555
     <Конечные остатки> from: 335390      to: 325166
Транзакция <494> Финиш. Время операции: 0,000 сек.
---------------------------------------------------------------------------------
Транзакция <495> Старт. Перевод: 55000 руб. fromAcc: 506 toAcc: 405 
    <Начальные остатки> from: 429923      to: 315672
Транзакция <496> Старт. Перевод: 10051 руб. fromAcc: 679 toAcc: 86 
    <Начальные остатки> from: 451347      to: 469854
     <Конечные остатки> from: 441296      to: 479905
Транзакция <496> Финиш. Время операции: 0,000 сек.
---------------------------------------------------------------------------------
Транзакция <497> Старт. Перевод: 7670 руб. fromAcc: 785 toAcc: 613 
    <Начальные остатки> from: 461039      to: 379066
     <Конечные остатки> from: 453369      to: 386736
Транзакция <497> Финиш. Время операции: 0,000 сек.
---------------------------------------------------------------------------------
Транзакция <498> Старт. Перевод: 8442 руб. fromAcc: 556 toAcc: 105 
    <Начальные остатки> from: 453484      to: 392170
     <Конечные остатки> from: 445042      to: 400612
Транзакция <498> Финиш. Время операции: 0,000 сек.
---------------------------------------------------------------------------------
Транзакция <499> Старт. Перевод: 55000 руб. fromAcc: 5 toAcc: 34 
    <Начальные остатки> from: 336120      to: 386185
СЧЕТ ЗАБЛОКИРОВАН
Транзакция <500> Старт. Перевод: 779 руб. fromAcc: 741 toAcc: 552 
     <Конечные остатки> from: 364915      to: 510265
    <Начальные остатки> from: 418884      to: 325712
Транзакция <168> Финиш. Время операции: 7,463 сек.
---------------------------------------------------------------------------------
     <Конечные остатки> from: 418105      to: 326491
Транзакция <500> Финиш. Время операции: 0,000 сек.
---------------------------------------------------------------------------------
Транзакция <501> Старт. Перевод: 55000 руб. fromAcc: 137 toAcc: 255 
    <Начальные остатки> from: 309721      to: 365137
Транзакция <502> Старт. Перевод: 3123 руб. fromAcc: 11 toAcc: 386 
    <Начальные остатки> from: 453703      to: 344263
     <Конечные остатки> from: 450580      to: 347386
Транзакция <502> Финиш. Время операции: 0,000 сек.
---------------------------------------------------------------------------------
Транзакция <503> Старт. Перевод: 7625 руб. fromAcc: 114 toAcc: 108 
    <Начальные остатки> from: 344207      to: 322693
     <Конечные остатки> from: 336582      to: 330318
Транзакция <503> Финиш. Время операции: 0,000 сек.
---------------------------------------------------------------------------------
Транзакция <504> Старт. Перевод: 5929 руб. fromAcc: 944 toAcc: 497 
    <Начальные остатки> from: 369819      to: 343803
     <Конечные остатки> from: 363890      to: 349732
Транзакция <504> Финиш. Время операции: 0,000 сек.
---------------------------------------------------------------------------------
Транзакция <505> Старт. Перевод: 5016 руб. fromAcc: 900 toAcc: 257 
    <Начальные остатки> from: 361083      to: 402482
     <Конечные остатки> from: 356067      to: 407498
Транзакция <505> Финиш. Время операции: 0,000 сек.
---------------------------------------------------------------------------------
Транзакция <506> Старт. Перевод: 4211 руб. fromAcc: 136 toAcc: 34 
    <Начальные остатки> from: 350468      to: 441185
     <Конечные остатки> from: 346257      to: 445396
Транзакция <506> Финиш. Время операции: 0,000 сек.
---------------------------------------------------------------------------------
Транзакция <507> Старт. Перевод: 1444 руб. fromAcc: 842 toAcc: 118 
    <Начальные остатки> from: 423896      to: 360586
     <Конечные остатки> from: 422452      to: 362030
Транзакция <507> Финиш. Время операции: 0,000 сек.
---------------------------------------------------------------------------------
Транзакция <508> Старт. Перевод: 1336 руб. fromAcc: 485 toAcc: 9 
    <Начальные остатки> from: 303646      to: 489425
     <Конечные остатки> from: 302310      to: 490761
Транзакция <508> Финиш. Время операции: 0,002 сек.
---------------------------------------------------------------------------------
Транзакция <509> Старт. Перевод: 8475 руб. fromAcc: 924 toAcc: 170 
    <Начальные остатки> from: 459577      to: 303554
     <Конечные остатки> from: 451102      to: 312029
Транзакция <509> Финиш. Время операции: 0,000 сек.
---------------------------------------------------------------------------------
Транзакция <510> Старт. Перевод: 3776 руб. fromAcc: 194 toAcc: 918 
    <Начальные остатки> from: 446934      to: 421796
     <Конечные остатки> from: 443158      to: 425572
Транзакция <510> Финиш. Время операции: 0,001 сек.
---------------------------------------------------------------------------------
Транзакция <511> Старт. Перевод: 508 руб. fromAcc: 401 toAcc: 932 
    <Начальные остатки> from: 451520      to: 320281
     <Конечные остатки> from: 451012      to: 320789
Транзакция <511> Финиш. Время операции: 0,000 сек.
---------------------------------------------------------------------------------
Транзакция <512> Старт. Перевод: 9240 руб. fromAcc: 372 toAcc: 315 
    <Начальные остатки> from: 391729      to: 331570
     <Конечные остатки> from: 382489      to: 340810
Транзакция <512> Финиш. Время операции: 0,000 сек.
---------------------------------------------------------------------------------
Транзакция <513> Старт. Перевод: 7749 руб. fromAcc: 629 toAcc: 480 
    <Начальные остатки> from: 448043      to: 362036
     <Конечные остатки> from: 440294      to: 369785
Транзакция <513> Финиш. Время операции: 0,000 сек.
---------------------------------------------------------------------------------
Транзакция <514> Старт. Перевод: 2746 руб. fromAcc: 825 toAcc: 394 
    <Начальные остатки> from: 304912      to: 394115
     <Конечные остатки> from: 302166      to: 396861
Транзакция <514> Финиш. Время операции: 0,000 сек.
---------------------------------------------------------------------------------
Транзакция <515> Старт. Перевод: 5187 руб. fromAcc: 963 toAcc: 873 
    <Начальные остатки> from: 434553      to: 324526
     <Конечные остатки> from: 429366      to: 329713
Транзакция <515> Финиш. Время операции: 0,000 сек.
---------------------------------------------------------------------------------
Транзакция <516> Старт. Перевод: 9874 руб. fromAcc: 623 toAcc: 690 
    <Начальные остатки> from: 324055      to: 487484
     <Конечные остатки> from: 314181      to: 497358
Транзакция <516> Финиш. Время операции: 0,000 сек.
---------------------------------------------------------------------------------
Транзакция <517> Старт. Перевод: 3073 руб. fromAcc: 942 toAcc: 222 
    <Начальные остатки> from: 331768      to: 320068
     <Конечные остатки> from: 328695      to: 323141
Транзакция <517> Финиш. Время операции: 0,000 сек.
---------------------------------------------------------------------------------
Транзакция <518> Старт. Перевод: 8973 руб. fromAcc: 260 toAcc: 263 
    <Начальные остатки> from: 410090      to: 471502
     <Конечные остатки> from: 401117      to: 480475
Транзакция <518> Финиш. Время операции: 0,000 сек.
---------------------------------------------------------------------------------
Транзакция <519> Старт. Перевод: 6916 руб. fromAcc: 211 toAcc: 391 
    <Начальные остатки> from: 459336      to: 420741
     <Конечные остатки> from: 452420      to: 427657
Транзакция <519> Финиш. Время операции: 0,000 сек.
---------------------------------------------------------------------------------
Транзакция <520> Старт. Перевод: 6576 руб. fromAcc: 515 toAcc: 984 
    <Начальные остатки> from: 307256      to: 473223
     <Конечные остатки> from: 300680      to: 479799
Транзакция <520> Финиш. Время операции: 0,000 сек.
---------------------------------------------------------------------------------
Транзакция <521> Старт. Перевод: 7500 руб. fromAcc: 890 toAcc: 581 
    <Начальные остатки> from: 315612      to: 414812
     <Конечные остатки> from: 308112      to: 422312
Транзакция <521> Финиш. Время операции: 0,000 сек.
---------------------------------------------------------------------------------
Транзакция <522> Старт. Перевод: 2772 руб. fromAcc: 318 toAcc: 776 
    <Начальные остатки> from: 415058      to: 491708
     <Конечные остатки> from: 412286      to: 494480
Транзакция <522> Финиш. Время операции: 0,000 сек.
---------------------------------------------------------------------------------
Транзакция <523> Старт. Перевод: 3937 руб. fromAcc: 344 toAcc: 260 
    <Начальные остатки> from: 347183      to: 401117
     <Конечные остатки> from: 343246      to: 405054
Транзакция <523> Финиш. Время операции: 0,000 сек.
---------------------------------------------------------------------------------
Транзакция <524> Старт. Перевод: 5807 руб. fromAcc: 229 toAcc: 928 
    <Начальные остатки> from: 348407      to: 346959
     <Конечные остатки> from: 342600      to: 352766
Транзакция <524> Финиш. Время операции: 0,000 сек.
---------------------------------------------------------------------------------
Транзакция <525> Старт. Перевод: 5249 руб. fromAcc: 564 toAcc: 203 
    <Начальные остатки> from: 417681      to: 464090
     <Конечные остатки> from: 412432      to: 469339
Транзакция <525> Финиш. Время операции: 0,000 сек.
---------------------------------------------------------------------------------
Транзакция <526> Старт. Перевод: 7664 руб. fromAcc: 337 toAcc: 853 
    <Начальные остатки> from: 341539      to: 448103
     <Конечные остатки> from: 333875      to: 455767
Транзакция <526> Финиш. Время операции: 0,000 сек.
---------------------------------------------------------------------------------
Транзакция <527> Старт. Перевод: 8504 руб. fromAcc: 618 toAcc: 615 
    <Начальные остатки> from: 448045      to: 471307
     <Конечные остатки> from: 439541      to: 479811
Транзакция <527> Финиш. Время операции: 0,000 сек.
---------------------------------------------------------------------------------
Транзакция <528> Старт. Перевод: 4870 руб. fromAcc: 682 toAcc: 886 
    <Начальные остатки> from: 511655      to: 441699
     <Конечные остатки> from: 506785      to: 446569
Транзакция <528> Финиш. Время операции: 0,000 сек.
---------------------------------------------------------------------------------
Транзакция <529> Старт. Перевод: 4001 руб. fromAcc: 874 toAcc: 578 
    <Начальные остатки> from: 329696      to: 330515
     <Конечные остатки> from: 325695      to: 334516
Транзакция <529> Финиш. Время операции: 0,000 сек.
---------------------------------------------------------------------------------
Транзакция <530> Старт. Перевод: 1315 руб. fromAcc: 522 toAcc: 5 
    <Начальные остатки> from: 478563      to: 281120
     <Конечные остатки> from: 477248      to: 282435
Транзакция <530> Финиш. Время операции: 0,000 сек.
---------------------------------------------------------------------------------
Транзакция <531> Старт. Перевод: 520 руб. fromAcc: 953 toAcc: 316 
    <Начальные остатки> from: 459414      to: 402981
     <Конечные остатки> from: 458894      to: 403501
Транзакция <531> Финиш. Время операции: 0,000 сек.
---------------------------------------------------------------------------------
Транзакция <532> Старт. Перевод: 2310 руб. fromAcc: 26 toAcc: 571 
    <Начальные остатки> from: 373987      to: 465639
     <Конечные остатки> from: 371677      to: 467949
Транзакция <532> Финиш. Время операции: 0,000 сек.
---------------------------------------------------------------------------------
Транзакция <533> Старт. Перевод: 6138 руб. fromAcc: 621 toAcc: 10 
    <Начальные остатки> from: 321397      to: 444387
     <Конечные остатки> from: 315259      to: 450525
Транзакция <533> Финиш. Время операции: 0,000 сек.
---------------------------------------------------------------------------------
Транзакция <534> Старт. Перевод: 1665 руб. fromAcc: 228 toAcc: 465 
    <Начальные остатки> from: 452612      to: 385529
     <Конечные остатки> from: 450947      to: 387194
Транзакция <534> Финиш. Время операции: 0,000 сек.
---------------------------------------------------------------------------------
Транзакция <535> Старт. Перевод: 2625 руб. fromAcc: 80 toAcc: 149 
    <Начальные остатки> from: 316523      to: 348488
     <Конечные остатки> from: 313898      to: 351113
Транзакция <535> Финиш. Время операции: 0,000 сек.
---------------------------------------------------------------------------------
Транзакция <536> Старт. Перевод: 6028 руб. fromAcc: 327 toAcc: 220 
    <Начальные остатки> from: 454534      to: 416541
     <Конечные остатки> from: 448506      to: 422569
Транзакция <536> Финиш. Время операции: 0,001 сек.
---------------------------------------------------------------------------------
Транзакция <537> Старт. Перевод: 3924 руб. fromAcc: 353 toAcc: 668 
    <Начальные остатки> from: 411916      to: 334729
     <Конечные остатки> from: 407992      to: 338653
Транзакция <537> Финиш. Время операции: 0,002 сек.
---------------------------------------------------------------------------------
Транзакция <538> Старт. Перевод: 3257 руб. fromAcc: 660 toAcc: 26 
    <Начальные остатки> from: 416273      to: 371677
     <Конечные остатки> from: 413016      to: 374934
Транзакция <538> Финиш. Время операции: 0,000 сек.
---------------------------------------------------------------------------------
Транзакция <539> Старт. Перевод: 1727 руб. fromAcc: 740 toAcc: 349 
    <Начальные остатки> from: 469764      to: 334644
     <Конечные остатки> from: 468037      to: 336371
Транзакция <539> Финиш. Время операции: 0,000 сек.
---------------------------------------------------------------------------------
Транзакция <540> Старт. Перевод: 4073 руб. fromAcc: 926 toAcc: 716 
    <Начальные остатки> from: 424975      to: 451440
     <Конечные остатки> from: 420902      to: 455513
Транзакция <540> Финиш. Время операции: 0,000 сек.
---------------------------------------------------------------------------------
Транзакция <541> Старт. Перевод: 3643 руб. fromAcc: 531 toAcc: 223 
    <Начальные остатки> from: 432947      to: 452107
     <Конечные остатки> from: 429304      to: 455750
Транзакция <541> Финиш. Время операции: 0,000 сек.
---------------------------------------------------------------------------------
Транзакция <542> Старт. Перевод: 55000 руб. fromAcc: 507 toAcc: 84 
    <Начальные остатки> from: 307280      to: 367181
Транзакция <543> Старт. Перевод: 8884 руб. fromAcc: 866 toAcc: 443 
    <Начальные остатки> from: 376726      to: 291173
     <Конечные остатки> from: 367842      to: 300057
Транзакция <543> Финиш. Время операции: 0,000 сек.
---------------------------------------------------------------------------------
Транзакция <544> Старт. Перевод: 1602 руб. fromAcc: 189 toAcc: 959 
    <Начальные остатки> from: 485945      to: 384481
     <Конечные остатки> from: 484343      to: 386083
Транзакция <544> Финиш. Время операции: 0,000 сек.
---------------------------------------------------------------------------------
Транзакция <545> Старт. Перевод: 377 руб. fromAcc: 305 toAcc: 495 
    <Начальные остатки> from: 477324      to: 441308
     <Конечные остатки> from: 476947      to: 441685
Транзакция <545> Финиш. Время операции: 0,000 сек.
---------------------------------------------------------------------------------
Транзакция <546> Старт. Перевод: 8020 руб. fromAcc: 357 toAcc: 997 
    <Начальные остатки> from: 473898      to: 372085
     <Конечные остатки> from: 465878      to: 380105
Транзакция <546> Финиш. Время операции: 0,000 сек.
---------------------------------------------------------------------------------
Транзакция <547> Старт. Перевод: 8643 руб. fromAcc: 58 toAcc: 263 
    <Начальные остатки> from: 448594      to: 480475
     <Конечные остатки> from: 439951      to: 489118
Транзакция <547> Финиш. Время операции: 0,000 сек.
---------------------------------------------------------------------------------
Транзакция <548> Старт. Перевод: 2940 руб. fromAcc: 413 toAcc: 573 
    <Начальные остатки> from: 467219      to: 313214
     <Конечные остатки> from: 464279      to: 316154
Транзакция <548> Финиш. Время операции: 0,000 сек.
---------------------------------------------------------------------------------
Транзакция <549> Старт. Перевод: 3033 руб. fromAcc: 968 toAcc: 732 
    <Начальные остатки> from: 485404      to: 487779
     <Конечные остатки> from: 482371      to: 490812
Транзакция <549> Финиш. Время операции: 0,001 сек.
---------------------------------------------------------------------------------
Транзакция <550> Старт. Перевод: 55000 руб. fromAcc: 137 toAcc: 874 
    <Начальные остатки> from: 254721      to: 325695
Транзакция <551> Старт. Перевод: 7595 руб. fromAcc: 35 toAcc: 819 
    <Начальные остатки> from: 402361      to: 424558
     <Конечные остатки> from: 394766      to: 432153
Транзакция <551> Финиш. Время операции: 0,000 сек.
---------------------------------------------------------------------------------
Транзакция <552> Старт. Перевод: 3638 руб. fromAcc: 116 toAcc: 671 
    <Начальные остатки> from: 413227      to: 360598
     <Конечные остатки> from: 409589      to: 364236
Транзакция <552> Финиш. Время операции: 0,000 сек.
---------------------------------------------------------------------------------
Транзакция <553> Старт. Перевод: 283 руб. fromAcc: 430 toAcc: 913 
    <Начальные остатки> from: 333099      to: 304729
     <Конечные остатки> from: 332816      to: 305012
Транзакция <553> Финиш. Время операции: 0,000 сек.
---------------------------------------------------------------------------------
Транзакция <554> Старт. Перевод: 9814 руб. fromAcc: 264 toAcc: 452 
    <Начальные остатки> from: 391024      to: 343926
     <Конечные остатки> from: 381210      to: 353740
Транзакция <554> Финиш. Время операции: 0,000 сек.
---------------------------------------------------------------------------------
Транзакция <555> Старт. Перевод: 10005 руб. fromAcc: 159 toAcc: 461 
    <Начальные остатки> from: 399135      to: 471584
     <Конечные остатки> from: 389130      to: 481589
Транзакция <555> Финиш. Время операции: 0,000 сек.
---------------------------------------------------------------------------------
Транзакция <556> Старт. Перевод: 1561 руб. fromAcc: 649 toAcc: 285 
    <Начальные остатки> from: 464298      to: 475638
     <Конечные остатки> from: 462737      to: 477199
Транзакция <556> Финиш. Время операции: 0,000 сек.
---------------------------------------------------------------------------------
Транзакция <557> Старт. Перевод: 5801 руб. fromAcc: 865 toAcc: 696 
    <Начальные остатки> from: 361708      to: 320711
     <Конечные остатки> from: 355907      to: 326512
Транзакция <557> Финиш. Время операции: 0,000 сек.
---------------------------------------------------------------------------------
Транзакция <558> Старт. Перевод: 1956 руб. fromAcc: 931 toAcc: 56 
    <Начальные остатки> from: 336566      to: 487529
     <Конечные остатки> from: 334610      to: 489485
Транзакция <558> Финиш. Время операции: 0,000 сек.
---------------------------------------------------------------------------------
Транзакция <559> Старт. Перевод: 3740 руб. fromAcc: 251 toAcc: 914 
    <Начальные остатки> from: 323863      to: 318869
     <Конечные остатки> from: 320123      to: 322609
Транзакция <559> Финиш. Время операции: 0,000 сек.
---------------------------------------------------------------------------------
Транзакция <560> Старт. Перевод: 4362 руб. fromAcc: 54 toAcc: 937 
    <Начальные остатки> from: 392017      to: 408350
     <Конечные остатки> from: 387655      to: 412712
Транзакция <560> Финиш. Время операции: 0,000 сек.
---------------------------------------------------------------------------------
Транзакция <561> Старт. Перевод: 7553 руб. fromAcc: 41 toAcc: 832 
    <Начальные остатки> from: 431868      to: 378125
     <Конечные остатки> from: 424315      to: 385678
Транзакция <561> Финиш. Время операции: 0,000 сек.
---------------------------------------------------------------------------------
Транзакция <562> Старт. Перевод: 9800 руб. fromAcc: 546 toAcc: 88 
    <Начальные остатки> from: 449811      to: 461279
     <Конечные остатки> from: 440011      to: 471079
Транзакция <562> Финиш. Время операции: 0,000 сек.
---------------------------------------------------------------------------------
Транзакция <563> Старт. Перевод: 5530 руб. fromAcc: 441 toAcc: 975 
    <Начальные остатки> from: 383081      to: 434462
     <Конечные остатки> from: 377551      to: 439992
Транзакция <563> Финиш. Время операции: 0,000 сек.
---------------------------------------------------------------------------------
Транзакция <564> Старт. Перевод: 2714 руб. fromAcc: 865 toAcc: 192 
    <Начальные остатки> from: 355907      to: 429852
     <Конечные остатки> from: 353193      to: 432566
Транзакция <564> Финиш. Время операции: 0,000 сек.
---------------------------------------------------------------------------------
Транзакция <565> Старт. Перевод: 1057 руб. fromAcc: 999 toAcc: 990 
    <Начальные остатки> from: 455647      to: 394414
     <Конечные остатки> from: 454590      to: 395471
Транзакция <565> Финиш. Время операции: 0,000 сек.
---------------------------------------------------------------------------------
     <Конечные остатки> from: 282435      to: 445396
Транзакция <499> Финиш. Время операции: 1,015 сек.
---------------------------------------------------------------------------------
Транзакция <566> Старт. Перевод: 8757 руб. fromAcc: 301 toAcc: 352 
    <Начальные остатки> from: 483905      to: 312742
     <Конечные остатки> from: 475148      to: 321499
Транзакция <566> Финиш. Время операции: 0,000 сек.
---------------------------------------------------------------------------------
Транзакция <567> Старт. Перевод: 6685 руб. fromAcc: 998 toAcc: 77 
    <Начальные остатки> from: 391793      to: 402935
[ Операция невозможна из-за блокировки счета !!! ]
from: false to: true
     <Конечные остатки> from: 391793      to: 402935
Транзакция <567> Финиш. Время операции: 0,000 сек.
---------------------------------------------------------------------------------
Транзакция <568> Старт. Перевод: 736 руб. fromAcc: 217 toAcc: 161 
    <Начальные остатки> from: 472821      to: 375558
     <Конечные остатки> from: 472085      to: 376294
Транзакция <568> Финиш. Время операции: 0,000 сек.
---------------------------------------------------------------------------------
Транзакция <569> Старт. Перевод: 4112 руб. fromAcc: 784 toAcc: 961 
    <Начальные остатки> from: 474089      to: 456712
     <Конечные остатки> from: 469977      to: 460824
Транзакция <569> Финиш. Время операции: 0,000 сек.
---------------------------------------------------------------------------------
Транзакция <570> Старт. Перевод: 1346 руб. fromAcc: 625 toAcc: 991 
    <Начальные остатки> from: 464170      to: 394387
     <Конечные остатки> from: 462824      to: 395733
Транзакция <570> Финиш. Время операции: 0,000 сек.
---------------------------------------------------------------------------------
Транзакция <571> Старт. Перевод: 4954 руб. fromAcc: 674 toAcc: 76 
    <Начальные остатки> from: 370184      to: 446410
     <Конечные остатки> from: 365230      to: 451364
Транзакция <571> Финиш. Время операции: 0,000 сек.
---------------------------------------------------------------------------------
Транзакция <572> Старт. Перевод: 3831 руб. fromAcc: 395 toAcc: 808 
    <Начальные остатки> from: 414904      to: 361844
     <Конечные остатки> from: 411073      to: 365675
Транзакция <572> Финиш. Время операции: 0,001 сек.
---------------------------------------------------------------------------------
Транзакция <573> Старт. Перевод: 9694 руб. fromAcc: 333 toAcc: 895 
    <Начальные остатки> from: 324296      to: 414444
     <Конечные остатки> from: 314602      to: 424138
Транзакция <573> Финиш. Время операции: 0,000 сек.
---------------------------------------------------------------------------------
Транзакция <574> Старт. Перевод: 4196 руб. fromAcc: 592 toAcc: 56 
    <Начальные остатки> from: 375214      to: 489485
     <Конечные остатки> from: 371018      to: 493681
Транзакция <574> Финиш. Время операции: 0,000 сек.
---------------------------------------------------------------------------------
Транзакция <575> Старт. Перевод: 4699 руб. fromAcc: 776 toAcc: 566 
    <Начальные остатки> from: 494480      to: 304805
     <Конечные остатки> from: 489781      to: 309504
Транзакция <575> Финиш. Время операции: 0,001 сек.
---------------------------------------------------------------------------------
Транзакция <576> Старт. Перевод: 1110 руб. fromAcc: 730 toAcc: 412 
    <Начальные остатки> from: 316907      to: 469751
     <Конечные остатки> from: 315797      to: 470861
Транзакция <576> Финиш. Время операции: 0,000 сек.
---------------------------------------------------------------------------------
Транзакция <577> Старт. Перевод: 9667 руб. fromAcc: 366 toAcc: 306 
    <Начальные остатки> from: 425406      to: 346078
     <Конечные остатки> from: 415739      to: 355745
Транзакция <577> Финиш. Время операции: 0,000 сек.
---------------------------------------------------------------------------------
Транзакция <578> Старт. Перевод: 2128 руб. fromAcc: 945 toAcc: 472 
    <Начальные остатки> from: 351694      to: 386240
     <Конечные остатки> from: 349566      to: 388368
Транзакция <578> Финиш. Время операции: 0,000 сек.
---------------------------------------------------------------------------------
Транзакция <579> Старт. Перевод: 405 руб. fromAcc: 488 toAcc: 199 
    <Начальные остатки> from: 332019      to: 474898
     <Конечные остатки> from: 331614      to: 475303
Транзакция <579> Финиш. Время операции: 0,000 сек.
---------------------------------------------------------------------------------
Транзакция <580> Старт. Перевод: 7373 руб. fromAcc: 370 toAcc: 656 
    <Начальные остатки> from: 439083      to: 389998
     <Конечные остатки> from: 431710      to: 397371
Транзакция <580> Финиш. Время операции: 0,000 сек.
---------------------------------------------------------------------------------
Транзакция <581> Старт. Перевод: 4320 руб. fromAcc: 755 toAcc: 346 
    <Начальные остатки> from: 350395      to: 484341
     <Конечные остатки> from: 346075      to: 488661
Транзакция <581> Финиш. Время операции: 0,000 сек.
---------------------------------------------------------------------------------
Транзакция <582> Старт. Перевод: 4297 руб. fromAcc: 228 toAcc: 892 
    <Начальные остатки> from: 450947      to: 373407
     <Конечные остатки> from: 446650      to: 377704
Транзакция <582> Финиш. Время операции: 0,000 сек.
---------------------------------------------------------------------------------
Транзакция <583> Старт. Перевод: 8491 руб. fromAcc: 922 toAcc: 536 
    <Начальные остатки> from: 456267      to: 444753
     <Конечные остатки> from: 447776      to: 453244
Транзакция <583> Финиш. Время операции: 0,000 сек.
---------------------------------------------------------------------------------
Транзакция <584> Старт. Перевод: 9669 руб. fromAcc: 407 toAcc: 876 
    <Начальные остатки> from: 386125      to: 381787
     <Конечные остатки> from: 376456      to: 391456
Транзакция <584> Финиш. Время операции: 0,000 сек.
---------------------------------------------------------------------------------
Транзакция <585> Старт. Перевод: 2724 руб. fromAcc: 885 toAcc: 854 
    <Начальные остатки> from: 490030      to: 348187
     <Конечные остатки> from: 487306      to: 350911
Транзакция <585> Финиш. Время операции: 0,000 сек.
---------------------------------------------------------------------------------
Транзакция <586> Старт. Перевод: 7410 руб. fromAcc: 539 toAcc: 956 
    <Начальные остатки> from: 351547      to: 397091
     <Конечные остатки> from: 344137      to: 404501
Транзакция <586> Финиш. Время операции: 0,000 сек.
---------------------------------------------------------------------------------
Транзакция <587> Старт. Перевод: 2456 руб. fromAcc: 412 toAcc: 917 
    <Начальные остатки> from: 470861      to: 460166
     <Конечные остатки> from: 468405      to: 462622
Транзакция <587> Финиш. Время операции: 0,001 сек.
---------------------------------------------------------------------------------
Транзакция <588> Старт. Перевод: 3421 руб. fromAcc: 868 toAcc: 948 
    <Начальные остатки> from: 490387      to: 379046
     <Конечные остатки> from: 486966      to: 382467
Транзакция <588> Финиш. Время операции: 0,000 сек.
---------------------------------------------------------------------------------
Транзакция <589> Старт. Перевод: 8906 руб. fromAcc: 507 toAcc: 663 
    <Начальные остатки> from: 252280      to: 495279
     <Конечные остатки> from: 243374      to: 504185
Транзакция <589> Финиш. Время операции: 0,000 сек.
---------------------------------------------------------------------------------
Транзакция <590> Старт. Перевод: 1016 руб. fromAcc: 389 toAcc: 432 
    <Начальные остатки> from: 348452      to: 397197
     <Конечные остатки> from: 347436      to: 398213
Транзакция <590> Финиш. Время операции: 0,000 сек.
---------------------------------------------------------------------------------
Транзакция <591> Старт. Перевод: 6339 руб. fromAcc: 544 toAcc: 844 
    <Начальные остатки> from: 317830      to: 354703
     <Конечные остатки> from: 311491      to: 361042
Транзакция <591> Финиш. Время операции: 0,000 сек.
---------------------------------------------------------------------------------
Транзакция <592> Старт. Перевод: 3124 руб. fromAcc: 76 toAcc: 319 
    <Начальные остатки> from: 451364      to: 481843
     <Конечные остатки> from: 448240      to: 484967
Транзакция <592> Финиш. Время операции: 0,000 сек.
---------------------------------------------------------------------------------
Транзакция <593> Старт. Перевод: 8845 руб. fromAcc: 572 toAcc: 691 
    <Начальные остатки> from: 407759      to: 450753
     <Конечные остатки> from: 398914      to: 459598
Транзакция <593> Финиш. Время операции: 0,001 сек.
---------------------------------------------------------------------------------
Транзакция <594> Старт. Перевод: 9858 руб. fromAcc: 176 toAcc: 761 
    <Начальные остатки> from: 330157      to: 505569
     <Конечные остатки> from: 320299      to: 515427
Транзакция <594> Финиш. Время операции: 0,000 сек.
---------------------------------------------------------------------------------
Транзакция <595> Старт. Перевод: 1498 руб. fromAcc: 426 toAcc: 387 
    <Начальные остатки> from: 483166      to: 404528
     <Конечные остатки> from: 481668      to: 406026
Транзакция <595> Финиш. Время операции: 0,000 сек.
---------------------------------------------------------------------------------
Транзакция <596> Старт. Перевод: 2613 руб. fromAcc: 867 toAcc: 683 
    <Начальные остатки> from: 475360      to: 390506
     <Конечные остатки> from: 472747      to: 393119
Транзакция <596> Финиш. Время операции: 0,000 сек.
---------------------------------------------------------------------------------
Транзакция <597> Старт. Перевод: 3290 руб. fromAcc: 556 toAcc: 293 
    <Начальные остатки> from: 445042      to: 307937
     <Конечные остатки> from: 441752      to: 311227
Транзакция <597> Финиш. Время операции: 0,000 сек.
---------------------------------------------------------------------------------
Транзакция <598> Старт. Перевод: 8306 руб. fromAcc: 779 toAcc: 496 
    <Начальные остатки> from: 470840      to: 423413
     <Конечные остатки> from: 462534      to: 431719
Транзакция <598> Финиш. Время операции: 0,001 сек.
---------------------------------------------------------------------------------
Транзакция <599> Старт. Перевод: 1716 руб. fromAcc: 694 toAcc: 111 
    <Начальные остатки> from: 378840      to: 460845
     <Конечные остатки> from: 377124      to: 462561
Транзакция <599> Финиш. Время операции: 0,000 сек.
---------------------------------------------------------------------------------
Транзакция <600> Старт. Перевод: 9901 руб. fromAcc: 171 toAcc: 803 
    <Начальные остатки> from: 480126      to: 403671
     <Конечные остатки> from: 470225      to: 413572
Транзакция <600> Финиш. Время операции: 0,000 сек.
---------------------------------------------------------------------------------
Транзакция <601> Старт. Перевод: 1396 руб. fromAcc: 779 toAcc: 381 
    <Начальные остатки> from: 462534      to: 407308
     <Конечные остатки> from: 461138      to: 408704
Транзакция <601> Финиш. Время операции: 0,000 сек.
---------------------------------------------------------------------------------
Транзакция <602> Старт. Перевод: 1852 руб. fromAcc: 754 toAcc: 126 
    <Начальные остатки> from: 356967      to: 394449
     <Конечные остатки> from: 355115      to: 396301
Транзакция <602> Финиш. Время операции: 0,000 сек.
---------------------------------------------------------------------------------
Транзакция <603> Старт. Перевод: 1619 руб. fromAcc: 761 toAcc: 22 
    <Начальные остатки> from: 515427      to: 304138
     <Конечные остатки> from: 513808      to: 305757
Транзакция <603> Финиш. Время операции: 0,000 сек.
---------------------------------------------------------------------------------
Транзакция <604> Старт. Перевод: 1587 руб. fromAcc: 460 toAcc: 978 
    <Начальные остатки> from: 312202      to: 480299
     <Конечные остатки> from: 310615      to: 481886
Транзакция <604> Финиш. Время операции: 0,000 сек.
---------------------------------------------------------------------------------
Транзакция <605> Старт. Перевод: 55000 руб. fromAcc: 201 toAcc: 817 
    <Начальные остатки> from: 355458      to: 390940
Транзакция <606> Старт. Перевод: 641 руб. fromAcc: 9 toAcc: 651 
    <Начальные остатки> from: 490761      to: 355316
     <Конечные остатки> from: 490120      to: 355957
Транзакция <606> Финиш. Время операции: 0,000 сек.
---------------------------------------------------------------------------------
Транзакция <607> Старт. Перевод: 55000 руб. fromAcc: 58 toAcc: 796 
    <Начальные остатки> from: 439951      to: 363283
Транзакция <608> Старт. Перевод: 6610 руб. fromAcc: 644 toAcc: 332 
    <Начальные остатки> from: 327607      to: 458622
     <Конечные остатки> from: 320997      to: 465232
Транзакция <608> Финиш. Время операции: 0,001 сек.
---------------------------------------------------------------------------------
Транзакция <609> Старт. Перевод: 5878 руб. fromAcc: 539 toAcc: 174 
    <Начальные остатки> from: 344137      to: 415831
     <Конечные остатки> from: 338259      to: 421709
Транзакция <609> Финиш. Время операции: 0,000 сек.
---------------------------------------------------------------------------------
Транзакция <610> Старт. Перевод: 4971 руб. fromAcc: 562 toAcc: 471 
    <Начальные остатки> from: 347397      to: 356473
[ Операция невозможна из-за блокировки счета !!! ]
from: true to: false
     <Конечные остатки> from: 347397      to: 356473
Транзакция <610> Финиш. Время операции: 0,001 сек.
---------------------------------------------------------------------------------
Транзакция <611> Старт. Перевод: 4441 руб. fromAcc: 307 toAcc: 21 
    <Начальные остатки> from: 503081      to: 323235
     <Конечные остатки> from: 498640      to: 327676
Транзакция <611> Финиш. Время операции: 0,000 сек.
---------------------------------------------------------------------------------
Транзакция <612> Старт. Перевод: 6764 руб. fromAcc: 207 toAcc: 688 
    <Начальные остатки> from: 410869      to: 322409
     <Конечные остатки> from: 404105      to: 329173
Транзакция <612> Финиш. Время операции: 0,000 сек.
---------------------------------------------------------------------------------
Транзакция <613> Старт. Перевод: 1961 руб. fromAcc: 416 toAcc: 82 
    <Начальные остатки> from: 313831      to: 446347
     <Конечные остатки> from: 311870      to: 448308
Транзакция <613> Финиш. Время операции: 0,000 сек.
---------------------------------------------------------------------------------
Транзакция <614> Старт. Перевод: 9131 руб. fromAcc: 469 toAcc: 456 
    <Начальные остатки> from: 334769      to: 409162
     <Конечные остатки> from: 325638      to: 418293
Транзакция <614> Финиш. Время операции: 0,000 сек.
---------------------------------------------------------------------------------
Транзакция <615> Старт. Перевод: 9375 руб. fromAcc: 867 toAcc: 418 
    <Начальные остатки> from: 472747      to: 489782
     <Конечные остатки> from: 463372      to: 499157
Транзакция <615> Финиш. Время операции: 0,000 сек.
---------------------------------------------------------------------------------
Транзакция <616> Старт. Перевод: 6763 руб. fromAcc: 570 toAcc: 810 
    <Начальные остатки> from: 428783      to: 376498
     <Конечные остатки> from: 422020      to: 383261
Транзакция <616> Финиш. Время операции: 0,000 сек.
---------------------------------------------------------------------------------
Транзакция <617> Старт. Перевод: 9183 руб. fromAcc: 874 toAcc: 825 
    <Начальные остатки> from: 380695      to: 302166
     <Конечные остатки> from: 371512      to: 311349
Транзакция <617> Финиш. Время операции: 0,000 сек.
---------------------------------------------------------------------------------
Транзакция <618> Старт. Перевод: 187 руб. fromAcc: 321 toAcc: 20 
    <Начальные остатки> from: 340201      to: 318739
     <Конечные остатки> from: 340014      to: 318926
Транзакция <618> Финиш. Время операции: 0,000 сек.
---------------------------------------------------------------------------------
Транзакция <619> Старт. Перевод: 6278 руб. fromAcc: 81 toAcc: 387 
    <Начальные остатки> from: 395100      to: 406026
     <Конечные остатки> from: 388822      to: 412304
Транзакция <619> Финиш. Время операции: 0,001 сек.
---------------------------------------------------------------------------------
Транзакция <620> Старт. Перевод: 1464 руб. fromAcc: 711 toAcc: 60 
    <Начальные остатки> from: 454734      to: 335418
     <Конечные остатки> from: 453270      to: 336882
Транзакция <620> Финиш. Время операции: 0,000 сек.
---------------------------------------------------------------------------------
Транзакция <621> Старт. Перевод: 2382 руб. fromAcc: 332 toAcc: 545 
    <Начальные остатки> from: 465232      to: 371296
     <Конечные остатки> from: 462850      to: 373678
Транзакция <621> Финиш. Время операции: 0,000 сек.
---------------------------------------------------------------------------------
Транзакция <622> Старт. Перевод: 2791 руб. fromAcc: 43 toAcc: 607 
    <Начальные остатки> from: 327722      to: 392794
     <Конечные остатки> from: 324931      to: 395585
Транзакция <622> Финиш. Время операции: 0,000 сек.
---------------------------------------------------------------------------------
Транзакция <623> Старт. Перевод: 5827 руб. fromAcc: 793 toAcc: 33 
    <Начальные остатки> from: 426091      to: 430302
     <Конечные остатки> from: 420264      to: 436129
Транзакция <623> Финиш. Время операции: 0,000 сек.
---------------------------------------------------------------------------------
Транзакция <624> Старт. Перевод: 6039 руб. fromAcc: 80 toAcc: 576 
    <Начальные остатки> from: 313898      to: 317147
     <Конечные остатки> from: 307859      to: 323186
Транзакция <624> Финиш. Время операции: 0,000 сек.
---------------------------------------------------------------------------------
Транзакция <625> Старт. Перевод: 960 руб. fromAcc: 537 toAcc: 305 
    <Начальные остатки> from: 370473      to: 476947
     <Конечные остатки> from: 369513      to: 477907
Транзакция <625> Финиш. Время операции: 0,000 сек.
---------------------------------------------------------------------------------
Транзакция <626> Старт. Перевод: 3703 руб. fromAcc: 900 toAcc: 408 
    <Начальные остатки> from: 356067      to: 353743
     <Конечные остатки> from: 352364      to: 357446
Транзакция <626> Финиш. Время операции: 0,000 сек.
---------------------------------------------------------------------------------
Транзакция <627> Старт. Перевод: 3910 руб. fromAcc: 913 toAcc: 317 
    <Начальные остатки> from: 305012      to: 379873
     <Конечные остатки> from: 301102      to: 383783
Транзакция <627> Финиш. Время операции: 0,000 сек.
---------------------------------------------------------------------------------
Транзакция <628> Старт. Перевод: 4302 руб. fromAcc: 418 toAcc: 610 
    <Начальные остатки> from: 499157      to: 464396
     <Конечные остатки> from: 494855      to: 468698
Транзакция <628> Финиш. Время операции: 0,000 сек.
---------------------------------------------------------------------------------
Транзакция <629> Старт. Перевод: 3984 руб. fromAcc: 277 toAcc: 765 
    <Начальные остатки> from: 374986      to: 427722
     <Конечные остатки> from: 371002      to: 431706
Транзакция <629> Финиш. Время операции: 0,000 сек.
---------------------------------------------------------------------------------
Транзакция <630> Старт. Перевод: 7719 руб. fromAcc: 785 toAcc: 294 
    <Начальные остатки> from: 453369      to: 470874
     <Конечные остатки> from: 445650      to: 478593
Транзакция <630> Финиш. Время операции: 0,000 сек.
---------------------------------------------------------------------------------
Транзакция <631> Старт. Перевод: 2452 руб. fromAcc: 920 toAcc: 160 
    <Начальные остатки> from: 369824      to: 436353
     <Конечные остатки> from: 367372      to: 438805
Транзакция <631> Финиш. Время операции: 0,001 сек.
---------------------------------------------------------------------------------
     <Конечные остатки> from: 374923      to: 370672
Транзакция <495> Финиш. Время операции: 2,075 сек.
---------------------------------------------------------------------------------
Транзакция <632> Старт. Перевод: 8488 руб. fromAcc: 122 toAcc: 685 
    <Начальные остатки> from: 331467      to: 480485
     <Конечные остатки> from: 322979      to: 488973
Транзакция <632> Финиш. Время операции: 0,000 сек.
---------------------------------------------------------------------------------
Транзакция <633> Старт. Перевод: 2973 руб. fromAcc: 284 toAcc: 331 
    <Начальные остатки> from: 319415      to: 337317
     <Конечные остатки> from: 316442      to: 340290
Транзакция <633> Финиш. Время операции: 0,001 сек.
---------------------------------------------------------------------------------
Транзакция <634> Старт. Перевод: 7550 руб. fromAcc: 293 toAcc: 844 
    <Начальные остатки> from: 311227      to: 361042
     <Конечные остатки> from: 303677      to: 368592
Транзакция <634> Финиш. Время операции: 0,000 сек.
---------------------------------------------------------------------------------
Транзакция <635> Старт. Перевод: 425 руб. fromAcc: 780 toAcc: 247 
    <Начальные остатки> from: 397073      to: 397218
     <Конечные остатки> from: 396648      to: 397643
Транзакция <635> Финиш. Время операции: 0,000 сек.
---------------------------------------------------------------------------------
Транзакция <636> Старт. Перевод: 5468 руб. fromAcc: 671 toAcc: 103 
    <Начальные остатки> from: 364236      to: 322611
     <Конечные остатки> from: 358768      to: 328079
Транзакция <636> Финиш. Время операции: 0,000 сек.
---------------------------------------------------------------------------------
Транзакция <637> Старт. Перевод: 7391 руб. fromAcc: 807 toAcc: 245 
    <Начальные остатки> from: 348105      to: 455098
     <Конечные остатки> from: 340714      to: 462489
Транзакция <637> Финиш. Время операции: 0,000 сек.
---------------------------------------------------------------------------------
Транзакция <638> Старт. Перевод: 2629 руб. fromAcc: 112 toAcc: 938 
    <Начальные остатки> from: 354859      to: 411224
     <Конечные остатки> from: 352230      to: 413853
Транзакция <638> Финиш. Время операции: 0,000 сек.
---------------------------------------------------------------------------------
Транзакция <639> Старт. Перевод: 10063 руб. fromAcc: 795 toAcc: 40 
    <Начальные остатки> from: 349359      to: 386720
     <Конечные остатки> from: 339296      to: 396783
Транзакция <639> Финиш. Время операции: 0,000 сек.
---------------------------------------------------------------------------------
Транзакция <640> Старт. Перевод: 4416 руб. fromAcc: 591 toAcc: 271 
    <Начальные остатки> from: 491271      to: 482413
     <Конечные остатки> from: 486855      to: 486829
Транзакция <640> Финиш. Время операции: 0,000 сек.
---------------------------------------------------------------------------------
Транзакция <641> Старт. Перевод: 7824 руб. fromAcc: 358 toAcc: 140 
    <Начальные остатки> from: 441618      to: 299777
     <Конечные остатки> from: 433794      to: 307601
Транзакция <641> Финиш. Время операции: 0,000 сек.
---------------------------------------------------------------------------------
Транзакция <642> Старт. Перевод: 1882 руб. fromAcc: 201 toAcc: 447 
    <Начальные остатки> from: 300458      to: 325698
     <Конечные остатки> from: 298576      to: 327580
Транзакция <642> Финиш. Время операции: 0,000 сек.
---------------------------------------------------------------------------------
Транзакция <643> Старт. Перевод: 3261 руб. fromAcc: 882 toAcc: 498 
    <Начальные остатки> from: 399589      to: 302011
     <Конечные остатки> from: 396328      to: 305272
Транзакция <643> Финиш. Время операции: 0,000 сек.
---------------------------------------------------------------------------------
Транзакция <644> Старт. Перевод: 919 руб. fromAcc: 481 toAcc: 362 
    <Начальные остатки> from: 451003      to: 366216
     <Конечные остатки> from: 450084      to: 367135
Транзакция <644> Финиш. Время операции: 0,000 сек.
---------------------------------------------------------------------------------
Транзакция <645> Старт. Перевод: 1863 руб. fromAcc: 142 toAcc: 555 
    <Начальные остатки> from: 345929      to: 375948
     <Конечные остатки> from: 344066      to: 377811
Транзакция <645> Финиш. Время операции: 0,000 сек.
---------------------------------------------------------------------------------
Транзакция <646> Старт. Перевод: 5433 руб. fromAcc: 276 toAcc: 496 
    <Начальные остатки> from: 305635      to: 431719
     <Конечные остатки> from: 300202      to: 437152
Транзакция <646> Финиш. Время операции: 0,000 сек.
---------------------------------------------------------------------------------
Транзакция <647> Старт. Перевод: 3181 руб. fromAcc: 769 toAcc: 2 
    <Начальные остатки> from: 303193      to: 403977
     <Конечные остатки> from: 300012      to: 407158
Транзакция <647> Финиш. Время операции: 0,000 сек.
---------------------------------------------------------------------------------
***********************   < 142,857 операция в секунду >   **************************
Транзакция <648> Старт. Перевод: 2536 руб. fromAcc: 583 toAcc: 815 
    <Начальные остатки> from: 369714      to: 466362
     <Конечные остатки> from: 367178      to: 468898
Транзакция <648> Финиш. Время операции: 0,000 сек.
---------------------------------------------------------------------------------
Транзакция <649> Старт. Перевод: 7675 руб. fromAcc: 653 toAcc: 899 
    <Начальные остатки> from: 470873      to: 324496
     <Конечные остатки> from: 463198      to: 332171
Транзакция <649> Финиш. Время операции: 0,000 сек.
---------------------------------------------------------------------------------
Транзакция <650> Старт. Перевод: 258 руб. fromAcc: 97 toAcc: 814 
    <Начальные остатки> from: 315922      to: 354421
     <Конечные остатки> from: 315664      to: 354679
Транзакция <650> Финиш. Время операции: 0,000 сек.
---------------------------------------------------------------------------------
Транзакция <651> Старт. Перевод: 6045 руб. fromAcc: 621 toAcc: 995 
    <Начальные остатки> from: 315259      to: 345811
     <Конечные остатки> from: 309214      to: 351856
Транзакция <651> Финиш. Время операции: 0,000 сек.
---------------------------------------------------------------------------------
Транзакция <652> Старт. Перевод: 793 руб. fromAcc: 407 toAcc: 156 
    <Начальные остатки> from: 376456      to: 436845
[ Операция невозможна из-за блокировки счета !!! ]
from: true to: false
     <Конечные остатки> from: 376456      to: 436845
Транзакция <652> Финиш. Время операции: 0,000 сек.
---------------------------------------------------------------------------------
Транзакция <653> Старт. Перевод: 270 руб. fromAcc: 953 toAcc: 380 
    <Начальные остатки> from: 458894      to: 454031
     <Конечные остатки> from: 458624      to: 454301
Транзакция <653> Финиш. Время операции: 0,000 сек.
---------------------------------------------------------------------------------
Транзакция <654> Старт. Перевод: 4781 руб. fromAcc: 54 toAcc: 664 
    <Начальные остатки> from: 387655      to: 335567
     <Конечные остатки> from: 382874      to: 340348
Транзакция <654> Финиш. Время операции: 0,000 сек.
---------------------------------------------------------------------------------
Транзакция <655> Старт. Перевод: 8130 руб. fromAcc: 595 toAcc: 818 
    <Начальные остатки> from: 490175      to: 434483
     <Конечные остатки> from: 482045      to: 442613
Транзакция <655> Финиш. Время операции: 0,000 сек.
---------------------------------------------------------------------------------
Транзакция <656> Старт. Перевод: 4635 руб. fromAcc: 903 toAcc: 658 
    <Начальные остатки> from: 247697      to: 384922
     <Конечные остатки> from: 243062      to: 389557
Транзакция <656> Финиш. Время операции: 0,000 сек.
---------------------------------------------------------------------------------
Транзакция <657> Старт. Перевод: 55000 руб. fromAcc: 124 toAcc: 383 
    <Начальные остатки> from: 440200      to: 435397
Транзакция <658> Старт. Перевод: 6574 руб. fromAcc: 537 toAcc: 549 
    <Начальные остатки> from: 369513      to: 358772
     <Конечные остатки> from: 362939      to: 365346
Транзакция <658> Финиш. Время операции: 0,000 сек.
---------------------------------------------------------------------------------
Транзакция <659> Старт. Перевод: 8133 руб. fromAcc: 733 toAcc: 817 
    <Начальные остатки> from: 389955      to: 445940
     <Конечные остатки> from: 381822      to: 454073
Транзакция <659> Финиш. Время операции: 0,000 сек.
---------------------------------------------------------------------------------
Транзакция <660> Старт. Перевод: 5909 руб. fromAcc: 285 toAcc: 688 
    <Начальные остатки> from: 477199      to: 329173
     <Конечные остатки> from: 471290      to: 335082
Транзакция <660> Финиш. Время операции: 0,000 сек.
---------------------------------------------------------------------------------
Транзакция <661> Старт. Перевод: 8189 руб. fromAcc: 22 toAcc: 396 
    <Начальные остатки> from: 305757      to: 377641
     <Конечные остатки> from: 297568      to: 385830
Транзакция <661> Финиш. Время операции: 0,000 сек.
---------------------------------------------------------------------------------
Транзакция <662> Старт. Перевод: 7339 руб. fromAcc: 646 toAcc: 691 
    <Начальные остатки> from: 320858      to: 459598
     <Конечные остатки> from: 313519      to: 466937
Транзакция <662> Финиш. Время операции: 0,000 сек.
---------------------------------------------------------------------------------
Транзакция <663> Старт. Перевод: 8874 руб. fromAcc: 399 toAcc: 283 
    <Начальные остатки> from: 423262      to: 359379
[ Операция невозможна из-за блокировки счета !!! ]
from: false to: true
     <Конечные остатки> from: 423262      to: 359379
Транзакция <663> Финиш. Время операции: 0,000 сек.
---------------------------------------------------------------------------------
Транзакция <664> Старт. Перевод: 3778 руб. fromAcc: 354 toAcc: 817 
    <Начальные остатки> from: 498707      to: 454073
     <Конечные остатки> from: 494929      to: 457851
Транзакция <664> Финиш. Время операции: 0,000 сек.
---------------------------------------------------------------------------------
Транзакция <665> Старт. Перевод: 1851 руб. fromAcc: 263 toAcc: 450 
    <Начальные остатки> from: 489118      to: 454266
     <Конечные остатки> from: 487267      to: 456117
Транзакция <665> Финиш. Время операции: 0,000 сек.
---------------------------------------------------------------------------------
Транзакция <666> Старт. Перевод: 2353 руб. fromAcc: 856 toAcc: 779 
    <Начальные остатки> from: 327862      to: 461138
     <Конечные остатки> from: 325509      to: 463491
Транзакция <666> Финиш. Время операции: 0,000 сек.
---------------------------------------------------------------------------------
Транзакция <667> Старт. Перевод: 8397 руб. fromAcc: 950 toAcc: 190 
    <Начальные остатки> from: 369673      to: 399756
     <Конечные остатки> from: 361276      to: 408153
Транзакция <667> Финиш. Время операции: 0,000 сек.
---------------------------------------------------------------------------------
Транзакция <668> Старт. Перевод: 3218 руб. fromAcc: 543 toAcc: 618 
    <Начальные остатки> from: 464949      to: 439541
     <Конечные остатки> from: 461731      to: 442759
Транзакция <668> Финиш. Время операции: 0,000 сек.
---------------------------------------------------------------------------------
Транзакция <669> Старт. Перевод: 9666 руб. fromAcc: 310 toAcc: 398 
    <Начальные остатки> from: 311710      to: 492595
     <Конечные остатки> from: 302044      to: 502261
Транзакция <669> Финиш. Время операции: 0,000 сек.
---------------------------------------------------------------------------------
Транзакция <670> Старт. Перевод: 9137 руб. fromAcc: 563 toAcc: 95 
    <Начальные остатки> from: 434680      to: 418133
     <Конечные остатки> from: 425543      to: 427270
Транзакция <670> Финиш. Время операции: 0,000 сек.
---------------------------------------------------------------------------------
Транзакция <671> Старт. Перевод: 2499 руб. fromAcc: 796 toAcc: 190 
    <Начальные остатки> from: 418283      to: 408153
     <Конечные остатки> from: 415784      to: 410652
Транзакция <671> Финиш. Время операции: 0,000 сек.
---------------------------------------------------------------------------------
Транзакция <672> Старт. Перевод: 3507 руб. fromAcc: 382 toAcc: 59 
    <Начальные остатки> from: 338050      to: 430903
     <Конечные остатки> from: 334543      to: 434410
Транзакция <672> Финиш. Время операции: 0,000 сек.
---------------------------------------------------------------------------------
Транзакция <673> Старт. Перевод: 4729 руб. fromAcc: 861 toAcc: 941 
    <Начальные остатки> from: 357141      to: 505108
     <Конечные остатки> from: 352412      to: 509837
Транзакция <673> Финиш. Время операции: 0,001 сек.
---------------------------------------------------------------------------------
Транзакция <674> Старт. Перевод: 7045 руб. fromAcc: 529 toAcc: 490 
    <Начальные остатки> from: 459260      to: 416108
     <Конечные остатки> from: 452215      to: 423153
Транзакция <674> Финиш. Время операции: 0,000 сек.
---------------------------------------------------------------------------------
Транзакция <675> Старт. Перевод: 6416 руб. fromAcc: 714 toAcc: 74 
    <Начальные остатки> from: 399143      to: 380456
     <Конечные остатки> from: 392727      to: 386872
Транзакция <675> Финиш. Время операции: 0,000 сек.
---------------------------------------------------------------------------------
Транзакция <676> Старт. Перевод: 5817 руб. fromAcc: 196 toAcc: 183 
    <Начальные остатки> from: 440273      to: 382847
     <Конечные остатки> from: 434456      to: 388664
Транзакция <676> Финиш. Время операции: 0,000 сек.
---------------------------------------------------------------------------------
Транзакция <677> Старт. Перевод: 5965 руб. fromAcc: 747 toAcc: 195 
    <Начальные остатки> from: 346126      to: 401858
     <Конечные остатки> from: 340161      to: 407823
Транзакция <677> Финиш. Время операции: 0,000 сек.
---------------------------------------------------------------------------------
Транзакция <678> Старт. Перевод: 5803 руб. fromAcc: 620 toAcc: 277 
    <Начальные остатки> from: 397280      to: 371002
     <Конечные остатки> from: 391477      to: 376805
Транзакция <678> Финиш. Время операции: 0,000 сек.
---------------------------------------------------------------------------------
Транзакция <679> Старт. Перевод: 2567 руб. fromAcc: 166 toAcc: 375 
    <Начальные остатки> from: 443930      to: 418765
     <Конечные остатки> from: 441363      to: 421332
Транзакция <679> Финиш. Время операции: 0,000 сек.
---------------------------------------------------------------------------------
Транзакция <680> Старт. Перевод: 55000 руб. fromAcc: 419 toAcc: 84 
    <Начальные остатки> from: 420394      to: 422181
Транзакция <681> Старт. Перевод: 433 руб. fromAcc: 161 toAcc: 642 
    <Начальные остатки> from: 376294      to: 376575
     <Конечные остатки> from: 375861      to: 377008
Транзакция <681> Финиш. Время операции: 0,000 сек.
---------------------------------------------------------------------------------
Транзакция <682> Старт. Перевод: 9971 руб. fromAcc: 882 toAcc: 319 
    <Начальные остатки> from: 396328      to: 484967
     <Конечные остатки> from: 386357      to: 494938
Транзакция <682> Финиш. Время операции: 0,000 сек.
---------------------------------------------------------------------------------
Транзакция <683> Старт. Перевод: 3444 руб. fromAcc: 9 toAcc: 26 
    <Начальные остатки> from: 490120      to: 374934
     <Конечные остатки> from: 486676      to: 378378
Транзакция <683> Финиш. Время операции: 0,000 сек.
---------------------------------------------------------------------------------
Транзакция <684> Старт. Перевод: 8585 руб. fromAcc: 56 toAcc: 931 
    <Начальные остатки> from: 493681      to: 334610
     <Конечные остатки> from: 485096      to: 343195
Транзакция <684> Финиш. Время операции: 0,000 сек.
---------------------------------------------------------------------------------
Транзакция <685> Старт. Перевод: 9780 руб. fromAcc: 12 toAcc: 425 
    <Начальные остатки> from: 425976      to: 330503
[ Операция невозможна из-за блокировки счета !!! ]
from: false to: true
     <Конечные остатки> from: 425976      to: 330503
Транзакция <685> Финиш. Время операции: 0,000 сек.
---------------------------------------------------------------------------------
Транзакция <686> Старт. Перевод: 55000 руб. fromAcc: 135 toAcc: 516 
    <Начальные остатки> from: 471916      to: 330280
Транзакция <687> Старт. Перевод: 2049 руб. fromAcc: 411 toAcc: 571 
    <Начальные остатки> from: 403570      to: 467949
     <Конечные остатки> from: 401521      to: 469998
Транзакция <687> Финиш. Время операции: 0,000 сек.
---------------------------------------------------------------------------------
Транзакция <688> Старт. Перевод: 5831 руб. fromAcc: 608 toAcc: 508 
    <Начальные остатки> from: 403613      to: 470967
     <Конечные остатки> from: 397782      to: 476798
Транзакция <688> Финиш. Время операции: 0,000 сек.
---------------------------------------------------------------------------------
Транзакция <689> Старт. Перевод: 592 руб. fromAcc: 561 toAcc: 856 
    <Начальные остатки> from: 431682      to: 325509
     <Конечные остатки> from: 431090      to: 326101
Транзакция <689> Финиш. Время операции: 0,000 сек.
---------------------------------------------------------------------------------
Транзакция <690> Старт. Перевод: 1972 руб. fromAcc: 652 toAcc: 916 
    <Начальные остатки> from: 449701      to: 385888
     <Конечные остатки> from: 447729      to: 387860
Транзакция <690> Финиш. Время операции: 0,000 сек.
---------------------------------------------------------------------------------
Транзакция <691> Старт. Перевод: 9265 руб. fromAcc: 789 toAcc: 100 
    <Начальные остатки> from: 369463      to: 360282
     <Конечные остатки> from: 360198      to: 369547
Транзакция <691> Финиш. Время операции: 0,000 сек.
---------------------------------------------------------------------------------
Транзакция <692> Старт. Перевод: 1351 руб. fromAcc: 47 toAcc: 520 
    <Начальные остатки> from: 343218      to: 481819
     <Конечные остатки> from: 341867      to: 483170
Транзакция <692> Финиш. Время операции: 0,000 сек.
---------------------------------------------------------------------------------
Транзакция <693> Старт. Перевод: 6310 руб. fromAcc: 579 toAcc: 184 
    <Начальные остатки> from: 468138      to: 486918
     <Конечные остатки> from: 461828      to: 493228
Транзакция <693> Финиш. Время операции: 0,000 сек.
---------------------------------------------------------------------------------
Транзакция <694> Старт. Перевод: 9495 руб. fromAcc: 193 toAcc: 628 
    <Начальные остатки> from: 349073      to: 378476
     <Конечные остатки> from: 339578      to: 387971
Транзакция <694> Финиш. Время операции: 0,000 сек.
---------------------------------------------------------------------------------
Транзакция <695> Старт. Перевод: 1637 руб. fromAcc: 420 toAcc: 25 
    <Начальные остатки> from: 323016      to: 247806
     <Конечные остатки> from: 321379      to: 249443
Транзакция <695> Финиш. Время операции: 0,000 сек.
---------------------------------------------------------------------------------
Транзакция <696> Старт. Перевод: 2019 руб. fromAcc: 305 toAcc: 200 
    <Начальные остатки> from: 477907      to: 429315
     <Конечные остатки> from: 475888      to: 431334
Транзакция <696> Финиш. Время операции: 0,000 сек.
---------------------------------------------------------------------------------
Транзакция <697> Старт. Перевод: 1688 руб. fromAcc: 424 toAcc: 552 
    <Начальные остатки> from: 356808      to: 326491
     <Конечные остатки> from: 355120      to: 328179
Транзакция <697> Финиш. Время операции: 0,000 сек.
---------------------------------------------------------------------------------
Транзакция <698> Старт. Перевод: 8223 руб. fromAcc: 839 toAcc: 539 
    <Начальные остатки> from: 389286      to: 338259
     <Конечные остатки> from: 381063      to: 346482
Транзакция <698> Финиш. Время операции: 0,000 сек.
---------------------------------------------------------------------------------
Транзакция <699> Старт. Перевод: 6669 руб. fromAcc: 777 toAcc: 280 
    <Начальные остатки> from: 455497      to: 448716
     <Конечные остатки> from: 448828      to: 455385
Транзакция <699> Финиш. Время операции: 0,000 сек.
---------------------------------------------------------------------------------
Транзакция <700> Старт. Перевод: 912 руб. fromAcc: 850 toAcc: 815 
    <Начальные остатки> from: 419834      to: 468898
     <Конечные остатки> from: 418922      to: 469810
Транзакция <700> Финиш. Время операции: 0,000 сек.
---------------------------------------------------------------------------------
Транзакция <701> Старт. Перевод: 5972 руб. fromAcc: 525 toAcc: 746 
    <Начальные остатки> from: 375637      to: 438499
     <Конечные остатки> from: 369665      to: 444471
Транзакция <701> Финиш. Время операции: 0,000 сек.
---------------------------------------------------------------------------------
Транзакция <702> Старт. Перевод: 4504 руб. fromAcc: 385 toAcc: 301 
    <Начальные остатки> from: 484545      to: 475148
     <Конечные остатки> from: 480041      to: 479652
Транзакция <702> Финиш. Время операции: 0,000 сек.
---------------------------------------------------------------------------------
Транзакция <703> Старт. Перевод: 111 руб. fromAcc: 427 toAcc: 343 
    <Начальные остатки> from: 328676      to: 299831
     <Конечные остатки> from: 328565      to: 299942
Транзакция <703> Финиш. Время операции: 0,000 сек.
---------------------------------------------------------------------------------
Транзакция <704> Старт. Перевод: 6000 руб. fromAcc: 294 toAcc: 491 
    <Начальные остатки> from: 478593      to: 423066
     <Конечные остатки> from: 472593      to: 429066
Транзакция <704> Финиш. Время операции: 0,000 сек.
---------------------------------------------------------------------------------
Транзакция <705> Старт. Перевод: 9990 руб. fromAcc: 861 toAcc: 307 
    <Начальные остатки> from: 352412      to: 498640
     <Конечные остатки> from: 342422      to: 508630
Транзакция <705> Финиш. Время операции: 0,000 сек.
---------------------------------------------------------------------------------
Транзакция <706> Старт. Перевод: 5878 руб. fromAcc: 42 toAcc: 461 
    <Начальные остатки> from: 364915      to: 481589
[ Операция невозможна из-за блокировки счета !!! ]
from: false to: true
     <Конечные остатки> from: 364915      to: 481589
Транзакция <706> Финиш. Время операции: 0,000 сек.
---------------------------------------------------------------------------------
Транзакция <707> Старт. Перевод: 6823 руб. fromAcc: 27 toAcc: 879 
    <Начальные остатки> from: 391330      to: 349744
     <Конечные остатки> from: 384507      to: 356567
Транзакция <707> Финиш. Время операции: 0,000 сек.
---------------------------------------------------------------------------------
Транзакция <708> Старт. Перевод: 8495 руб. fromAcc: 423 toAcc: 156 
    <Начальные остатки> from: 313157      to: 436845
[ Операция невозможна из-за блокировки счета !!! ]
from: true to: false
     <Конечные остатки> from: 313157      to: 436845
Транзакция <708> Финиш. Время операции: 0,000 сек.
---------------------------------------------------------------------------------
Транзакция <709> Старт. Перевод: 8528 руб. fromAcc: 933 toAcc: 924 
    <Начальные остатки> from: 478397      to: 451102
     <Конечные остатки> from: 469869      to: 459630
Транзакция <709> Финиш. Время операции: 0,000 сек.
---------------------------------------------------------------------------------
Транзакция <710> Старт. Перевод: 4048 руб. fromAcc: 256 toAcc: 458 
    <Начальные остатки> from: 368529      to: 470739
     <Конечные остатки> from: 364481      to: 474787
Транзакция <710> Финиш. Время операции: 0,000 сек.
---------------------------------------------------------------------------------
Транзакция <711> Старт. Перевод: 910 руб. fromAcc: 900 toAcc: 502 
    <Начальные остатки> from: 352364      to: 463413
     <Конечные остатки> from: 351454      to: 464323
Транзакция <711> Финиш. Время операции: 0,000 сек.
---------------------------------------------------------------------------------
Транзакция <712> Старт. Перевод: 6693 руб. fromAcc: 441 toAcc: 218 
    <Начальные остатки> from: 377551      to: 326217
     <Конечные остатки> from: 370858      to: 332910
Транзакция <712> Финиш. Время операции: 0,000 сек.
---------------------------------------------------------------------------------
Транзакция <713> Старт. Перевод: 4463 руб. fromAcc: 576 toAcc: 190 
    <Начальные остатки> from: 323186      to: 410652
     <Конечные остатки> from: 318723      to: 415115
Транзакция <713> Финиш. Время операции: 0,000 сек.
---------------------------------------------------------------------------------
Транзакция <714> Старт. Перевод: 5855 руб. fromAcc: 994 toAcc: 610 
    <Начальные остатки> from: 315128      to: 468698
     <Конечные остатки> from: 309273      to: 474553
Транзакция <714> Финиш. Время операции: 0,000 сек.
---------------------------------------------------------------------------------
Транзакция <715> Старт. Перевод: 103 руб. fromAcc: 698 toAcc: 147 
    <Начальные остатки> from: 349548      to: 476592
     <Конечные остатки> from: 349445      to: 476695
Транзакция <715> Финиш. Время операции: 0,000 сек.
---------------------------------------------------------------------------------
Транзакция <716> Старт. Перевод: 337 руб. fromAcc: 910 toAcc: 485 
    <Начальные остатки> from: 360924      to: 302310
     <Конечные остатки> from: 360587      to: 302647
Транзакция <716> Финиш. Время операции: 0,000 сек.
---------------------------------------------------------------------------------
Транзакция <717> Старт. Перевод: 9653 руб. fromAcc: 94 toAcc: 217 
    <Начальные остатки> from: 396774      to: 472085
     <Конечные остатки> from: 387121      to: 481738
Транзакция <717> Финиш. Время операции: 0,000 сек.
---------------------------------------------------------------------------------
Транзакция <718> Старт. Перевод: 7268 руб. fromAcc: 978 toAcc: 588 
    <Начальные остатки> from: 481886      to: 364052
     <Конечные остатки> from: 474618      to: 371320
Транзакция <718> Финиш. Время операции: 0,000 сек.
---------------------------------------------------------------------------------
Транзакция <719> Старт. Перевод: 9406 руб. fromAcc: 646 toAcc: 561 
    <Начальные остатки> from: 313519      to: 431090
     <Конечные остатки> from: 304113      to: 440496
Транзакция <719> Финиш. Время операции: 0,000 сек.
---------------------------------------------------------------------------------
Транзакция <720> Старт. Перевод: 479 руб. fromAcc: 909 toAcc: 816 
    <Начальные остатки> from: 347694      to: 300687
     <Конечные остатки> from: 347215      to: 301166
Транзакция <720> Финиш. Время операции: 0,000 сек.
---------------------------------------------------------------------------------
Транзакция <721> Старт. Перевод: 7581 руб. fromAcc: 233 toAcc: 619 
    <Начальные остатки> from: 340095      to: 457349
     <Конечные остатки> from: 332514      to: 464930
Транзакция <721> Финиш. Время операции: 0,000 сек.
---------------------------------------------------------------------------------
Транзакция <722> Старт. Перевод: 5373 руб. fromAcc: 384 toAcc: 877 
    <Начальные остатки> from: 365664      to: 323365
     <Конечные остатки> from: 360291      to: 328738
Транзакция <722> Финиш. Время операции: 0,000 сек.
---------------------------------------------------------------------------------
Транзакция <723> Старт. Перевод: 8996 руб. fromAcc: 860 toAcc: 396 
    <Начальные остатки> from: 454518      to: 385830
     <Конечные остатки> from: 445522      to: 394826
Транзакция <723> Финиш. Время операции: 0,000 сек.
---------------------------------------------------------------------------------
Транзакция <724> Старт. Перевод: 9852 руб. fromAcc: 894 toAcc: 22 
    <Начальные остатки> from: 360728      to: 297568
     <Конечные остатки> from: 350876      to: 307420
Транзакция <724> Финиш. Время операции: 0,000 сек.
---------------------------------------------------------------------------------
Транзакция <725> Старт. Перевод: 2769 руб. fromAcc: 484 toAcc: 355 
    <Начальные остатки> from: 385428      to: 315498
     <Конечные остатки> from: 382659      to: 318267
Транзакция <725> Финиш. Время операции: 0,000 сек.
---------------------------------------------------------------------------------
Транзакция <726> Старт. Перевод: 3380 руб. fromAcc: 486 toAcc: 730 
    <Начальные остатки> from: 380541      to: 315797
     <Конечные остатки> from: 377161      to: 319177
Транзакция <726> Финиш. Время операции: 0,000 сек.
---------------------------------------------------------------------------------
Транзакция <727> Старт. Перевод: 1384 руб. fromAcc: 262 toAcc: 432 
    <Начальные остатки> from: 314604      to: 398213
     <Конечные остатки> from: 313220      to: 399597
Транзакция <727> Финиш. Время операции: 0,000 сек.
---------------------------------------------------------------------------------
Транзакция <728> Старт. Перевод: 8752 руб. fromAcc: 764 toAcc: 493 
    <Начальные остатки> from: 415875      to: 453724
     <Конечные остатки> from: 407123      to: 462476
Транзакция <728> Финиш. Время операции: 0,000 сек.
---------------------------------------------------------------------------------
Транзакция <729> Старт. Перевод: 1931 руб. fromAcc: 219 toAcc: 940 
    <Начальные остатки> from: 362012      to: 345379
     <Конечные остатки> from: 360081      to: 347310
Транзакция <729> Финиш. Время операции: 0,000 сек.
---------------------------------------------------------------------------------
Транзакция <730> Старт. Перевод: 3629 руб. fromAcc: 775 toAcc: 102 
    <Начальные остатки> from: 406567      to: 494850
     <Конечные остатки> from: 402938      to: 498479
Транзакция <730> Финиш. Время операции: 0,001 сек.
---------------------------------------------------------------------------------
Транзакция <731> Старт. Перевод: 2834 руб. fromAcc: 564 toAcc: 395 
    <Начальные остатки> from: 412432      to: 411073
     <Конечные остатки> from: 409598      to: 413907
Транзакция <731> Финиш. Время операции: 0,001 сек.
---------------------------------------------------------------------------------
Транзакция <732> Старт. Перевод: 1426 руб. fromAcc: 637 toAcc: 69 
    <Начальные остатки> from: 435630      to: 332497
     <Конечные остатки> from: 434204      to: 333923
Транзакция <732> Финиш. Время операции: 0,000 сек.
---------------------------------------------------------------------------------
Транзакция <733> Старт. Перевод: 1906 руб. fromAcc: 155 toAcc: 511 
    <Начальные остатки> from: 331172      to: 445142
     <Конечные остатки> from: 329266      to: 447048
Транзакция <733> Финиш. Время операции: 0,001 сек.
---------------------------------------------------------------------------------
Транзакция <734> Старт. Перевод: 3606 руб. fromAcc: 16 toAcc: 84 
    <Начальные остатки> from: 337847      to: 477181
     <Конечные остатки> from: 334241      to: 480787
Транзакция <734> Финиш. Время операции: 0,000 сек.
---------------------------------------------------------------------------------
Транзакция <735> Старт. Перевод: 4035 руб. fromAcc: 837 toAcc: 904 
    <Начальные остатки> from: 407643      to: 325299
     <Конечные остатки> from: 403608      to: 329334
Транзакция <735> Финиш. Время операции: 0,001 сек.
---------------------------------------------------------------------------------
Транзакция <736> Старт. Перевод: 7967 руб. fromAcc: 830 toAcc: 653 
    <Начальные остатки> from: 328342      to: 463198
     <Конечные остатки> from: 320375      to: 471165
Транзакция <736> Финиш. Время операции: 0,001 сек.
---------------------------------------------------------------------------------
Транзакция <737> Старт. Перевод: 55000 руб. fromAcc: 656 toAcc: 265 
    <Начальные остатки> from: 397371      to: 318233
Транзакция <738> Старт. Перевод: 2419 руб. fromAcc: 923 toAcc: 776 
    <Начальные остатки> from: 428937      to: 489781
     <Конечные остатки> from: 426518      to: 492200
Транзакция <738> Финиш. Время операции: 0,000 сек.
---------------------------------------------------------------------------------
Транзакция <739> Старт. Перевод: 55000 руб. fromAcc: 988 toAcc: 170 
    <Начальные остатки> from: 360432      to: 312029
Транзакция <740> Старт. Перевод: 658 руб. fromAcc: 971 toAcc: 494 
    <Начальные остатки> from: 397060      to: 413431
     <Конечные остатки> from: 396402      to: 414089
Транзакция <740> Финиш. Время операции: 0,000 сек.
---------------------------------------------------------------------------------
Транзакция <741> Старт. Перевод: 7628 руб. fromAcc: 365 toAcc: 662 
    <Начальные остатки> from: 338480      to: 331341
     <Конечные остатки> from: 330852      to: 338969
Транзакция <741> Финиш. Время операции: 0,000 сек.
---------------------------------------------------------------------------------
Транзакция <742> Старт. Перевод: 8890 руб. fromAcc: 238 toAcc: 697 
    <Начальные остатки> from: 344012      to: 464980
     <Конечные остатки> from: 335122      to: 473870
Транзакция <742> Финиш. Время операции: 0,000 сек.
---------------------------------------------------------------------------------
Транзакция <743> Старт. Перевод: 9208 руб. fromAcc: 144 toAcc: 550 
    <Начальные остатки> from: 466641      to: 330896
     <Конечные остатки> from: 457433      to: 340104
Транзакция <743> Финиш. Время операции: 0,000 сек.
---------------------------------------------------------------------------------
Транзакция <744> Старт. Перевод: 5910 руб. fromAcc: 67 toAcc: 934 
    <Начальные остатки> from: 451726      to: 376951
     <Конечные остатки> from: 445816      to: 382861
Транзакция <744> Финиш. Время операции: 0,000 сек.
---------------------------------------------------------------------------------
Транзакция <745> Старт. Перевод: 5565 руб. fromAcc: 929 toAcc: 209 
    <Начальные остатки> from: 351014      to: 373963
     <Конечные остатки> from: 345449      to: 379528
Транзакция <745> Финиш. Время операции: 0,000 сек.
---------------------------------------------------------------------------------
Транзакция <746> Старт. Перевод: 2273 руб. fromAcc: 204 toAcc: 233 
    <Начальные остатки> from: 546878      to: 332514
     <Конечные остатки> from: 544605      to: 334787
Транзакция <746> Финиш. Время операции: 0,000 сек.
---------------------------------------------------------------------------------
Транзакция <747> Старт. Перевод: 2833 руб. fromAcc: 923 toAcc: 141 
    <Начальные остатки> from: 426518      to: 353223
     <Конечные остатки> from: 423685      to: 356056
Транзакция <747> Финиш. Время операции: 0,000 сек.
---------------------------------------------------------------------------------
Транзакция <748> Старт. Перевод: 3461 руб. fromAcc: 947 toAcc: 850 
    <Начальные остатки> from: 399921      to: 418922
     <Конечные остатки> from: 396460      to: 422383
Транзакция <748> Финиш. Время операции: 0,000 сек.
---------------------------------------------------------------------------------
Транзакция <749> Старт. Перевод: 2084 руб. fromAcc: 473 toAcc: 757 
    <Начальные остатки> from: 322853      to: 304658
     <Конечные остатки> from: 320769      to: 306742
Транзакция <749> Финиш. Время операции: 0,000 сек.
---------------------------------------------------------------------------------
Транзакция <750> Старт. Перевод: 330 руб. fromAcc: 613 toAcc: 488 
    <Начальные остатки> from: 386736      to: 331614
     <Конечные остатки> from: 386406      to: 331944
Транзакция <750> Финиш. Время операции: 0,000 сек.
---------------------------------------------------------------------------------
Транзакция <751> Старт. Перевод: 537 руб. fromAcc: 613 toAcc: 52 
    <Начальные остатки> from: 386406      to: 487844
     <Конечные остатки> from: 385869      to: 488381
Транзакция <751> Финиш. Время операции: 0,000 сек.
---------------------------------------------------------------------------------
СЧЕТ ЗАБЛОКИРОВАН
     <Конечные остатки> from: 431710      to: 479811
Транзакция <460> Финиш. Время операции: 3,607 сек.
---------------------------------------------------------------------------------
Транзакция <752> Старт. Перевод: 8137 руб. fromAcc: 579 toAcc: 363 
    <Начальные остатки> from: 461828      to: 409705
     <Конечные остатки> from: 453691      to: 417842
Транзакция <752> Финиш. Время операции: 0,000 сек.
---------------------------------------------------------------------------------
Транзакция <753> Старт. Перевод: 8823 руб. fromAcc: 875 toAcc: 922 
    <Начальные остатки> from: 367882      to: 447776
     <Конечные остатки> from: 359059      to: 456599
Транзакция <753> Финиш. Время операции: 0,000 сек.
---------------------------------------------------------------------------------
Транзакция <754> Старт. Перевод: 1612 руб. fromAcc: 14 toAcc: 942 
    <Начальные остатки> from: 519338      to: 328695
     <Конечные остатки> from: 517726      to: 330307
Транзакция <754> Финиш. Время операции: 0,000 сек.
---------------------------------------------------------------------------------
Транзакция <755> Старт. Перевод: 9521 руб. fromAcc: 778 toAcc: 779 
    <Начальные остатки> from: 468173      to: 463491
     <Конечные остатки> from: 458652      to: 473012
Транзакция <755> Финиш. Время операции: 0,000 сек.
---------------------------------------------------------------------------------
Транзакция <756> Старт. Перевод: 6755 руб. fromAcc: 991 toAcc: 301 
    <Начальные остатки> from: 395733      to: 479652
     <Конечные остатки> from: 388978      to: 486407
Транзакция <756> Финиш. Время операции: 0,000 сек.
---------------------------------------------------------------------------------
Транзакция <757> Старт. Перевод: 4983 руб. fromAcc: 74 toAcc: 760 
    <Начальные остатки> from: 386872      to: 355223
     <Конечные остатки> from: 381889      to: 360206
Транзакция <757> Финиш. Время операции: 0,000 сек.
---------------------------------------------------------------------------------
Транзакция <758> Старт. Перевод: 1591 руб. fromAcc: 63 toAcc: 785 
    <Начальные остатки> from: 373943      to: 445650
     <Конечные остатки> from: 372352      to: 447241
Транзакция <758> Финиш. Время операции: 0,000 сек.
---------------------------------------------------------------------------------
Транзакция <759> Старт. Перевод: 9655 руб. fromAcc: 240 toAcc: 363 
    <Начальные остатки> from: 361737      to: 417842
     <Конечные остатки> from: 352082      to: 427497
Транзакция <759> Финиш. Время операции: 0,000 сек.
---------------------------------------------------------------------------------
Транзакция <760> Старт. Перевод: 2745 руб. fromAcc: 915 toAcc: 64 
    <Начальные остатки> from: 380972      to: 463525
     <Конечные остатки> from: 378227      to: 466270
Транзакция <760> Финиш. Время операции: 0,000 сек.
---------------------------------------------------------------------------------
Транзакция <761> Старт. Перевод: 7690 руб. fromAcc: 192 toAcc: 284 
    <Начальные остатки> from: 432566      to: 316442
     <Конечные остатки> from: 424876      to: 324132
Транзакция <761> Финиш. Время операции: 0,000 сек.
---------------------------------------------------------------------------------
Транзакция <762> Старт. Перевод: 4926 руб. fromAcc: 704 toAcc: 17 
    <Начальные остатки> from: 471954      to: 472676
     <Конечные остатки> from: 467028      to: 477602
Транзакция <762> Финиш. Время операции: 0,000 сек.
---------------------------------------------------------------------------------
Транзакция <763> Старт. Перевод: 9182 руб. fromAcc: 472 toAcc: 491 
    <Начальные остатки> from: 388368      to: 429066
     <Конечные остатки> from: 379186      to: 438248
Транзакция <763> Финиш. Время операции: 0,000 сек.
---------------------------------------------------------------------------------
Транзакция <764> Старт. Перевод: 2873 руб. fromAcc: 958 toAcc: 48 
    <Начальные остатки> from: 398879      to: 378841
     <Конечные остатки> from: 396006      to: 381714
Транзакция <764> Финиш. Время операции: 0,000 сек.
---------------------------------------------------------------------------------
Транзакция <765> Старт. Перевод: 845 руб. fromAcc: 385 toAcc: 776 
    <Начальные остатки> from: 480041      to: 492200
     <Конечные остатки> from: 479196      to: 493045
Транзакция <765> Финиш. Время операции: 0,000 сек.
---------------------------------------------------------------------------------
Транзакция <766> Старт. Перевод: 7841 руб. fromAcc: 137 toAcc: 768 
    <Начальные остатки> from: 199721      to: 349258
     <Конечные остатки> from: 191880      to: 357099
Транзакция <766> Финиш. Время операции: 0,000 сек.
---------------------------------------------------------------------------------
Транзакция <767> Старт. Перевод: 9453 руб. fromAcc: 829 toAcc: 336 
    <Начальные остатки> from: 403729      to: 437052
     <Конечные остатки> from: 394276      to: 446505
Транзакция <767> Финиш. Время операции: 0,000 сек.
---------------------------------------------------------------------------------
Транзакция <768> Старт. Перевод: 3200 руб. fromAcc: 232 toAcc: 158 
    <Начальные остатки> from: 477585      to: 441690
     <Конечные остатки> from: 474385      to: 444890
Транзакция <768> Финиш. Время операции: 0,000 сек.
---------------------------------------------------------------------------------
Транзакция <769> Старт. Перевод: 8861 руб. fromAcc: 806 toAcc: 126 
    <Начальные остатки> from: 329999      to: 396301
     <Конечные остатки> from: 321138      to: 405162
Транзакция <769> Финиш. Время операции: 0,000 сек.
---------------------------------------------------------------------------------
Транзакция <770> Старт. Перевод: 6211 руб. fromAcc: 998 toAcc: 620 
    <Начальные остатки> from: 391793      to: 391477
[ Операция невозможна из-за блокировки счета !!! ]
from: false to: true
     <Конечные остатки> from: 391793      to: 391477
Транзакция <770> Финиш. Время операции: 0,000 сек.
---------------------------------------------------------------------------------
Транзакция <771> Старт. Перевод: 55000 руб. fromAcc: 854 toAcc: 21 
    <Начальные остатки> from: 350911      to: 327676
Транзакция <772> Старт. Перевод: 3768 руб. fromAcc: 383 toAcc: 704 
    <Начальные остатки> from: 490397      to: 467028
     <Конечные остатки> from: 486629      to: 470796
Транзакция <772> Финиш. Время операции: 0,000 сек.
---------------------------------------------------------------------------------
Транзакция <773> Старт. Перевод: 55000 руб. fromAcc: 546 toAcc: 885 
    <Начальные остатки> from: 440011      to: 487306
Транзакция <774> Старт. Перевод: 4281 руб. fromAcc: 793 toAcc: 707 
    <Начальные остатки> from: 420264      to: 468388
     <Конечные остатки> from: 415983      to: 472669
Транзакция <774> Финиш. Время операции: 0,000 сек.
---------------------------------------------------------------------------------
Транзакция <775> Старт. Перевод: 2000 руб. fromAcc: 901 toAcc: 657 
    <Начальные остатки> from: 341406      to: 391342
     <Конечные остатки> from: 339406      to: 393342
Транзакция <775> Финиш. Время операции: 0,000 сек.
---------------------------------------------------------------------------------
Транзакция <776> Старт. Перевод: 2088 руб. fromAcc: 204 toAcc: 633 
    <Начальные остатки> from: 544605      to: 411858
     <Конечные остатки> from: 542517      to: 413946
Транзакция <776> Финиш. Время операции: 0,000 сек.
---------------------------------------------------------------------------------
Транзакция <777> Старт. Перевод: 6253 руб. fromAcc: 944 toAcc: 940 
    <Начальные остатки> from: 363890      to: 347310
     <Конечные остатки> from: 357637      to: 353563
Транзакция <777> Финиш. Время операции: 0,000 сек.
---------------------------------------------------------------------------------
Транзакция <778> Старт. Перевод: 55000 руб. fromAcc: 601 toAcc: 436 
    <Начальные остатки> from: 490353      to: 407728
Транзакция <779> Старт. Перевод: 4654 руб. fromAcc: 67 toAcc: 48 
    <Начальные остатки> from: 445816      to: 381714
     <Конечные остатки> from: 441162      to: 386368
Транзакция <779> Финиш. Время операции: 0,000 сек.
---------------------------------------------------------------------------------
Транзакция <780> Старт. Перевод: 4059 руб. fromAcc: 196 toAcc: 249 
    <Начальные остатки> from: 434456      to: 397482
     <Конечные остатки> from: 430397      to: 401541
Транзакция <780> Финиш. Время операции: 0,000 сек.
---------------------------------------------------------------------------------
Транзакция <781> Старт. Перевод: 2117 руб. fromAcc: 473 toAcc: 709 
    <Начальные остатки> from: 320769      to: 458609
     <Конечные остатки> from: 318652      to: 460726
Транзакция <781> Финиш. Время операции: 0,000 сек.
---------------------------------------------------------------------------------
Транзакция <782> Старт. Перевод: 6230 руб. fromAcc: 743 toAcc: 665 
    <Начальные остатки> from: 276179      to: 395082
     <Конечные остатки> from: 269949      to: 401312
Транзакция <782> Финиш. Время операции: 0,000 сек.
---------------------------------------------------------------------------------
Транзакция <783> Старт. Перевод: 10054 руб. fromAcc: 817 toAcc: 109 
    <Начальные остатки> from: 457851      to: 353512
     <Конечные остатки> from: 447797      to: 363566
Транзакция <783> Финиш. Время операции: 0,000 сек.
---------------------------------------------------------------------------------
Транзакция <784> Старт. Перевод: 8325 руб. fromAcc: 395 toAcc: 313 
    <Начальные остатки> from: 413907      to: 494221
     <Конечные остатки> from: 405582      to: 502546
Транзакция <784> Финиш. Время операции: 0,000 сек.
---------------------------------------------------------------------------------
Транзакция <785> Старт. Перевод: 9531 руб. fromAcc: 755 toAcc: 471 
    <Начальные остатки> from: 346075      to: 356473
[ Операция невозможна из-за блокировки счета !!! ]
from: true to: false
     <Конечные остатки> from: 346075      to: 356473
Транзакция <785> Финиш. Время операции: 0,000 сек.
---------------------------------------------------------------------------------
Транзакция <786> Старт. Перевод: 1478 руб. fromAcc: 932 toAcc: 456 
    <Начальные остатки> from: 320789      to: 418293
     <Конечные остатки> from: 319311      to: 419771
Транзакция <786> Финиш. Время операции: 0,000 сек.
---------------------------------------------------------------------------------
Транзакция <787> Старт. Перевод: 3310 руб. fromAcc: 544 toAcc: 424 
    <Начальные остатки> from: 311491      to: 355120
     <Конечные остатки> from: 308181      to: 358430
Транзакция <787> Финиш. Время операции: 0,000 сек.
---------------------------------------------------------------------------------
Транзакция <788> Старт. Перевод: 5085 руб. fromAcc: 67 toAcc: 218 
    <Начальные остатки> from: 441162      to: 332910
     <Конечные остатки> from: 436077      to: 337995
Транзакция <788> Финиш. Время операции: 0,000 сек.
---------------------------------------------------------------------------------
Транзакция <789> Старт. Перевод: 2605 руб. fromAcc: 78 toAcc: 74 
    <Начальные остатки> from: 324939      to: 381889
     <Конечные остатки> from: 322334      to: 384494
Транзакция <789> Финиш. Время операции: 0,000 сек.
---------------------------------------------------------------------------------
Транзакция <790> Старт. Перевод: 883 руб. fromAcc: 950 toAcc: 141 
    <Начальные остатки> from: 361276      to: 356056
     <Конечные остатки> from: 360393      to: 356939
Транзакция <790> Финиш. Время операции: 0,000 сек.
---------------------------------------------------------------------------------
Транзакция <791> Старт. Перевод: 4380 руб. fromAcc: 508 toAcc: 701 
    <Начальные остатки> from: 476798      to: 395192
     <Конечные остатки> from: 472418      to: 399572
Транзакция <791> Финиш. Время операции: 0,000 сек.
---------------------------------------------------------------------------------
Транзакция <792> Старт. Перевод: 5915 руб. fromAcc: 435 toAcc: 812 
    <Начальные остатки> from: 491216      to: 389310
     <Конечные остатки> from: 485301      to: 395225
Транзакция <792> Финиш. Время операции: 0,000 сек.
---------------------------------------------------------------------------------
Транзакция <793> Старт. Перевод: 9034 руб. fromAcc: 580 toAcc: 256 
    <Начальные остатки> from: 413880      to: 364481
     <Конечные остатки> from: 404846      to: 373515
Транзакция <793> Финиш. Время операции: 0,000 сек.
---------------------------------------------------------------------------------
Транзакция <794> Старт. Перевод: 541 руб. fromAcc: 849 toAcc: 340 
    <Начальные остатки> from: 304750      to: 322490
     <Конечные остатки> from: 304209      to: 323031
Транзакция <794> Финиш. Время операции: 0,000 сек.
---------------------------------------------------------------------------------
Транзакция <795> Старт. Перевод: 881 руб. fromAcc: 105 toAcc: 80 
    <Начальные остатки> from: 400612      to: 307859
     <Конечные остатки> from: 399731      to: 308740
Транзакция <795> Финиш. Время операции: 0,000 сек.
---------------------------------------------------------------------------------
Транзакция <796> Старт. Перевод: 108 руб. fromAcc: 309 toAcc: 740 
    <Начальные остатки> from: 402301      to: 468037
     <Конечные остатки> from: 402193      to: 468145
Транзакция <796> Финиш. Время операции: 0,000 сек.
---------------------------------------------------------------------------------
Транзакция <797> Старт. Перевод: 6298 руб. fromAcc: 186 toAcc: 535 
    <Начальные остатки> from: 426160      to: 461791
     <Конечные остатки> from: 419862      to: 468089
Транзакция <797> Финиш. Время операции: 0,002 сек.
---------------------------------------------------------------------------------
Транзакция <798> Старт. Перевод: 1418 руб. fromAcc: 844 toAcc: 534 
    <Начальные остатки> from: 368592      to: 317757
     <Конечные остатки> from: 367174      to: 319175
Транзакция <798> Финиш. Время операции: 0,000 сек.
---------------------------------------------------------------------------------
Транзакция <799> Старт. Перевод: 6922 руб. fromAcc: 110 toAcc: 457 
    <Начальные остатки> from: 381887      to: 350798
     <Конечные остатки> from: 374965      to: 357720
Транзакция <799> Финиш. Время операции: 0,000 сек.
---------------------------------------------------------------------------------
Транзакция <800> Старт. Перевод: 7625 руб. fromAcc: 836 toAcc: 104 
    <Начальные остатки> from: 414186      to: 334490
     <Конечные остатки> from: 406561      to: 342115
Транзакция <800> Финиш. Время операции: 0,000 сек.
---------------------------------------------------------------------------------
Транзакция <801> Старт. Перевод: 7782 руб. fromAcc: 38 toAcc: 613 
    <Начальные остатки> from: 366788      to: 385869
     <Конечные остатки> from: 359006      to: 393651
Транзакция <801> Финиш. Время операции: 0,000 сек.
---------------------------------------------------------------------------------
Транзакция <802> Старт. Перевод: 7703 руб. fromAcc: 565 toAcc: 611 
    <Начальные остатки> from: 498167      to: 348929
     <Конечные остатки> from: 490464      to: 356632
Транзакция <802> Финиш. Время операции: 0,000 сек.
---------------------------------------------------------------------------------
Транзакция <803> Старт. Перевод: 2753 руб. fromAcc: 904 toAcc: 590 
    <Начальные остатки> from: 329334      to: 408580
     <Конечные остатки> from: 326581      to: 411333
Транзакция <803> Финиш. Время операции: 0,000 сек.
---------------------------------------------------------------------------------
Транзакция <804> Старт. Перевод: 9100 руб. fromAcc: 866 toAcc: 522 
    <Начальные остатки> from: 367842      to: 477248
     <Конечные остатки> from: 358742      to: 486348
Транзакция <804> Финиш. Время операции: 0,000 сек.
---------------------------------------------------------------------------------
Транзакция <805> Старт. Перевод: 2206 руб. fromAcc: 146 toAcc: 792 
    <Начальные остатки> from: 412260      to: 460322
     <Конечные остатки> from: 410054      to: 462528
Транзакция <805> Финиш. Время операции: 0,000 сек.
---------------------------------------------------------------------------------
Транзакция <806> Старт. Перевод: 4732 руб. fromAcc: 165 toAcc: 54 
    <Начальные остатки> from: 465598      to: 382874
     <Конечные остатки> from: 460866      to: 387606
Транзакция <806> Финиш. Время операции: 0,000 сек.
---------------------------------------------------------------------------------
Транзакция <807> Старт. Перевод: 243 руб. fromAcc: 187 toAcc: 463 
    <Начальные остатки> from: 462756      to: 456858
     <Конечные остатки> from: 462513      to: 457101
Транзакция <807> Финиш. Время операции: 0,000 сек.
---------------------------------------------------------------------------------
Транзакция <808> Старт. Перевод: 7929 руб. fromAcc: 432 toAcc: 78 
    <Начальные остатки> from: 399597      to: 322334
     <Конечные остатки> from: 391668      to: 330263
Транзакция <808> Финиш. Время операции: 0,000 сек.
---------------------------------------------------------------------------------
Транзакция <809> Старт. Перевод: 1393 руб. fromAcc: 789 toAcc: 921 
    <Начальные остатки> from: 360198      to: 302924
     <Конечные остатки> from: 358805      to: 304317
Транзакция <809> Финиш. Время операции: 0,000 сек.
---------------------------------------------------------------------------------
Транзакция <810> Старт. Перевод: 1484 руб. fromAcc: 792 toAcc: 286 
    <Начальные остатки> from: 462528      to: 305007
     <Конечные остатки> from: 461044      to: 306491
Транзакция <810> Финиш. Время операции: 0,000 сек.
---------------------------------------------------------------------------------
Транзакция <811> Старт. Перевод: 9167 руб. fromAcc: 689 toAcc: 426 
    <Начальные остатки> from: 350641      to: 481668
     <Конечные остатки> from: 341474      to: 490835
Транзакция <811> Финиш. Время операции: 0,000 сек.
---------------------------------------------------------------------------------
Транзакция <812> Старт. Перевод: 9424 руб. fromAcc: 842 toAcc: 673 
    <Начальные остатки> from: 422452      to: 428610
     <Конечные остатки> from: 413028      to: 438034
Транзакция <812> Финиш. Время операции: 0,001 сек.
---------------------------------------------------------------------------------
Транзакция <813> Старт. Перевод: 1337 руб. fromAcc: 154 toAcc: 354 
    <Начальные остатки> from: 417553      to: 494929
     <Конечные остатки> from: 416216      to: 496266
Транзакция <813> Финиш. Время операции: 0,000 сек.
---------------------------------------------------------------------------------
Транзакция <814> Старт. Перевод: 2644 руб. fromAcc: 926 toAcc: 642 
    <Начальные остатки> from: 420902      to: 377008
     <Конечные остатки> from: 418258      to: 379652
Транзакция <814> Финиш. Время операции: 0,000 сек.
---------------------------------------------------------------------------------
Транзакция <815> Старт. Перевод: 9326 руб. fromAcc: 357 toAcc: 606 
    <Начальные остатки> from: 465878      to: 479657
     <Конечные остатки> from: 456552      to: 488983
Транзакция <815> Финиш. Время операции: 0,000 сек.
---------------------------------------------------------------------------------
Транзакция <816> Старт. Перевод: 2036 руб. fromAcc: 887 toAcc: 262 
    <Начальные остатки> from: 478217      to: 313220
     <Конечные остатки> from: 476181      to: 315256
Транзакция <816> Финиш. Время операции: 0,001 сек.
---------------------------------------------------------------------------------
Транзакция <817> Старт. Перевод: 1608 руб. fromAcc: 707 toAcc: 430 
    <Начальные остатки> from: 472669      to: 332816
     <Конечные остатки> from: 471061      to: 334424
Транзакция <817> Финиш. Время операции: 0,000 сек.
---------------------------------------------------------------------------------
Транзакция <818> Старт. Перевод: 5238 руб. fromAcc: 80 toAcc: 504 
    <Начальные остатки> from: 308740      to: 456865
     <Конечные остатки> from: 303502      to: 462103
Транзакция <818> Финиш. Время операции: 0,000 сек.
---------------------------------------------------------------------------------
Транзакция <819> Старт. Перевод: 3474 руб. fromAcc: 540 toAcc: 79 
    <Начальные остатки> from: 496482      to: 345931
     <Конечные остатки> from: 493008      to: 349405
Транзакция <819> Финиш. Время операции: 0,000 сек.
---------------------------------------------------------------------------------
Транзакция <820> Старт. Перевод: 5651 руб. fromAcc: 654 toAcc: 491 
    <Начальные остатки> from: 424331      to: 438248
     <Конечные остатки> from: 418680      to: 443899
Транзакция <820> Финиш. Время операции: 0,000 сек.
---------------------------------------------------------------------------------
Транзакция <821> Старт. Перевод: 8069 руб. fromAcc: 807 toAcc: 975 
    <Начальные остатки> from: 340714      to: 439992
     <Конечные остатки> from: 332645      to: 448061
Транзакция <821> Финиш. Время операции: 0,000 сек.
---------------------------------------------------------------------------------
Транзакция <822> Старт. Перевод: 4838 руб. fromAcc: 365 toAcc: 65 
    <Начальные остатки> from: 330852      to: 352080
     <Конечные остатки> from: 326014      to: 356918
Транзакция <822> Финиш. Время операции: 0,000 сек.
---------------------------------------------------------------------------------
Транзакция <823> Старт. Перевод: 6076 руб. fromAcc: 658 toAcc: 322 
    <Начальные остатки> from: 389557      to: 337401
     <Конечные остатки> from: 383481      to: 343477
Транзакция <823> Финиш. Время операции: 0,000 сек.
---------------------------------------------------------------------------------
Транзакция <824> Старт. Перевод: 1955 руб. fromAcc: 465 toAcc: 228 
    <Начальные остатки> from: 387194      to: 446650
     <Конечные остатки> from: 385239      to: 448605
Транзакция <824> Финиш. Время операции: 0,000 сек.
---------------------------------------------------------------------------------
Транзакция <825> Старт. Перевод: 55000 руб. fromAcc: 60 toAcc: 321 
    <Начальные остатки> from: 336882      to: 340014
Транзакция <826> Старт. Перевод: 8515 руб. fromAcc: 382 toAcc: 410 
    <Начальные остатки> from: 334543      to: 321316
     <Конечные остатки> from: 326028      to: 329831
Транзакция <826> Финиш. Время операции: 0,000 сек.
---------------------------------------------------------------------------------
Транзакция <827> Старт. Перевод: 4575 руб. fromAcc: 624 toAcc: 857 
    <Начальные остатки> from: 431411      to: 421521
     <Конечные остатки> from: 426836      to: 426096
Транзакция <827> Финиш. Время операции: 0,000 сек.
---------------------------------------------------------------------------------
Транзакция <828> Старт. Перевод: 6115 руб. fromAcc: 279 toAcc: 420 
    <Начальные остатки> from: 314131      to: 321379
     <Конечные остатки> from: 308016      to: 327494
Транзакция <828> Финиш. Время операции: 0,000 сек.
---------------------------------------------------------------------------------
Транзакция <829> Старт. Перевод: 516 руб. fromAcc: 178 toAcc: 903 
    <Начальные остатки> from: 411850      to: 243062
     <Конечные остатки> from: 411334      to: 243578
Транзакция <829> Финиш. Время операции: 0,000 сек.
---------------------------------------------------------------------------------
Транзакция <830> Старт. Перевод: 8138 руб. fromAcc: 394 toAcc: 159 
    <Начальные остатки> from: 396861      to: 389130
     <Конечные остатки> from: 388723      to: 397268
Транзакция <830> Финиш. Время операции: 0,000 сек.
---------------------------------------------------------------------------------
Транзакция <831> Старт. Перевод: 7009 руб. fromAcc: 420 toAcc: 162 
    <Начальные остатки> from: 327494      to: 377302
     <Конечные остатки> from: 320485      to: 384311
Транзакция <831> Финиш. Время операции: 0,000 сек.
---------------------------------------------------------------------------------
Транзакция <832> Старт. Перевод: 7667 руб. fromAcc: 622 toAcc: 53 
    <Начальные остатки> from: 343299      to: 507058
     <Конечные остатки> from: 335632      to: 514725
Транзакция <832> Финиш. Время операции: 0,000 сек.
---------------------------------------------------------------------------------
Транзакция <833> Старт. Перевод: 55000 руб. fromAcc: 497 toAcc: 937 
    <Начальные остатки> from: 349732      to: 412712
Транзакция <834> Старт. Перевод: 55000 руб. fromAcc: 281 toAcc: 759 
    <Начальные остатки> from: 478457      to: 400818
Транзакция <835> Старт. Перевод: 6116 руб. fromAcc: 296 toAcc: 959 
    <Начальные остатки> from: 411396      to: 386083
     <Конечные остатки> from: 405280      to: 392199
Транзакция <835> Финиш. Время операции: 0,000 сек.
---------------------------------------------------------------------------------
Транзакция <836> Старт. Перевод: 6189 руб. fromAcc: 375 toAcc: 938 
    <Начальные остатки> from: 421332      to: 413853
     <Конечные остатки> from: 415143      to: 420042
Транзакция <836> Финиш. Время операции: 0,000 сек.
---------------------------------------------------------------------------------
Транзакция <837> Старт. Перевод: 5007 руб. fromAcc: 658 toAcc: 889 
    <Начальные остатки> from: 383481      to: 386918
     <Конечные остатки> from: 378474      to: 391925
Транзакция <837> Финиш. Время операции: 0,000 сек.
---------------------------------------------------------------------------------
Транзакция <838> Старт. Перевод: 8859 руб. fromAcc: 1 toAcc: 500 
    <Начальные остатки> from: 352307      to: 310913
     <Конечные остатки> from: 343448      to: 319772
Транзакция <838> Финиш. Время операции: 0,000 сек.
---------------------------------------------------------------------------------
Транзакция <839> Старт. Перевод: 8505 руб. fromAcc: 905 toAcc: 701 
    <Начальные остатки> from: 325166      to: 399572
     <Конечные остатки> from: 316661      to: 408077
Транзакция <839> Финиш. Время операции: 0,000 сек.
---------------------------------------------------------------------------------
Транзакция <840> Старт. Перевод: 4366 руб. fromAcc: 204 toAcc: 383 
    <Начальные остатки> from: 542517      to: 486629
     <Конечные остатки> from: 538151      to: 490995
Транзакция <840> Финиш. Время операции: 0,000 сек.
---------------------------------------------------------------------------------
Транзакция <841> Старт. Перевод: 9354 руб. fromAcc: 175 toAcc: 639 
    <Начальные остатки> from: 439136      to: 300318
     <Конечные остатки> from: 429782      to: 309672
Транзакция <841> Финиш. Время операции: 0,000 сек.
---------------------------------------------------------------------------------
Транзакция <842> Старт. Перевод: 4924 руб. fromAcc: 736 toAcc: 322 
    <Начальные остатки> from: 456635      to: 343477
     <Конечные остатки> from: 451711      to: 348401
Транзакция <842> Финиш. Время операции: 0,000 сек.
---------------------------------------------------------------------------------
Транзакция <843> Старт. Перевод: 7936 руб. fromAcc: 458 toAcc: 272 
    <Начальные остатки> from: 474787      to: 310853
     <Конечные остатки> from: 466851      to: 318789
Транзакция <843> Финиш. Время операции: 0,000 сек.
---------------------------------------------------------------------------------
Транзакция <844> Старт. Перевод: 9468 руб. fromAcc: 697 toAcc: 676 
    <Начальные остатки> from: 473870      to: 435880
     <Конечные остатки> from: 464402      to: 445348
Транзакция <844> Финиш. Время операции: 0,000 сек.
---------------------------------------------------------------------------------
Транзакция <845> Старт. Перевод: 1867 руб. fromAcc: 30 toAcc: 862 
    <Начальные остатки> from: 317940      to: 507016
     <Конечные остатки> from: 316073      to: 508883
Транзакция <845> Финиш. Время операции: 0,000 сек.
---------------------------------------------------------------------------------
Транзакция <846> Старт. Перевод: 6994 руб. fromAcc: 553 toAcc: 267 
    <Начальные остатки> from: 480897      to: 305550
     <Конечные остатки> from: 473903      to: 312544
Транзакция <846> Финиш. Время операции: 0,000 сек.
---------------------------------------------------------------------------------
Транзакция <847> Старт. Перевод: 6884 руб. fromAcc: 299 toAcc: 472 
    <Начальные остатки> from: 393820      to: 379186
     <Конечные остатки> from: 386936      to: 386070
Транзакция <847> Финиш. Время операции: 0,000 сек.
---------------------------------------------------------------------------------
Транзакция <848> Старт. Перевод: 7854 руб. fromAcc: 212 toAcc: 948 
    <Начальные остатки> from: 410916      to: 382467
     <Конечные остатки> from: 403062      to: 390321
Транзакция <848> Финиш. Время операции: 0,000 сек.
---------------------------------------------------------------------------------
Транзакция <849> Старт. Перевод: 465 руб. fromAcc: 645 toAcc: 613 
    <Начальные остатки> from: 477189      to: 393651
     <Конечные остатки> from: 476724      to: 394116
Транзакция <849> Финиш. Время операции: 0,000 сек.
---------------------------------------------------------------------------------
Транзакция <850> Старт. Перевод: 686 руб. fromAcc: 316 toAcc: 368 
    <Начальные остатки> from: 403501      to: 385732
     <Конечные остатки> from: 402815      to: 386418
Транзакция <850> Финиш. Время операции: 0,000 сек.
---------------------------------------------------------------------------------
Транзакция <851> Старт. Перевод: 2120 руб. fromAcc: 25 toAcc: 550 
    <Начальные остатки> from: 249443      to: 340104
     <Конечные остатки> from: 247323      to: 342224
Транзакция <851> Финиш. Время операции: 0,000 сек.
---------------------------------------------------------------------------------
Транзакция <852> Старт. Перевод: 5185 руб. fromAcc: 184 toAcc: 633 
    <Начальные остатки> from: 493228      to: 413946
     <Конечные остатки> from: 488043      to: 419131
Транзакция <852> Финиш. Время операции: 0,000 сек.
---------------------------------------------------------------------------------
Транзакция <853> Старт. Перевод: 6817 руб. fromAcc: 422 toAcc: 562 
    <Начальные остатки> from: 397840      to: 347397
     <Конечные остатки> from: 391023      to: 354214
Транзакция <853> Финиш. Время операции: 0,000 сек.
---------------------------------------------------------------------------------
Транзакция <854> Старт. Перевод: 3407 руб. fromAcc: 79 toAcc: 829 
    <Начальные остатки> from: 349405      to: 394276
     <Конечные остатки> from: 345998      to: 397683
Транзакция <854> Финиш. Время операции: 0,000 сек.
---------------------------------------------------------------------------------
Транзакция <855> Старт. Перевод: 465 руб. fromAcc: 413 toAcc: 770 
    <Начальные остатки> from: 464279      to: 409365
     <Конечные остатки> from: 463814      to: 409830
Транзакция <855> Финиш. Время операции: 0,000 сек.
---------------------------------------------------------------------------------
Транзакция <856> Старт. Перевод: 4804 руб. fromAcc: 726 toAcc: 596 
    <Начальные остатки> from: 438917      to: 475246
     <Конечные остатки> from: 434113      to: 480050
Транзакция <856> Финиш. Время операции: 0,000 сек.
---------------------------------------------------------------------------------
Транзакция <857> Старт. Перевод: 8919 руб. fromAcc: 429 toAcc: 338 
    <Начальные остатки> from: 354752      to: 345282
     <Конечные остатки> from: 345833      to: 354201
Транзакция <857> Финиш. Время операции: 0,000 сек.
---------------------------------------------------------------------------------
Транзакция <858> Старт. Перевод: 2679 руб. fromAcc: 258 toAcc: 241 
    <Начальные остатки> from: 417962      to: 432612
     <Конечные остатки> from: 415283      to: 435291
Транзакция <858> Финиш. Время операции: 0,000 сек.
---------------------------------------------------------------------------------
Транзакция <859> Старт. Перевод: 4438 руб. fromAcc: 490 toAcc: 151 
    <Начальные остатки> from: 423153      to: 366484
     <Конечные остатки> from: 418715      to: 370922
Транзакция <859> Финиш. Время операции: 0,000 сек.
---------------------------------------------------------------------------------
Транзакция <860> Старт. Перевод: 2261 руб. fromAcc: 6 toAcc: 57 
    <Начальные остатки> from: 404928      to: 387528
     <Конечные остатки> from: 402667      to: 389789
Транзакция <860> Финиш. Время операции: 0,000 сек.
---------------------------------------------------------------------------------
Транзакция <861> Старт. Перевод: 6051 руб. fromAcc: 480 toAcc: 291 
    <Начальные остатки> from: 369785      to: 471687
     <Конечные остатки> from: 363734      to: 477738
Транзакция <861> Финиш. Время операции: 0,000 сек.
---------------------------------------------------------------------------------
Транзакция <862> Старт. Перевод: 3098 руб. fromAcc: 829 toAcc: 846 
    <Начальные остатки> from: 397683      to: 489091
     <Конечные остатки> from: 394585      to: 492189
Транзакция <862> Финиш. Время операции: 0,000 сек.
---------------------------------------------------------------------------------
Транзакция <863> Старт. Перевод: 2773 руб. fromAcc: 251 toAcc: 887 
    <Начальные остатки> from: 320123      to: 476181
     <Конечные остатки> from: 317350      to: 478954
Транзакция <863> Финиш. Время операции: 0,000 сек.
---------------------------------------------------------------------------------
Транзакция <864> Старт. Перевод: 957 руб. fromAcc: 885 toAcc: 818 
    <Начальные остатки> from: 542306      to: 442613
     <Конечные остатки> from: 541349      to: 443570
Транзакция <864> Финиш. Время операции: 0,000 сек.
---------------------------------------------------------------------------------
Транзакция <865> Старт. Перевод: 1115 руб. fromAcc: 114 toAcc: 190 
    <Начальные остатки> from: 336582      to: 415115
     <Конечные остатки> from: 335467      to: 416230
Транзакция <865> Финиш. Время операции: 0,000 сек.
---------------------------------------------------------------------------------
Транзакция <866> Старт. Перевод: 6928 руб. fromAcc: 42 toAcc: 349 
    <Начальные остатки> from: 364915      to: 336371
[ Операция невозможна из-за блокировки счета !!! ]
from: false to: true
     <Конечные остатки> from: 364915      to: 336371
Транзакция <866> Финиш. Время операции: 0,000 сек.
---------------------------------------------------------------------------------
Транзакция <867> Старт. Перевод: 832 руб. fromAcc: 517 toAcc: 935 
    <Начальные остатки> from: 421502      to: 446556
     <Конечные остатки> from: 420670      to: 447388
Транзакция <867> Финиш. Время операции: 0,000 сек.
---------------------------------------------------------------------------------
Транзакция <868> Старт. Перевод: 3934 руб. fromAcc: 334 toAcc: 289 
    <Начальные остатки> from: 431619      to: 476151
     <Конечные остатки> from: 427685      to: 480085
Транзакция <868> Финиш. Время операции: 0,000 сек.
---------------------------------------------------------------------------------
Транзакция <869> Старт. Перевод: 5362 руб. fromAcc: 958 toAcc: 337 
    <Начальные остатки> from: 396006      to: 333875
     <Конечные остатки> from: 390644      to: 339237
Транзакция <869> Финиш. Время операции: 0,000 сек.
---------------------------------------------------------------------------------
Транзакция <870> Старт. Перевод: 55000 руб. fromAcc: 156 toAcc: 785 
    <Начальные остатки> from: 436845      to: 447241
[ Операция невозможна из-за блокировки счета !!! ]
from: false to: true
     <Конечные остатки> from: 436845      to: 447241
Транзакция <870> Финиш. Время операции: 0,000 сек.
---------------------------------------------------------------------------------
Транзакция <871> Старт. Перевод: 6544 руб. fromAcc: 323 toAcc: 439 
    <Начальные остатки> from: 447032      to: 331890
     <Конечные остатки> from: 440488      to: 338434
Транзакция <871> Финиш. Время операции: 0,000 сек.
---------------------------------------------------------------------------------
Транзакция <872> Старт. Перевод: 5834 руб. fromAcc: 580 toAcc: 110 
    <Начальные остатки> from: 404846      to: 374965
     <Конечные остатки> from: 399012      to: 380799
Транзакция <872> Финиш. Время операции: 0,000 сек.
---------------------------------------------------------------------------------
Транзакция <873> Старт. Перевод: 6191 руб. fromAcc: 669 toAcc: 1000 
Транзакция <874> Старт. Перевод: 8744 руб. fromAcc: 40 toAcc: 690 
    <Начальные остатки> from: 396783      to: 497358
     <Конечные остатки> from: 388039      to: 506102
Транзакция <874> Финиш. Время операции: 0,000 сек.
---------------------------------------------------------------------------------
Транзакция <875> Старт. Перевод: 7257 руб. fromAcc: 111 toAcc: 151 
    <Начальные остатки> from: 462561      to: 370922
     <Конечные остатки> from: 455304      to: 378179
Транзакция <875> Финиш. Время операции: 0,000 сек.
---------------------------------------------------------------------------------
Транзакция <876> Старт. Перевод: 1071 руб. fromAcc: 222 toAcc: 213 
    <Начальные остатки> from: 323141      to: 428643
     <Конечные остатки> from: 322070      to: 429714
Транзакция <876> Финиш. Время операции: 0,000 сек.
---------------------------------------------------------------------------------
Транзакция <877> Старт. Перевод: 5913 руб. fromAcc: 662 toAcc: 240 
    <Начальные остатки> from: 338969      to: 352082
     <Конечные остатки> from: 333056      to: 357995
Транзакция <877> Финиш. Время операции: 0,000 сек.
---------------------------------------------------------------------------------
Транзакция <878> Старт. Перевод: 811 руб. fromAcc: 307 toAcc: 700 
    <Начальные остатки> from: 508630      to: 452602
     <Конечные остатки> from: 507819      to: 453413
Транзакция <878> Финиш. Время операции: 0,000 сек.
---------------------------------------------------------------------------------
Транзакция <879> Старт. Перевод: 2560 руб. fromAcc: 60 toAcc: 61 
    <Начальные остатки> from: 281882      to: 362806
     <Конечные остатки> from: 279322      to: 365366
Транзакция <879> Финиш. Время операции: 0,000 сек.
---------------------------------------------------------------------------------
Транзакция <880> Старт. Перевод: 1398 руб. fromAcc: 150 toAcc: 601 
    <Начальные остатки> from: 324770      to: 435353
     <Конечные остатки> from: 323372      to: 436751
Транзакция <880> Финиш. Время операции: 0,000 сек.
---------------------------------------------------------------------------------
Транзакция <881> Старт. Перевод: 2859 руб. fromAcc: 262 toAcc: 252 
    <Начальные остатки> from: 315256      to: 490807
     <Конечные остатки> from: 312397      to: 493666
Транзакция <881> Финиш. Время операции: 0,000 сек.
---------------------------------------------------------------------------------
Транзакция <882> Старт. Перевод: 1128 руб. fromAcc: 672 toAcc: 569 
    <Начальные остатки> from: 348843      to: 333481
     <Конечные остатки> from: 347715      to: 334609
Транзакция <882> Финиш. Время операции: 0,000 сек.
---------------------------------------------------------------------------------
Транзакция <883> Старт. Перевод: 8649 руб. fromAcc: 824 toAcc: 290 
    <Начальные остатки> from: 453626      to: 398115
     <Конечные остатки> from: 444977      to: 406764
Транзакция <883> Финиш. Время операции: 0,000 сек.
---------------------------------------------------------------------------------
Транзакция <884> Старт. Перевод: 5219 руб. fromAcc: 224 toAcc: 685 
    <Начальные остатки> from: 464054      to: 488973
     <Конечные остатки> from: 458835      to: 494192
Транзакция <884> Финиш. Время операции: 0,000 сек.
---------------------------------------------------------------------------------
Транзакция <885> Старт. Перевод: 7365 руб. fromAcc: 176 toAcc: 124 
    <Начальные остатки> from: 320299      to: 385200
     <Конечные остатки> from: 312934      to: 392565
Транзакция <885> Финиш. Время операции: 0,000 сек.
---------------------------------------------------------------------------------
Транзакция <886> Старт. Перевод: 5380 руб. fromAcc: 589 toAcc: 823 
    <Начальные остатки> from: 450083      to: 341280
     <Конечные остатки> from: 444703      to: 346660
Транзакция <886> Финиш. Время операции: 0,000 сек.
---------------------------------------------------------------------------------
Транзакция <887> Старт. Перевод: 1108 руб. fromAcc: 64 toAcc: 754 
    <Начальные остатки> from: 466270      to: 355115
     <Конечные остатки> from: 465162      to: 356223
Транзакция <887> Финиш. Время операции: 0,000 сек.
---------------------------------------------------------------------------------
Транзакция <888> Старт. Перевод: 55000 руб. fromAcc: 493 toAcc: 83 
    <Начальные остатки> from: 462476      to: 350588
Транзакция <889> Старт. Перевод: 1368 руб. fromAcc: 418 toAcc: 670 
    <Начальные остатки> from: 494855      to: 439047
     <Конечные остатки> from: 493487      to: 440415
Транзакция <889> Финиш. Время операции: 0,000 сек.
---------------------------------------------------------------------------------
Транзакция <890> Старт. Перевод: 233 руб. fromAcc: 888 toAcc: 782 
    <Начальные остатки> from: 434623      to: 404929
     <Конечные остатки> from: 434390      to: 405162
Транзакция <890> Финиш. Время операции: 0,000 сек.
---------------------------------------------------------------------------------
Транзакция <891> Старт. Перевод: 6271 руб. fromAcc: 468 toAcc: 196 
    <Начальные остатки> from: 359743      to: 430397
     <Конечные остатки> from: 353472      to: 436668
Транзакция <891> Финиш. Время операции: 0,000 сек.
---------------------------------------------------------------------------------
Транзакция <892> Старт. Перевод: 8134 руб. fromAcc: 872 toAcc: 664 
    <Начальные остатки> from: 421756      to: 340348
     <Конечные остатки> from: 413622      to: 348482
Транзакция <892> Финиш. Время операции: 0,000 сек.
---------------------------------------------------------------------------------
Транзакция <893> Старт. Перевод: 2685 руб. fromAcc: 625 toAcc: 919 
    <Начальные остатки> from: 462824      to: 488731
[ Операция невозможна из-за блокировки счета !!! ]
from: true to: false
     <Конечные остатки> from: 462824      to: 488731
Транзакция <893> Финиш. Время операции: 0,000 сек.
---------------------------------------------------------------------------------
СЧЕТ ЗАБЛОКИРОВАН
     <Конечные остатки> from: 243578      to: 481323
Транзакция <450> Финиш. Время операции: 4,758 сек.
---------------------------------------------------------------------------------
Транзакция <894> Старт. Перевод: 1200 руб. fromAcc: 691 toAcc: 645 
    <Начальные остатки> from: 466937      to: 476724
     <Конечные остатки> from: 465737      to: 477924
Транзакция <894> Финиш. Время операции: 0,000 сек.
---------------------------------------------------------------------------------
Транзакция <895> Старт. Перевод: 55000 руб. fromAcc: 342 toAcc: 987 
    <Начальные остатки> from: 481424      to: 344417
Транзакция <896> Старт. Перевод: 8149 руб. fromAcc: 765 toAcc: 731 
    <Начальные остатки> from: 431706      to: 307935
     <Конечные остатки> from: 423557      to: 316084
Транзакция <896> Финиш. Время операции: 0,000 сек.
---------------------------------------------------------------------------------
Транзакция <897> Старт. Перевод: 5292 руб. fromAcc: 723 toAcc: 366 
    <Начальные остатки> from: 338360      to: 415739
     <Конечные остатки> from: 333068      to: 421031
Транзакция <897> Финиш. Время операции: 0,000 сек.
---------------------------------------------------------------------------------
Транзакция <898> Старт. Перевод: 8568 руб. fromAcc: 78 toAcc: 306 
    <Начальные остатки> from: 330263      to: 355745
     <Конечные остатки> from: 321695      to: 364313
Транзакция <898> Финиш. Время операции: 0,000 сек.
---------------------------------------------------------------------------------
Транзакция <899> Старт. Перевод: 4704 руб. fromAcc: 984 toAcc: 454 
    <Начальные остатки> from: 479799      to: 322161
     <Конечные остатки> from: 475095      to: 326865
Транзакция <899> Финиш. Время операции: 0,000 сек.
---------------------------------------------------------------------------------
Транзакция <900> Старт. Перевод: 412 руб. fromAcc: 628 toAcc: 724 
    <Начальные остатки> from: 387971      to: 301275
     <Конечные остатки> from: 387559      to: 301687
Транзакция <900> Финиш. Время операции: 0,000 сек.
---------------------------------------------------------------------------------
Транзакция <901> Старт. Перевод: 3705 руб. fromAcc: 149 toAcc: 264 
    <Начальные остатки> from: 351113      to: 381210
     <Конечные остатки> from: 347408      to: 384915
Транзакция <901> Финиш. Время операции: 0,000 сек.
---------------------------------------------------------------------------------
Транзакция <902> Старт. Перевод: 2303 руб. fromAcc: 517 toAcc: 116 
    <Начальные остатки> from: 420670      to: 409589
     <Конечные остатки> from: 418367      to: 411892
Транзакция <902> Финиш. Время операции: 0,000 сек.
---------------------------------------------------------------------------------
Транзакция <903> Старт. Перевод: 55000 руб. fromAcc: 558 toAcc: 898 
    <Начальные остатки> from: 401096      to: 309009
Транзакция <904> Старт. Перевод: 1561 руб. fromAcc: 955 toAcc: 245 
    <Начальные остатки> from: 496879      to: 462489
     <Конечные остатки> from: 495318      to: 464050
Транзакция <904> Финиш. Время операции: 0,001 сек.
---------------------------------------------------------------------------------
Транзакция <905> Старт. Перевод: 3605 руб. fromAcc: 786 toAcc: 849 
    <Начальные остатки> from: 282265      to: 304209
     <Конечные остатки> from: 278660      to: 307814
Транзакция <905> Финиш. Время операции: 0,000 сек.
---------------------------------------------------------------------------------
Транзакция <906> Старт. Перевод: 4286 руб. fromAcc: 78 toAcc: 769 
    <Начальные остатки> from: 321695      to: 300012
     <Конечные остатки> from: 317409      to: 304298
Транзакция <906> Финиш. Время операции: 0,000 сек.
---------------------------------------------------------------------------------
Транзакция <907> Старт. Перевод: 1180 руб. fromAcc: 511 toAcc: 659 
    <Начальные остатки> from: 447048      to: 499046
     <Конечные остатки> from: 445868      to: 500226
Транзакция <907> Финиш. Время операции: 0,000 сек.
---------------------------------------------------------------------------------
Транзакция <908> Старт. Перевод: 492 руб. fromAcc: 229 toAcc: 17 
    <Начальные остатки> from: 342600      to: 477602
     <Конечные остатки> from: 342108      to: 478094
Транзакция <908> Финиш. Время операции: 0,000 сек.
---------------------------------------------------------------------------------
Транзакция <909> Старт. Перевод: 5338 руб. fromAcc: 569 toAcc: 515 
    <Начальные остатки> from: 334609      to: 300680
     <Конечные остатки> from: 329271      to: 306018
Транзакция <909> Финиш. Время операции: 0,000 сек.
---------------------------------------------------------------------------------
Транзакция <910> Старт. Перевод: 7976 руб. fromAcc: 873 toAcc: 160 
    <Начальные остатки> from: 329713      to: 438805
     <Конечные остатки> from: 321737      to: 446781
Транзакция <910> Финиш. Время операции: 0,000 сек.
---------------------------------------------------------------------------------
Транзакция <911> Старт. Перевод: 7083 руб. fromAcc: 240 toAcc: 888 
    <Начальные остатки> from: 357995      to: 434390
     <Конечные остатки> from: 350912      to: 441473
Транзакция <911> Финиш. Время операции: 0,000 сек.
---------------------------------------------------------------------------------
Транзакция <912> Старт. Перевод: 9416 руб. fromAcc: 811 toAcc: 236 
    <Начальные остатки> from: 473603      to: 355737
     <Конечные остатки> from: 464187      to: 365153
Транзакция <912> Финиш. Время операции: 0,000 сек.
---------------------------------------------------------------------------------
Транзакция <913> Старт. Перевод: 5027 руб. fromAcc: 310 toAcc: 601 
    <Начальные остатки> from: 302044      to: 436751
     <Конечные остатки> from: 297017      to: 441778
Транзакция <913> Финиш. Время операции: 0,000 сек.
---------------------------------------------------------------------------------
Транзакция <914> Старт. Перевод: 6545 руб. fromAcc: 146 toAcc: 958 
    <Начальные остатки> from: 410054      to: 390644
     <Конечные остатки> from: 403509      to: 397189
Транзакция <914> Финиш. Время операции: 0,000 сек.
---------------------------------------------------------------------------------
Транзакция <915> Старт. Перевод: 6017 руб. fromAcc: 306 toAcc: 51 
    <Начальные остатки> from: 364313      to: 414331
     <Конечные остатки> from: 358296      to: 420348
Транзакция <915> Финиш. Время операции: 0,000 сек.
---------------------------------------------------------------------------------
Транзакция <916> Старт. Перевод: 7271 руб. fromAcc: 653 toAcc: 785 
    <Начальные остатки> from: 471165      to: 447241
     <Конечные остатки> from: 463894      to: 454512
Транзакция <916> Финиш. Время операции: 0,000 сек.
---------------------------------------------------------------------------------
Транзакция <917> Старт. Перевод: 7847 руб. fromAcc: 15 toAcc: 965 
    <Начальные остатки> from: 410907      to: 435599
     <Конечные остатки> from: 403060      to: 443446
Транзакция <917> Финиш. Время операции: 0,000 сек.
---------------------------------------------------------------------------------
Транзакция <918> Старт. Перевод: 2161 руб. fromAcc: 608 toAcc: 592 
    <Начальные остатки> from: 397782      to: 371018
     <Конечные остатки> from: 395621      to: 373179
Транзакция <918> Финиш. Время операции: 0,000 сек.
---------------------------------------------------------------------------------
Транзакция <919> Старт. Перевод: 6754 руб. fromAcc: 947 toAcc: 627 
    <Начальные остатки> from: 396460      to: 377033
     <Конечные остатки> from: 389706      to: 383787
Транзакция <919> Финиш. Время операции: 0,000 сек.
---------------------------------------------------------------------------------
Транзакция <920> Старт. Перевод: 9243 руб. fromAcc: 369 toAcc: 516 
    <Начальные остатки> from: 360582      to: 385280
     <Конечные остатки> from: 351339      to: 394523
Транзакция <920> Финиш. Время операции: 0,000 сек.
---------------------------------------------------------------------------------
Транзакция <921> Старт. Перевод: 4889 руб. fromAcc: 678 toAcc: 801 
    <Начальные остатки> from: 417245      to: 317939
     <Конечные остатки> from: 412356      to: 322828
Транзакция <921> Финиш. Время операции: 0,000 сек.
---------------------------------------------------------------------------------
Транзакция <922> Старт. Перевод: 8579 руб. fromAcc: 270 toAcc: 812 
    <Начальные остатки> from: 335531      to: 395225
     <Конечные остатки> from: 326952      to: 403804
Транзакция <922> Финиш. Время операции: 0,000 сек.
---------------------------------------------------------------------------------
Транзакция <923> Старт. Перевод: 5471 руб. fromAcc: 236 toAcc: 795 
    <Начальные остатки> from: 365153      to: 339296
     <Конечные остатки> from: 359682      to: 344767
Транзакция <923> Финиш. Время операции: 0,000 сек.
---------------------------------------------------------------------------------
Транзакция <924> Старт. Перевод: 535 руб. fromAcc: 617 toAcc: 806 
    <Начальные остатки> from: 336199      to: 321138
     <Конечные остатки> from: 335664      to: 321673
Транзакция <924> Финиш. Время операции: 0,000 сек.
---------------------------------------------------------------------------------
Транзакция <925> Старт. Перевод: 5798 руб. fromAcc: 972 toAcc: 380 
    <Начальные остатки> from: 385094      to: 454301
     <Конечные остатки> from: 379296      to: 460099
Транзакция <925> Финиш. Время операции: 0,000 сек.
---------------------------------------------------------------------------------
Транзакция <926> Старт. Перевод: 4220 руб. fromAcc: 846 toAcc: 267 
    <Начальные остатки> from: 492189      to: 312544
     <Конечные остатки> from: 487969      to: 316764
Транзакция <926> Финиш. Время операции: 0,000 сек.
---------------------------------------------------------------------------------
Транзакция <927> Старт. Перевод: 834 руб. fromAcc: 582 toAcc: 515 
    <Начальные остатки> from: 388037      to: 306018
     <Конечные остатки> from: 387203      to: 306852
Транзакция <927> Финиш. Время операции: 0,000 сек.
---------------------------------------------------------------------------------
Транзакция <928> Старт. Перевод: 5013 руб. fromAcc: 134 toAcc: 788 
    <Начальные остатки> from: 337999      to: 463801
     <Конечные остатки> from: 332986      to: 468814
Транзакция <928> Финиш. Время операции: 0,000 сек.
---------------------------------------------------------------------------------
Транзакция <929> Старт. Перевод: 2551 руб. fromAcc: 200 toAcc: 90 
    <Начальные остатки> from: 431334      to: 355467
     <Конечные остатки> from: 428783      to: 358018
Транзакция <929> Финиш. Время операции: 0,000 сек.
---------------------------------------------------------------------------------
Транзакция <930> Старт. Перевод: 2639 руб. fromAcc: 33 toAcc: 7 
    <Начальные остатки> from: 436129      to: 411221
     <Конечные остатки> from: 433490      to: 413860
Транзакция <930> Финиш. Время операции: 0,001 сек.
---------------------------------------------------------------------------------
Транзакция <931> Старт. Перевод: 2720 руб. fromAcc: 761 toAcc: 148 
    <Начальные остатки> from: 513808      to: 310952
     <Конечные остатки> from: 511088      to: 313672
Транзакция <931> Финиш. Время операции: 0,000 сек.
---------------------------------------------------------------------------------
Транзакция <932> Старт. Перевод: 3740 руб. fromAcc: 900 toAcc: 749 
    <Начальные остатки> from: 351454      to: 336341
     <Конечные остатки> from: 347714      to: 340081
Транзакция <932> Финиш. Время операции: 0,000 сек.
---------------------------------------------------------------------------------
Транзакция <933> Старт. Перевод: 9366 руб. fromAcc: 22 toAcc: 274 
    <Начальные остатки> from: 307420      to: 374511
     <Конечные остатки> from: 298054      to: 383877
Транзакция <933> Финиш. Время операции: 0,000 сек.
---------------------------------------------------------------------------------
Транзакция <934> Старт. Перевод: 5371 руб. fromAcc: 199 toAcc: 417 
    <Начальные остатки> from: 475303      to: 465565
     <Конечные остатки> from: 469932      to: 470936
Транзакция <934> Финиш. Время операции: 0,000 сек.
---------------------------------------------------------------------------------
Транзакция <935> Старт. Перевод: 9559 руб. fromAcc: 962 toAcc: 138 
    <Начальные остатки> from: 303362      to: 397878
     <Конечные остатки> from: 293803      to: 407437
Транзакция <935> Финиш. Время операции: 0,000 сек.
---------------------------------------------------------------------------------
Транзакция <936> Старт. Перевод: 8390 руб. fromAcc: 962 toAcc: 221 
    <Начальные остатки> from: 293803      to: 326261
     <Конечные остатки> from: 285413      to: 334651
Транзакция <936> Финиш. Время операции: 0,000 сек.
---------------------------------------------------------------------------------
Транзакция <937> Старт. Перевод: 3745 руб. fromAcc: 446 toAcc: 371 
    <Начальные остатки> from: 417232      to: 325952
     <Конечные остатки> from: 413487      to: 329697
Транзакция <937> Финиш. Время операции: 0,000 сек.
---------------------------------------------------------------------------------
Транзакция <938> Старт. Перевод: 2163 руб. fromAcc: 958 toAcc: 72 
    <Начальные остатки> from: 397189      to: 414017
     <Конечные остатки> from: 395026      to: 416180
Транзакция <938> Финиш. Время операции: 0,000 сек.
---------------------------------------------------------------------------------
Транзакция <939> Старт. Перевод: 9324 руб. fromAcc: 355 toAcc: 243 
    <Начальные остатки> from: 318267      to: 351191
     <Конечные остатки> from: 308943      to: 360515
Транзакция <939> Финиш. Время операции: 0,000 сек.
---------------------------------------------------------------------------------
Транзакция <940> Старт. Перевод: 4547 руб. fromAcc: 390 toAcc: 230 
    <Начальные остатки> from: 483426      to: 355343
     <Конечные остатки> from: 478879      to: 359890
Транзакция <940> Финиш. Время операции: 0,000 сек.
---------------------------------------------------------------------------------
Транзакция <941> Старт. Перевод: 3645 руб. fromAcc: 596 toAcc: 858 
    <Начальные остатки> from: 480050      to: 496183
     <Конечные остатки> from: 476405      to: 499828
Транзакция <941> Финиш. Время операции: 0,000 сек.
---------------------------------------------------------------------------------
Транзакция <942> Старт. Перевод: 3588 руб. fromAcc: 141 toAcc: 22 
    <Начальные остатки> from: 356939      to: 298054
     <Конечные остатки> from: 353351      to: 301642
Транзакция <942> Финиш. Время операции: 0,000 сек.
---------------------------------------------------------------------------------
Транзакция <943> Старт. Перевод: 9143 руб. fromAcc: 673 toAcc: 807 
    <Начальные остатки> from: 438034      to: 332645
     <Конечные остатки> from: 428891      to: 341788
Транзакция <943> Финиш. Время операции: 0,000 сек.
---------------------------------------------------------------------------------
Транзакция <944> Старт. Перевод: 9882 руб. fromAcc: 892 toAcc: 234 
    <Начальные остатки> from: 377704      to: 547549
     <Конечные остатки> from: 367822      to: 557431
Транзакция <944> Финиш. Время операции: 0,000 сек.
---------------------------------------------------------------------------------
Транзакция <945> Старт. Перевод: 5787 руб. fromAcc: 740 toAcc: 495 
    <Начальные остатки> from: 468145      to: 441685
     <Конечные остатки> from: 462358      to: 447472
Транзакция <945> Финиш. Время операции: 0,000 сек.
---------------------------------------------------------------------------------
Транзакция <946> Старт. Перевод: 1042 руб. fromAcc: 661 toAcc: 994 
    <Начальные остатки> from: 424461      to: 309273
     <Конечные остатки> from: 423419      to: 310315
Транзакция <946> Финиш. Время операции: 0,000 сек.
---------------------------------------------------------------------------------
Транзакция <947> Старт. Перевод: 8551 руб. fromAcc: 319 toAcc: 599 
    <Начальные остатки> from: 494938      to: 334330
     <Конечные остатки> from: 486387      to: 342881
Транзакция <947> Финиш. Время операции: 0,000 сек.
---------------------------------------------------------------------------------
Транзакция <948> Старт. Перевод: 2218 руб. fromAcc: 554 toAcc: 229 
    <Начальные остатки> from: 309769      to: 342108
     <Конечные остатки> from: 307551      to: 344326
Транзакция <948> Финиш. Время операции: 0,000 сек.
---------------------------------------------------------------------------------
Транзакция <949> Старт. Перевод: 10096 руб. fromAcc: 98 toAcc: 362 
    <Начальные остатки> from: 386537      to: 367135
     <Конечные остатки> from: 376441      to: 377231
Транзакция <949> Финиш. Время операции: 0,000 сек.
---------------------------------------------------------------------------------
Транзакция <950> Старт. Перевод: 9121 руб. fromAcc: 779 toAcc: 35 
    <Начальные остатки> from: 473012      to: 394766
     <Конечные остатки> from: 463891      to: 403887
Транзакция <950> Финиш. Время операции: 0,000 сек.
---------------------------------------------------------------------------------
Транзакция <951> Старт. Перевод: 1366 руб. fromAcc: 494 toAcc: 686 
    <Начальные остатки> from: 414089      to: 401778
     <Конечные остатки> from: 412723      to: 403144
Транзакция <951> Финиш. Время операции: 0,000 сек.
---------------------------------------------------------------------------------
Транзакция <952> Старт. Перевод: 2477 руб. fromAcc: 244 toAcc: 534 
    <Начальные остатки> from: 338425      to: 319175
     <Конечные остатки> from: 335948      to: 321652
Транзакция <952> Финиш. Время операции: 0,000 сек.
---------------------------------------------------------------------------------
Транзакция <953> Старт. Перевод: 5275 руб. fromAcc: 909 toAcc: 210 
    <Начальные остатки> from: 347215      to: 496615
     <Конечные остатки> from: 341940      to: 501890
Транзакция <953> Финиш. Время операции: 0,000 сек.
---------------------------------------------------------------------------------
Транзакция <954> Старт. Перевод: 5386 руб. fromAcc: 254 toAcc: 61 
    <Начальные остатки> from: 470560      to: 365366
     <Конечные остатки> from: 465174      to: 370752
Транзакция <954> Финиш. Время операции: 0,000 сек.
---------------------------------------------------------------------------------
Транзакция <955> Старт. Перевод: 1208 руб. fromAcc: 838 toAcc: 870 
    <Начальные остатки> from: 369179      to: 479136
     <Конечные остатки> from: 367971      to: 480344
Транзакция <955> Финиш. Время операции: 0,000 сек.
---------------------------------------------------------------------------------
Транзакция <956> Старт. Перевод: 7505 руб. fromAcc: 148 toAcc: 750 
    <Начальные остатки> from: 313672      to: 498077
     <Конечные остатки> from: 306167      to: 505582
Транзакция <956> Финиш. Время операции: 0,000 сек.
---------------------------------------------------------------------------------
Транзакция <957> Старт. Перевод: 55000 руб. fromAcc: 277 toAcc: 601 
    <Начальные остатки> from: 376805      to: 441778
Транзакция <958> Старт. Перевод: 2685 руб. fromAcc: 41 toAcc: 893 
    <Начальные остатки> from: 424315      to: 419479
     <Конечные остатки> from: 421630      to: 422164
Транзакция <958> Финиш. Время операции: 0,000 сек.
---------------------------------------------------------------------------------
Транзакция <959> Старт. Перевод: 1061 руб. fromAcc: 241 toAcc: 92 
    <Начальные остатки> from: 435291      to: 394917
     <Конечные остатки> from: 434230      to: 395978
Транзакция <959> Финиш. Время операции: 0,000 сек.
---------------------------------------------------------------------------------
Транзакция <960> Старт. Перевод: 1569 руб. fromAcc: 555 toAcc: 956 
    <Начальные остатки> from: 377811      to: 404501
     <Конечные остатки> from: 376242      to: 406070
Транзакция <960> Финиш. Время операции: 0,000 сек.
---------------------------------------------------------------------------------
Транзакция <961> Старт. Перевод: 7040 руб. fromAcc: 769 toAcc: 279 
    <Начальные остатки> from: 304298      to: 308016
     <Конечные остатки> from: 297258      to: 315056
Транзакция <961> Финиш. Время операции: 0,000 сек.
---------------------------------------------------------------------------------
Транзакция <962> Старт. Перевод: 4680 руб. fromAcc: 820 toAcc: 997 
    <Начальные остатки> from: 405028      to: 380105
     <Конечные остатки> from: 400348      to: 384785
Транзакция <962> Финиш. Время операции: 0,000 сек.
---------------------------------------------------------------------------------
Транзакция <963> Старт. Перевод: 7086 руб. fromAcc: 770 toAcc: 288 
    <Начальные остатки> from: 409830      to: 466454
     <Конечные остатки> from: 402744      to: 473540
Транзакция <963> Финиш. Время операции: 0,000 сек.
---------------------------------------------------------------------------------
Транзакция <964> Старт. Перевод: 7740 руб. fromAcc: 388 toAcc: 189 
    <Начальные остатки> from: 420264      to: 484343
     <Конечные остатки> from: 412524      to: 492083
Транзакция <964> Финиш. Время операции: 0,000 сек.
---------------------------------------------------------------------------------
Транзакция <965> Старт. Перевод: 5593 руб. fromAcc: 495 toAcc: 848 
    <Начальные остатки> from: 447472      to: 480740
     <Конечные остатки> from: 441879      to: 486333
Транзакция <965> Финиш. Время операции: 0,000 сек.
---------------------------------------------------------------------------------
Транзакция <966> Старт. Перевод: 5951 руб. fromAcc: 335 toAcc: 202 
    <Начальные остатки> from: 347577      to: 445293
     <Конечные остатки> from: 341626      to: 451244
Транзакция <966> Финиш. Время операции: 0,000 сек.
---------------------------------------------------------------------------------
Транзакция <967> Старт. Перевод: 6452 руб. fromAcc: 501 toAcc: 948 
    <Начальные остатки> from: 491748      to: 390321
     <Конечные остатки> from: 485296      to: 396773
Транзакция <967> Финиш. Время операции: 0,000 сек.
---------------------------------------------------------------------------------
Транзакция <968> Старт. Перевод: 7629 руб. fromAcc: 353 toAcc: 176 
    <Начальные остатки> from: 407992      to: 312934
     <Конечные остатки> from: 400363      to: 320563
Транзакция <968> Финиш. Время операции: 0,000 сек.
---------------------------------------------------------------------------------
Транзакция <969> Старт. Перевод: 7243 руб. fromAcc: 460 toAcc: 923 
    <Начальные остатки> from: 310615      to: 423685
     <Конечные остатки> from: 303372      to: 430928
Транзакция <969> Финиш. Время операции: 0,000 сек.
---------------------------------------------------------------------------------
Транзакция <970> Старт. Перевод: 6434 руб. fromAcc: 305 toAcc: 206 
    <Начальные остатки> from: 475888      to: 485779
     <Конечные остатки> from: 469454      to: 492213
Транзакция <970> Финиш. Время операции: 0,000 сек.
---------------------------------------------------------------------------------
Транзакция <971> Старт. Перевод: 3526 руб. fromAcc: 403 toAcc: 804 
    <Начальные остатки> from: 452418      to: 327733
     <Конечные остатки> from: 448892      to: 331259
Транзакция <971> Финиш. Время операции: 0,000 сек.
---------------------------------------------------------------------------------
Транзакция <972> Старт. Перевод: 8315 руб. fromAcc: 13 toAcc: 167 
    <Начальные остатки> from: 475646      to: 416423
     <Конечные остатки> from: 467331      to: 424738
Транзакция <972> Финиш. Время операции: 0,000 сек.
---------------------------------------------------------------------------------
Транзакция <973> Старт. Перевод: 5602 руб. fromAcc: 814 toAcc: 366 
    <Начальные остатки> from: 354679      to: 421031
     <Конечные остатки> from: 349077      to: 426633
Транзакция <973> Финиш. Время операции: 0,000 сек.
---------------------------------------------------------------------------------
Транзакция <974> Старт. Перевод: 1810 руб. fromAcc: 312 toAcc: 903 
    <Начальные остатки> from: 378563      to: 243578
[ Операция невозможна из-за блокировки счета !!! ]
from: true to: false
     <Конечные остатки> from: 378563      to: 243578
Транзакция <974> Финиш. Время операции: 0,000 сек.
---------------------------------------------------------------------------------
Транзакция <975> Старт. Перевод: 2632 руб. fromAcc: 199 toAcc: 546 
    <Начальные остатки> from: 469932      to: 385011
     <Конечные остатки> from: 467300      to: 387643
Транзакция <975> Финиш. Время операции: 0,000 сек.
---------------------------------------------------------------------------------
Транзакция <976> Старт. Перевод: 2825 руб. fromAcc: 616 toAcc: 102 
    <Начальные остатки> from: 420263      to: 498479
     <Конечные остатки> from: 417438      to: 501304
Транзакция <976> Финиш. Время операции: 0,000 сек.
---------------------------------------------------------------------------------
Транзакция <977> Старт. Перевод: 1495 руб. fromAcc: 39 toAcc: 157 
    <Начальные остатки> from: 456930      to: 436882
     <Конечные остатки> from: 455435      to: 438377
Транзакция <977> Финиш. Время операции: 0,000 сек.
---------------------------------------------------------------------------------
Транзакция <978> Старт. Перевод: 7543 руб. fromAcc: 539 toAcc: 400 
    <Начальные остатки> from: 346482      to: 422813
     <Конечные остатки> from: 338939      to: 430356
Транзакция <978> Финиш. Время операции: 0,000 сек.
---------------------------------------------------------------------------------
Транзакция <979> Старт. Перевод: 267 руб. fromAcc: 267 toAcc: 79 
    <Начальные остатки> from: 316764      to: 345998
     <Конечные остатки> from: 316497      to: 346265
Транзакция <979> Финиш. Время операции: 0,001 сек.
---------------------------------------------------------------------------------
Транзакция <980> Старт. Перевод: 9573 руб. fromAcc: 327 toAcc: 512 
    <Начальные остатки> from: 448506      to: 432470
     <Конечные остатки> from: 438933      to: 442043
Транзакция <980> Финиш. Время операции: 0,000 сек.
---------------------------------------------------------------------------------
Транзакция <981> Старт. Перевод: 8706 руб. fromAcc: 658 toAcc: 347 
    <Начальные остатки> from: 378474      to: 315346
     <Конечные остатки> from: 369768      to: 324052
Транзакция <981> Финиш. Время операции: 0,000 сек.
---------------------------------------------------------------------------------
Транзакция <982> Старт. Перевод: 9988 руб. fromAcc: 121 toAcc: 441 
    <Начальные остатки> from: 424661      to: 370858
     <Конечные остатки> from: 414673      to: 380846
Транзакция <982> Финиш. Время операции: 0,000 сек.
---------------------------------------------------------------------------------
Транзакция <983> Старт. Перевод: 627 руб. fromAcc: 788 toAcc: 808 
    <Начальные остатки> from: 468814      to: 365675
     <Конечные остатки> from: 468187      to: 366302
Транзакция <983> Финиш. Время операции: 0,000 сек.
---------------------------------------------------------------------------------
Транзакция <984> Старт. Перевод: 1381 руб. fromAcc: 326 toAcc: 75 
    <Начальные остатки> from: 302007      to: 333547
     <Конечные остатки> from: 300626      to: 334928
Транзакция <984> Финиш. Время операции: 0,000 сек.
---------------------------------------------------------------------------------
Транзакция <985> Старт. Перевод: 55000 руб. fromAcc: 441 toAcc: 289 
    <Начальные остатки> from: 380846      to: 480085
Транзакция <986> Старт. Перевод: 7061 руб. fromAcc: 545 toAcc: 604 
    <Начальные остатки> from: 373678      to: 370952
     <Конечные остатки> from: 366617      to: 378013
Транзакция <986> Финиш. Время операции: 0,000 сек.
---------------------------------------------------------------------------------
Транзакция <987> Старт. Перевод: 3437 руб. fromAcc: 947 toAcc: 628 
    <Начальные остатки> from: 389706      to: 387559
     <Конечные остатки> from: 386269      to: 390996
Транзакция <987> Финиш. Время операции: 0,000 сек.
---------------------------------------------------------------------------------
Транзакция <988> Старт. Перевод: 9546 руб. fromAcc: 937 toAcc: 258 
    <Начальные остатки> from: 467712      to: 415283
     <Конечные остатки> from: 458166      to: 424829
Транзакция <988> Финиш. Время операции: 0,000 сек.
---------------------------------------------------------------------------------
Транзакция <989> Старт. Перевод: 4109 руб. fromAcc: 897 toAcc: 590 
    <Начальные остатки> from: 328634      to: 411333
     <Конечные остатки> from: 324525      to: 415442
Транзакция <989> Финиш. Время операции: 0,000 сек.
---------------------------------------------------------------------------------
Транзакция <990> Старт. Перевод: 3483 руб. fromAcc: 713 toAcc: 26 
    <Начальные остатки> from: 323895      to: 378378
     <Конечные остатки> from: 320412      to: 381861
Транзакция <990> Финиш. Время операции: 0,000 сек.
---------------------------------------------------------------------------------
Транзакция <991> Старт. Перевод: 6382 руб. fromAcc: 92 toAcc: 456 
    <Начальные остатки> from: 395978      to: 419771
     <Конечные остатки> from: 389596      to: 426153
Транзакция <991> Финиш. Время операции: 0,002 сек.
---------------------------------------------------------------------------------
Транзакция <992> Старт. Перевод: 1368 руб. fromAcc: 116 toAcc: 561 
    <Начальные остатки> from: 411892      to: 440496
     <Конечные остатки> from: 410524      to: 441864
Транзакция <992> Финиш. Время операции: 0,000 сек.
---------------------------------------------------------------------------------
Транзакция <993> Старт. Перевод: 6959 руб. fromAcc: 451 toAcc: 420 
    <Начальные остатки> from: 414108      to: 320485
     <Конечные остатки> from: 407149      to: 327444
Транзакция <993> Финиш. Время операции: 0,000 сек.
---------------------------------------------------------------------------------
Транзакция <994> Старт. Перевод: 3515 руб. fromAcc: 400 toAcc: 108 
    <Начальные остатки> from: 430356      to: 330318
     <Конечные остатки> from: 426841      to: 333833
Транзакция <994> Финиш. Время операции: 0,000 сек.
---------------------------------------------------------------------------------
Транзакция <995> Старт. Перевод: 2007 руб. fromAcc: 562 toAcc: 609 
    <Начальные остатки> from: 354214      to: 309825
     <Конечные остатки> from: 352207      to: 311832
Транзакция <995> Финиш. Время операции: 0,000 сек.
---------------------------------------------------------------------------------
Транзакция <996> Старт. Перевод: 7224 руб. fromAcc: 459 toAcc: 149 
    <Начальные остатки> from: 388357      to: 347408
     <Конечные остатки> from: 381133      to: 354632
Транзакция <996> Финиш. Время операции: 0,000 сек.
---------------------------------------------------------------------------------
Транзакция <997> Старт. Перевод: 55000 руб. fromAcc: 876 toAcc: 20 
    <Начальные остатки> from: 391456      to: 318926
Транзакция <998> Старт. Перевод: 5028 руб. fromAcc: 191 toAcc: 54 
    <Начальные остатки> from: 496803      to: 387606
     <Конечные остатки> from: 491775      to: 392634
Транзакция <998> Финиш. Время операции: 0,000 сек.
---------------------------------------------------------------------------------
Транзакция <999> Старт. Перевод: 5564 руб. fromAcc: 462 toAcc: 97 
    <Начальные остатки> from: 494407      to: 315664
     <Конечные остатки> from: 488843      to: 321228
Транзакция <999> Финиш. Время операции: 0,001 сек.
---------------------------------------------------------------------------------
Транзакция <1000> Старт. Перевод: 5306 руб. fromAcc: 415 toAcc: 139 
    <Начальные остатки> from: 429062      to: 354154
     <Конечные остатки> from: 423756      to: 359460
Транзакция <1000> Финиш. Время операции: 0,000 сек.
---------------------------------------------------------------------------------
Транзакция <1001> Старт. Перевод: 6693 руб. fromAcc: 558 toAcc: 876 
    <Начальные остатки> from: 346096      to: 336456
     <Конечные остатки> from: 339403      to: 343149
Транзакция <1001> Финиш. Время операции: 0,000 сек.
---------------------------------------------------------------------------------
Транзакция <1002> Старт. Перевод: 4194 руб. fromAcc: 485 toAcc: 23 
    <Начальные остатки> from: 302647      to: 497423
     <Конечные остатки> from: 298453      to: 501617
Транзакция <1002> Финиш. Время операции: 0,000 сек.
---------------------------------------------------------------------------------
Транзакция <1003> Старт. Перевод: 8759 руб. fromAcc: 259 toAcc: 183 
    <Начальные остатки> from: 485729      to: 388664
     <Конечные остатки> from: 476970      to: 397423
Транзакция <1003> Финиш. Время операции: 0,000 сек.
---------------------------------------------------------------------------------
Транзакция <1004> Старт. Перевод: 9327 руб. fromAcc: 568 toAcc: 345 
    <Начальные остатки> from: 329855      to: 350577
     <Конечные остатки> from: 320528      to: 359904
Транзакция <1004> Финиш. Время операции: 0,000 сек.
---------------------------------------------------------------------------------
Транзакция <1005> Старт. Перевод: 2000 руб. fromAcc: 33 toAcc: 959 
    <Начальные остатки> from: 433490      to: 392199
     <Конечные остатки> from: 431490      to: 394199
Транзакция <1005> Финиш. Время операции: 0,000 сек.
---------------------------------------------------------------------------------
Транзакция <1006> Старт. Перевод: 6727 руб. fromAcc: 146 toAcc: 121 
    <Начальные остатки> from: 403509      to: 414673
     <Конечные остатки> from: 396782      to: 421400
Транзакция <1006> Финиш. Время операции: 0,000 сек.
---------------------------------------------------------------------------------
Транзакция <1007> Старт. Перевод: 55000 руб. fromAcc: 187 toAcc: 912 
    <Начальные остатки> from: 462513      to: 411758
Транзакция <1008> Старт. Перевод: 4160 руб. fromAcc: 461 toAcc: 889 
    <Начальные остатки> from: 481589      to: 391925
     <Конечные остатки> from: 477429      to: 396085
Транзакция <1008> Финиш. Время операции: 0,000 сек.
---------------------------------------------------------------------------------
Транзакция <1009> Старт. Перевод: 6651 руб. fromAcc: 699 toAcc: 771 
    <Начальные остатки> from: 334620      to: 454780
     <Конечные остатки> from: 327969      to: 461431
Транзакция <1009> Финиш. Время операции: 0,000 сек.
---------------------------------------------------------------------------------
Транзакция <1010> Старт. Перевод: 4126 руб. fromAcc: 690 toAcc: 816 
    <Начальные остатки> from: 506102      to: 301166
     <Конечные остатки> from: 501976      to: 305292
Транзакция <1010> Финиш. Время операции: 0,000 сек.
---------------------------------------------------------------------------------
Транзакция <1011> Старт. Перевод: 55000 руб. fromAcc: 238 toAcc: 620 
    <Начальные остатки> from: 335122      to: 391477
Транзакция <1012> Старт. Перевод: 2834 руб. fromAcc: 513 toAcc: 733 
    <Начальные остатки> from: 468085      to: 381822
     <Конечные остатки> from: 465251      to: 384656
Транзакция <1012> Финиш. Время операции: 0,000 сек.
---------------------------------------------------------------------------------
Транзакция <1013> Старт. Перевод: 7665 руб. fromAcc: 44 toAcc: 132 
    <Начальные остатки> from: 309546      to: 452074
     <Конечные остатки> from: 301881      to: 459739
Транзакция <1013> Финиш. Время операции: 0,000 сек.
---------------------------------------------------------------------------------
Транзакция <1014> Старт. Перевод: 2770 руб. fromAcc: 424 toAcc: 663 
    <Начальные остатки> from: 358430      to: 504185
     <Конечные остатки> from: 355660      to: 506955
Транзакция <1014> Финиш. Время операции: 0,000 сек.
---------------------------------------------------------------------------------
Транзакция <1015> Старт. Перевод: 7321 руб. fromAcc: 982 toAcc: 289 
    <Начальные остатки> from: 449052      to: 535085
     <Конечные остатки> from: 441731      to: 542406
Транзакция <1015> Финиш. Время операции: 0,000 сек.
---------------------------------------------------------------------------------
Транзакция <1016> Старт. Перевод: 5330 руб. fromAcc: 704 toAcc: 532 
    <Начальные остатки> from: 470796      to: 482759
     <Конечные остатки> from: 465466      to: 488089
Транзакция <1016> Финиш. Время операции: 0,004 сек.
---------------------------------------------------------------------------------
Транзакция <1017> Старт. Перевод: 6056 руб. fromAcc: 27 toAcc: 265 
    <Начальные остатки> from: 384507      to: 373233
     <Конечные остатки> from: 378451      to: 379289
Транзакция <1017> Финиш. Время операции: 0,000 сек.
---------------------------------------------------------------------------------
Транзакция <1018> Старт. Перевод: 5342 руб. fromAcc: 546 toAcc: 445 
    <Начальные остатки> from: 387643      to: 487746
     <Конечные остатки> from: 382301      to: 493088
Транзакция <1018> Финиш. Время операции: 0,000 сек.
---------------------------------------------------------------------------------
Транзакция <1019> Старт. Перевод: 5738 руб. fromAcc: 755 toAcc: 610 
    <Начальные остатки> from: 346075      to: 474553
     <Конечные остатки> from: 340337      to: 480291
Транзакция <1019> Финиш. Время операции: 0,001 сек.
---------------------------------------------------------------------------------
Транзакция <1020> Старт. Перевод: 6126 руб. fromAcc: 303 toAcc: 118 
    <Начальные остатки> from: 433604      to: 362030
     <Конечные остатки> from: 427478      to: 368156
Транзакция <1020> Финиш. Время операции: 0,003 сек.
---------------------------------------------------------------------------------
Транзакция <1021> Старт. Перевод: 3491 руб. fromAcc: 830 toAcc: 756 
    <Начальные остатки> from: 320375      to: 421647
     <Конечные остатки> from: 316884      to: 425138
Транзакция <1021> Финиш. Время операции: 0,001 сек.
---------------------------------------------------------------------------------
Транзакция <1022> Старт. Перевод: 464 руб. fromAcc: 97 toAcc: 360 
    <Начальные остатки> from: 321228      to: 336409
     <Конечные остатки> from: 320764      to: 336873
Транзакция <1022> Финиш. Время операции: 0,003 сек.
---------------------------------------------------------------------------------
Транзакция <1023> Старт. Перевод: 2306 руб. fromAcc: 45 toAcc: 498 
    <Начальные остатки> from: 351175      to: 305272
[ Операция невозможна из-за блокировки счета !!! ]
from: false to: true
     <Конечные остатки> from: 351175      to: 305272
Транзакция <1023> Финиш. Время операции: 0,000 сек.
---------------------------------------------------------------------------------
Транзакция <1024> Старт. Перевод: 6128 руб. fromAcc: 363 toAcc: 133 
    <Начальные остатки> from: 427497      to: 302588
     <Конечные остатки> from: 421369      to: 308716
Транзакция <1024> Финиш. Время операции: 0,002 сек.
---------------------------------------------------------------------------------
Транзакция <1025> Старт. Перевод: 3313 руб. fromAcc: 362 toAcc: 376 
    <Начальные остатки> from: 377231      to: 396918
     <Конечные остатки> from: 373918      to: 400231
Транзакция <1025> Финиш. Время операции: 0,002 сек.
---------------------------------------------------------------------------------
Транзакция <1026> Старт. Перевод: 55000 руб. fromAcc: 258 toAcc: 141 
    <Начальные остатки> from: 424829      to: 353351
Транзакция <1027> Старт. Перевод: 9440 руб. fromAcc: 322 toAcc: 457 
    <Начальные остатки> from: 348401      to: 357720
     <Конечные остатки> from: 338961      to: 367160
Транзакция <1027> Финиш. Время операции: 0,000 сек.
---------------------------------------------------------------------------------
Транзакция <1028> Старт. Перевод: 2975 руб. fromAcc: 328 toAcc: 50 
    <Начальные остатки> from: 319803      to: 316850
     <Конечные остатки> from: 316828      to: 319825
Транзакция <1028> Финиш. Время операции: 0,001 сек.
---------------------------------------------------------------------------------
Транзакция <1029> Старт. Перевод: 5711 руб. fromAcc: 383 toAcc: 560 
    <Начальные остатки> from: 490995      to: 306998
     <Конечные остатки> from: 485284      to: 312709
Транзакция <1029> Финиш. Время операции: 0,000 сек.
---------------------------------------------------------------------------------
Транзакция <1030> Старт. Перевод: 3623 руб. fromAcc: 401 toAcc: 894 
    <Начальные остатки> from: 451012      to: 350876
     <Конечные остатки> from: 447389      to: 354499
Транзакция <1030> Финиш. Время операции: 0,001 сек.
---------------------------------------------------------------------------------
Транзакция <1031> Старт. Перевод: 7328 руб. fromAcc: 489 toAcc: 585 
    <Начальные остатки> from: 304340      to: 420111
     <Конечные остатки> from: 297012      to: 427439
Транзакция <1031> Финиш. Время операции: 0,000 сек.
---------------------------------------------------------------------------------
Транзакция <1032> Старт. Перевод: 1800 руб. fromAcc: 87 toAcc: 649 
    <Начальные остатки> from: 402491      to: 462737
     <Конечные остатки> from: 400691      to: 464537
Транзакция <1032> Финиш. Время операции: 0,000 сек.
---------------------------------------------------------------------------------
Транзакция <1033> Старт. Перевод: 9418 руб. fromAcc: 109 toAcc: 841 
    <Начальные остатки> from: 363566      to: 383952
     <Конечные остатки> from: 354148      to: 393370
Транзакция <1033> Финиш. Время операции: 0,000 сек.
---------------------------------------------------------------------------------
СЧЕТ ЗАБЛОКИРОВАН
     <Конечные остатки> from: 396648      to: 378679
Транзакция <413> Финиш. Время операции: 6,328 сек.
---------------------------------------------------------------------------------
Транзакция <1034> Старт. Перевод: 8778 руб. fromAcc: 346 toAcc: 608 
    <Начальные остатки> from: 488661      to: 395621
     <Конечные остатки> from: 479883      to: 404399
Транзакция <1034> Финиш. Время операции: 0,000 сек.
---------------------------------------------------------------------------------
Транзакция <1035> Старт. Перевод: 3509 руб. fromAcc: 376 toAcc: 833 
    <Начальные остатки> from: 400231      to: 491197
     <Конечные остатки> from: 396722      to: 494706
Транзакция <1035> Финиш. Время операции: 0,000 сек.
---------------------------------------------------------------------------------
Транзакция <1036> Старт. Перевод: 3776 руб. fromAcc: 68 toAcc: 306 
    <Начальные остатки> from: 340040      to: 358296
     <Конечные остатки> from: 336264      to: 362072
Транзакция <1036> Финиш. Время операции: 0,000 сек.
---------------------------------------------------------------------------------
Транзакция <1037> Старт. Перевод: 8100 руб. fromAcc: 620 toAcc: 920 
    <Начальные остатки> from: 446477      to: 367372
     <Конечные остатки> from: 438377      to: 375472
Транзакция <1037> Финиш. Время операции: 0,000 сек.
---------------------------------------------------------------------------------
Транзакция <1038> Старт. Перевод: 4670 руб. fromAcc: 680 toAcc: 792 
    <Начальные остатки> from: 557264      to: 461044
     <Конечные остатки> from: 552594      to: 465714
Транзакция <1038> Финиш. Время операции: 0,000 сек.
---------------------------------------------------------------------------------
Транзакция <1039> Старт. Перевод: 9413 руб. fromAcc: 774 toAcc: 858 
    <Начальные остатки> from: 380470      to: 499828
     <Конечные остатки> from: 371057      to: 509241
Транзакция <1039> Финиш. Время операции: 0,000 сек.
---------------------------------------------------------------------------------
Транзакция <1040> Старт. Перевод: 2745 руб. fromAcc: 720 toAcc: 6 
    <Начальные остатки> from: 407400      to: 402667
     <Конечные остатки> from: 404655      to: 405412
Транзакция <1040> Финиш. Время операции: 0,000 сек.
---------------------------------------------------------------------------------
Транзакция <1041> Старт. Перевод: 8153 руб. fromAcc: 137 toAcc: 490 
    <Начальные остатки> from: 191880      to: 418715
     <Конечные остатки> from: 183727      to: 426868
Транзакция <1041> Финиш. Время операции: 0,000 сек.
---------------------------------------------------------------------------------
Транзакция <1042> Старт. Перевод: 3538 руб. fromAcc: 479 toAcc: 165 
    <Начальные остатки> from: 439095      to: 460866
     <Конечные остатки> from: 435557      to: 464404
Транзакция <1042> Финиш. Время операции: 0,000 сек.
---------------------------------------------------------------------------------
Транзакция <1043> Старт. Перевод: 585 руб. fromAcc: 237 toAcc: 110 
    <Начальные остатки> from: 408309      to: 380799
     <Конечные остатки> from: 407724      to: 381384
Транзакция <1043> Финиш. Время операции: 0,000 сек.
---------------------------------------------------------------------------------
Транзакция <1044> Старт. Перевод: 8358 руб. fromAcc: 84 toAcc: 293 
    <Начальные остатки> from: 480787      to: 303677
     <Конечные остатки> from: 472429      to: 312035
Транзакция <1044> Финиш. Время операции: 0,001 сек.
---------------------------------------------------------------------------------
Транзакция <1045> Старт. Перевод: 4759 руб. fromAcc: 787 toAcc: 264 
    <Начальные остатки> from: 442611      to: 384915
     <Конечные остатки> from: 437852      to: 389674
Транзакция <1045> Финиш. Время операции: 0,000 сек.
---------------------------------------------------------------------------------
Транзакция <1046> Старт. Перевод: 3550 руб. fromAcc: 630 toAcc: 296 
    <Начальные остатки> from: 468458      to: 405280
     <Конечные остатки> from: 464908      to: 408830
Транзакция <1046> Финиш. Время операции: 0,000 сек.
---------------------------------------------------------------------------------
Транзакция <1047> Старт. Перевод: 5207 руб. fromAcc: 960 toAcc: 4 
    <Начальные остатки> from: 422421      to: 289536
     <Конечные остатки> from: 417214      to: 294743
Транзакция <1047> Финиш. Время операции: 0,000 сек.
---------------------------------------------------------------------------------
Транзакция <1048> Старт. Перевод: 7067 руб. fromAcc: 220 toAcc: 225 
    <Начальные остатки> from: 422569      to: 473382
     <Конечные остатки> from: 415502      to: 480449
Транзакция <1048> Финиш. Время операции: 0,000 сек.
---------------------------------------------------------------------------------
Транзакция <1049> Старт. Перевод: 1911 руб. fromAcc: 478 toAcc: 884 
    <Начальные остатки> from: 331489      to: 412379
     <Конечные остатки> from: 329578      to: 414290
Транзакция <1049> Финиш. Время операции: 0,000 сек.
---------------------------------------------------------------------------------
Транзакция <1050> Старт. Перевод: 4431 руб. fromAcc: 45 toAcc: 619 
    <Начальные остатки> from: 351175      to: 464930
[ Операция невозможна из-за блокировки счета !!! ]
from: false to: true
     <Конечные остатки> from: 351175      to: 464930
Транзакция <1050> Финиш. Время операции: 0,000 сек.
---------------------------------------------------------------------------------
Транзакция <1051> Старт. Перевод: 1888 руб. fromAcc: 256 toAcc: 190 
    <Начальные остатки> from: 373515      to: 416230
     <Конечные остатки> from: 371627      to: 418118
Транзакция <1051> Финиш. Время операции: 0,000 сек.
---------------------------------------------------------------------------------
Транзакция <1052> Старт. Перевод: 8637 руб. fromAcc: 836 toAcc: 73 
    <Начальные остатки> from: 406561      to: 451587
     <Конечные остатки> from: 397924      to: 460224
Транзакция <1052> Финиш. Время операции: 0,000 сек.
---------------------------------------------------------------------------------
Транзакция <1053> Старт. Перевод: 4201 руб. fromAcc: 588 toAcc: 193 
    <Начальные остатки> from: 371320      to: 339578
     <Конечные остатки> from: 367119      to: 343779
Транзакция <1053> Финиш. Время операции: 0,000 сек.
---------------------------------------------------------------------------------
Транзакция <1054> Старт. Перевод: 1095 руб. fromAcc: 334 toAcc: 433 
    <Начальные остатки> from: 427685      to: 375841
     <Конечные остатки> from: 426590      to: 376936
Транзакция <1054> Финиш. Время операции: 0,000 сек.
---------------------------------------------------------------------------------
Транзакция <1055> Старт. Перевод: 1704 руб. fromAcc: 104 toAcc: 443 
    <Начальные остатки> from: 342115      to: 300057
     <Конечные остатки> from: 340411      to: 301761
Транзакция <1055> Финиш. Время операции: 0,000 сек.
---------------------------------------------------------------------------------
Транзакция <1056> Старт. Перевод: 3153 руб. fromAcc: 622 toAcc: 249 
    <Начальные остатки> from: 335632      to: 401541
     <Конечные остатки> from: 332479      to: 404694
Транзакция <1056> Финиш. Время операции: 0,000 сек.
---------------------------------------------------------------------------------
Транзакция <1057> Старт. Перевод: 5371 руб. fromAcc: 3 toAcc: 362 
    <Начальные остатки> from: 502117      to: 373918
     <Конечные остатки> from: 496746      to: 379289
Транзакция <1057> Финиш. Время операции: 0,000 сек.
---------------------------------------------------------------------------------
Транзакция <1058> Старт. Перевод: 290 руб. fromAcc: 431 toAcc: 393 
    <Начальные остатки> from: 426469      to: 420810
     <Конечные остатки> from: 426179      to: 421100
Транзакция <1058> Финиш. Время операции: 0,000 сек.
---------------------------------------------------------------------------------
Транзакция <1059> Старт. Перевод: 9497 руб. fromAcc: 282 toAcc: 669 
    <Начальные остатки> from: 485135      to: 322484
     <Конечные остатки> from: 475638      to: 331981
Транзакция <1059> Финиш. Время операции: 0,000 сек.
---------------------------------------------------------------------------------
Транзакция <1060> Старт. Перевод: 3544 руб. fromAcc: 799 toAcc: 981 
    <Начальные остатки> from: 493505      to: 489873
     <Конечные остатки> from: 489961      to: 493417
Транзакция <1060> Финиш. Время операции: 0,000 сек.
---------------------------------------------------------------------------------
Транзакция <1061> Старт. Перевод: 8614 руб. fromAcc: 970 toAcc: 394 
    <Начальные остатки> from: 413923      to: 388723
     <Конечные остатки> from: 405309      to: 397337
Транзакция <1061> Финиш. Время операции: 0,000 сек.
---------------------------------------------------------------------------------
Транзакция <1062> Старт. Перевод: 5244 руб. fromAcc: 680 toAcc: 989 
    <Начальные остатки> from: 552594      to: 452144
     <Конечные остатки> from: 547350      to: 457388
Транзакция <1062> Финиш. Время операции: 0,000 сек.
---------------------------------------------------------------------------------
Транзакция <1063> Старт. Перевод: 9435 руб. fromAcc: 582 toAcc: 517 
    <Начальные остатки> from: 387203      to: 418367
     <Конечные остатки> from: 377768      to: 427802
Транзакция <1063> Финиш. Время операции: 0,000 сек.
---------------------------------------------------------------------------------
Транзакция <1064> Старт. Перевод: 8614 руб. fromAcc: 371 toAcc: 221 
    <Начальные остатки> from: 329697      to: 334651
     <Конечные остатки> from: 321083      to: 343265
Транзакция <1064> Финиш. Время операции: 0,000 сек.
---------------------------------------------------------------------------------
Транзакция <1065> Старт. Перевод: 3638 руб. fromAcc: 300 toAcc: 479 
    <Начальные остатки> from: 353935      to: 435557
     <Конечные остатки> from: 350297      to: 439195
Транзакция <1065> Финиш. Время операции: 0,000 сек.
---------------------------------------------------------------------------------
Транзакция <1066> Старт. Перевод: 3327 руб. fromAcc: 878 toAcc: 509 
    <Начальные остатки> from: 415447      to: 402545
     <Конечные остатки> from: 412120      to: 405872
Транзакция <1066> Финиш. Время операции: 0,000 сек.
---------------------------------------------------------------------------------
Транзакция <1067> Старт. Перевод: 9829 руб. fromAcc: 610 toAcc: 110 
    <Начальные остатки> from: 480291      to: 381384
     <Конечные остатки> from: 470462      to: 391213
Транзакция <1067> Финиш. Время операции: 0,000 сек.
---------------------------------------------------------------------------------
Транзакция <1068> Старт. Перевод: 55000 руб. fromAcc: 576 toAcc: 295 
    <Начальные остатки> from: 318723      to: 389206
Транзакция <1069> Старт. Перевод: 10060 руб. fromAcc: 148 toAcc: 386 
    <Начальные остатки> from: 306167      to: 347386
     <Конечные остатки> from: 296107      to: 357446
Транзакция <1069> Финиш. Время операции: 0,000 сек.
---------------------------------------------------------------------------------
Транзакция <1070> Старт. Перевод: 4499 руб. fromAcc: 539 toAcc: 774 
    <Начальные остатки> from: 338939      to: 371057
     <Конечные остатки> from: 334440      to: 375556
Транзакция <1070> Финиш. Время операции: 0,000 сек.
---------------------------------------------------------------------------------
Транзакция <1071> Старт. Перевод: 4344 руб. fromAcc: 162 toAcc: 661 
    <Начальные остатки> from: 384311      to: 423419
     <Конечные остатки> from: 379967      to: 427763
Транзакция <1071> Финиш. Время операции: 0,000 сек.
---------------------------------------------------------------------------------
Транзакция <1072> Старт. Перевод: 914 руб. fromAcc: 211 toAcc: 60 
    <Начальные остатки> from: 452420      to: 279322
     <Конечные остатки> from: 451506      to: 280236
Транзакция <1072> Финиш. Время операции: 0,000 сек.
---------------------------------------------------------------------------------
Транзакция <1073> Старт. Перевод: 3861 руб. fromAcc: 899 toAcc: 566 
    <Начальные остатки> from: 332171      to: 309504
     <Конечные остатки> from: 328310      to: 313365
Транзакция <1073> Финиш. Время операции: 0,001 сек.
---------------------------------------------------------------------------------
Транзакция <1074> Старт. Перевод: 9559 руб. fromAcc: 1 toAcc: 525 
    <Начальные остатки> from: 343448      to: 369665
     <Конечные остатки> from: 333889      to: 379224
Транзакция <1074> Финиш. Время операции: 0,000 сек.
---------------------------------------------------------------------------------
Транзакция <1075> Старт. Перевод: 650 руб. fromAcc: 596 toAcc: 184 
    <Начальные остатки> from: 476405      to: 488043
     <Конечные остатки> from: 475755      to: 488693
Транзакция <1075> Финиш. Время операции: 0,000 сек.
---------------------------------------------------------------------------------
Транзакция <1076> Старт. Перевод: 6999 руб. fromAcc: 954 toAcc: 245 
    <Начальные остатки> from: 369227      to: 464050
     <Конечные остатки> from: 362228      to: 471049
Транзакция <1076> Финиш. Время операции: 0,000 сек.
---------------------------------------------------------------------------------
Транзакция <1077> Старт. Перевод: 1967 руб. fromAcc: 573 toAcc: 308 
    <Начальные остатки> from: 316154      to: 399314
     <Конечные остатки> from: 314187      to: 401281
Транзакция <1077> Финиш. Время операции: 0,000 сек.
---------------------------------------------------------------------------------
Транзакция <1078> Старт. Перевод: 5610 руб. fromAcc: 160 toAcc: 612 
    <Начальные остатки> from: 446781      to: 301858
     <Конечные остатки> from: 441171      to: 307468
Транзакция <1078> Финиш. Время операции: 0,000 сек.
---------------------------------------------------------------------------------
Транзакция <1079> Старт. Перевод: 8182 руб. fromAcc: 707 toAcc: 324 
    <Начальные остатки> from: 471061      to: 480870
     <Конечные остатки> from: 462879      to: 489052
Транзакция <1079> Финиш. Время операции: 0,001 сек.
---------------------------------------------------------------------------------
Транзакция <1080> Старт. Перевод: 3156 руб. fromAcc: 923 toAcc: 408 
    <Начальные остатки> from: 430928      to: 357446
     <Конечные остатки> from: 427772      to: 360602
Транзакция <1080> Финиш. Время операции: 0,000 сек.
---------------------------------------------------------------------------------
Транзакция <1081> Старт. Перевод: 8853 руб. fromAcc: 944 toAcc: 738 
    <Начальные остатки> from: 357637      to: 478121
     <Конечные остатки> from: 348784      to: 486974
Транзакция <1081> Финиш. Время операции: 0,000 сек.
---------------------------------------------------------------------------------
Транзакция <1082> Старт. Перевод: 1746 руб. fromAcc: 670 toAcc: 706 
    <Начальные остатки> from: 440415      to: 357667
     <Конечные остатки> from: 438669      to: 359413
Транзакция <1082> Финиш. Время операции: 0,000 сек.
---------------------------------------------------------------------------------
Транзакция <1083> Старт. Перевод: 2503 руб. fromAcc: 62 toAcc: 48 
    <Начальные остатки> from: 396249      to: 386368
     <Конечные остатки> from: 393746      to: 388871
Транзакция <1083> Финиш. Время операции: 0,000 сек.
---------------------------------------------------------------------------------
Транзакция <1084> Старт. Перевод: 7927 руб. fromAcc: 437 toAcc: 972 
    <Начальные остатки> from: 447822      to: 379296
     <Конечные остатки> from: 439895      to: 387223
Транзакция <1084> Финиш. Время операции: 0,000 сек.
---------------------------------------------------------------------------------
Транзакция <1085> Старт. Перевод: 8091 руб. fromAcc: 148 toAcc: 988 
    <Начальные остатки> from: 296107      to: 305432
     <Конечные остатки> from: 288016      to: 313523
Транзакция <1085> Финиш. Время операции: 0,000 сек.
---------------------------------------------------------------------------------
Транзакция <1086> Старт. Перевод: 8165 руб. fromAcc: 5 toAcc: 998 
    <Начальные остатки> from: 282435      to: 391793
[ Операция невозможна из-за блокировки счета !!! ]
from: true to: false
     <Конечные остатки> from: 282435      to: 391793
Транзакция <1086> Финиш. Время операции: 0,000 сек.
---------------------------------------------------------------------------------
Транзакция <1087> Старт. Перевод: 8701 руб. fromAcc: 481 toAcc: 349 
    <Начальные остатки> from: 450084      to: 336371
     <Конечные остатки> from: 441383      to: 345072
Транзакция <1087> Финиш. Время операции: 0,000 сек.
---------------------------------------------------------------------------------
Транзакция <1088> Старт. Перевод: 6488 руб. fromAcc: 25 toAcc: 494 
    <Начальные остатки> from: 247323      to: 412723
     <Конечные остатки> from: 240835      to: 419211
Транзакция <1088> Финиш. Время операции: 0,000 сек.
---------------------------------------------------------------------------------
Транзакция <1089> Старт. Перевод: 444 руб. fromAcc: 794 toAcc: 886 
    <Начальные остатки> from: 448027      to: 446569
     <Конечные остатки> from: 447583      to: 447013
Транзакция <1089> Финиш. Время операции: 0,000 сек.
---------------------------------------------------------------------------------
Транзакция <1090> Старт. Перевод: 3527 руб. fromAcc: 717 toAcc: 487 
    <Начальные остатки> from: 384661      to: 375100
     <Конечные остатки> from: 381134      to: 378627
Транзакция <1090> Финиш. Время операции: 0,000 сек.
---------------------------------------------------------------------------------
Транзакция <1091> Старт. Перевод: 2086 руб. fromAcc: 110 toAcc: 41 
    <Начальные остатки> from: 391213      to: 421630
     <Конечные остатки> from: 389127      to: 423716
Транзакция <1091> Финиш. Время операции: 0,000 сек.
---------------------------------------------------------------------------------
Транзакция <1092> Старт. Перевод: 8734 руб. fromAcc: 960 toAcc: 869 
    <Начальные остатки> from: 417214      to: 396786
     <Конечные остатки> from: 408480      to: 405520
Транзакция <1092> Финиш. Время операции: 0,000 сек.
---------------------------------------------------------------------------------
Транзакция <1093> Старт. Перевод: 3409 руб. fromAcc: 619 toAcc: 473 
    <Начальные остатки> from: 464930      to: 318652
     <Конечные остатки> from: 461521      to: 322061
Транзакция <1093> Финиш. Время операции: 0,000 сек.
---------------------------------------------------------------------------------
Транзакция <1094> Старт. Перевод: 10016 руб. fromAcc: 877 toAcc: 714 
    <Начальные остатки> from: 328738      to: 392727
     <Конечные остатки> from: 318722      to: 402743
Транзакция <1094> Финиш. Время операции: 0,000 сек.
---------------------------------------------------------------------------------
Транзакция <1095> Старт. Перевод: 2819 руб. fromAcc: 292 toAcc: 628 
    <Начальные остатки> from: 460468      to: 390996
     <Конечные остатки> from: 457649      to: 393815
Транзакция <1095> Финиш. Время операции: 0,000 сек.
---------------------------------------------------------------------------------
Транзакция <1096> Старт. Перевод: 7560 руб. fromAcc: 223 toAcc: 235 
    <Начальные остатки> from: 455750      to: 363112
     <Конечные остатки> from: 448190      to: 370672
Транзакция <1096> Финиш. Время операции: 0,000 сек.
---------------------------------------------------------------------------------
Транзакция <1097> Старт. Перевод: 7197 руб. fromAcc: 200 toAcc: 850 
    <Начальные остатки> from: 428783      to: 422383
     <Конечные остатки> from: 421586      to: 429580
Транзакция <1097> Финиш. Время операции: 0,000 сек.
---------------------------------------------------------------------------------
Транзакция <1098> Старт. Перевод: 1092 руб. fromAcc: 183 toAcc: 469 
    <Начальные остатки> from: 397423      to: 325638
     <Конечные остатки> from: 396331      to: 326730
Транзакция <1098> Финиш. Время операции: 0,000 сек.
---------------------------------------------------------------------------------
Транзакция <1099> Старт. Перевод: 9506 руб. fromAcc: 737 toAcc: 755 
    <Начальные остатки> from: 418526      to: 340337
     <Конечные остатки> from: 409020      to: 349843
Транзакция <1099> Финиш. Время операции: 0,000 сек.
---------------------------------------------------------------------------------
Транзакция <1100> Старт. Перевод: 2336 руб. fromAcc: 388 toAcc: 91 
    <Начальные остатки> from: 412524      to: 346012
     <Конечные остатки> from: 410188      to: 348348
Транзакция <1100> Финиш. Время операции: 0,000 сек.
---------------------------------------------------------------------------------
Транзакция <1101> Старт. Перевод: 2169 руб. fromAcc: 211 toAcc: 866 
    <Начальные остатки> from: 451506      to: 358742
     <Конечные остатки> from: 449337      to: 360911
Транзакция <1101> Финиш. Время операции: 0,000 сек.
---------------------------------------------------------------------------------
Транзакция <1102> Старт. Перевод: 6936 руб. fromAcc: 251 toAcc: 938 
    <Начальные остатки> from: 317350      to: 420042
     <Конечные остатки> from: 310414      to: 426978
Транзакция <1102> Финиш. Время операции: 0,000 сек.
---------------------------------------------------------------------------------
Транзакция <1103> Старт. Перевод: 6717 руб. fromAcc: 498 toAcc: 748 
    <Начальные остатки> from: 305272      to: 415289
     <Конечные остатки> from: 298555      to: 422006
Транзакция <1103> Финиш. Время операции: 0,000 сек.
---------------------------------------------------------------------------------
Транзакция <1104> Старт. Перевод: 2578 руб. fromAcc: 941 toAcc: 118 
    <Начальные остатки> from: 509837      to: 368156
     <Конечные остатки> from: 507259      to: 370734
Транзакция <1104> Финиш. Время операции: 0,000 сек.
---------------------------------------------------------------------------------
Транзакция <1105> Старт. Перевод: 2711 руб. fromAcc: 735 toAcc: 126 
    <Начальные остатки> from: 354378      to: 405162
     <Конечные остатки> from: 351667      to: 407873
Транзакция <1105> Финиш. Время операции: 0,000 сек.
---------------------------------------------------------------------------------
Транзакция <1106> Старт. Перевод: 2599 руб. fromAcc: 581 toAcc: 824 
    <Начальные остатки> from: 422312      to: 444977
     <Конечные остатки> from: 419713      to: 447576
Транзакция <1106> Финиш. Время операции: 0,000 сек.
---------------------------------------------------------------------------------
Транзакция <1107> Старт. Перевод: 1464 руб. fromAcc: 239 toAcc: 729 
    <Начальные остатки> from: 491486      to: 444965
     <Конечные остатки> from: 490022      to: 446429
Транзакция <1107> Финиш. Время операции: 0,000 сек.
---------------------------------------------------------------------------------
Транзакция <1108> Старт. Перевод: 6813 руб. fromAcc: 513 toAcc: 204 
    <Начальные остатки> from: 465251      to: 538151
     <Конечные остатки> from: 458438      to: 544964
Транзакция <1108> Финиш. Время операции: 0,000 сек.
---------------------------------------------------------------------------------
Транзакция <1109> Старт. Перевод: 2551 руб. fromAcc: 126 toAcc: 841 
    <Начальные остатки> from: 407873      to: 393370
     <Конечные остатки> from: 405322      to: 395921
Транзакция <1109> Финиш. Время операции: 0,000 сек.
---------------------------------------------------------------------------------
Транзакция <1110> Старт. Перевод: 3836 руб. fromAcc: 690 toAcc: 911 
    <Начальные остатки> from: 501976      to: 529999
     <Конечные остатки> from: 498140      to: 533835
Транзакция <1110> Финиш. Время операции: 0,000 сек.
---------------------------------------------------------------------------------
Транзакция <1111> Старт. Перевод: 3621 руб. fromAcc: 319 toAcc: 814 
    <Начальные остатки> from: 486387      to: 349077
     <Конечные остатки> from: 482766      to: 352698
Транзакция <1111> Финиш. Время операции: 0,000 сек.
---------------------------------------------------------------------------------
Транзакция <1112> Старт. Перевод: 55000 руб. fromAcc: 550 toAcc: 186 
    <Начальные остатки> from: 342224      to: 419862
Транзакция <1113> Старт. Перевод: 55000 руб. fromAcc: 155 toAcc: 922 
    <Начальные остатки> from: 329266      to: 456599
Транзакция <1114> Старт. Перевод: 6040 руб. fromAcc: 120 toAcc: 644 
    <Начальные остатки> from: 428640      to: 320997
     <Конечные остатки> from: 422600      to: 327037
Транзакция <1114> Финиш. Время операции: 0,000 сек.
---------------------------------------------------------------------------------
Транзакция <1115> Старт. Перевод: 9090 руб. fromAcc: 155 toAcc: 555 
    <Начальные остатки> from: 274266      to: 376242
     <Конечные остатки> from: 265176      to: 385332
Транзакция <1115> Финиш. Время операции: 0,000 сек.
---------------------------------------------------------------------------------
Транзакция <1116> Старт. Перевод: 7940 руб. fromAcc: 787 toAcc: 519 
    <Начальные остатки> from: 437852      to: 309465
     <Конечные остатки> from: 429912      to: 317405
Транзакция <1116> Финиш. Время операции: 0,000 сек.
---------------------------------------------------------------------------------
Транзакция <1117> Старт. Перевод: 4118 руб. fromAcc: 742 toAcc: 591 
    <Начальные остатки> from: 460916      to: 486855
     <Конечные остатки> from: 456798      to: 490973
Транзакция <1117> Финиш. Время операции: 0,000 сек.
---------------------------------------------------------------------------------
Транзакция <1118> Старт. Перевод: 8708 руб. fromAcc: 321 toAcc: 372 
    <Начальные остатки> from: 395014      to: 382489
     <Конечные остатки> from: 386306      to: 391197
Транзакция <1118> Финиш. Время операции: 0,000 сек.
---------------------------------------------------------------------------------
Транзакция <1119> Старт. Перевод: 5316 руб. fromAcc: 635 toAcc: 839 
    <Начальные остатки> from: 450603      to: 381063
     <Конечные остатки> from: 445287      to: 386379
Транзакция <1119> Финиш. Время операции: 0,000 сек.
---------------------------------------------------------------------------------
Транзакция <1120> Старт. Перевод: 2720 руб. fromAcc: 883 toAcc: 399 
    <Начальные остатки> from: 316035      to: 423262
[ Операция невозможна из-за блокировки счета !!! ]
from: true to: false
     <Конечные остатки> from: 316035      to: 423262
Транзакция <1120> Финиш. Время операции: 0,000 сек.
---------------------------------------------------------------------------------
Транзакция <1121> Старт. Перевод: 9663 руб. fromAcc: 16 toAcc: 551 
    <Начальные остатки> from: 334241      to: 304119
     <Конечные остатки> from: 324578      to: 313782
Транзакция <1121> Финиш. Время операции: 0,000 сек.
---------------------------------------------------------------------------------
Транзакция <1122> Старт. Перевод: 2437 руб. fromAcc: 279 toAcc: 746 
    <Начальные остатки> from: 315056      to: 444471
     <Конечные остатки> from: 312619      to: 446908
Транзакция <1122> Финиш. Время операции: 0,000 сек.
---------------------------------------------------------------------------------
Транзакция <1123> Старт. Перевод: 3150 руб. fromAcc: 456 toAcc: 714 
    <Начальные остатки> from: 426153      to: 402743
     <Конечные остатки> from: 423003      to: 405893
Транзакция <1123> Финиш. Время операции: 0,000 сек.
---------------------------------------------------------------------------------
Транзакция <1124> Старт. Перевод: 2855 руб. fromAcc: 129 toAcc: 536 
    <Начальные остатки> from: 363157      to: 453244
     <Конечные остатки> from: 360302      to: 456099
Транзакция <1124> Финиш. Время операции: 0,000 сек.
---------------------------------------------------------------------------------
Транзакция <1125> Старт. Перевод: 9086 руб. fromAcc: 890 toAcc: 250 
    <Начальные остатки> from: 308112      to: 343334
     <Конечные остатки> from: 299026      to: 352420
Транзакция <1125> Финиш. Время операции: 0,000 сек.
---------------------------------------------------------------------------------
Транзакция <1126> Старт. Перевод: 1771 руб. fromAcc: 249 toAcc: 588 
    <Начальные остатки> from: 404694      to: 367119
     <Конечные остатки> from: 402923      to: 368890
Транзакция <1126> Финиш. Время операции: 0,000 сек.
---------------------------------------------------------------------------------
Транзакция <1127> Старт. Перевод: 4978 руб. fromAcc: 920 toAcc: 765 
    <Начальные остатки> from: 375472      to: 423557
     <Конечные остатки> from: 370494      to: 428535
Транзакция <1127> Финиш. Время операции: 0,001 сек.
---------------------------------------------------------------------------------
Транзакция <1128> Старт. Перевод: 4493 руб. fromAcc: 284 toAcc: 870 
    <Начальные остатки> from: 324132      to: 480344
     <Конечные остатки> from: 319639      to: 484837
Транзакция <1128> Финиш. Время операции: 0,000 сек.
---------------------------------------------------------------------------------
Транзакция <1129> Старт. Перевод: 2856 руб. fromAcc: 87 toAcc: 530 
    <Начальные остатки> from: 400691      to: 426349
     <Конечные остатки> from: 397835      to: 429205
Транзакция <1129> Финиш. Время операции: 0,000 сек.
---------------------------------------------------------------------------------
Транзакция <1130> Старт. Перевод: 4127 руб. fromAcc: 841 toAcc: 985 
    <Начальные остатки> from: 395921      to: 406622
     <Конечные остатки> from: 391794      to: 410749
Транзакция <1130> Финиш. Время операции: 0,000 сек.
---------------------------------------------------------------------------------
Транзакция <1131> Старт. Перевод: 432 руб. fromAcc: 999 toAcc: 615 
    <Начальные остатки> from: 454590      to: 479811
[ Операция невозможна из-за блокировки счета !!! ]
from: true to: false
     <Конечные остатки> from: 454590      to: 479811
Транзакция <1131> Финиш. Время операции: 0,004 сек.
---------------------------------------------------------------------------------
Транзакция <1132> Старт. Перевод: 1082 руб. fromAcc: 655 toAcc: 256 
    <Начальные остатки> from: 462810      to: 371627
     <Конечные остатки> from: 461728      to: 372709
Транзакция <1132> Финиш. Время операции: 0,000 сек.
---------------------------------------------------------------------------------
Транзакция <1133> Старт. Перевод: 2981 руб. fromAcc: 478 toAcc: 364 
    <Начальные остатки> from: 329578      to: 348246
     <Конечные остатки> from: 326597      to: 351227
Транзакция <1133> Финиш. Время операции: 0,001 сек.
---------------------------------------------------------------------------------
Транзакция <1134> Старт. Перевод: 7913 руб. fromAcc: 556 toAcc: 186 
    <Начальные остатки> from: 441752      to: 474862
     <Конечные остатки> from: 433839      to: 482775
Транзакция <1134> Финиш. Время операции: 0,000 сек.
---------------------------------------------------------------------------------
Транзакция <1135> Старт. Перевод: 8309 руб. fromAcc: 100 toAcc: 618 
    <Начальные остатки> from: 369547      to: 442759
     <Конечные остатки> from: 361238      to: 451068
Транзакция <1135> Финиш. Время операции: 0,000 сек.
---------------------------------------------------------------------------------
Транзакция <1136> Старт. Перевод: 8146 руб. fromAcc: 249 toAcc: 370 
    <Начальные остатки> from: 402923      to: 431710
[ Операция невозможна из-за блокировки счета !!! ]
from: true to: false
     <Конечные остатки> from: 402923      to: 431710
Транзакция <1136> Финиш. Время операции: 0,000 сек.
---------------------------------------------------------------------------------
Транзакция <1137> Старт. Перевод: 9715 руб. fromAcc: 784 toAcc: 379 
    <Начальные остатки> from: 469977      to: 514862
     <Конечные остатки> from: 460262      to: 524577
Транзакция <1137> Финиш. Время операции: 0,000 сек.
---------------------------------------------------------------------------------
Транзакция <1138> Старт. Перевод: 214 руб. fromAcc: 186 toAcc: 144 
    <Начальные остатки> from: 482775      to: 457433
     <Конечные остатки> from: 482561      to: 457647
Транзакция <1138> Финиш. Время операции: 0,000 сек.
---------------------------------------------------------------------------------
Транзакция <1139> Старт. Перевод: 4307 руб. fromAcc: 326 toAcc: 833 
    <Начальные остатки> from: 300626      to: 494706
     <Конечные остатки> from: 296319      to: 499013
Транзакция <1139> Финиш. Время операции: 0,000 сек.
---------------------------------------------------------------------------------
Транзакция <1140> Старт. Перевод: 133 руб. fromAcc: 43 toAcc: 518 
    <Начальные остатки> from: 324931      to: 340851
     <Конечные остатки> from: 324798      to: 340984
Транзакция <1140> Финиш. Время операции: 0,001 сек.
---------------------------------------------------------------------------------
Транзакция <1141> Старт. Перевод: 6575 руб. fromAcc: 10 toAcc: 901 
    <Начальные остатки> from: 450525      to: 339406
     <Конечные остатки> from: 443950      to: 345981
Транзакция <1141> Финиш. Время операции: 0,000 сек.
---------------------------------------------------------------------------------
Транзакция <1142> Старт. Перевод: 9057 руб. fromAcc: 574 toAcc: 211 
    <Начальные остатки> from: 460923      to: 449337
     <Конечные остатки> from: 451866      to: 458394
Транзакция <1142> Финиш. Время операции: 0,000 сек.
---------------------------------------------------------------------------------
Транзакция <1143> Старт. Перевод: 9585 руб. fromAcc: 714 toAcc: 764 
    <Начальные остатки> from: 405893      to: 407123
     <Конечные остатки> from: 396308      to: 416708
Транзакция <1143> Финиш. Время операции: 0,000 сек.
---------------------------------------------------------------------------------
Транзакция <1144> Старт. Перевод: 4339 руб. fromAcc: 864 toAcc: 826 
    <Начальные остатки> from: 373022      to: 356027
     <Конечные остатки> from: 368683      to: 360366
Транзакция <1144> Финиш. Время операции: 0,000 сек.
---------------------------------------------------------------------------------
Транзакция <1145> Старт. Перевод: 8692 руб. fromAcc: 121 toAcc: 14 
    <Начальные остатки> from: 421400      to: 517726
     <Конечные остатки> from: 412708      to: 526418
Транзакция <1145> Финиш. Время операции: 0,000 сек.
---------------------------------------------------------------------------------
Транзакция <1146> Старт. Перевод: 5239 руб. fromAcc: 243 toAcc: 464 
    <Начальные остатки> from: 360515      to: 315477
     <Конечные остатки> from: 355276      to: 320716
Транзакция <1146> Финиш. Время операции: 0,000 сек.
---------------------------------------------------------------------------------
Транзакция <1147> Старт. Перевод: 5143 руб. fromAcc: 970 toAcc: 372 
    <Начальные остатки> from: 405309      to: 391197
     <Конечные остатки> from: 400166      to: 396340
Транзакция <1147> Финиш. Время операции: 0,000 сек.
---------------------------------------------------------------------------------
Транзакция <1148> Старт. Перевод: 6897 руб. fromAcc: 388 toAcc: 339 
    <Начальные остатки> from: 410188      to: 378556
     <Конечные остатки> from: 403291      to: 385453
Транзакция <1148> Финиш. Время операции: 0,000 сек.
---------------------------------------------------------------------------------
Транзакция <1149> Старт. Перевод: 9468 руб. fromAcc: 456 toAcc: 145 
    <Начальные остатки> from: 423003      to: 365531
     <Конечные остатки> from: 413535      to: 374999
Транзакция <1149> Финиш. Время операции: 0,000 сек.
---------------------------------------------------------------------------------
Транзакция <1150> Старт. Перевод: 8726 руб. fromAcc: 381 toAcc: 185 
    <Начальные остатки> from: 408704      to: 380190
     <Конечные остатки> from: 399978      to: 388916
Транзакция <1150> Финиш. Время операции: 0,000 сек.
---------------------------------------------------------------------------------
Транзакция <1151> Старт. Перевод: 7019 руб. fromAcc: 192 toAcc: 848 
    <Начальные остатки> from: 424876      to: 486333
     <Конечные остатки> from: 417857      to: 493352
Транзакция <1151> Финиш. Время операции: 0,000 сек.
---------------------------------------------------------------------------------
Транзакция <1152> Старт. Перевод: 5834 руб. fromAcc: 741 toAcc: 507 
    <Начальные остатки> from: 418105      to: 243374
     <Конечные остатки> from: 412271      to: 249208
Транзакция <1152> Финиш. Время операции: 0,000 сек.
---------------------------------------------------------------------------------
Транзакция <1153> Старт. Перевод: 567 руб. fromAcc: 380 toAcc: 663 
    <Начальные остатки> from: 460099      to: 506955
     <Конечные остатки> from: 459532      to: 507522
Транзакция <1153> Финиш. Время операции: 0,000 сек.
---------------------------------------------------------------------------------
Транзакция <1154> Старт. Перевод: 4626 руб. fromAcc: 697 toAcc: 984 
    <Начальные остатки> from: 464402      to: 475095
     <Конечные остатки> from: 459776      to: 479721
Транзакция <1154> Финиш. Время операции: 0,000 сек.
---------------------------------------------------------------------------------
Транзакция <1155> Старт. Перевод: 7311 руб. fromAcc: 71 toAcc: 667 
    <Начальные остатки> from: 352913      to: 454097
     <Конечные остатки> from: 345602      to: 461408
Транзакция <1155> Финиш. Время операции: 0,000 сек.
---------------------------------------------------------------------------------
Транзакция <1156> Старт. Перевод: 6208 руб. fromAcc: 228 toAcc: 565 
    <Начальные остатки> from: 448605      to: 490464
     <Конечные остатки> from: 442397      to: 496672
Транзакция <1156> Финиш. Время операции: 0,000 сек.
---------------------------------------------------------------------------------
Транзакция <1157> Старт. Перевод: 215 руб. fromAcc: 674 toAcc: 2 
    <Начальные остатки> from: 365230      to: 407158
     <Конечные остатки> from: 365015      to: 407373
Транзакция <1157> Финиш. Время операции: 0,000 сек.
---------------------------------------------------------------------------------
Транзакция <1158> Старт. Перевод: 3730 руб. fromAcc: 634 toAcc: 64 
    <Начальные остатки> from: 477282      to: 465162
     <Конечные остатки> from: 473552      to: 468892
Транзакция <1158> Финиш. Время операции: 0,000 сек.
---------------------------------------------------------------------------------
Транзакция <1159> Старт. Перевод: 55000 руб. fromAcc: 96 toAcc: 406 
    <Начальные остатки> from: 474679      to: 455190
Транзакция <1160> Старт. Перевод: 6994 руб. fromAcc: 592 toAcc: 662 
    <Начальные остатки> from: 373179      to: 333056
     <Конечные остатки> from: 366185      to: 340050
Транзакция <1160> Финиш. Время операции: 0,000 сек.
---------------------------------------------------------------------------------
Транзакция <1161> Старт. Перевод: 2935 руб. fromAcc: 221 toAcc: 166 
    <Начальные остатки> from: 343265      to: 441363
     <Конечные остатки> from: 340330      to: 444298
Транзакция <1161> Финиш. Время операции: 0,000 сек.
---------------------------------------------------------------------------------
Транзакция <1162> Старт. Перевод: 2064 руб. fromAcc: 473 toAcc: 449 
    <Начальные остатки> from: 322061      to: 343053
     <Конечные остатки> from: 319997      to: 345117
Транзакция <1162> Финиш. Время операции: 0,000 сек.
---------------------------------------------------------------------------------
Транзакция <1163> Старт. Перевод: 9882 руб. fromAcc: 253 toAcc: 235 
    <Начальные остатки> from: 269139      to: 370672
     <Конечные остатки> from: 259257      to: 380554
Транзакция <1163> Финиш. Время операции: 0,000 сек.
---------------------------------------------------------------------------------
Транзакция <1164> Старт. Перевод: 7755 руб. fromAcc: 859 toAcc: 813 
    <Начальные остатки> from: 391930      to: 355911
     <Конечные остатки> from: 384175      to: 363666
Транзакция <1164> Финиш. Время операции: 0,001 сек.
---------------------------------------------------------------------------------
Транзакция <1165> Старт. Перевод: 9561 руб. fromAcc: 181 toAcc: 93 
    <Начальные остатки> from: 353939      to: 406567
     <Конечные остатки> from: 344378      to: 416128
Транзакция <1165> Финиш. Время операции: 0,000 сек.
---------------------------------------------------------------------------------
Транзакция <1166> Старт. Перевод: 4486 руб. fromAcc: 886 toAcc: 653 
    <Начальные остатки> from: 447013      to: 463894
     <Конечные остатки> from: 442527      to: 468380
Транзакция <1166> Финиш. Время операции: 0,000 сек.
---------------------------------------------------------------------------------
Транзакция <1167> Старт. Перевод: 1382 руб. fromAcc: 826 toAcc: 608 
    <Начальные остатки> from: 360366      to: 404399
     <Конечные остатки> from: 358984      to: 405781
Транзакция <1167> Финиш. Время операции: 0,000 сек.
---------------------------------------------------------------------------------
Транзакция <1168> Старт. Перевод: 8195 руб. fromAcc: 482 toAcc: 473 
    <Начальные остатки> from: 331456      to: 319997
     <Конечные остатки> from: 323261      to: 328192
Транзакция <1168> Финиш. Время операции: 0,000 сек.
---------------------------------------------------------------------------------
Транзакция <1169> Старт. Перевод: 4654 руб. fromAcc: 755 toAcc: 711 
    <Начальные остатки> from: 349843      to: 453270
     <Конечные остатки> from: 345189      to: 457924
Транзакция <1169> Финиш. Время операции: 0,000 сек.
---------------------------------------------------------------------------------
Транзакция <1170> Старт. Перевод: 7604 руб. fromAcc: 845 toAcc: 320 
    <Начальные остатки> from: 329176      to: 469216
     <Конечные остатки> from: 321572      to: 476820
Транзакция <1170> Финиш. Время операции: 0,000 сек.
---------------------------------------------------------------------------------
Транзакция <1171> Старт. Перевод: 6178 руб. fromAcc: 263 toAcc: 651 
    <Начальные остатки> from: 487267      to: 355957
     <Конечные остатки> from: 481089      to: 362135
Транзакция <1171> Финиш. Время операции: 0,000 сек.
---------------------------------------------------------------------------------
Транзакция <1172> Старт. Перевод: 8308 руб. fromAcc: 255 toAcc: 625 
    <Начальные остатки> from: 420137      to: 462824
     <Конечные остатки> from: 411829      to: 471132
Транзакция <1172> Финиш. Время операции: 0,000 сек.
---------------------------------------------------------------------------------
Транзакция <1173> Старт. Перевод: 1037 руб. fromAcc: 31 toAcc: 635 
    <Начальные остатки> from: 342841      to: 445287
     <Конечные остатки> from: 341804      to: 446324
Транзакция <1173> Финиш. Время операции: 0,000 сек.
---------------------------------------------------------------------------------
Транзакция <1174> Старт. Перевод: 4510 руб. fromAcc: 243 toAcc: 752 
    <Начальные остатки> from: 355276      to: 474662
     <Конечные остатки> from: 350766      to: 479172
Транзакция <1174> Финиш. Время операции: 0,000 сек.
---------------------------------------------------------------------------------
     <Конечные остатки> from: 417438      to: 382301
Транзакция <1175> Старт. Перевод: 3605 руб. fromAcc: 96 toAcc: 267 
    <Начальные остатки> from: 419679      to: 316497
Транзакция <399> Финиш. Время операции: 7,540 сек.
     <Конечные остатки> from: 416074      to: 320102
---------------------------------------------------------------------------------
Транзакция <1175> Финиш. Время операции: 0,000 сек.
---------------------------------------------------------------------------------
Транзакция <1176> Старт. Перевод: 1715 руб. fromAcc: 317 toAcc: 235 
    <Начальные остатки> from: 383783      to: 380554
     <Конечные остатки> from: 382068      to: 382269
Транзакция <1176> Финиш. Время операции: 0,000 сек.
---------------------------------------------------------------------------------
Транзакция <1177> Старт. Перевод: 55000 руб. fromAcc: 972 toAcc: 423 
    <Начальные остатки> from: 387223      to: 313157
Транзакция <1178> Старт. Перевод: 55000 руб. fromAcc: 829 toAcc: 765 
    <Начальные остатки> from: 394585      to: 428535
Транзакция <1179> Старт. Перевод: 4682 руб. fromAcc: 280 toAcc: 612 
    <Начальные остатки> from: 455385      to: 307468
     <Конечные остатки> from: 450703      to: 312150
Транзакция <1179> Финиш. Время операции: 0,000 сек.
---------------------------------------------------------------------------------
Транзакция <1180> Старт. Перевод: 1581 руб. fromAcc: 814 toAcc: 263 
    <Начальные остатки> from: 352698      to: 481089
     <Конечные остатки> from: 351117      to: 482670
Транзакция <1180> Финиш. Время операции: 0,000 сек.
---------------------------------------------------------------------------------
Транзакция <1181> Старт. Перевод: 9027 руб. fromAcc: 277 toAcc: 960 
    <Начальные остатки> from: 321805      to: 408480
     <Конечные остатки> from: 312778      to: 417507
Транзакция <1181> Финиш. Время операции: 0,000 сек.
---------------------------------------------------------------------------------
Транзакция <1182> Старт. Перевод: 8325 руб. fromAcc: 177 toAcc: 589 
    <Начальные остатки> from: 416925      to: 444703
     <Конечные остатки> from: 408600      to: 453028
Транзакция <1182> Финиш. Время операции: 0,000 сек.
---------------------------------------------------------------------------------
Транзакция <1183> Старт. Перевод: 9713 руб. fromAcc: 559 toAcc: 962 
    <Начальные остатки> from: 405927      to: 285413
     <Конечные остатки> from: 396214      to: 295126
Транзакция <1183> Финиш. Время операции: 0,000 сек.
---------------------------------------------------------------------------------
Транзакция <1184> Старт. Перевод: 6207 руб. fromAcc: 834 toAcc: 213 
    <Начальные остатки> from: 407881      to: 429714
     <Конечные остатки> from: 401674      to: 435921
Транзакция <1184> Финиш. Время операции: 0,000 сек.
---------------------------------------------------------------------------------
Транзакция <1185> Старт. Перевод: 6961 руб. fromAcc: 613 toAcc: 939 
    <Начальные остатки> from: 394116      to: 447322
     <Конечные остатки> from: 387155      to: 454283
Транзакция <1185> Финиш. Время операции: 0,000 сек.
---------------------------------------------------------------------------------
Транзакция <1186> Старт. Перевод: 3280 руб. fromAcc: 236 toAcc: 590 
    <Начальные остатки> from: 359682      to: 415442
     <Конечные остатки> from: 356402      to: 418722
Транзакция <1186> Финиш. Время операции: 0,000 сек.
---------------------------------------------------------------------------------
Транзакция <1187> Старт. Перевод: 3655 руб. fromAcc: 900 toAcc: 263 
    <Начальные остатки> from: 347714      to: 482670
     <Конечные остатки> from: 344059      to: 486325
Транзакция <1187> Финиш. Время операции: 0,000 сек.
---------------------------------------------------------------------------------
Транзакция <1188> Старт. Перевод: 9004 руб. fromAcc: 962 toAcc: 319 
    <Начальные остатки> from: 295126      to: 482766
     <Конечные остатки> from: 286122      to: 491770
Транзакция <1188> Финиш. Время операции: 0,000 сек.
---------------------------------------------------------------------------------
Транзакция <1189> Старт. Перевод: 5687 руб. fromAcc: 22 toAcc: 173 
    <Начальные остатки> from: 301642      to: 390437
     <Конечные остатки> from: 295955      to: 396124
Транзакция <1189> Финиш. Время операции: 0,000 сек.
---------------------------------------------------------------------------------
Транзакция <1190> Старт. Перевод: 1807 руб. fromAcc: 864 toAcc: 211 
    <Начальные остатки> from: 368683      to: 458394
     <Конечные остатки> from: 366876      to: 460201
Транзакция <1190> Финиш. Время операции: 0,000 сек.
---------------------------------------------------------------------------------
Транзакция <1191> Старт. Перевод: 1786 руб. fromAcc: 195 toAcc: 21 
    <Начальные остатки> from: 407823      to: 382676
     <Конечные остатки> from: 406037      to: 384462
Транзакция <1191> Финиш. Время операции: 0,000 сек.
---------------------------------------------------------------------------------
Транзакция <1192> Старт. Перевод: 5303 руб. fromAcc: 384 toAcc: 40 
    <Начальные остатки> from: 360291      to: 388039
     <Конечные остатки> from: 354988      to: 393342
Транзакция <1192> Финиш. Время операции: 0,000 сек.
---------------------------------------------------------------------------------
Транзакция <1193> Старт. Перевод: 9287 руб. fromAcc: 89 toAcc: 267 
    <Начальные остатки> from: 483708      to: 320102
     <Конечные остатки> from: 474421      to: 329389
Транзакция <1193> Финиш. Время операции: 0,000 сек.
---------------------------------------------------------------------------------
Транзакция <1194> Старт. Перевод: 5846 руб. fromAcc: 738 toAcc: 925 
    <Начальные остатки> from: 486974      to: 469888
     <Конечные остатки> from: 481128      to: 475734
Транзакция <1194> Финиш. Время операции: 0,000 сек.
---------------------------------------------------------------------------------
Транзакция <1195> Старт. Перевод: 4781 руб. fromAcc: 328 toAcc: 804 
    <Начальные остатки> from: 316828      to: 331259
     <Конечные остатки> from: 312047      to: 336040
Транзакция <1195> Финиш. Время операции: 0,000 сек.
---------------------------------------------------------------------------------
Транзакция <1196> Старт. Перевод: 6632 руб. fromAcc: 875 toAcc: 566 
    <Начальные остатки> from: 359059      to: 313365
     <Конечные остатки> from: 352427      to: 319997
Транзакция <1196> Финиш. Время операции: 0,000 сек.
---------------------------------------------------------------------------------
Транзакция <1197> Старт. Перевод: 55000 руб. fromAcc: 202 toAcc: 463 
    <Начальные остатки> from: 451244      to: 457101
Транзакция <1198> Старт. Перевод: 9050 руб. fromAcc: 99 toAcc: 388 
    <Начальные остатки> from: 372757      to: 403291
     <Конечные остатки> from: 363707      to: 412341
Транзакция <1198> Финиш. Время операции: 0,000 сек.
---------------------------------------------------------------------------------
Транзакция <1199> Старт. Перевод: 5121 руб. fromAcc: 594 toAcc: 394 
    <Начальные остатки> from: 335506      to: 397337
     <Конечные остатки> from: 330385      to: 402458
Транзакция <1199> Финиш. Время операции: 0,000 сек.
---------------------------------------------------------------------------------
Транзакция <1200> Старт. Перевод: 55000 руб. fromAcc: 441 toAcc: 822 
    <Начальные остатки> from: 325846      to: 348604
Транзакция <1201> Старт. Перевод: 1846 руб. fromAcc: 151 toAcc: 29 
    <Начальные остатки> from: 378179      to: 472288
     <Конечные остатки> from: 376333      to: 474134
Транзакция <1201> Финиш. Время операции: 0,000 сек.
---------------------------------------------------------------------------------
Транзакция <1202> Старт. Перевод: 55000 руб. fromAcc: 326 toAcc: 869 
    <Начальные остатки> from: 296319      to: 405520
Транзакция <1203> Старт. Перевод: 5606 руб. fromAcc: 902 toAcc: 177 
    <Начальные остатки> from: 392770      to: 408600
     <Конечные остатки> from: 387164      to: 414206
Транзакция <1203> Финиш. Время операции: 0,000 сек.
---------------------------------------------------------------------------------
Транзакция <1204> Старт. Перевод: 5098 руб. fromAcc: 746 toAcc: 286 
    <Начальные остатки> from: 446908      to: 306491
     <Конечные остатки> from: 441810      to: 311589
Транзакция <1204> Финиш. Время операции: 0,000 сек.
---------------------------------------------------------------------------------
Транзакция <1205> Старт. Перевод: 3655 руб. fromAcc: 905 toAcc: 667 
    <Начальные остатки> from: 316661      to: 461408
     <Конечные остатки> from: 313006      to: 465063
Транзакция <1205> Финиш. Время операции: 0,000 сек.
---------------------------------------------------------------------------------
Транзакция <1206> Старт. Перевод: 9110 руб. fromAcc: 444 toAcc: 25 
    <Начальные остатки> from: 429807      to: 240835
     <Конечные остатки> from: 420697      to: 249945
Транзакция <1206> Финиш. Время операции: 0,000 сек.
---------------------------------------------------------------------------------
Транзакция <1207> Старт. Перевод: 326 руб. fromAcc: 631 toAcc: 397 
    <Начальные остатки> from: 351066      to: 399020
     <Конечные остатки> from: 350740      to: 399346
Транзакция <1207> Финиш. Время операции: 0,000 сек.
---------------------------------------------------------------------------------
Транзакция <1208> Старт. Перевод: 1392 руб. fromAcc: 793 toAcc: 202 
    <Начальные остатки> from: 415983      to: 396244
     <Конечные остатки> from: 414591      to: 397636
Транзакция <1208> Финиш. Время операции: 0,000 сек.
---------------------------------------------------------------------------------
Транзакция <1209> Старт. Перевод: 1636 руб. fromAcc: 483 toAcc: 575 
    <Начальные остатки> from: 421369      to: 412475
     <Конечные остатки> from: 419733      to: 414111
Транзакция <1209> Финиш. Время операции: 0,000 сек.
---------------------------------------------------------------------------------
Транзакция <1210> Старт. Перевод: 6919 руб. fromAcc: 824 toAcc: 647 
    <Начальные остатки> from: 447576      to: 307409
     <Конечные остатки> from: 440657      to: 314328
Транзакция <1210> Финиш. Время операции: 0,000 сек.
---------------------------------------------------------------------------------
Транзакция <1211> Старт. Перевод: 7534 руб. fromAcc: 598 toAcc: 60 
    <Начальные остатки> from: 435213      to: 280236
     <Конечные остатки> from: 427679      to: 287770
Транзакция <1211> Финиш. Время операции: 0,000 сек.
---------------------------------------------------------------------------------
Транзакция <1212> Старт. Перевод: 2045 руб. fromAcc: 38 toAcc: 589 
    <Начальные остатки> from: 359006      to: 453028
     <Конечные остатки> from: 356961      to: 455073
Транзакция <1212> Финиш. Время операции: 0,000 сек.
---------------------------------------------------------------------------------
Транзакция <1213> Старт. Перевод: 4372 руб. fromAcc: 286 toAcc: 210 
    <Начальные остатки> from: 311589      to: 501890
     <Конечные остатки> from: 307217      to: 506262
Транзакция <1213> Финиш. Время операции: 0,000 сек.
---------------------------------------------------------------------------------
Транзакция <1214> Старт. Перевод: 3531 руб. fromAcc: 190 toAcc: 350 
    <Начальные остатки> from: 418118      to: 312722
     <Конечные остатки> from: 414587      to: 316253
Транзакция <1214> Финиш. Время операции: 0,000 сек.
---------------------------------------------------------------------------------
Транзакция <1215> Старт. Перевод: 1574 руб. fromAcc: 430 toAcc: 314 
    <Начальные остатки> from: 334424      to: 434707
     <Конечные остатки> from: 332850      to: 436281
Транзакция <1215> Финиш. Время операции: 0,000 сек.
---------------------------------------------------------------------------------
Транзакция <1216> Старт. Перевод: 5481 руб. fromAcc: 980 toAcc: 99 
    <Начальные остатки> from: 441278      to: 363707
     <Конечные остатки> from: 435797      to: 369188
Транзакция <1216> Финиш. Время операции: 0,000 сек.
---------------------------------------------------------------------------------
Транзакция <1217> Старт. Перевод: 3020 руб. fromAcc: 549 toAcc: 886 
    <Начальные остатки> from: 365346      to: 442527
     <Конечные остатки> from: 362326      to: 445547
Транзакция <1217> Финиш. Время операции: 0,000 сек.
---------------------------------------------------------------------------------
Транзакция <1218> Старт. Перевод: 926 руб. fromAcc: 976 toAcc: 534 
    <Начальные остатки> from: 402053      to: 321652
     <Конечные остатки> from: 401127      to: 322578
Транзакция <1218> Финиш. Время операции: 0,000 сек.
---------------------------------------------------------------------------------
Транзакция <1219> Старт. Перевод: 6141 руб. fromAcc: 482 toAcc: 267 
    <Начальные остатки> from: 323261      to: 329389
     <Конечные остатки> from: 317120      to: 335530
Транзакция <1219> Финиш. Время операции: 0,000 сек.
---------------------------------------------------------------------------------
Транзакция <1220> Старт. Перевод: 7310 руб. fromAcc: 361 toAcc: 609 
    <Начальные остатки> from: 446761      to: 311832
     <Конечные остатки> from: 439451      to: 319142
Транзакция <1220> Финиш. Время операции: 0,000 сек.
---------------------------------------------------------------------------------
Транзакция <1221> Старт. Перевод: 4244 руб. fromAcc: 902 toAcc: 311 
    <Начальные остатки> from: 387164      to: 340239
     <Конечные остатки> from: 382920      to: 344483
Транзакция <1221> Финиш. Время операции: 0,001 сек.
---------------------------------------------------------------------------------
Транзакция <1222> Старт. Перевод: 7652 руб. fromAcc: 333 toAcc: 666 
    <Начальные остатки> from: 314602      to: 378800
     <Конечные остатки> from: 306950      to: 386452
Транзакция <1222> Финиш. Время операции: 0,000 сек.
---------------------------------------------------------------------------------
Транзакция <1223> Старт. Перевод: 10070 руб. fromAcc: 118 toAcc: 123 
    <Начальные остатки> from: 370734      to: 408373
     <Конечные остатки> from: 360664      to: 418443
Транзакция <1223> Финиш. Время операции: 0,002 сек.
---------------------------------------------------------------------------------
Транзакция <1224> Старт. Перевод: 1632 руб. fromAcc: 227 toAcc: 585 
    <Начальные остатки> from: 463067      to: 427439
     <Конечные остатки> from: 461435      to: 429071
Транзакция <1224> Финиш. Время операции: 0,000 сек.
---------------------------------------------------------------------------------
Транзакция <1225> Старт. Перевод: 1094 руб. fromAcc: 863 toAcc: 84 
    <Начальные остатки> from: 372178      to: 472429
     <Конечные остатки> from: 371084      to: 473523
Транзакция <1225> Финиш. Время операции: 0,001 сек.
---------------------------------------------------------------------------------
Транзакция <1226> Старт. Перевод: 3351 руб. fromAcc: 718 toAcc: 817 
    <Начальные остатки> from: 348972      to: 447797
     <Конечные остатки> from: 345621      to: 451148
Транзакция <1226> Финиш. Время операции: 0,000 сек.
---------------------------------------------------------------------------------
Транзакция <1227> Старт. Перевод: 9572 руб. fromAcc: 43 toAcc: 667 
    <Начальные остатки> from: 324798      to: 465063
     <Конечные остатки> from: 315226      to: 474635
Транзакция <1227> Финиш. Время операции: 0,000 сек.
---------------------------------------------------------------------------------
Транзакция <1228> Старт. Перевод: 5046 руб. fromAcc: 661 toAcc: 409 
    <Начальные остатки> from: 427763      to: 444789
     <Конечные остатки> from: 422717      to: 449835
Транзакция <1228> Финиш. Время операции: 0,000 сек.
---------------------------------------------------------------------------------
Транзакция <1229> Старт. Перевод: 2845 руб. fromAcc: 633 toAcc: 770 
    <Начальные остатки> from: 419131      to: 402744
     <Конечные остатки> from: 416286      to: 405589
Транзакция <1229> Финиш. Время операции: 0,000 сек.
---------------------------------------------------------------------------------
Транзакция <1230> Старт. Перевод: 8486 руб. fromAcc: 410 toAcc: 395 
    <Начальные остатки> from: 329831      to: 405582
     <Конечные остатки> from: 321345      to: 414068
Транзакция <1230> Финиш. Время операции: 0,000 сек.
---------------------------------------------------------------------------------
Транзакция <1231> Старт. Перевод: 1912 руб. fromAcc: 194 toAcc: 561 
    <Начальные остатки> from: 443158      to: 441864
     <Конечные остатки> from: 441246      to: 443776
Транзакция <1231> Финиш. Время операции: 0,000 сек.
---------------------------------------------------------------------------------
Транзакция <1232> Старт. Перевод: 8343 руб. fromAcc: 703 toAcc: 154 
    <Начальные остатки> from: 405450      to: 416216
     <Конечные остатки> from: 397107      to: 424559
Транзакция <1232> Финиш. Время операции: 0,000 сек.
---------------------------------------------------------------------------------
Транзакция <1233> Старт. Перевод: 8771 руб. fromAcc: 702 toAcc: 64 
    <Начальные остатки> from: 430434      to: 468892
     <Конечные остатки> from: 421663      to: 477663
Транзакция <1233> Финиш. Время операции: 0,000 сек.
---------------------------------------------------------------------------------
Транзакция <1234> Старт. Перевод: 4260 руб. fromAcc: 441 toAcc: 600 
    <Начальные остатки> from: 270846      to: 491612
     <Конечные остатки> from: 266586      to: 495872
Транзакция <1234> Финиш. Время операции: 0,000 сек.
---------------------------------------------------------------------------------
Транзакция <1235> Старт. Перевод: 5541 руб. fromAcc: 669 toAcc: 991 
    <Начальные остатки> from: 331981      to: 388978
     <Конечные остатки> from: 326440      to: 394519
Транзакция <1235> Финиш. Время операции: 0,000 сек.
---------------------------------------------------------------------------------
Транзакция <1236> Старт. Перевод: 904 руб. fromAcc: 934 toAcc: 328 
    <Начальные остатки> from: 382861      to: 312047
     <Конечные остатки> from: 381957      to: 312951
Транзакция <1236> Финиш. Время операции: 0,000 сек.
---------------------------------------------------------------------------------
Транзакция <1237> Старт. Перевод: 872 руб. fromAcc: 736 toAcc: 534 
    <Начальные остатки> from: 451711      to: 322578
     <Конечные остатки> from: 450839      to: 323450
Транзакция <1237> Финиш. Время операции: 0,000 сек.
---------------------------------------------------------------------------------
Транзакция <1238> Старт. Перевод: 7736 руб. fromAcc: 467 toAcc: 69 
    <Начальные остатки> from: 307837      to: 333923
     <Конечные остатки> from: 300101      to: 341659
Транзакция <1238> Финиш. Время операции: 0,000 сек.
---------------------------------------------------------------------------------
Транзакция <1239> Старт. Перевод: 1658 руб. fromAcc: 218 toAcc: 135 
    <Начальные остатки> from: 337995      to: 416916
     <Конечные остатки> from: 336337      to: 418574
Транзакция <1239> Финиш. Время операции: 0,000 сек.
---------------------------------------------------------------------------------
Транзакция <1240> Старт. Перевод: 2785 руб. fromAcc: 242 toAcc: 66 
    <Начальные остатки> from: 367975      to: 328033
     <Конечные остатки> from: 365190      to: 330818
Транзакция <1240> Финиш. Время операции: 0,000 сек.
---------------------------------------------------------------------------------
Транзакция <1241> Старт. Перевод: 542 руб. fromAcc: 287 toAcc: 443 
    <Начальные остатки> from: 403480      to: 301761
     <Конечные остатки> from: 402938      to: 302303
Транзакция <1241> Финиш. Время операции: 0,000 сек.
---------------------------------------------------------------------------------
Транзакция <1242> Старт. Перевод: 7146 руб. fromAcc: 55 toAcc: 244 
    <Начальные остатки> from: 404268      to: 335948
     <Конечные остатки> from: 397122      to: 343094
Транзакция <1242> Финиш. Время операции: 0,000 сек.
---------------------------------------------------------------------------------
Транзакция <1243> Старт. Перевод: 2238 руб. fromAcc: 778 toAcc: 968 
    <Начальные остатки> from: 458652      to: 482371
     <Конечные остатки> from: 456414      to: 484609
Транзакция <1243> Финиш. Время операции: 0,000 сек.
---------------------------------------------------------------------------------
Транзакция <1244> Старт. Перевод: 9504 руб. fromAcc: 264 toAcc: 279 
    <Начальные остатки> from: 389674      to: 312619
     <Конечные остатки> from: 380170      to: 322123
Транзакция <1244> Финиш. Время операции: 0,000 сек.
---------------------------------------------------------------------------------
Транзакция <1245> Старт. Перевод: 4180 руб. fromAcc: 788 toAcc: 157 
    <Начальные остатки> from: 468187      to: 438377
     <Конечные остатки> from: 464007      to: 442557
Транзакция <1245> Финиш. Время операции: 0,000 сек.
---------------------------------------------------------------------------------
Транзакция <1246> Старт. Перевод: 2398 руб. fromAcc: 901 toAcc: 934 
    <Начальные остатки> from: 345981      to: 381957
     <Конечные остатки> from: 343583      to: 384355
Транзакция <1246> Финиш. Время операции: 0,000 сек.
---------------------------------------------------------------------------------
Транзакция <1247> Старт. Перевод: 9484 руб. fromAcc: 563 toAcc: 892 
    <Начальные остатки> from: 425543      to: 367822
     <Конечные остатки> from: 416059      to: 377306
Транзакция <1247> Финиш. Время операции: 0,000 сек.
---------------------------------------------------------------------------------
Транзакция <1248> Старт. Перевод: 4520 руб. fromAcc: 1000 toAcc: 268 
Транзакция <1249> Старт. Перевод: 2757 руб. fromAcc: 352 toAcc: 633 
    <Начальные остатки> from: 321499      to: 416286
     <Конечные остатки> from: 318742      to: 419043
Транзакция <1249> Финиш. Время операции: 0,000 сек.
---------------------------------------------------------------------------------
Транзакция <1250> Старт. Перевод: 5780 руб. fromAcc: 470 toAcc: 595 
    <Начальные остатки> from: 374613      to: 482045
     <Конечные остатки> from: 368833      to: 487825
Транзакция <1250> Финиш. Время операции: 0,000 сек.
---------------------------------------------------------------------------------
Транзакция <1251> Старт. Перевод: 1741 руб. fromAcc: 200 toAcc: 710 
    <Начальные остатки> from: 421586      to: 482228
     <Конечные остатки> from: 419845      to: 483969
Транзакция <1251> Финиш. Время операции: 0,000 сек.
---------------------------------------------------------------------------------
Транзакция <1252> Старт. Перевод: 4408 руб. fromAcc: 107 toAcc: 287 
    <Начальные остатки> from: 423589      to: 402938
     <Конечные остатки> from: 419181      to: 407346
Транзакция <1252> Финиш. Время операции: 0,000 сек.
---------------------------------------------------------------------------------
Транзакция <1253> Старт. Перевод: 313 руб. fromAcc: 879 toAcc: 491 
    <Начальные остатки> from: 356567      to: 443899
     <Конечные остатки> from: 356254      to: 444212
Транзакция <1253> Финиш. Время операции: 0,000 сек.
---------------------------------------------------------------------------------
Транзакция <1254> Старт. Перевод: 7853 руб. fromAcc: 564 toAcc: 807 
    <Начальные остатки> from: 409598      to: 341788
     <Конечные остатки> from: 401745      to: 349641
Транзакция <1254> Финиш. Время операции: 0,000 сек.
---------------------------------------------------------------------------------
Транзакция <1255> Старт. Перевод: 843 руб. fromAcc: 420 toAcc: 422 
    <Начальные остатки> from: 327444      to: 391023
     <Конечные остатки> from: 326601      to: 391866
Транзакция <1255> Финиш. Время операции: 0,000 сек.
---------------------------------------------------------------------------------
Транзакция <1256> Старт. Перевод: 1726 руб. fromAcc: 367 toAcc: 565 
    <Начальные остатки> from: 378727      to: 496672
     <Конечные остатки> from: 377001      to: 498398
Транзакция <1256> Финиш. Время операции: 0,000 сек.
---------------------------------------------------------------------------------
Транзакция <1257> Старт. Перевод: 6413 руб. fromAcc: 954 toAcc: 167 
    <Начальные остатки> from: 362228      to: 424738
     <Конечные остатки> from: 355815      to: 431151
Транзакция <1257> Финиш. Время операции: 0,000 сек.
---------------------------------------------------------------------------------
Транзакция <1258> Старт. Перевод: 3551 руб. fromAcc: 315 toAcc: 468 
    <Начальные остатки> from: 340810      to: 353472
     <Конечные остатки> from: 337259      to: 357023
Транзакция <1258> Финиш. Время операции: 0,000 сек.
---------------------------------------------------------------------------------
Транзакция <1259> Старт. Перевод: 5917 руб. fromAcc: 802 toAcc: 355 
    <Начальные остатки> from: 387631      to: 308943
     <Конечные остатки> from: 381714      to: 314860
Транзакция <1259> Финиш. Время операции: 0,000 сек.
---------------------------------------------------------------------------------
Транзакция <1260> Старт. Перевод: 586 руб. fromAcc: 830 toAcc: 288 
    <Начальные остатки> from: 316884      to: 473540
     <Конечные остатки> from: 316298      to: 474126
Транзакция <1260> Финиш. Время операции: 0,000 сек.
---------------------------------------------------------------------------------
Транзакция <1261> Старт. Перевод: 7539 руб. fromAcc: 53 toAcc: 645 
    <Начальные остатки> from: 514725      to: 477924
     <Конечные остатки> from: 507186      to: 485463
Транзакция <1261> Финиш. Время операции: 0,000 сек.
---------------------------------------------------------------------------------
Транзакция <1262> Старт. Перевод: 3462 руб. fromAcc: 107 toAcc: 186 
    <Начальные остатки> from: 419181      to: 482561
     <Конечные остатки> from: 415719      to: 486023
Транзакция <1262> Финиш. Время операции: 0,000 сек.
---------------------------------------------------------------------------------
Транзакция <1263> Старт. Перевод: 8622 руб. fromAcc: 56 toAcc: 128 
    <Начальные остатки> from: 485096      to: 427548
     <Конечные остатки> from: 476474      to: 436170
Транзакция <1263> Финиш. Время операции: 0,000 сек.
---------------------------------------------------------------------------------
Транзакция <1264> Старт. Перевод: 9910 руб. fromAcc: 133 toAcc: 35 
    <Начальные остатки> from: 308716      to: 403887
     <Конечные остатки> from: 298806      to: 413797
Транзакция <1264> Финиш. Время операции: 0,000 сек.
---------------------------------------------------------------------------------
Транзакция <1265> Старт. Перевод: 2433 руб. fromAcc: 547 toAcc: 277 
    <Начальные остатки> from: 440168      to: 312778
     <Конечные остатки> from: 437735      to: 315211
Транзакция <1265> Финиш. Время операции: 0,000 сек.
---------------------------------------------------------------------------------
Транзакция <1266> Старт. Перевод: 5317 руб. fromAcc: 916 toAcc: 381 
    <Начальные остатки> from: 387860      to: 399978
     <Конечные остатки> from: 382543      to: 405295
Транзакция <1266> Финиш. Время операции: 0,000 сек.
---------------------------------------------------------------------------------
Транзакция <1267> Старт. Перевод: 55000 руб. fromAcc: 373 toAcc: 949 
    <Начальные остатки> from: 447450      to: 407918
Транзакция <1268> Старт. Перевод: 7426 руб. fromAcc: 474 toAcc: 496 
    <Начальные остатки> from: 351557      to: 437152
     <Конечные остатки> from: 344131      to: 444578
Транзакция <1268> Финиш. Время операции: 0,000 сек.
---------------------------------------------------------------------------------
Транзакция <1269> Старт. Перевод: 10074 руб. fromAcc: 930 toAcc: 5 
    <Начальные остатки> from: 491188      to: 282435
     <Конечные остатки> from: 481114      to: 292509
Транзакция <1269> Финиш. Время операции: 0,000 сек.
---------------------------------------------------------------------------------
Транзакция <1270> Старт. Перевод: 5457 руб. fromAcc: 629 toAcc: 584 
    <Начальные остатки> from: 440294      to: 362149
     <Конечные остатки> from: 434837      to: 367606
Транзакция <1270> Финиш. Время операции: 0,000 сек.
---------------------------------------------------------------------------------
Транзакция <1271> Старт. Перевод: 6673 руб. fromAcc: 57 toAcc: 313 
    <Начальные остатки> from: 389789      to: 502546
     <Конечные остатки> from: 383116      to: 509219
Транзакция <1271> Финиш. Время операции: 0,000 сек.
---------------------------------------------------------------------------------
Транзакция <1272> Старт. Перевод: 5276 руб. fromAcc: 771 toAcc: 893 
    <Начальные остатки> from: 461431      to: 422164
     <Конечные остатки> from: 456155      to: 427440
Транзакция <1272> Финиш. Время операции: 0,000 сек.
---------------------------------------------------------------------------------
Транзакция <1273> Старт. Перевод: 7507 руб. fromAcc: 304 toAcc: 299 
    <Начальные остатки> from: 386957      to: 386936
     <Конечные остатки> from: 379450      to: 394443
Транзакция <1273> Финиш. Время операции: 0,000 сек.
---------------------------------------------------------------------------------
Транзакция <1274> Старт. Перевод: 5739 руб. fromAcc: 936 toAcc: 514 
    <Начальные остатки> from: 320565      to: 334564
     <Конечные остатки> from: 314826      to: 340303
Транзакция <1274> Финиш. Время операции: 0,000 сек.
---------------------------------------------------------------------------------
Транзакция <1275> Старт. Перевод: 5659 руб. fromAcc: 166 toAcc: 750 
    <Начальные остатки> from: 444298      to: 505582
     <Конечные остатки> from: 438639      to: 511241
Транзакция <1275> Финиш. Время операции: 0,000 сек.
---------------------------------------------------------------------------------
Транзакция <1276> Старт. Перевод: 511 руб. fromAcc: 759 toAcc: 899 
    <Начальные остатки> from: 455818      to: 328310
     <Конечные остатки> from: 455307      to: 328821
Транзакция <1276> Финиш. Время операции: 0,000 сек.
---------------------------------------------------------------------------------
Транзакция <1277> Старт. Перевод: 5983 руб. fromAcc: 593 toAcc: 15 
    <Начальные остатки> from: 341101      to: 403060
     <Конечные остатки> from: 335118      to: 409043
Транзакция <1277> Финиш. Время операции: 0,000 сек.
---------------------------------------------------------------------------------
Транзакция <1278> Старт. Перевод: 3247 руб. fromAcc: 356 toAcc: 295 
    <Начальные остатки> from: 347244      to: 444206
     <Конечные остатки> from: 343997      to: 447453
Транзакция <1278> Финиш. Время операции: 0,000 сек.
---------------------------------------------------------------------------------
Транзакция <1279> Старт. Перевод: 3059 руб. fromAcc: 348 toAcc: 367 
    <Начальные остатки> from: 443426      to: 377001
     <Конечные остатки> from: 440367      to: 380060
Транзакция <1279> Финиш. Время операции: 0,000 сек.
---------------------------------------------------------------------------------
Транзакция <1280> Старт. Перевод: 862 руб. fromAcc: 252 toAcc: 711 
    <Начальные остатки> from: 493666      to: 457924
     <Конечные остатки> from: 492804      to: 458786
Транзакция <1280> Финиш. Время операции: 0,000 сек.
---------------------------------------------------------------------------------
Транзакция <1281> Старт. Перевод: 1382 руб. fromAcc: 765 toAcc: 655 
    <Начальные остатки> from: 483535      to: 461728
     <Конечные остатки> from: 482153      to: 463110
Транзакция <1281> Финиш. Время операции: 0,000 сек.
---------------------------------------------------------------------------------
Транзакция <1282> Старт. Перевод: 55000 руб. fromAcc: 400 toAcc: 744 
    <Начальные остатки> from: 426841      to: 354177
Транзакция <1283> Старт. Перевод: 8120 руб. fromAcc: 123 toAcc: 608 
    <Начальные остатки> from: 418443      to: 405781
     <Конечные остатки> from: 410323      to: 413901
Транзакция <1283> Финиш. Время операции: 0,000 сек.
---------------------------------------------------------------------------------
Транзакция <1284> Старт. Перевод: 9296 руб. fromAcc: 41 toAcc: 606 
    <Начальные остатки> from: 423716      to: 488983
     <Конечные остатки> from: 414420      to: 498279
Транзакция <1284> Финиш. Время операции: 0,000 сек.
---------------------------------------------------------------------------------
Транзакция <1285> Старт. Перевод: 8464 руб. fromAcc: 484 toAcc: 943 
    <Начальные остатки> from: 382659      to: 365241
     <Конечные остатки> from: 374195      to: 373705
Транзакция <1285> Финиш. Время операции: 0,000 сек.
---------------------------------------------------------------------------------
Транзакция <1286> Старт. Перевод: 7298 руб. fromAcc: 20 toAcc: 891 
    <Начальные остатки> from: 373926      to: 497023
     <Конечные остатки> from: 366628      to: 504321
Транзакция <1286> Финиш. Время операции: 0,001 сек.
---------------------------------------------------------------------------------
Транзакция <1287> Старт. Перевод: 169 руб. fromAcc: 40 toAcc: 198 
    <Начальные остатки> from: 393342      to: 392297
     <Конечные остатки> from: 393173      to: 392466
Транзакция <1287> Финиш. Время операции: 0,000 сек.
---------------------------------------------------------------------------------
Транзакция <1288> Старт. Перевод: 55000 руб. fromAcc: 396 toAcc: 611 
    <Начальные остатки> from: 394826      to: 356632
Транзакция <1289> Старт. Перевод: 1691 руб. fromAcc: 195 toAcc: 32 
    <Начальные остатки> from: 406037      to: 425755
     <Конечные остатки> from: 404346      to: 427446
Транзакция <1289> Финиш. Время операции: 0,000 сек.
---------------------------------------------------------------------------------
Транзакция <1290> Старт. Перевод: 3652 руб. fromAcc: 885 toAcc: 952 
    <Начальные остатки> from: 541349      to: 363519
     <Конечные остатки> from: 537697      to: 367171
Транзакция <1290> Финиш. Время операции: 0,000 сек.
---------------------------------------------------------------------------------
Транзакция <1291> Старт. Перевод: 599 руб. fromAcc: 371 toAcc: 91 
    <Начальные остатки> from: 321083      to: 348348
     <Конечные остатки> from: 320484      to: 348947
Транзакция <1291> Финиш. Время операции: 0,000 сек.
---------------------------------------------------------------------------------
Транзакция <1292> Старт. Перевод: 55000 руб. fromAcc: 199 toAcc: 113 
    <Начальные остатки> from: 467300      to: 378679
[ Операция невозможна из-за блокировки счета !!! ]
from: true to: false
     <Конечные остатки> from: 467300      to: 378679
Транзакция <1292> Финиш. Время операции: 0,000 сек.
---------------------------------------------------------------------------------
Транзакция <1293> Старт. Перевод: 5199 руб. fromAcc: 715 toAcc: 226 
    <Начальные остатки> from: 349164      to: 367937
     <Конечные остатки> from: 343965      to: 373136
Транзакция <1293> Финиш. Время операции: 0,000 сек.
---------------------------------------------------------------------------------
Транзакция <1294> Старт. Перевод: 3914 руб. fromAcc: 696 toAcc: 649 
    <Начальные остатки> from: 326512      to: 464537
     <Конечные остатки> from: 322598      to: 468451
Транзакция <1294> Финиш. Время операции: 0,000 сек.
---------------------------------------------------------------------------------
Транзакция <1295> Старт. Перевод: 7405 руб. fromAcc: 708 toAcc: 369 
    <Начальные остатки> from: 473421      to: 351339
     <Конечные остатки> from: 466016      to: 358744
Транзакция <1295> Финиш. Время операции: 0,000 сек.
---------------------------------------------------------------------------------
Транзакция <1296> Старт. Перевод: 2774 руб. fromAcc: 522 toAcc: 851 
    <Начальные остатки> from: 486348      to: 458943
     <Конечные остатки> from: 483574      to: 461717
Транзакция <1296> Финиш. Время операции: 0,000 сек.
---------------------------------------------------------------------------------
Транзакция <1297> Старт. Перевод: 55000 руб. fromAcc: 837 toAcc: 309 
    <Начальные остатки> from: 403608      to: 402193
Транзакция <1298> Старт. Перевод: 9083 руб. fromAcc: 756 toAcc: 520 
    <Начальные остатки> from: 425138      to: 483170
     <Конечные остатки> from: 416055      to: 492253
Транзакция <1298> Финиш. Время операции: 0,000 сек.
---------------------------------------------------------------------------------
Транзакция <1299> Старт. Перевод: 7469 руб. fromAcc: 185 toAcc: 187 
    <Начальные остатки> from: 388916      to: 407513
     <Конечные остатки> from: 381447      to: 414982
Транзакция <1299> Финиш. Время операции: 0,000 сек.
---------------------------------------------------------------------------------
Транзакция <1300> Старт. Перевод: 6514 руб. fromAcc: 410 toAcc: 565 
    <Начальные остатки> from: 321345      to: 498398
     <Конечные остатки> from: 314831      to: 504912
Транзакция <1300> Финиш. Время операции: 0,000 сек.
---------------------------------------------------------------------------------
Транзакция <1301> Старт. Перевод: 7855 руб. fromAcc: 720 toAcc: 202 
    <Начальные остатки> from: 404655      to: 397636
     <Конечные остатки> from: 396800      to: 405491
Транзакция <1301> Финиш. Время операции: 0,000 сек.
---------------------------------------------------------------------------------
Транзакция <1302> Старт. Перевод: 6771 руб. fromAcc: 955 toAcc: 861 
    <Начальные остатки> from: 495318      to: 342422
     <Конечные остатки> from: 488547      to: 349193
Транзакция <1302> Финиш. Время операции: 0,000 сек.
---------------------------------------------------------------------------------
Транзакция <1303> Старт. Перевод: 8670 руб. fromAcc: 318 toAcc: 393 
    <Начальные остатки> from: 412286      to: 421100
     <Конечные остатки> from: 403616      to: 429770
Транзакция <1303> Финиш. Время операции: 0,000 сек.
---------------------------------------------------------------------------------
Транзакция <1304> Старт. Перевод: 1203 руб. fromAcc: 18 toAcc: 936 
    <Начальные остатки> from: 316996      to: 314826
     <Конечные остатки> from: 315793      to: 316029
Транзакция <1304> Финиш. Время операции: 0,000 сек.
---------------------------------------------------------------------------------
Транзакция <1305> Старт. Перевод: 8753 руб. fromAcc: 217 toAcc: 67 
    <Начальные остатки> from: 481738      to: 436077
     <Конечные остатки> from: 472985      to: 444830
Транзакция <1305> Финиш. Время операции: 0,000 сек.
---------------------------------------------------------------------------------
Транзакция <1306> Старт. Перевод: 2065 руб. fromAcc: 541 toAcc: 926 
    <Начальные остатки> from: 319640      to: 418258
     <Конечные остатки> from: 317575      to: 420323
Транзакция <1306> Финиш. Время операции: 0,000 сек.
---------------------------------------------------------------------------------
Транзакция <1307> Старт. Перевод: 3450 руб. fromAcc: 584 toAcc: 389 
    <Начальные остатки> from: 367606      to: 347436
     <Конечные остатки> from: 364156      to: 350886
Транзакция <1307> Финиш. Время операции: 0,000 сек.
---------------------------------------------------------------------------------
Транзакция <1308> Старт. Перевод: 7163 руб. fromAcc: 425 toAcc: 80 
    <Начальные остатки> from: 330503      to: 303502
     <Конечные остатки> from: 323340      to: 310665
Транзакция <1308> Финиш. Время операции: 0,000 сек.
---------------------------------------------------------------------------------
Транзакция <1309> Старт. Перевод: 5312 руб. fromAcc: 153 toAcc: 392 
    <Начальные остатки> from: 356173      to: 327924
     <Конечные остатки> from: 350861      to: 333236
Транзакция <1309> Финиш. Время операции: 0,000 сек.
---------------------------------------------------------------------------------
Транзакция <1310> Старт. Перевод: 1975 руб. fromAcc: 807 toAcc: 711 
    <Начальные остатки> from: 349641      to: 458786
     <Конечные остатки> from: 347666      to: 460761
Транзакция <1310> Финиш. Время операции: 0,000 сек.
---------------------------------------------------------------------------------
Транзакция <1311> Старт. Перевод: 2068 руб. fromAcc: 929 toAcc: 726 
    <Начальные остатки> from: 345449      to: 434113
     <Конечные остатки> from: 343381      to: 436181
Транзакция <1311> Финиш. Время операции: 0,000 сек.
---------------------------------------------------------------------------------
Транзакция <1312> Старт. Перевод: 6954 руб. fromAcc: 135 toAcc: 35 
    <Начальные остатки> from: 418574      to: 413797
     <Конечные остатки> from: 411620      to: 420751
Транзакция <1312> Финиш. Время операции: 0,000 сек.
---------------------------------------------------------------------------------
Транзакция <1313> Старт. Перевод: 5795 руб. fromAcc: 740 toAcc: 270 
    <Начальные остатки> from: 462358      to: 326952
     <Конечные остатки> from: 456563      to: 332747
Транзакция <1313> Финиш. Время операции: 0,000 сек.
---------------------------------------------------------------------------------
Транзакция <1314> Старт. Перевод: 183 руб. fromAcc: 465 toAcc: 617 
    <Начальные остатки> from: 385239      to: 335664
     <Конечные остатки> from: 385056      to: 335847
Транзакция <1314> Финиш. Время операции: 0,000 сек.
---------------------------------------------------------------------------------
     <Конечные остатки> from: 278660      to: 492213
Транзакция <1315> Старт. Перевод: 9752 руб. fromAcc: 706 toAcc: 900 
    <Начальные остатки> from: 359413      to: 344059
Транзакция <396> Финиш. Время операции: 8,585 сек.
     <Конечные остатки> from: 349661      to: 353811
Транзакция <1315> Финиш. Время операции: 0,000 сек.
---------------------------------------------------------------------------------
---------------------------------------------------------------------------------
Транзакция <1316> Старт. Перевод: 55000 руб. fromAcc: 670 toAcc: 378 
    <Начальные остатки> from: 438669      to: 301602
Транзакция <1317> Старт. Перевод: 55000 руб. fromAcc: 802 toAcc: 912 
    <Начальные остатки> from: 381714      to: 466758
Транзакция <1318> Старт. Перевод: 3720 руб. fromAcc: 469 toAcc: 171 
    <Начальные остатки> from: 326730      to: 470225
     <Конечные остатки> from: 323010      to: 473945
Транзакция <1318> Финиш. Время операции: 0,000 сек.
---------------------------------------------------------------------------------
Транзакция <1319> Старт. Перевод: 7395 руб. fromAcc: 707 toAcc: 947 
    <Начальные остатки> from: 462879      to: 386269
     <Конечные остатки> from: 455484      to: 393664
Транзакция <1319> Финиш. Время операции: 0,000 сек.
---------------------------------------------------------------------------------
Транзакция <1320> Старт. Перевод: 7433 руб. fromAcc: 238 toAcc: 582 
    <Начальные остатки> from: 280122      to: 377768
     <Конечные остатки> from: 272689      to: 385201
Транзакция <1320> Финиш. Время операции: 0,000 сек.
---------------------------------------------------------------------------------
Транзакция <1321> Старт. Перевод: 5296 руб. fromAcc: 417 toAcc: 55 
    <Начальные остатки> from: 470936      to: 397122
     <Конечные остатки> from: 465640      to: 402418
Транзакция <1321> Финиш. Время операции: 0,000 сек.
---------------------------------------------------------------------------------
Транзакция <1322> Старт. Перевод: 7086 руб. fromAcc: 105 toAcc: 549 
    <Начальные остатки> from: 399731      to: 362326
     <Конечные остатки> from: 392645      to: 369412
Транзакция <1322> Финиш. Время операции: 0,000 сек.
---------------------------------------------------------------------------------
Транзакция <1323> Старт. Перевод: 1757 руб. fromAcc: 503 toAcc: 77 
    <Начальные остатки> from: 312442      to: 402935
     <Конечные остатки> from: 310685      to: 404692
Транзакция <1323> Финиш. Время операции: 0,000 сек.
---------------------------------------------------------------------------------
Транзакция <1324> Старт. Перевод: 3312 руб. fromAcc: 126 toAcc: 566 
    <Начальные остатки> from: 405322      to: 319997
     <Конечные остатки> from: 402010      to: 323309
Транзакция <1324> Финиш. Время операции: 0,000 сек.
---------------------------------------------------------------------------------
Транзакция <1325> Старт. Перевод: 700 руб. fromAcc: 994 toAcc: 298 
    <Начальные остатки> from: 310315      to: 336810
     <Конечные остатки> from: 309615      to: 337510
Транзакция <1325> Финиш. Время операции: 0,000 сек.
---------------------------------------------------------------------------------
Транзакция <1326> Старт. Перевод: 4367 руб. fromAcc: 225 toAcc: 204 
    <Начальные остатки> from: 480449      to: 544964
     <Конечные остатки> from: 476082      to: 549331
Транзакция <1326> Финиш. Время операции: 0,000 сек.
---------------------------------------------------------------------------------
Транзакция <1327> Старт. Перевод: 287 руб. fromAcc: 155 toAcc: 236 
    <Начальные остатки> from: 265176      to: 356402
     <Конечные остатки> from: 264889      to: 356689
Транзакция <1327> Финиш. Время операции: 0,000 сек.
---------------------------------------------------------------------------------
Транзакция <1328> Старт. Перевод: 719 руб. fromAcc: 20 toAcc: 915 
    <Начальные остатки> from: 366628      to: 378227
     <Конечные остатки> from: 365909      to: 378946
Транзакция <1328> Финиш. Время операции: 0,000 сек.
---------------------------------------------------------------------------------
Транзакция <1329> Старт. Перевод: 5873 руб. fromAcc: 987 toAcc: 213 
    <Начальные остатки> from: 399417      to: 435921
     <Конечные остатки> from: 393544      to: 441794
Транзакция <1329> Финиш. Время операции: 0,000 сек.
---------------------------------------------------------------------------------
Транзакция <1330> Старт. Перевод: 2218 руб. fromAcc: 55 toAcc: 123 
    <Начальные остатки> from: 402418      to: 410323
     <Конечные остатки> from: 400200      to: 412541
Транзакция <1330> Финиш. Время операции: 0,000 сек.
---------------------------------------------------------------------------------
Транзакция <1331> Старт. Перевод: 1283 руб. fromAcc: 904 toAcc: 620 
    <Начальные остатки> from: 326581      to: 438377
     <Конечные остатки> from: 325298      to: 439660
Транзакция <1331> Финиш. Время операции: 0,000 сек.
---------------------------------------------------------------------------------
Транзакция <1332> Старт. Перевод: 7415 руб. fromAcc: 304 toAcc: 236 
    <Начальные остатки> from: 379450      to: 356689
     <Конечные остатки> from: 372035      to: 364104
Транзакция <1332> Финиш. Время операции: 0,000 сек.
---------------------------------------------------------------------------------
Транзакция <1333> Старт. Перевод: 4211 руб. fromAcc: 95 toAcc: 146 
    <Начальные остатки> from: 427270      to: 396782
     <Конечные остатки> from: 423059      to: 400993
Транзакция <1333> Финиш. Время операции: 0,000 сек.
---------------------------------------------------------------------------------
Транзакция <1334> Старт. Перевод: 7123 руб. fromAcc: 66 toAcc: 468 
    <Начальные остатки> from: 330818      to: 357023
     <Конечные остатки> from: 323695      to: 364146
Транзакция <1334> Финиш. Время операции: 0,001 сек.
---------------------------------------------------------------------------------
Транзакция <1335> Старт. Перевод: 4063 руб. fromAcc: 290 toAcc: 488 
    <Начальные остатки> from: 406764      to: 331944
     <Конечные остатки> from: 402701      to: 336007
Транзакция <1335> Финиш. Время операции: 0,000 сек.
---------------------------------------------------------------------------------
Транзакция <1336> Старт. Перевод: 6761 руб. fromAcc: 602 toAcc: 628 
    <Начальные остатки> from: 488850      to: 393815
     <Конечные остатки> from: 482089      to: 400576
Транзакция <1336> Финиш. Время операции: 0,001 сек.
---------------------------------------------------------------------------------
Транзакция <1337> Старт. Перевод: 3083 руб. fromAcc: 927 toAcc: 309 
    <Начальные остатки> from: 347119      to: 457193
     <Конечные остатки> from: 344036      to: 460276
Транзакция <1337> Финиш. Время операции: 0,000 сек.
---------------------------------------------------------------------------------
Транзакция <1338> Старт. Перевод: 4573 руб. fromAcc: 140 toAcc: 260 
    <Начальные остатки> from: 307601      to: 405054
     <Конечные остатки> from: 303028      to: 409627
Транзакция <1338> Финиш. Время операции: 0,000 сек.
---------------------------------------------------------------------------------
Транзакция <1339> Старт. Перевод: 4053 руб. fromAcc: 954 toAcc: 478 
    <Начальные остатки> from: 355815      to: 326597
     <Конечные остатки> from: 351762      to: 330650
Транзакция <1339> Финиш. Время операции: 0,000 сек.
---------------------------------------------------------------------------------
Транзакция <1340> Старт. Перевод: 5283 руб. fromAcc: 106 toAcc: 786 
    <Начальные остатки> from: 341413      to: 278660
     <Конечные остатки> from: 336130      to: 283943
Транзакция <1340> Финиш. Время операции: 0,000 сек.
---------------------------------------------------------------------------------
Транзакция <1341> Старт. Перевод: 419 руб. fromAcc: 769 toAcc: 840 
    <Начальные остатки> from: 297258      to: 510265
[ Операция невозможна из-за блокировки счета !!! ]
from: true to: false
     <Конечные остатки> from: 297258      to: 510265
Транзакция <1341> Финиш. Время операции: 0,000 сек.
---------------------------------------------------------------------------------
Транзакция <1342> Старт. Перевод: 1257 руб. fromAcc: 689 toAcc: 545 
    <Начальные остатки> from: 341474      to: 366617
     <Конечные остатки> from: 340217      to: 367874
Транзакция <1342> Финиш. Время операции: 0,000 сек.
---------------------------------------------------------------------------------
Транзакция <1343> Старт. Перевод: 7135 руб. fromAcc: 6 toAcc: 47 
    <Начальные остатки> from: 405412      to: 341867
     <Конечные остатки> from: 398277      to: 349002
Транзакция <1343> Финиш. Время операции: 0,000 сек.
---------------------------------------------------------------------------------
Транзакция <1344> Старт. Перевод: 5741 руб. fromAcc: 115 toAcc: 860 
    <Начальные остатки> from: 343720      to: 445522
     <Конечные остатки> from: 337979      to: 451263
Транзакция <1344> Финиш. Время операции: 0,000 сек.
---------------------------------------------------------------------------------
Транзакция <1345> Старт. Перевод: 3064 руб. fromAcc: 193 toAcc: 231 
    <Начальные остатки> from: 343779      to: 464355
     <Конечные остатки> from: 340715      to: 467419
Транзакция <1345> Финиш. Время операции: 0,000 сек.
---------------------------------------------------------------------------------
Транзакция <1346> Старт. Перевод: 5255 руб. fromAcc: 232 toAcc: 556 
    <Начальные остатки> from: 474385      to: 433839
     <Конечные остатки> from: 469130      to: 439094
Транзакция <1346> Финиш. Время операции: 0,000 сек.
---------------------------------------------------------------------------------
Транзакция <1347> Старт. Перевод: 8252 руб. fromAcc: 486 toAcc: 508 
    <Начальные остатки> from: 377161      to: 472418
     <Конечные остатки> from: 368909      to: 480670
Транзакция <1347> Финиш. Время операции: 0,000 сек.
---------------------------------------------------------------------------------
Транзакция <1348> Старт. Перевод: 699 руб. fromAcc: 277 toAcc: 540 
    <Начальные остатки> from: 315211      to: 493008
     <Конечные остатки> from: 314512      to: 493707
Транзакция <1348> Финиш. Время операции: 0,000 сек.
---------------------------------------------------------------------------------
Транзакция <1349> Старт. Перевод: 55000 руб. fromAcc: 991 toAcc: 619 
    <Начальные остатки> from: 394519      to: 461521
Транзакция <1350> Старт. Перевод: 6056 руб. fromAcc: 179 toAcc: 932 
    <Начальные остатки> from: 474161      to: 319311
     <Конечные остатки> from: 468105      to: 325367
Транзакция <1350> Финиш. Время операции: 0,000 сек.
---------------------------------------------------------------------------------
Транзакция <1351> Старт. Перевод: 4716 руб. fromAcc: 915 toAcc: 403 
    <Начальные остатки> from: 378946      to: 448892
     <Конечные остатки> from: 374230      to: 453608
Транзакция <1351> Финиш. Время операции: 0,000 сек.
---------------------------------------------------------------------------------
***********************   < 333,333 операция в секунду >   **************************
Транзакция <1352> Старт. Перевод: 2380 руб. fromAcc: 918 toAcc: 40 
    <Начальные остатки> from: 425572      to: 393173
     <Конечные остатки> from: 423192      to: 395553
Транзакция <1352> Финиш. Время операции: 0,000 сек.
---------------------------------------------------------------------------------
Транзакция <1353> Старт. Перевод: 7211 руб. fromAcc: 152 toAcc: 943 
    <Начальные остатки> from: 467290      to: 373705
     <Конечные остатки> from: 460079      to: 380916
Транзакция <1353> Финиш. Время операции: 0,000 сек.
---------------------------------------------------------------------------------
Транзакция <1354> Старт. Перевод: 9387 руб. fromAcc: 855 toAcc: 586 
    <Начальные остатки> from: 315846      to: 364545
     <Конечные остатки> from: 306459      to: 373932
Транзакция <1354> Финиш. Время операции: 0,000 сек.
---------------------------------------------------------------------------------
Транзакция <1355> Старт. Перевод: 1753 руб. fromAcc: 163 toAcc: 855 
    <Начальные остатки> from: 303036      to: 306459
     <Конечные остатки> from: 301283      to: 308212
Транзакция <1355> Финиш. Время операции: 0,000 сек.
---------------------------------------------------------------------------------
Транзакция <1356> Старт. Перевод: 8732 руб. fromAcc: 102 toAcc: 810 
    <Начальные остатки> from: 501304      to: 383261
     <Конечные остатки> from: 492572      to: 391993
Транзакция <1356> Финиш. Время операции: 0,000 сек.
---------------------------------------------------------------------------------
Транзакция <1357> Старт. Перевод: 5858 руб. fromAcc: 833 toAcc: 916 
    <Начальные остатки> from: 499013      to: 382543
     <Конечные остатки> from: 493155      to: 388401
Транзакция <1357> Финиш. Время операции: 0,000 сек.
---------------------------------------------------------------------------------
Транзакция <1358> Старт. Перевод: 1289 руб. fromAcc: 951 toAcc: 572 
    <Начальные остатки> from: 318117      to: 398914
     <Конечные остатки> from: 316828      to: 400203
Транзакция <1358> Финиш. Время операции: 0,000 сек.
---------------------------------------------------------------------------------
Транзакция <1359> Старт. Перевод: 3627 руб. fromAcc: 112 toAcc: 734 
    <Начальные остатки> from: 352230      to: 420134
     <Конечные остатки> from: 348603      to: 423761
Транзакция <1359> Финиш. Время операции: 0,000 сек.
---------------------------------------------------------------------------------
Транзакция <1360> Старт. Перевод: 7509 руб. fromAcc: 501 toAcc: 314 
    <Начальные остатки> from: 485296      to: 436281
     <Конечные остатки> from: 477787      to: 443790
Транзакция <1360> Финиш. Время операции: 0,000 сек.
---------------------------------------------------------------------------------
Транзакция <1361> Старт. Перевод: 55000 руб. fromAcc: 457 toAcc: 797 
    <Начальные остатки> from: 367160      to: 395562
Транзакция <1362> Старт. Перевод: 8898 руб. fromAcc: 942 toAcc: 85 
    <Начальные остатки> from: 330307      to: 403802
     <Конечные остатки> from: 321409      to: 412700
Транзакция <1362> Финиш. Время операции: 0,000 сек.
---------------------------------------------------------------------------------
Транзакция <1363> Старт. Перевод: 7284 руб. fromAcc: 213 toAcc: 840 
    <Начальные остатки> from: 441794      to: 510265
[ Операция невозможна из-за блокировки счета !!! ]
from: true to: false
     <Конечные остатки> from: 441794      to: 510265
Транзакция <1363> Финиш. Время операции: 0,001 сек.
---------------------------------------------------------------------------------
Транзакция <1364> Старт. Перевод: 923 руб. fromAcc: 328 toAcc: 855 
    <Начальные остатки> from: 312951      to: 308212
     <Конечные остатки> from: 312028      to: 309135
Транзакция <1364> Финиш. Время операции: 0,000 сек.
---------------------------------------------------------------------------------
Транзакция <1365> Старт. Перевод: 1525 руб. fromAcc: 57 toAcc: 293 
    <Начальные остатки> from: 383116      to: 312035
     <Конечные остатки> from: 381591      to: 313560
Транзакция <1365> Финиш. Время операции: 0,000 сек.
---------------------------------------------------------------------------------
Транзакция <1366> Старт. Перевод: 962 руб. fromAcc: 967 toAcc: 77 
    <Начальные остатки> from: 327289      to: 404692
     <Конечные остатки> from: 326327      to: 405654
Транзакция <1366> Финиш. Время операции: 0,000 сек.
---------------------------------------------------------------------------------
Транзакция <1367> Старт. Перевод: 9188 руб. fromAcc: 487 toAcc: 174 
    <Начальные остатки> from: 378627      to: 421709
     <Конечные остатки> from: 369439      to: 430897
Транзакция <1367> Финиш. Время операции: 0,000 сек.
---------------------------------------------------------------------------------
Транзакция <1368> Старт. Перевод: 3800 руб. fromAcc: 696 toAcc: 999 
    <Начальные остатки> from: 322598      to: 454590
     <Конечные остатки> from: 318798      to: 458390
Транзакция <1368> Финиш. Время операции: 0,000 сек.
---------------------------------------------------------------------------------
Транзакция <1369> Старт. Перевод: 1576 руб. fromAcc: 277 toAcc: 643 
    <Начальные остатки> from: 314512      to: 354913
     <Конечные остатки> from: 312936      to: 356489
Транзакция <1369> Финиш. Время операции: 0,000 сек.
---------------------------------------------------------------------------------
Транзакция <1370> Старт. Перевод: 6857 руб. fromAcc: 425 toAcc: 342 
    <Начальные остатки> from: 323340      to: 426424
     <Конечные остатки> from: 316483      to: 433281
Транзакция <1370> Финиш. Время операции: 0,001 сек.
---------------------------------------------------------------------------------
Транзакция <1371> Старт. Перевод: 7668 руб. fromAcc: 284 toAcc: 17 
    <Начальные остатки> from: 319639      to: 478094
     <Конечные остатки> from: 311971      to: 485762
Транзакция <1371> Финиш. Время операции: 0,000 сек.
---------------------------------------------------------------------------------
Транзакция <1372> Старт. Перевод: 8139 руб. fromAcc: 654 toAcc: 778 
    <Начальные остатки> from: 418680      to: 456414
     <Конечные остатки> from: 410541      to: 464553
Транзакция <1372> Финиш. Время операции: 0,010 сек.
---------------------------------------------------------------------------------
Транзакция <1373> Старт. Перевод: 4945 руб. fromAcc: 293 toAcc: 1 
    <Начальные остатки> from: 313560      to: 333889
     <Конечные остатки> from: 308615      to: 338834
Транзакция <1373> Финиш. Время операции: 0,000 сек.
---------------------------------------------------------------------------------
Транзакция <1374> Старт. Перевод: 6253 руб. fromAcc: 131 toAcc: 952 
    <Начальные остатки> from: 380899      to: 367171
     <Конечные остатки> from: 374646      to: 373424
Транзакция <1374> Финиш. Время операции: 0,000 сек.
---------------------------------------------------------------------------------
Транзакция <1375> Старт. Перевод: 3963 руб. fromAcc: 114 toAcc: 968 
    <Начальные остатки> from: 335467      to: 484609
     <Конечные остатки> from: 331504      to: 488572
Транзакция <1375> Финиш. Время операции: 0,000 сек.
---------------------------------------------------------------------------------
Транзакция <1376> Старт. Перевод: 3943 руб. fromAcc: 180 toAcc: 890 
    <Начальные остатки> from: 462302      to: 299026
[ Операция невозможна из-за блокировки счета !!! ]
from: false to: true
     <Конечные остатки> from: 462302      to: 299026
Транзакция <1376> Финиш. Время операции: 0,000 сек.
---------------------------------------------------------------------------------
Транзакция <1377> Старт. Перевод: 4334 руб. fromAcc: 101 toAcc: 767 
    <Начальные остатки> from: 424204      to: 355385
     <Конечные остатки> from: 419870      to: 359719
Транзакция <1377> Финиш. Время операции: 0,001 сек.
---------------------------------------------------------------------------------
Транзакция <1378> Старт. Перевод: 9081 руб. fromAcc: 518 toAcc: 880 
    <Начальные остатки> from: 340984      to: 481813
     <Конечные остатки> from: 331903      to: 490894
Транзакция <1378> Финиш. Время операции: 0,000 сек.
---------------------------------------------------------------------------------
Транзакция <1379> Старт. Перевод: 2337 руб. fromAcc: 528 toAcc: 754 
    <Начальные остатки> from: 391376      to: 356223
     <Конечные остатки> from: 389039      to: 358560
Транзакция <1379> Финиш. Время операции: 0,000 сек.
---------------------------------------------------------------------------------
Транзакция <1380> Старт. Перевод: 9566 руб. fromAcc: 609 toAcc: 149 
    <Начальные остатки> from: 319142      to: 354632
     <Конечные остатки> from: 309576      to: 364198
Транзакция <1380> Финиш. Время операции: 0,002 сек.
---------------------------------------------------------------------------------
Транзакция <1381> Старт. Перевод: 2839 руб. fromAcc: 491 toAcc: 10 
    <Начальные остатки> from: 444212      to: 443950
     <Конечные остатки> from: 441373      to: 446789
Транзакция <1381> Финиш. Время операции: 0,000 сек.
---------------------------------------------------------------------------------
Транзакция <1382> Старт. Перевод: 1065 руб. fromAcc: 844 toAcc: 919 
    <Начальные остатки> from: 367174      to: 488731
[ Операция невозможна из-за блокировки счета !!! ]
from: true to: false
     <Конечные остатки> from: 367174      to: 488731
Транзакция <1382> Финиш. Время операции: 0,000 сек.
---------------------------------------------------------------------------------
Транзакция <1383> Старт. Перевод: 728 руб. fromAcc: 261 toAcc: 950 
    <Начальные остатки> from: 483932      to: 360393
     <Конечные остатки> from: 483204      to: 361121
Транзакция <1383> Финиш. Время операции: 0,000 сек.
---------------------------------------------------------------------------------
Транзакция <1384> Старт. Перевод: 9060 руб. fromAcc: 114 toAcc: 683 
    <Начальные остатки> from: 331504      to: 393119
     <Конечные остатки> from: 322444      to: 402179
Транзакция <1384> Финиш. Время операции: 0,002 сек.
---------------------------------------------------------------------------------
Транзакция <1385> Старт. Перевод: 9546 руб. fromAcc: 269 toAcc: 782 
    <Начальные остатки> from: 369497      to: 405162
     <Конечные остатки> from: 359951      to: 414708
Транзакция <1385> Финиш. Время операции: 0,001 сек.
---------------------------------------------------------------------------------
Транзакция <1386> Старт. Перевод: 9123 руб. fromAcc: 561 toAcc: 770 
    <Начальные остатки> from: 443776      to: 405589
     <Конечные остатки> from: 434653      to: 414712
Транзакция <1386> Финиш. Время операции: 0,000 сек.
---------------------------------------------------------------------------------
Транзакция <1387> Старт. Перевод: 7531 руб. fromAcc: 144 toAcc: 515 
    <Начальные остатки> from: 457647      to: 306852
     <Конечные остатки> from: 450116      to: 314383
Транзакция <1387> Финиш. Время операции: 0,000 сек.
---------------------------------------------------------------------------------
Транзакция <1388> Старт. Перевод: 1890 руб. fromAcc: 573 toAcc: 546 
    <Начальные остатки> from: 314187      to: 382301
     <Конечные остатки> from: 312297      to: 384191
Транзакция <1388> Финиш. Время операции: 0,000 сек.
---------------------------------------------------------------------------------
Транзакция <1389> Старт. Перевод: 3750 руб. fromAcc: 485 toAcc: 488 
    <Начальные остатки> from: 298453      to: 336007
     <Конечные остатки> from: 294703      to: 339757
Транзакция <1389> Финиш. Время операции: 0,000 сек.
---------------------------------------------------------------------------------
Транзакция <1390> Старт. Перевод: 1655 руб. fromAcc: 313 toAcc: 814 
    <Начальные остатки> from: 509219      to: 351117
     <Конечные остатки> from: 507564      to: 352772
Транзакция <1390> Финиш. Время операции: 0,000 сек.
---------------------------------------------------------------------------------
Транзакция <1391> Старт. Перевод: 9520 руб. fromAcc: 285 toAcc: 612 
    <Начальные остатки> from: 471290      to: 312150
     <Конечные остатки> from: 461770      to: 321670
Транзакция <1391> Финиш. Время операции: 0,000 сек.
---------------------------------------------------------------------------------
Транзакция <1392> Старт. Перевод: 10047 руб. fromAcc: 334 toAcc: 266 
    <Начальные остатки> from: 426590      to: 466037
     <Конечные остатки> from: 416543      to: 476084
Транзакция <1392> Финиш. Время операции: 0,000 сек.
---------------------------------------------------------------------------------
Транзакция <1393> Старт. Перевод: 2821 руб. fromAcc: 191 toAcc: 794 
    <Начальные остатки> from: 491775      to: 447583
     <Конечные остатки> from: 488954      to: 450404
Транзакция <1393> Финиш. Время операции: 0,000 сек.
---------------------------------------------------------------------------------
Транзакция <1394> Старт. Перевод: 8724 руб. fromAcc: 89 toAcc: 55 
    <Начальные остатки> from: 474421      to: 400200
     <Конечные остатки> from: 465697      to: 408924
Транзакция <1394> Финиш. Время операции: 0,000 сек.
---------------------------------------------------------------------------------
Транзакция <1395> Старт. Перевод: 5890 руб. fromAcc: 19 toAcc: 240 
    <Начальные остатки> from: 409090      to: 350912
     <Конечные остатки> from: 403200      to: 356802
Транзакция <1395> Финиш. Время операции: 0,001 сек.
---------------------------------------------------------------------------------
Транзакция <1396> Старт. Перевод: 55000 руб. fromAcc: 375 toAcc: 817 
    <Начальные остатки> from: 415143      to: 451148
Транзакция <1397> Старт. Перевод: 5198 руб. fromAcc: 744 toAcc: 210 
    <Начальные остатки> from: 409177      to: 506262
     <Конечные остатки> from: 403979      to: 511460
Транзакция <1397> Финиш. Время операции: 0,000 сек.
---------------------------------------------------------------------------------
Транзакция <1398> Старт. Перевод: 9587 руб. fromAcc: 859 toAcc: 18 
    <Начальные остатки> from: 384175      to: 315793
     <Конечные остатки> from: 374588      to: 325380
Транзакция <1398> Финиш. Время операции: 0,000 сек.
---------------------------------------------------------------------------------
Транзакция <1399> Старт. Перевод: 4254 руб. fromAcc: 701 toAcc: 132 
    <Начальные остатки> from: 408077      to: 459739
     <Конечные остатки> from: 403823      to: 463993
Транзакция <1399> Финиш. Время операции: 0,001 сек.
---------------------------------------------------------------------------------
Транзакция <1400> Старт. Перевод: 4883 руб. fromAcc: 335 toAcc: 356 
    <Начальные остатки> from: 341626      to: 343997
     <Конечные остатки> from: 336743      to: 348880
Транзакция <1400> Финиш. Время операции: 0,000 сек.
---------------------------------------------------------------------------------
Транзакция <1401> Старт. Перевод: 3124 руб. fromAcc: 714 toAcc: 434 
    <Начальные остатки> from: 396308      to: 418583
     <Конечные остатки> from: 393184      to: 421707
Транзакция <1401> Финиш. Время операции: 0,000 сек.
---------------------------------------------------------------------------------
Транзакция <1402> Старт. Перевод: 8570 руб. fromAcc: 787 toAcc: 303 
    <Начальные остатки> from: 429912      to: 427478
     <Конечные остатки> from: 421342      to: 436048
Транзакция <1402> Финиш. Время операции: 0,000 сек.
---------------------------------------------------------------------------------
Транзакция <1403> Старт. Перевод: 9754 руб. fromAcc: 511 toAcc: 848 
    <Начальные остатки> from: 445868      to: 493352
     <Конечные остатки> from: 436114      to: 503106
Транзакция <1403> Финиш. Время операции: 0,000 сек.
---------------------------------------------------------------------------------
Транзакция <1404> Старт. Перевод: 9949 руб. fromAcc: 781 toAcc: 68 
    <Начальные остатки> from: 484135      to: 336264
     <Конечные остатки> from: 474186      to: 346213
Транзакция <1404> Финиш. Время операции: 0,000 сек.
---------------------------------------------------------------------------------
Транзакция <1405> Старт. Перевод: 175 руб. fromAcc: 9 toAcc: 134 
    <Начальные остатки> from: 486676      to: 332986
     <Конечные остатки> from: 486501      to: 333161
Транзакция <1405> Финиш. Время операции: 0,000 сек.
---------------------------------------------------------------------------------
Транзакция <1406> Старт. Перевод: 7470 руб. fromAcc: 61 toAcc: 807 
    <Начальные остатки> from: 370752      to: 347666
     <Конечные остатки> from: 363282      to: 355136
Транзакция <1406> Финиш. Время операции: 0,000 сек.
---------------------------------------------------------------------------------
Транзакция <1407> Старт. Перевод: 1251 руб. fromAcc: 285 toAcc: 89 
    <Начальные остатки> from: 461770      to: 465697
     <Конечные остатки> from: 460519      to: 466948
Транзакция <1407> Финиш. Время операции: 0,000 сек.
---------------------------------------------------------------------------------
Транзакция <1408> Старт. Перевод: 4349 руб. fromAcc: 628 toAcc: 776 
    <Начальные остатки> from: 400576      to: 493045
     <Конечные остатки> from: 396227      to: 497394
Транзакция <1408> Финиш. Время операции: 0,000 сек.
---------------------------------------------------------------------------------
Транзакция <1409> Старт. Перевод: 8204 руб. fromAcc: 208 toAcc: 789 
    <Начальные остатки> from: 483960      to: 358805
     <Конечные остатки> from: 475756      to: 367009
Транзакция <1409> Финиш. Время операции: 0,000 сек.
---------------------------------------------------------------------------------
Транзакция <1410> Старт. Перевод: 3595 руб. fromAcc: 271 toAcc: 778 
    <Начальные остатки> from: 486829      to: 464553
     <Конечные остатки> from: 483234      to: 468148
Транзакция <1410> Финиш. Время операции: 0,000 сек.
---------------------------------------------------------------------------------
Транзакция <1411> Старт. Перевод: 9298 руб. fromAcc: 129 toAcc: 505 
    <Начальные остатки> from: 360302      to: 472483
     <Конечные остатки> from: 351004      to: 481781
Транзакция <1411> Финиш. Время операции: 0,000 сек.
---------------------------------------------------------------------------------
Транзакция <1412> Старт. Перевод: 1079 руб. fromAcc: 579 toAcc: 956 
    <Начальные остатки> from: 453691      to: 406070
     <Конечные остатки> from: 452612      to: 407149
Транзакция <1412> Финиш. Время операции: 0,000 сек.
---------------------------------------------------------------------------------
Транзакция <1413> Старт. Перевод: 2575 руб. fromAcc: 271 toAcc: 945 
    <Начальные остатки> from: 483234      to: 349566
     <Конечные остатки> from: 480659      to: 352141
Транзакция <1413> Финиш. Время операции: 0,000 сек.
---------------------------------------------------------------------------------
Транзакция <1414> Старт. Перевод: 7771 руб. fromAcc: 690 toAcc: 227 
    <Начальные остатки> from: 498140      to: 461435
     <Конечные остатки> from: 490369      to: 469206
Транзакция <1414> Финиш. Время операции: 0,000 сек.
---------------------------------------------------------------------------------
Транзакция <1415> Старт. Перевод: 2008 руб. fromAcc: 725 toAcc: 775 
    <Начальные остатки> from: 390344      to: 402938
     <Конечные остатки> from: 388336      to: 404946
Транзакция <1415> Финиш. Время операции: 0,000 сек.
---------------------------------------------------------------------------------
Транзакция <1416> Старт. Перевод: 4789 руб. fromAcc: 306 toAcc: 926 
    <Начальные остатки> from: 362072      to: 420323
     <Конечные остатки> from: 357283      to: 425112
Транзакция <1416> Финиш. Время операции: 0,000 сек.
---------------------------------------------------------------------------------
Транзакция <1417> Старт. Перевод: 2971 руб. fromAcc: 178 toAcc: 576 
    <Начальные остатки> from: 411334      to: 263723
     <Конечные остатки> from: 408363      to: 266694
Транзакция <1417> Финиш. Время операции: 0,000 сек.
---------------------------------------------------------------------------------
Транзакция <1418> Старт. Перевод: 7384 руб. fromAcc: 742 toAcc: 436 
    <Начальные остатки> from: 456798      to: 462728
     <Конечные остатки> from: 449414      to: 470112
Транзакция <1418> Финиш. Время операции: 0,000 сек.
---------------------------------------------------------------------------------
Транзакция <1419> Старт. Перевод: 9398 руб. fromAcc: 781 toAcc: 669 
    <Начальные остатки> from: 474186      to: 326440
     <Конечные остатки> from: 464788      to: 335838
Транзакция <1419> Финиш. Время операции: 0,000 сек.
---------------------------------------------------------------------------------
Транзакция <1420> Старт. Перевод: 6491 руб. fromAcc: 30 toAcc: 874 
    <Начальные остатки> from: 316073      to: 371512
     <Конечные остатки> from: 309582      to: 378003
Транзакция <1420> Финиш. Время операции: 0,000 сек.
---------------------------------------------------------------------------------
Транзакция <1421> Старт. Перевод: 7517 руб. fromAcc: 806 toAcc: 484 
    <Начальные остатки> from: 321673      to: 374195
     <Конечные остатки> from: 314156      to: 381712
Транзакция <1421> Финиш. Время операции: 0,000 сек.
---------------------------------------------------------------------------------
Транзакция <1422> Старт. Перевод: 8995 руб. fromAcc: 333 toAcc: 125 
    <Начальные остатки> from: 306950      to: 425771
     <Конечные остатки> from: 297955      to: 434766
Транзакция <1422> Финиш. Время операции: 0,000 сек.
---------------------------------------------------------------------------------
Транзакция <1423> Старт. Перевод: 3546 руб. fromAcc: 962 toAcc: 394 
    <Начальные остатки> from: 286122      to: 402458
     <Конечные остатки> from: 282576      to: 406004
Транзакция <1423> Финиш. Время операции: 0,000 сек.
---------------------------------------------------------------------------------
Транзакция <1424> Старт. Перевод: 324 руб. fromAcc: 221 toAcc: 777 
    <Начальные остатки> from: 340330      to: 448828
     <Конечные остатки> from: 340006      to: 449152
Транзакция <1424> Финиш. Время операции: 0,000 сек.
---------------------------------------------------------------------------------
Транзакция <1425> Старт. Перевод: 5225 руб. fromAcc: 548 toAcc: 202 
    <Начальные остатки> from: 476315      to: 405491
     <Конечные остатки> from: 471090      to: 410716
Транзакция <1425> Финиш. Время операции: 0,000 сек.
---------------------------------------------------------------------------------
Транзакция <1426> Старт. Перевод: 5518 руб. fromAcc: 538 toAcc: 757 
    <Начальные остатки> from: 461157      to: 306742
     <Конечные остатки> from: 455639      to: 312260
Транзакция <1426> Финиш. Время операции: 0,000 сек.
---------------------------------------------------------------------------------
Транзакция <1427> Старт. Перевод: 9575 руб. fromAcc: 812 toAcc: 693 
    <Начальные остатки> from: 403804      to: 319510
     <Конечные остатки> from: 394229      to: 329085
Транзакция <1427> Финиш. Время операции: 0,000 сек.
---------------------------------------------------------------------------------
Транзакция <1428> Старт. Перевод: 7398 руб. fromAcc: 912 toAcc: 718 
    <Начальные остатки> from: 521758      to: 345621
     <Конечные остатки> from: 514360      to: 353019
Транзакция <1428> Финиш. Время операции: 0,000 сек.
---------------------------------------------------------------------------------
Транзакция <1429> Старт. Перевод: 1763 руб. fromAcc: 169 toAcc: 930 
    <Начальные остатки> from: 445233      to: 481114
     <Конечные остатки> from: 443470      to: 482877
Транзакция <1429> Финиш. Время операции: 0,000 сек.
---------------------------------------------------------------------------------
Транзакция <1430> Старт. Перевод: 2973 руб. fromAcc: 160 toAcc: 484 
    <Начальные остатки> from: 441171      to: 381712
     <Конечные остатки> from: 438198      to: 384685
Транзакция <1430> Финиш. Время операции: 0,000 сек.
---------------------------------------------------------------------------------
Транзакция <1431> Старт. Перевод: 2453 руб. fromAcc: 174 toAcc: 229 
    <Начальные остатки> from: 430897      to: 344326
     <Конечные остатки> from: 428444      to: 346779
Транзакция <1431> Финиш. Время операции: 0,000 сек.
---------------------------------------------------------------------------------
Транзакция <1432> Старт. Перевод: 1709 руб. fromAcc: 116 toAcc: 93 
    <Начальные остатки> from: 410524      to: 416128
     <Конечные остатки> from: 408815      to: 417837
Транзакция <1432> Финиш. Время операции: 0,000 сек.
---------------------------------------------------------------------------------
Транзакция <1433> Старт. Перевод: 3537 руб. fromAcc: 396 toAcc: 977 
    <Начальные остатки> from: 339826      to: 340432
     <Конечные остатки> from: 336289      to: 343969
Транзакция <1433> Финиш. Время операции: 0,000 сек.
---------------------------------------------------------------------------------
Транзакция <1434> Старт. Перевод: 1808 руб. fromAcc: 647 toAcc: 248 
    <Начальные остатки> from: 314328      to: 427581
     <Конечные остатки> from: 312520      to: 429389
Транзакция <1434> Финиш. Время операции: 0,000 сек.
---------------------------------------------------------------------------------
Транзакция <1435> Старт. Перевод: 4612 руб. fromAcc: 580 toAcc: 726 
    <Начальные остатки> from: 399012      to: 436181
     <Конечные остатки> from: 394400      to: 440793
Транзакция <1435> Финиш. Время операции: 0,000 сек.
---------------------------------------------------------------------------------
Транзакция <1436> Старт. Перевод: 3116 руб. fromAcc: 872 toAcc: 220 
    <Начальные остатки> from: 413622      to: 415502
     <Конечные остатки> from: 410506      to: 418618
Транзакция <1436> Финиш. Время операции: 0,000 сек.
---------------------------------------------------------------------------------
Транзакция <1437> Старт. Перевод: 5100 руб. fromAcc: 751 toAcc: 235 
    <Начальные остатки> from: 395788      to: 382269
     <Конечные остатки> from: 390688      to: 387369
Транзакция <1437> Финиш. Время операции: 0,000 сек.
---------------------------------------------------------------------------------
Транзакция <1438> Старт. Перевод: 7794 руб. fromAcc: 874 toAcc: 513 
    <Начальные остатки> from: 378003      to: 458438
     <Конечные остатки> from: 370209      to: 466232
Транзакция <1438> Финиш. Время операции: 0,000 сек.
---------------------------------------------------------------------------------
Транзакция <1439> Старт. Перевод: 9390 руб. fromAcc: 146 toAcc: 389 
    <Начальные остатки> from: 400993      to: 350886
     <Конечные остатки> from: 391603      to: 360276
Транзакция <1439> Финиш. Время операции: 0,001 сек.
---------------------------------------------------------------------------------
Транзакция <1440> Старт. Перевод: 2399 руб. fromAcc: 391 toAcc: 832 
    <Начальные остатки> from: 427657      to: 385678
     <Конечные остатки> from: 425258      to: 388077
Транзакция <1440> Финиш. Время операции: 0,000 сек.
---------------------------------------------------------------------------------
Транзакция <1441> Старт. Перевод: 4877 руб. fromAcc: 124 toAcc: 167 
    <Начальные остатки> from: 392565      to: 431151
     <Конечные остатки> from: 387688      to: 436028
Транзакция <1441> Финиш. Время операции: 0,000 сек.
---------------------------------------------------------------------------------
Транзакция <1442> Старт. Перевод: 7484 руб. fromAcc: 290 toAcc: 156 
    <Начальные остатки> from: 402701      to: 436845
[ Операция невозможна из-за блокировки счета !!! ]
from: true to: false
     <Конечные остатки> from: 402701      to: 436845
Транзакция <1442> Финиш. Время операции: 0,001 сек.
---------------------------------------------------------------------------------
Транзакция <1443> Старт. Перевод: 5296 руб. fromAcc: 447 toAcc: 87 
    <Начальные остатки> from: 327580      to: 397835
     <Конечные остатки> from: 322284      to: 403131
Транзакция <1443> Финиш. Время операции: 0,000 сек.
---------------------------------------------------------------------------------
Транзакция <1444> Старт. Перевод: 3378 руб. fromAcc: 820 toAcc: 977 
    <Начальные остатки> from: 400348      to: 343969
     <Конечные остатки> from: 396970      to: 347347
Транзакция <1444> Финиш. Время операции: 0,000 сек.
---------------------------------------------------------------------------------
Транзакция <1445> Старт. Перевод: 4214 руб. fromAcc: 577 toAcc: 810 
    <Начальные остатки> from: 473195      to: 391993
     <Конечные остатки> from: 468981      to: 396207
Транзакция <1445> Финиш. Время операции: 0,000 сек.
---------------------------------------------------------------------------------
Транзакция <1446> Старт. Перевод: 3250 руб. fromAcc: 923 toAcc: 990 
    <Начальные остатки> from: 427772      to: 395471
     <Конечные остатки> from: 424522      to: 398721
Транзакция <1446> Финиш. Время операции: 0,000 сек.
---------------------------------------------------------------------------------
Транзакция <1447> Старт. Перевод: 6087 руб. fromAcc: 880 toAcc: 808 
    <Начальные остатки> from: 490894      to: 366302
     <Конечные остатки> from: 484807      to: 372389
Транзакция <1447> Финиш. Время операции: 0,000 сек.
---------------------------------------------------------------------------------
Транзакция <1448> Старт. Перевод: 7111 руб. fromAcc: 124 toAcc: 800 
    <Начальные остатки> from: 387688      to: 451486
     <Конечные остатки> from: 380577      to: 458597
Транзакция <1448> Финиш. Время операции: 0,000 сек.
---------------------------------------------------------------------------------
Транзакция <1449> Старт. Перевод: 4741 руб. fromAcc: 892 toAcc: 307 
    <Начальные остатки> from: 377306      to: 507819
     <Конечные остатки> from: 372565      to: 512560
Транзакция <1449> Финиш. Время операции: 0,001 сек.
---------------------------------------------------------------------------------
Транзакция <1450> Старт. Перевод: 2883 руб. fromAcc: 757 toAcc: 438 
    <Начальные остатки> from: 312260      to: 482901
     <Конечные остатки> from: 309377      to: 485784
Транзакция <1450> Финиш. Время операции: 0,000 сек.
---------------------------------------------------------------------------------
Транзакция <1451> Старт. Перевод: 1676 руб. fromAcc: 20 toAcc: 886 
    <Начальные остатки> from: 365909      to: 445547
     <Конечные остатки> from: 364233      to: 447223
Транзакция <1451> Финиш. Время операции: 0,000 сек.
---------------------------------------------------------------------------------
Транзакция <1452> Старт. Перевод: 3154 руб. fromAcc: 572 toAcc: 731 
    <Начальные остатки> from: 400203      to: 316084
     <Конечные остатки> from: 397049      to: 319238
Транзакция <1452> Финиш. Время операции: 0,000 сек.
---------------------------------------------------------------------------------
Транзакция <1453> Старт. Перевод: 9066 руб. fromAcc: 356 toAcc: 453 
    <Начальные остатки> from: 348880      to: 434669
     <Конечные остатки> from: 339814      to: 443735
Транзакция <1453> Финиш. Время операции: 0,000 сек.
---------------------------------------------------------------------------------
Транзакция <1454> Старт. Перевод: 8771 руб. fromAcc: 961 toAcc: 851 
    <Начальные остатки> from: 460824      to: 461717
     <Конечные остатки> from: 452053      to: 470488
Транзакция <1454> Финиш. Время операции: 0,002 сек.
---------------------------------------------------------------------------------
Транзакция <1455> Старт. Перевод: 4850 руб. fromAcc: 460 toAcc: 490 
    <Начальные остатки> from: 303372      to: 426868
     <Конечные остатки> from: 298522      to: 431718
Транзакция <1455> Финиш. Время операции: 0,000 сек.
---------------------------------------------------------------------------------
Транзакция <1456> Старт. Перевод: 2894 руб. fromAcc: 345 toAcc: 558 
    <Начальные остатки> from: 359904      to: 339403
     <Конечные остатки> from: 357010      to: 342297
Транзакция <1456> Финиш. Время операции: 0,000 сек.
---------------------------------------------------------------------------------
Транзакция <1457> Старт. Перевод: 9777 руб. fromAcc: 287 toAcc: 760 
    <Начальные остатки> from: 407346      to: 360206
     <Конечные остатки> from: 397569      to: 369983
Транзакция <1457> Финиш. Время операции: 0,000 сек.
---------------------------------------------------------------------------------
Транзакция <1458> Старт. Перевод: 1640 руб. fromAcc: 490 toAcc: 971 
    <Начальные остатки> from: 431718      to: 396402
     <Конечные остатки> from: 430078      to: 398042
Транзакция <1458> Финиш. Время операции: 0,000 сек.
---------------------------------------------------------------------------------
Транзакция <1459> Старт. Перевод: 8814 руб. fromAcc: 639 toAcc: 894 
    <Начальные остатки> from: 309672      to: 354499
     <Конечные остатки> from: 300858      to: 363313
Транзакция <1459> Финиш. Время операции: 0,000 сек.
---------------------------------------------------------------------------------
Транзакция <1460> Старт. Перевод: 9958 руб. fromAcc: 751 toAcc: 899 
    <Начальные остатки> from: 390688      to: 328821
     <Конечные остатки> from: 380730      to: 338779
Транзакция <1460> Финиш. Время операции: 0,000 сек.
---------------------------------------------------------------------------------
Транзакция <1461> Старт. Перевод: 1773 руб. fromAcc: 789 toAcc: 543 
    <Начальные остатки> from: 367009      to: 461731
     <Конечные остатки> from: 365236      to: 463504
Транзакция <1461> Финиш. Время операции: 0,000 сек.
---------------------------------------------------------------------------------
Транзакция <1462> Старт. Перевод: 3868 руб. fromAcc: 548 toAcc: 34 
    <Начальные остатки> from: 471090      to: 445396
     <Конечные остатки> from: 467222      to: 449264
Транзакция <1462> Финиш. Время операции: 0,000 сек.
---------------------------------------------------------------------------------
Транзакция <1463> Старт. Перевод: 558 руб. fromAcc: 165 toAcc: 6 
    <Начальные остатки> from: 464404      to: 398277
     <Конечные остатки> from: 463846      to: 398835
Транзакция <1463> Финиш. Время операции: 0,000 сек.
---------------------------------------------------------------------------------
Транзакция <1464> Старт. Перевод: 2685 руб. fromAcc: 556 toAcc: 569 
    <Начальные остатки> from: 439094      to: 329271
     <Конечные остатки> from: 436409      to: 331956
Транзакция <1464> Финиш. Время операции: 0,000 сек.
---------------------------------------------------------------------------------
Транзакция <1465> Старт. Перевод: 2912 руб. fromAcc: 257 toAcc: 527 
    <Начальные остатки> from: 407498      to: 410201
     <Конечные остатки> from: 404586      to: 413113
Транзакция <1465> Финиш. Время операции: 0,000 сек.
---------------------------------------------------------------------------------
Транзакция <1466> Старт. Перевод: 7375 руб. fromAcc: 411 toAcc: 24 
    <Начальные остатки> from: 401521      to: 335390
     <Конечные остатки> from: 394146      to: 342765
Транзакция <1466> Финиш. Время операции: 0,000 сек.
---------------------------------------------------------------------------------
Транзакция <1467> Старт. Перевод: 5037 руб. fromAcc: 116 toAcc: 671 
    <Начальные остатки> from: 408815      to: 358768
     <Конечные остатки> from: 403778      to: 363805
Транзакция <1467> Финиш. Время операции: 0,000 сек.
---------------------------------------------------------------------------------
Транзакция <1468> Старт. Перевод: 3670 руб. fromAcc: 928 toAcc: 344 
    <Начальные остатки> from: 352766      to: 343246
     <Конечные остатки> from: 349096      to: 346916
Транзакция <1468> Финиш. Время операции: 0,000 сек.
---------------------------------------------------------------------------------
Транзакция <1469> Старт. Перевод: 7981 руб. fromAcc: 113 toAcc: 468 
    <Начальные остатки> from: 378679      to: 364146
[ Операция невозможна из-за блокировки счета !!! ]
from: false to: true
     <Конечные остатки> from: 378679      to: 364146
Транзакция <1469> Финиш. Время операции: 0,000 сек.
---------------------------------------------------------------------------------
Транзакция <1470> Старт. Перевод: 1071 руб. fromAcc: 116 toAcc: 566 
    <Начальные остатки> from: 403778      to: 323309
     <Конечные остатки> from: 402707      to: 324380
Транзакция <1470> Финиш. Время операции: 0,000 сек.
---------------------------------------------------------------------------------
Транзакция <1471> Старт. Перевод: 55000 руб. fromAcc: 837 toAcc: 243 
    <Начальные остатки> from: 348608      to: 350766
Транзакция <1472> Старт. Перевод: 6224 руб. fromAcc: 508 toAcc: 497 
    <Начальные остатки> from: 480670      to: 294732
     <Конечные остатки> from: 474446      to: 300956
Транзакция <1472> Финиш. Время операции: 0,000 сек.
---------------------------------------------------------------------------------
Транзакция <1473> Старт. Перевод: 6572 руб. fromAcc: 129 toAcc: 283 
    <Начальные остатки> from: 351004      to: 359379
     <Конечные остатки> from: 344432      to: 365951
Транзакция <1473> Финиш. Время операции: 0,000 сек.
---------------------------------------------------------------------------------
Транзакция <1474> Старт. Перевод: 8380 руб. fromAcc: 89 toAcc: 511 
    <Начальные остатки> from: 466948      to: 436114
     <Конечные остатки> from: 458568      to: 444494
Транзакция <1474> Финиш. Время операции: 0,000 сек.
---------------------------------------------------------------------------------
Транзакция <1475> Старт. Перевод: 3506 руб. fromAcc: 279 toAcc: 724 
    <Начальные остатки> from: 322123      to: 301687
     <Конечные остатки> from: 318617      to: 305193
Транзакция <1475> Финиш. Время операции: 0,000 сек.
---------------------------------------------------------------------------------
Транзакция <1476> Старт. Перевод: 9158 руб. fromAcc: 259 toAcc: 20 
    <Начальные остатки> from: 476970      to: 364233
     <Конечные остатки> from: 467812      to: 373391
Транзакция <1476> Финиш. Время операции: 0,000 сек.
---------------------------------------------------------------------------------
Транзакция <1477> Старт. Перевод: 6113 руб. fromAcc: 875 toAcc: 910 
    <Начальные остатки> from: 352427      to: 360587
     <Конечные остатки> from: 346314      to: 366700
Транзакция <1477> Финиш. Время операции: 0,000 сек.
---------------------------------------------------------------------------------
Транзакция <1478> Старт. Перевод: 2792 руб. fromAcc: 65 toAcc: 172 
    <Начальные остатки> from: 356918      to: 462800
     <Конечные остатки> from: 354126      to: 465592
Транзакция <1478> Финиш. Время операции: 0,000 сек.
---------------------------------------------------------------------------------
Транзакция <1479> Старт. Перевод: 5955 руб. fromAcc: 127 toAcc: 492 
    <Начальные остатки> from: 386516      to: 368103
     <Конечные остатки> from: 380561      to: 374058
Транзакция <1479> Финиш. Время операции: 0,000 сек.
---------------------------------------------------------------------------------
Транзакция <1480> Старт. Перевод: 8132 руб. fromAcc: 464 toAcc: 170 
    <Начальные остатки> from: 320716      to: 367029
     <Конечные остатки> from: 312584      to: 375161
Транзакция <1480> Финиш. Время операции: 0,000 сек.
---------------------------------------------------------------------------------
Транзакция <1481> Старт. Перевод: 7823 руб. fromAcc: 430 toAcc: 809 
    <Начальные остатки> from: 332850      to: 358531
     <Конечные остатки> from: 325027      to: 366354
Транзакция <1481> Финиш. Время операции: 0,000 сек.
---------------------------------------------------------------------------------
Транзакция <1482> Старт. Перевод: 960 руб. fromAcc: 476 toAcc: 680 
    <Начальные остатки> from: 341213      to: 547350
     <Конечные остатки> from: 340253      to: 548310
Транзакция <1482> Финиш. Время операции: 0,000 сек.
---------------------------------------------------------------------------------
Транзакция <1483> Старт. Перевод: 1172 руб. fromAcc: 174 toAcc: 438 
    <Начальные остатки> from: 428444      to: 485784
     <Конечные остатки> from: 427272      to: 486956
Транзакция <1483> Финиш. Время операции: 0,000 сек.
---------------------------------------------------------------------------------
Транзакция <1484> Старт. Перевод: 1957 руб. fromAcc: 128 toAcc: 932 
    <Начальные остатки> from: 436170      to: 325367
     <Конечные остатки> from: 434213      to: 327324
Транзакция <1484> Финиш. Время операции: 0,000 сек.
---------------------------------------------------------------------------------
Транзакция <1485> Старт. Перевод: 6075 руб. fromAcc: 943 toAcc: 154 
    <Начальные остатки> from: 380916      to: 424559
     <Конечные остатки> from: 374841      to: 430634
Транзакция <1485> Финиш. Время операции: 0,000 сек.
---------------------------------------------------------------------------------
Транзакция <1486> Старт. Перевод: 6141 руб. fromAcc: 680 toAcc: 760 
    <Начальные остатки> from: 548310      to: 369983
     <Конечные остатки> from: 542169      to: 376124
Транзакция <1486> Финиш. Время операции: 0,000 сек.
---------------------------------------------------------------------------------
Транзакция <1487> Старт. Перевод: 5730 руб. fromAcc: 205 toAcc: 185 
    <Начальные остатки> from: 452910      to: 381447
     <Конечные остатки> from: 447180      to: 387177
Транзакция <1487> Финиш. Время операции: 0,000 сек.
---------------------------------------------------------------------------------
Транзакция <1488> Старт. Перевод: 2103 руб. fromAcc: 876 toAcc: 111 
    <Начальные остатки> from: 343149      to: 455304
     <Конечные остатки> from: 341046      to: 457407
Транзакция <1488> Финиш. Время операции: 0,000 сек.
---------------------------------------------------------------------------------
Транзакция <1489> Старт. Перевод: 122 руб. fromAcc: 865 toAcc: 914 
    <Начальные остатки> from: 353193      to: 322609
     <Конечные остатки> from: 353071      to: 322731
Транзакция <1489> Финиш. Время операции: 0,000 сек.
---------------------------------------------------------------------------------
Транзакция <1490> Старт. Перевод: 1850 руб. fromAcc: 195 toAcc: 789 
    <Начальные остатки> from: 404346      to: 365236
     <Конечные остатки> from: 402496      to: 367086
Транзакция <1490> Финиш. Время операции: 0,000 сек.
---------------------------------------------------------------------------------
Транзакция <1491> Старт. Перевод: 7887 руб. fromAcc: 285 toAcc: 422 
    <Начальные остатки> from: 460519      to: 391866
     <Конечные остатки> from: 452632      to: 399753
Транзакция <1491> Финиш. Время операции: 0,000 сек.
---------------------------------------------------------------------------------
Транзакция <1492> Старт. Перевод: 4587 руб. fromAcc: 363 toAcc: 458 
    <Начальные остатки> from: 421369      to: 466851
     <Конечные остатки> from: 416782      to: 471438
Транзакция <1492> Финиш. Время операции: 0,000 сек.
---------------------------------------------------------------------------------
Транзакция <1493> Старт. Перевод: 5957 руб. fromAcc: 647 toAcc: 515 
    <Начальные остатки> from: 312520      to: 314383
     <Конечные остатки> from: 306563      to: 320340
Транзакция <1493> Финиш. Время операции: 0,000 сек.
---------------------------------------------------------------------------------
Транзакция <1494> Старт. Перевод: 250 руб. fromAcc: 585 toAcc: 163 
    <Начальные остатки> from: 429071      to: 301283
     <Конечные остатки> from: 428821      to: 301533
Транзакция <1494> Финиш. Время операции: 0,000 сек.
---------------------------------------------------------------------------------
Транзакция <1495> Старт. Перевод: 9067 руб. fromAcc: 753 toAcc: 125 
    <Начальные остатки> from: 421529      to: 434766
     <Конечные остатки> from: 412462      to: 443833
Транзакция <1495> Финиш. Время операции: 0,000 сек.
---------------------------------------------------------------------------------
Транзакция <1496> Старт. Перевод: 1114 руб. fromAcc: 265 toAcc: 907 
    <Начальные остатки> from: 379289      to: 457154
     <Конечные остатки> from: 378175      to: 458268
Транзакция <1496> Финиш. Время операции: 0,000 сек.
---------------------------------------------------------------------------------
Транзакция <1497> Старт. Перевод: 3671 руб. fromAcc: 647 toAcc: 246 
    <Начальные остатки> from: 306563      to: 465224
     <Конечные остатки> from: 302892      to: 468895
Транзакция <1497> Финиш. Время операции: 0,000 сек.
---------------------------------------------------------------------------------
Транзакция <1498> Старт. Перевод: 2299 руб. fromAcc: 180 toAcc: 27 
    <Начальные остатки> from: 462302      to: 378451
[ Операция невозможна из-за блокировки счета !!! ]
from: false to: true
     <Конечные остатки> from: 462302      to: 378451
Транзакция <1498> Финиш. Время операции: 0,000 сек.
---------------------------------------------------------------------------------
Транзакция <1499> Старт. Перевод: 3359 руб. fromAcc: 658 toAcc: 771 
    <Начальные остатки> from: 369768      to: 456155
     <Конечные остатки> from: 366409      to: 459514
Транзакция <1499> Финиш. Время операции: 0,000 сек.
---------------------------------------------------------------------------------
Транзакция <1500> Старт. Перевод: 4483 руб. fromAcc: 355 toAcc: 422 
    <Начальные остатки> from: 314860      to: 399753
     <Конечные остатки> from: 310377      to: 404236
Транзакция <1500> Финиш. Время операции: 0,000 сек.
---------------------------------------------------------------------------------
Транзакция <1501> Старт. Перевод: 55000 руб. fromAcc: 734 toAcc: 908 
    <Начальные остатки> from: 423761      to: 452553
Транзакция <1502> Старт. Перевод: 9988 руб. fromAcc: 524 toAcc: 132 
    <Начальные остатки> from: 319420      to: 463993
     <Конечные остатки> from: 309432      to: 473981
Транзакция <1502> Финиш. Время операции: 0,000 сек.
---------------------------------------------------------------------------------
Транзакция <1503> Старт. Перевод: 55000 руб. fromAcc: 457 toAcc: 171 
    <Начальные остатки> from: 312160      to: 473945
Транзакция <1504> Старт. Перевод: 9769 руб. fromAcc: 991 toAcc: 992 
    <Начальные остатки> from: 339519      to: 475866
     <Конечные остатки> from: 329750      to: 485635
Транзакция <1504> Финиш. Время операции: 0,000 сек.
---------------------------------------------------------------------------------
Транзакция <1505> Старт. Перевод: 2005 руб. fromAcc: 884 toAcc: 315 
    <Начальные остатки> from: 414290      to: 337259
     <Конечные остатки> from: 412285      to: 339264
Транзакция <1505> Финиш. Время операции: 0,000 сек.
---------------------------------------------------------------------------------
Транзакция <1506> Старт. Перевод: 4888 руб. fromAcc: 200 toAcc: 827 
    <Начальные остатки> from: 419845      to: 425735
     <Конечные остатки> from: 414957      to: 430623
Транзакция <1506> Финиш. Время операции: 0,000 сек.
---------------------------------------------------------------------------------
Транзакция <1507> Старт. Перевод: 5068 руб. fromAcc: 867 toAcc: 827 
    <Начальные остатки> from: 463372      to: 430623
     <Конечные остатки> from: 458304      to: 435691
Транзакция <1507> Финиш. Время операции: 0,000 сек.
---------------------------------------------------------------------------------
Транзакция <1508> Старт. Перевод: 859 руб. fromAcc: 426 toAcc: 387 
    <Начальные остатки> from: 490835      to: 412304
     <Конечные остатки> from: 489976      to: 413163
Транзакция <1508> Финиш. Время операции: 0,000 сек.
---------------------------------------------------------------------------------
Транзакция <1509> Старт. Перевод: 3084 руб. fromAcc: 142 toAcc: 52 
    <Начальные остатки> from: 344066      to: 488381
     <Конечные остатки> from: 340982      to: 491465
Транзакция <1509> Финиш. Время операции: 0,000 сек.
---------------------------------------------------------------------------------
Транзакция <1510> Старт. Перевод: 7804 руб. fromAcc: 232 toAcc: 934 
    <Начальные остатки> from: 469130      to: 384355
     <Конечные остатки> from: 461326      to: 392159
Транзакция <1510> Финиш. Время операции: 0,000 сек.
---------------------------------------------------------------------------------
Транзакция <1511> Старт. Перевод: 7937 руб. fromAcc: 707 toAcc: 412 
    <Начальные остатки> from: 455484      to: 468405
     <Конечные остатки> from: 447547      to: 476342
Транзакция <1511> Финиш. Время операции: 0,000 сек.
---------------------------------------------------------------------------------
Транзакция <1512> Старт. Перевод: 5567 руб. fromAcc: 948 toAcc: 922 
    <Начальные остатки> from: 396773      to: 511599
     <Конечные остатки> from: 391206      to: 517166
Транзакция <1512> Финиш. Время операции: 0,000 сек.
---------------------------------------------------------------------------------
Транзакция <1513> Старт. Перевод: 3150 руб. fromAcc: 191 toAcc: 257 
    <Начальные остатки> from: 488954      to: 404586
     <Конечные остатки> from: 485804      to: 407736
Транзакция <1513> Финиш. Время операции: 0,000 сек.
---------------------------------------------------------------------------------
Транзакция <1514> Старт. Перевод: 9730 руб. fromAcc: 557 toAcc: 376 
    <Начальные остатки> from: 443816      to: 396722
     <Конечные остатки> from: 434086      to: 406452
Транзакция <1514> Финиш. Время операции: 0,000 сек.
---------------------------------------------------------------------------------
Транзакция <1515> Старт. Перевод: 55000 руб. fromAcc: 132 toAcc: 991 
    <Начальные остатки> from: 473981      to: 329750
Транзакция <1516> Старт. Перевод: 5184 руб. fromAcc: 771 toAcc: 868 
    <Начальные остатки> from: 459514      to: 486966
     <Конечные остатки> from: 454330      to: 492150
Транзакция <1516> Финиш. Время операции: 0,000 сек.
---------------------------------------------------------------------------------
Транзакция <1517> Старт. Перевод: 10049 руб. fromAcc: 744 toAcc: 737 
    <Начальные остатки> from: 403979      to: 409020
     <Конечные остатки> from: 393930      to: 419069
Транзакция <1517> Финиш. Время операции: 0,000 сек.
---------------------------------------------------------------------------------
Транзакция <1518> Старт. Перевод: 1757 руб. fromAcc: 754 toAcc: 690 
    <Начальные остатки> from: 358560      to: 490369
     <Конечные остатки> from: 356803      to: 492126
Транзакция <1518> Финиш. Время операции: 0,000 сек.
---------------------------------------------------------------------------------
Транзакция <1519> Старт. Перевод: 6294 руб. fromAcc: 631 toAcc: 427 
    <Начальные остатки> from: 350740      to: 328565
     <Конечные остатки> from: 344446      to: 334859
Транзакция <1519> Финиш. Время операции: 0,000 сек.
---------------------------------------------------------------------------------
Транзакция <1520> Старт. Перевод: 859 руб. fromAcc: 216 toAcc: 896 
    <Начальные остатки> from: 296511      to: 331884
[ Операция невозможна из-за блокировки счета !!! ]
from: false to: true
     <Конечные остатки> from: 296511      to: 331884
Транзакция <1520> Финиш. Время операции: 0,000 сек.
---------------------------------------------------------------------------------
Транзакция <1521> Старт. Перевод: 4541 руб. fromAcc: 14 toAcc: 733 
    <Начальные остатки> from: 526418      to: 384656
     <Конечные остатки> from: 521877      to: 389197
Транзакция <1521> Финиш. Время операции: 0,001 сек.
---------------------------------------------------------------------------------
Транзакция <1522> Старт. Перевод: 4905 руб. fromAcc: 990 toAcc: 580 
    <Начальные остатки> from: 398721      to: 394400
     <Конечные остатки> from: 393816      to: 399305
Транзакция <1522> Финиш. Время операции: 0,000 сек.
---------------------------------------------------------------------------------
Транзакция <1523> Старт. Перевод: 4875 руб. fromAcc: 112 toAcc: 311 
    <Начальные остатки> from: 348603      to: 344483
     <Конечные остатки> from: 343728      to: 349358
Транзакция <1523> Финиш. Время операции: 0,000 сек.
---------------------------------------------------------------------------------
Транзакция <1524> Старт. Перевод: 235 руб. fromAcc: 410 toAcc: 718 
    <Начальные остатки> from: 314831      to: 353019
     <Конечные остатки> from: 314596      to: 353254
Транзакция <1524> Финиш. Время операции: 0,000 сек.
---------------------------------------------------------------------------------
Транзакция <1525> Старт. Перевод: 3162 руб. fromAcc: 717 toAcc: 166 
    <Начальные остатки> from: 381134      to: 438639
     <Конечные остатки> from: 377972      to: 441801
Транзакция <1525> Финиш. Время операции: 0,000 сек.
---------------------------------------------------------------------------------
Транзакция <1526> Старт. Перевод: 1282 руб. fromAcc: 740 toAcc: 11 
    <Начальные остатки> from: 456563      to: 450580
     <Конечные остатки> from: 455281      to: 451862
Транзакция <1526> Финиш. Время операции: 0,000 сек.
---------------------------------------------------------------------------------
Транзакция <1527> Старт. Перевод: 4943 руб. fromAcc: 785 toAcc: 356 
    <Начальные остатки> from: 454512      to: 339814
     <Конечные остатки> from: 449569      to: 344757
Транзакция <1527> Финиш. Время операции: 0,000 сек.
---------------------------------------------------------------------------------
Транзакция <1528> Старт. Перевод: 7604 руб. fromAcc: 301 toAcc: 842 
    <Начальные остатки> from: 486407      to: 413028
     <Конечные остатки> from: 478803      to: 420632
Транзакция <1528> Финиш. Время операции: 0,000 сек.
---------------------------------------------------------------------------------
Транзакция <1529> Старт. Перевод: 5575 руб. fromAcc: 370 toAcc: 735 
    <Начальные остатки> from: 431710      to: 351667
[ Операция невозможна из-за блокировки счета !!! ]
from: false to: true
     <Конечные остатки> from: 431710      to: 351667
Транзакция <1529> Финиш. Время операции: 0,000 сек.
---------------------------------------------------------------------------------
Транзакция <1530> Старт. Перевод: 3662 руб. fromAcc: 418 toAcc: 516 
    <Начальные остатки> from: 493487      to: 394523
     <Конечные остатки> from: 489825      to: 398185
Транзакция <1530> Финиш. Время операции: 0,000 сек.
---------------------------------------------------------------------------------
Транзакция <1531> Старт. Перевод: 2742 руб. fromAcc: 704 toAcc: 552 
    <Начальные остатки> from: 465466      to: 328179
     <Конечные остатки> from: 462724      to: 330921
Транзакция <1531> Финиш. Время операции: 0,000 сек.
---------------------------------------------------------------------------------
Транзакция <1532> Старт. Перевод: 3728 руб. fromAcc: 618 toAcc: 210 
    <Начальные остатки> from: 451068      to: 511460
     <Конечные остатки> from: 447340      to: 515188
Транзакция <1532> Финиш. Время операции: 0,000 сек.
---------------------------------------------------------------------------------
Транзакция <1533> Старт. Перевод: 9982 руб. fromAcc: 402 toAcc: 922 
    <Начальные остатки> from: 441620      to: 517166
     <Конечные остатки> from: 431638      to: 527148
Транзакция <1533> Финиш. Время операции: 0,000 сек.
---------------------------------------------------------------------------------
Транзакция <1534> Старт. Перевод: 6808 руб. fromAcc: 680 toAcc: 316 
    <Начальные остатки> from: 542169      to: 402815
     <Конечные остатки> from: 535361      to: 409623
Транзакция <1534> Финиш. Время операции: 0,000 сек.
---------------------------------------------------------------------------------
Транзакция <1535> Старт. Перевод: 2352 руб. fromAcc: 101 toAcc: 514 
    <Начальные остатки> from: 419870      to: 340303
     <Конечные остатки> from: 417518      to: 342655
Транзакция <1535> Финиш. Время операции: 0,000 сек.
---------------------------------------------------------------------------------
Транзакция <1536> Старт. Перевод: 8961 руб. fromAcc: 477 toAcc: 87 
    <Начальные остатки> from: 314301      to: 403131
     <Конечные остатки> from: 305340      to: 412092
Транзакция <1536> Финиш. Время операции: 0,000 сек.
---------------------------------------------------------------------------------
Транзакция <1537> Старт. Перевод: 7866 руб. fromAcc: 24 toAcc: 962 
    <Начальные остатки> from: 342765      to: 282576
     <Конечные остатки> from: 334899      to: 290442
Транзакция <1537> Финиш. Время операции: 0,000 сек.
---------------------------------------------------------------------------------
Транзакция <1538> Старт. Перевод: 2891 руб. fromAcc: 711 toAcc: 780 
    <Начальные остатки> from: 460761      to: 396648
[ Операция невозможна из-за блокировки счета !!! ]
from: true to: false
     <Конечные остатки> from: 460761      to: 396648
Транзакция <1538> Финиш. Время операции: 0,000 сек.
---------------------------------------------------------------------------------
Транзакция <1539> Старт. Перевод: 844 руб. fromAcc: 250 toAcc: 835 
    <Начальные остатки> from: 352420      to: 342938
     <Конечные остатки> from: 351576      to: 343782
Транзакция <1539> Финиш. Время операции: 0,000 сек.
---------------------------------------------------------------------------------
Транзакция <1540> Старт. Перевод: 7206 руб. fromAcc: 975 toAcc: 711 
    <Начальные остатки> from: 448061      to: 460761
     <Конечные остатки> from: 440855      to: 467967
Транзакция <1540> Финиш. Время операции: 0,000 сек.
---------------------------------------------------------------------------------
Транзакция <1541> Старт. Перевод: 5799 руб. fromAcc: 713 toAcc: 202 
    <Начальные остатки> from: 320412      to: 410716
     <Конечные остатки> from: 314613      to: 416515
Транзакция <1541> Финиш. Время операции: 0,000 сек.
---------------------------------------------------------------------------------
Транзакция <1542> Старт. Перевод: 219 руб. fromAcc: 752 toAcc: 898 
    <Начальные остатки> from: 479172      to: 364009
     <Конечные остатки> from: 478953      to: 364228
Транзакция <1542> Финиш. Время операции: 0,000 сек.
---------------------------------------------------------------------------------
Транзакция <1543> Старт. Перевод: 2997 руб. fromAcc: 191 toAcc: 83 
    <Начальные остатки> from: 485804      to: 405588
     <Конечные остатки> from: 482807      to: 408585
Транзакция <1543> Финиш. Время операции: 0,000 сек.
---------------------------------------------------------------------------------
Транзакция <1544> Старт. Перевод: 5677 руб. fromAcc: 274 toAcc: 220 
    <Начальные остатки> from: 383877      to: 418618
     <Конечные остатки> from: 378200      to: 424295
Транзакция <1544> Финиш. Время операции: 0,000 сек.
---------------------------------------------------------------------------------
Транзакция <1545> Старт. Перевод: 9324 руб. fromAcc: 808 toAcc: 362 
    <Начальные остатки> from: 372389      to: 379289
     <Конечные остатки> from: 363065      to: 388613
Транзакция <1545> Финиш. Время операции: 0,000 сек.
---------------------------------------------------------------------------------
Транзакция <1546> Старт. Перевод: 297 руб. fromAcc: 366 toAcc: 275 
    <Начальные остатки> from: 426633      to: 466649
     <Конечные остатки> from: 426336      to: 466946
Транзакция <1546> Финиш. Время операции: 0,000 сек.
---------------------------------------------------------------------------------
Транзакция <1547> Старт. Перевод: 591 руб. fromAcc: 824 toAcc: 939 
    <Начальные остатки> from: 440657      to: 454283
     <Конечные остатки> from: 440066      to: 454874
Транзакция <1547> Финиш. Время операции: 0,000 сек.
---------------------------------------------------------------------------------
Транзакция <1548> Старт. Перевод: 5496 руб. fromAcc: 676 toAcc: 344 
    <Начальные остатки> from: 445348      to: 346916
     <Конечные остатки> from: 439852      to: 352412
Транзакция <1548> Финиш. Время операции: 0,000 сек.
---------------------------------------------------------------------------------
Транзакция <1549> Старт. Перевод: 3907 руб. fromAcc: 719 toAcc: 184 
    <Начальные остатки> from: 314008      to: 488693
     <Конечные остатки> from: 310101      to: 492600
Транзакция <1549> Финиш. Время операции: 0,000 сек.
---------------------------------------------------------------------------------
Транзакция <1550> Старт. Перевод: 8198 руб. fromAcc: 941 toAcc: 154 
    <Начальные остатки> from: 507259      to: 430634
     <Конечные остатки> from: 499061      to: 438832
Транзакция <1550> Финиш. Время операции: 0,000 сек.
---------------------------------------------------------------------------------
Транзакция <1551> Старт. Перевод: 1267 руб. fromAcc: 861 toAcc: 991 
    <Начальные остатки> from: 349193      to: 384750
     <Конечные остатки> from: 347926      to: 386017
Транзакция <1551> Финиш. Время операции: 0,000 сек.
---------------------------------------------------------------------------------
Транзакция <1552> Старт. Перевод: 8097 руб. fromAcc: 176 toAcc: 366 
    <Начальные остатки> from: 320563      to: 426336
     <Конечные остатки> from: 312466      to: 434433
Транзакция <1552> Финиш. Время операции: 0,000 сек.
---------------------------------------------------------------------------------
Транзакция <1553> Старт. Перевод: 7959 руб. fromAcc: 252 toAcc: 979 
    <Начальные остатки> from: 492804      to: 302785
     <Конечные остатки> from: 484845      to: 310744
Транзакция <1553> Финиш. Время операции: 0,000 сек.
---------------------------------------------------------------------------------
Транзакция <1554> Старт. Перевод: 1261 руб. fromAcc: 932 toAcc: 944 
    <Начальные остатки> from: 327324      to: 348784
     <Конечные остатки> from: 326063      to: 350045
Транзакция <1554> Финиш. Время операции: 0,001 сек.
---------------------------------------------------------------------------------
Транзакция <1555> Старт. Перевод: 1961 руб. fromAcc: 145 toAcc: 654 
    <Начальные остатки> from: 374999      to: 410541
     <Конечные остатки> from: 373038      to: 412502
Транзакция <1555> Финиш. Время операции: 0,000 сек.
---------------------------------------------------------------------------------
Транзакция <1556> Старт. Перевод: 2461 руб. fromAcc: 19 toAcc: 858 
    <Начальные остатки> from: 403200      to: 509241
     <Конечные остатки> from: 400739      to: 511702
Транзакция <1556> Финиш. Время операции: 0,000 сек.
---------------------------------------------------------------------------------
Транзакция <1557> Старт. Перевод: 2925 руб. fromAcc: 540 toAcc: 564 
    <Начальные остатки> from: 493707      to: 401745
     <Конечные остатки> from: 490782      to: 404670
Транзакция <1557> Финиш. Время операции: 0,000 сек.
---------------------------------------------------------------------------------
Транзакция <1558> Старт. Перевод: 1105 руб. fromAcc: 341 toAcc: 776 
    <Начальные остатки> from: 481323      to: 497394
[ Операция невозможна из-за блокировки счета !!! ]
from: false to: true
     <Конечные остатки> from: 481323      to: 497394
Транзакция <1558> Финиш. Время операции: 0,000 сек.
---------------------------------------------------------------------------------
Транзакция <1559> Старт. Перевод: 1904 руб. fromAcc: 827 toAcc: 757 
    <Начальные остатки> from: 435691      to: 309377
     <Конечные остатки> from: 433787      to: 311281
Транзакция <1559> Финиш. Время операции: 0,000 сек.
---------------------------------------------------------------------------------
Транзакция <1560> Старт. Перевод: 8164 руб. fromAcc: 731 toAcc: 681 
    <Начальные остатки> from: 319238      to: 438180
     <Конечные остатки> from: 311074      to: 446344
Транзакция <1560> Финиш. Время операции: 0,000 сек.
---------------------------------------------------------------------------------
Транзакция <1561> Старт. Перевод: 5448 руб. fromAcc: 101 toAcc: 100 
    <Начальные остатки> from: 417518      to: 361238
     <Конечные остатки> from: 412070      to: 366686
Транзакция <1561> Финиш. Время операции: 0,000 сек.
---------------------------------------------------------------------------------
Транзакция <1562> Старт. Перевод: 3966 руб. fromAcc: 936 toAcc: 581 
    <Начальные остатки> from: 316029      to: 419713
     <Конечные остатки> from: 312063      to: 423679
Транзакция <1562> Финиш. Время операции: 0,000 сек.
---------------------------------------------------------------------------------
Транзакция <1563> Старт. Перевод: 195 руб. fromAcc: 914 toAcc: 250 
    <Начальные остатки> from: 322731      to: 351576
     <Конечные остатки> from: 322536      to: 351771
Транзакция <1563> Финиш. Время операции: 0,000 сек.
---------------------------------------------------------------------------------
Транзакция <1564> Старт. Перевод: 9250 руб. fromAcc: 146 toAcc: 755 
    <Начальные остатки> from: 391603      to: 345189
     <Конечные остатки> from: 382353      to: 354439
Транзакция <1564> Финиш. Время операции: 0,000 сек.
---------------------------------------------------------------------------------
Транзакция <1565> Старт. Перевод: 6603 руб. fromAcc: 491 toAcc: 323 
    <Начальные остатки> from: 441373      to: 440488
     <Конечные остатки> from: 434770      to: 447091
Транзакция <1565> Финиш. Время операции: 0,000 сек.
---------------------------------------------------------------------------------
Транзакция <1566> Старт. Перевод: 4354 руб. fromAcc: 708 toAcc: 180 
    <Начальные остатки> from: 466016      to: 462302
[ Операция невозможна из-за блокировки счета !!! ]
from: true to: false
     <Конечные остатки> from: 466016      to: 462302
Транзакция <1566> Финиш. Время операции: 0,000 сек.
---------------------------------------------------------------------------------
Транзакция <1567> Старт. Перевод: 2944 руб. fromAcc: 670 toAcc: 580 
    <Начальные остатки> from: 383669      to: 399305
     <Конечные остатки> from: 380725      to: 402249
Транзакция <1567> Финиш. Время операции: 0,000 сек.
---------------------------------------------------------------------------------
Транзакция <1568> Старт. Перевод: 3923 руб. fromAcc: 921 toAcc: 102 
    <Начальные остатки> from: 304317      to: 492572
     <Конечные остатки> from: 300394      to: 496495
Транзакция <1568> Финиш. Время операции: 0,000 сек.
---------------------------------------------------------------------------------
Транзакция <1569> Старт. Перевод: 3198 руб. fromAcc: 88 toAcc: 663 
    <Начальные остатки> from: 471079      to: 507522
     <Конечные остатки> from: 467881      to: 510720
Транзакция <1569> Финиш. Время операции: 0,001 сек.
---------------------------------------------------------------------------------
Транзакция <1570> Старт. Перевод: 7027 руб. fromAcc: 63 toAcc: 896 
    <Начальные остатки> from: 372352      to: 331884
     <Конечные остатки> from: 365325      to: 338911
Транзакция <1570> Финиш. Время операции: 0,000 сек.
---------------------------------------------------------------------------------
Транзакция <1571> Старт. Перевод: 4982 руб. fromAcc: 392 toAcc: 191 
    <Начальные остатки> from: 333236      to: 482807
     <Конечные остатки> from: 328254      to: 487789
Транзакция <1571> Финиш. Время операции: 0,001 сек.
---------------------------------------------------------------------------------
Транзакция <1572> Старт. Перевод: 5055 руб. fromAcc: 33 toAcc: 657 
    <Начальные остатки> from: 431490      to: 393342
     <Конечные остатки> from: 426435      to: 398397
Транзакция <1572> Финиш. Время операции: 0,000 сек.
---------------------------------------------------------------------------------
Транзакция <1573> Старт. Перевод: 6145 руб. fromAcc: 478 toAcc: 765 
    <Начальные остатки> from: 330650      to: 482153
     <Конечные остатки> from: 324505      to: 488298
Транзакция <1573> Финиш. Время операции: 0,000 сек.
---------------------------------------------------------------------------------
Транзакция <1574> Старт. Перевод: 2290 руб. fromAcc: 261 toAcc: 192 
    <Начальные остатки> from: 483204      to: 417857
     <Конечные остатки> from: 480914      to: 420147
Транзакция <1574> Финиш. Время операции: 0,001 сек.
---------------------------------------------------------------------------------
Транзакция <1575> Старт. Перевод: 1152 руб. fromAcc: 42 toAcc: 681 
    <Начальные остатки> from: 364915      to: 446344
[ Операция невозможна из-за блокировки счета !!! ]
from: false to: true
     <Конечные остатки> from: 364915      to: 446344
Транзакция <1575> Финиш. Время операции: 0,001 сек.
---------------------------------------------------------------------------------
Транзакция <1576> Старт. Перевод: 6523 руб. fromAcc: 775 toAcc: 344 
    <Начальные остатки> from: 404946      to: 352412
     <Конечные остатки> from: 398423      to: 358935
Транзакция <1576> Финиш. Время операции: 0,000 сек.
---------------------------------------------------------------------------------
Транзакция <1577> Старт. Перевод: 910 руб. fromAcc: 955 toAcc: 904 
    <Начальные остатки> from: 488547      to: 325298
     <Конечные остатки> from: 487637      to: 326208
Транзакция <1577> Финиш. Время операции: 0,001 сек.
---------------------------------------------------------------------------------
Транзакция <1578> Старт. Перевод: 9613 руб. fromAcc: 580 toAcc: 817 
    <Начальные остатки> from: 402249      to: 506148
     <Конечные остатки> from: 392636      to: 515761
Транзакция <1578> Финиш. Время операции: 0,000 сек.
---------------------------------------------------------------------------------
Транзакция <1579> Старт. Перевод: 2152 руб. fromAcc: 239 toAcc: 101 
    <Начальные остатки> from: 490022      to: 412070
     <Конечные остатки> from: 487870      to: 414222
Транзакция <1579> Финиш. Время операции: 0,000 сек.
---------------------------------------------------------------------------------
Транзакция <1580> Старт. Перевод: 357 руб. fromAcc: 727 toAcc: 931 
    <Начальные остатки> from: 419516      to: 343195
     <Конечные остатки> from: 419159      to: 343552
Транзакция <1580> Финиш. Время операции: 0,000 сек.
---------------------------------------------------------------------------------
Транзакция <1581> Старт. Перевод: 5018 руб. fromAcc: 643 toAcc: 789 
    <Начальные остатки> from: 356489      to: 367086
     <Конечные остатки> from: 351471      to: 372104
Транзакция <1581> Финиш. Время операции: 0,000 сек.
---------------------------------------------------------------------------------
Транзакция <1582> Старт. Перевод: 4566 руб. fromAcc: 732 toAcc: 983 
    <Начальные остатки> from: 490812      to: 320477
     <Конечные остатки> from: 486246      to: 325043
Транзакция <1582> Финиш. Время операции: 0,001 сек.
---------------------------------------------------------------------------------
Транзакция <1583> Старт. Перевод: 9967 руб. fromAcc: 126 toAcc: 893 
    <Начальные остатки> from: 402010      to: 427440
     <Конечные остатки> from: 392043      to: 437407
Транзакция <1583> Финиш. Время операции: 0,000 сек.
---------------------------------------------------------------------------------
Транзакция <1584> Старт. Перевод: 9717 руб. fromAcc: 230 toAcc: 144 
    <Начальные остатки> from: 359890      to: 450116
     <Конечные остатки> from: 350173      to: 459833
Транзакция <1584> Финиш. Время операции: 0,000 сек.
---------------------------------------------------------------------------------
Транзакция <1585> Старт. Перевод: 7646 руб. fromAcc: 720 toAcc: 267 
    <Начальные остатки> from: 396800      to: 335530
     <Конечные остатки> from: 389154      to: 343176
Транзакция <1585> Финиш. Время операции: 0,000 сек.
---------------------------------------------------------------------------------
Транзакция <1586> Старт. Перевод: 4079 руб. fromAcc: 10 toAcc: 54 
    <Начальные остатки> from: 446789      to: 392634
     <Конечные остатки> from: 442710      to: 396713
Транзакция <1586> Финиш. Время операции: 0,000 сек.
---------------------------------------------------------------------------------
     <Конечные остатки> from: 393287      to: 382353
Транзакция <364> Финиш. Время операции: 10,072 сек.
---------------------------------------------------------------------------------
Транзакция <1587> Старт. Перевод: 7860 руб. fromAcc: 589 toAcc: 981 
    <Начальные остатки> from: 455073      to: 493417
     <Конечные остатки> from: 447213      to: 501277
Транзакция <1587> Финиш. Время операции: 0,000 сек.
---------------------------------------------------------------------------------
Транзакция <1588> Старт. Перевод: 2682 руб. fromAcc: 835 toAcc: 560 
    <Начальные остатки> from: 343782      to: 312709
     <Конечные остатки> from: 341100      to: 315391
Транзакция <1588> Финиш. Время операции: 0,001 сек.
---------------------------------------------------------------------------------
Транзакция <1589> Старт. Перевод: 55000 руб. fromAcc: 262 toAcc: 420 
    <Начальные остатки> from: 312397      to: 326601
Транзакция <1590> Старт. Перевод: 8047 руб. fromAcc: 617 toAcc: 672 
    <Начальные остатки> from: 335847      to: 347715
     <Конечные остатки> from: 327800      to: 355762
Транзакция <1590> Финиш. Время операции: 0,000 сек.
---------------------------------------------------------------------------------
Транзакция <1591> Старт. Перевод: 5372 руб. fromAcc: 492 toAcc: 345 
    <Начальные остатки> from: 374058      to: 357010
     <Конечные остатки> from: 368686      to: 362382
Транзакция <1591> Финиш. Время операции: 0,000 сек.
---------------------------------------------------------------------------------
Транзакция <1592> Старт. Перевод: 1455 руб. fromAcc: 984 toAcc: 249 
    <Начальные остатки> from: 479721      to: 402923
     <Конечные остатки> from: 478266      to: 404378
Транзакция <1592> Финиш. Время операции: 0,000 сек.
---------------------------------------------------------------------------------
Транзакция <1593> Старт. Перевод: 6718 руб. fromAcc: 177 toAcc: 200 
    <Начальные остатки> from: 414206      to: 414957
     <Конечные остатки> from: 407488      to: 421675
Транзакция <1593> Финиш. Время операции: 0,000 сек.
---------------------------------------------------------------------------------
Транзакция <1594> Старт. Перевод: 5036 руб. fromAcc: 530 toAcc: 67 
    <Начальные остатки> from: 429205      to: 444830
     <Конечные остатки> from: 424169      to: 449866
Транзакция <1594> Финиш. Время операции: 0,000 сек.
---------------------------------------------------------------------------------
Транзакция <1595> Старт. Перевод: 8625 руб. fromAcc: 100 toAcc: 391 
    <Начальные остатки> from: 366686      to: 425258
     <Конечные остатки> from: 358061      to: 433883
Транзакция <1595> Финиш. Время операции: 0,000 сек.
---------------------------------------------------------------------------------
Транзакция <1596> Старт. Перевод: 2297 руб. fromAcc: 519 toAcc: 266 
    <Начальные остатки> from: 317405      to: 476084
     <Конечные остатки> from: 315108      to: 478381
Транзакция <1596> Финиш. Время операции: 0,000 сек.
---------------------------------------------------------------------------------
Транзакция <1597> Старт. Перевод: 4406 руб. fromAcc: 476 toAcc: 888 
    <Начальные остатки> from: 340253      to: 441473
     <Конечные остатки> from: 335847      to: 445879
Транзакция <1597> Финиш. Время операции: 0,000 сек.
---------------------------------------------------------------------------------
Транзакция <1598> Старт. Перевод: 9010 руб. fromAcc: 224 toAcc: 998 
    <Начальные остатки> from: 458835      to: 391793
[ Операция невозможна из-за блокировки счета !!! ]
from: true to: false
     <Конечные остатки> from: 458835      to: 391793
Транзакция <1598> Финиш. Время операции: 0,000 сек.
---------------------------------------------------------------------------------
Транзакция <1599> Старт. Перевод: 7453 руб. fromAcc: 296 toAcc: 319 
    <Начальные остатки> from: 408830      to: 491770
     <Конечные остатки> from: 401377      to: 499223
Транзакция <1599> Финиш. Время операции: 0,000 сек.
---------------------------------------------------------------------------------
Транзакция <1600> Старт. Перевод: 7892 руб. fromAcc: 157 toAcc: 184 
    <Начальные остатки> from: 442557      to: 492600
     <Конечные остатки> from: 434665      to: 500492
Транзакция <1600> Финиш. Время операции: 0,000 сек.
---------------------------------------------------------------------------------
Транзакция <1601> Старт. Перевод: 8106 руб. fromAcc: 34 toAcc: 783 
    <Начальные остатки> from: 449264      to: 360691
     <Конечные остатки> from: 441158      to: 368797
Транзакция <1601> Финиш. Время операции: 0,000 сек.
---------------------------------------------------------------------------------
Транзакция <1602> Старт. Перевод: 363 руб. fromAcc: 502 toAcc: 823 
    <Начальные остатки> from: 464323      to: 346660
     <Конечные остатки> from: 463960      to: 347023
Транзакция <1602> Финиш. Время операции: 0,000 сек.
---------------------------------------------------------------------------------
Транзакция <1603> Старт. Перевод: 7065 руб. fromAcc: 715 toAcc: 988 
    <Начальные остатки> from: 343965      to: 313523
     <Конечные остатки> from: 336900      to: 320588
Транзакция <1603> Финиш. Время операции: 0,000 сек.
---------------------------------------------------------------------------------
Транзакция <1604> Старт. Перевод: 2446 руб. fromAcc: 371 toAcc: 218 
    <Начальные остатки> from: 320484      to: 336337
     <Конечные остатки> from: 318038      to: 338783
Транзакция <1604> Финиш. Время операции: 0,000 сек.
---------------------------------------------------------------------------------
Транзакция <1605> Старт. Перевод: 8676 руб. fromAcc: 564 toAcc: 745 
    <Начальные остатки> from: 404670      to: 345569
     <Конечные остатки> from: 395994      to: 354245
Транзакция <1605> Финиш. Время операции: 0,000 сек.
---------------------------------------------------------------------------------
Транзакция <1606> Старт. Перевод: 4395 руб. fromAcc: 727 toAcc: 796 
    <Начальные остатки> from: 419159      to: 415784
     <Конечные остатки> from: 414764      to: 420179
Транзакция <1606> Финиш. Время операции: 0,000 сек.
---------------------------------------------------------------------------------
Транзакция <1607> Старт. Перевод: 9914 руб. fromAcc: 740 toAcc: 71 
    <Начальные остатки> from: 455281      to: 345602
     <Конечные остатки> from: 445367      to: 355516
Транзакция <1607> Финиш. Время операции: 0,000 сек.
---------------------------------------------------------------------------------
Транзакция <1608> Старт. Перевод: 6107 руб. fromAcc: 114 toAcc: 390 
    <Начальные остатки> from: 322444      to: 478879
     <Конечные остатки> from: 316337      to: 484986
Транзакция <1608> Финиш. Время операции: 0,000 сек.
---------------------------------------------------------------------------------
Транзакция <1609> Старт. Перевод: 3368 руб. fromAcc: 892 toAcc: 443 
    <Начальные остатки> from: 372565      to: 302303
     <Конечные остатки> from: 369197      to: 305671
Транзакция <1609> Финиш. Время операции: 0,000 сек.
---------------------------------------------------------------------------------
Транзакция <1610> Старт. Перевод: 2894 руб. fromAcc: 526 toAcc: 143 
    <Начальные остатки> from: 373757      to: 396687
     <Конечные остатки> from: 370863      to: 399581
Транзакция <1610> Финиш. Время операции: 0,000 сек.
---------------------------------------------------------------------------------
Транзакция <1611> Старт. Перевод: 5067 руб. fromAcc: 513 toAcc: 950 
    <Начальные остатки> from: 466232      to: 361121
     <Конечные остатки> from: 461165      to: 366188
Транзакция <1611> Финиш. Время операции: 0,000 сек.
---------------------------------------------------------------------------------
Транзакция <1612> Старт. Перевод: 8686 руб. fromAcc: 60 toAcc: 419 
    <Начальные остатки> from: 287770      to: 365394
     <Конечные остатки> from: 279084      to: 374080
Транзакция <1612> Финиш. Время операции: 0,000 сек.
---------------------------------------------------------------------------------
Транзакция <1613> Старт. Перевод: 453 руб. fromAcc: 340 toAcc: 377 
    <Начальные остатки> from: 323031      to: 403280
     <Конечные остатки> from: 322578      to: 403733
Транзакция <1613> Финиш. Время операции: 0,000 сек.
---------------------------------------------------------------------------------
Транзакция <1614> Старт. Перевод: 6230 руб. fromAcc: 194 toAcc: 377 
    <Начальные остатки> from: 441246      to: 403733
     <Конечные остатки> from: 435016      to: 409963
Транзакция <1614> Финиш. Время операции: 0,000 сек.
---------------------------------------------------------------------------------
Транзакция <1615> Старт. Перевод: 55000 руб. fromAcc: 291 toAcc: 488 
    <Начальные остатки> from: 477738      to: 339757
Транзакция <1616> Старт. Перевод: 3565 руб. fromAcc: 423 toAcc: 807 
    <Начальные остатки> from: 368157      to: 355136
     <Конечные остатки> from: 364592      to: 358701
Транзакция <1616> Финиш. Время операции: 0,000 сек.
---------------------------------------------------------------------------------
Транзакция <1617> Старт. Перевод: 55000 руб. fromAcc: 627 toAcc: 670 
    <Начальные остатки> from: 383787      to: 380725
Транзакция <1618> Старт. Перевод: 3652 руб. fromAcc: 574 toAcc: 300 
    <Начальные остатки> from: 451866      to: 350297
     <Конечные остатки> from: 448214      to: 353949
Транзакция <1618> Финиш. Время операции: 0,000 сек.
---------------------------------------------------------------------------------
Транзакция <1619> Старт. Перевод: 1663 руб. fromAcc: 28 toAcc: 86 
    <Начальные остатки> from: 394108      to: 479905
     <Конечные остатки> from: 392445      to: 481568
Транзакция <1619> Финиш. Время операции: 0,000 сек.
---------------------------------------------------------------------------------
Транзакция <1620> Старт. Перевод: 6230 руб. fromAcc: 482 toAcc: 3 
    <Начальные остатки> from: 317120      to: 496746
     <Конечные остатки> from: 310890      to: 502976
Транзакция <1620> Финиш. Время операции: 0,000 сек.
---------------------------------------------------------------------------------
Транзакция <1621> Старт. Перевод: 5545 руб. fromAcc: 680 toAcc: 636 
    <Начальные остатки> from: 535361      to: 395205
     <Конечные остатки> from: 529816      to: 400750
Транзакция <1621> Финиш. Время операции: 0,000 сек.
---------------------------------------------------------------------------------
Транзакция <1622> Старт. Перевод: 5815 руб. fromAcc: 504 toAcc: 741 
    <Начальные остатки> from: 462103      to: 412271
     <Конечные остатки> from: 456288      to: 418086
Транзакция <1622> Финиш. Время операции: 0,000 сек.
---------------------------------------------------------------------------------
Транзакция <1623> Старт. Перевод: 382 руб. fromAcc: 33 toAcc: 779 
    <Начальные остатки> from: 426435      to: 463891
     <Конечные остатки> from: 426053      to: 464273
Транзакция <1623> Финиш. Время операции: 0,000 сек.
---------------------------------------------------------------------------------
Транзакция <1624> Старт. Перевод: 4932 руб. fromAcc: 547 toAcc: 3 
    <Начальные остатки> from: 437735      to: 502976
     <Конечные остатки> from: 432803      to: 507908
Транзакция <1624> Финиш. Время операции: 0,000 сек.
---------------------------------------------------------------------------------
Транзакция <1625> Старт. Перевод: 55000 руб. fromAcc: 632 toAcc: 498 
    <Начальные остатки> from: 459104      to: 298555
Транзакция <1626> Старт. Перевод: 55000 руб. fromAcc: 723 toAcc: 110 
    <Начальные остатки> from: 333068      to: 389127
Транзакция <1627> Старт. Перевод: 5782 руб. fromAcc: 800 toAcc: 185 
    <Начальные остатки> from: 458597      to: 387177
     <Конечные остатки> from: 452815      to: 392959
Транзакция <1627> Финиш. Время операции: 0,000 сек.
---------------------------------------------------------------------------------
Транзакция <1628> Старт. Перевод: 55000 руб. fromAcc: 578 toAcc: 134 
    <Начальные остатки> from: 334516      to: 333161
Транзакция <1629> Старт. Перевод: 9452 руб. fromAcc: 360 toAcc: 576 
    <Начальные остатки> from: 336873      to: 266694
     <Конечные остатки> from: 327421      to: 276146
Транзакция <1629> Финиш. Время операции: 0,000 сек.
---------------------------------------------------------------------------------
Транзакция <1630> Старт. Перевод: 4368 руб. fromAcc: 286 toAcc: 575 
    <Начальные остатки> from: 307217      to: 414111
     <Конечные остатки> from: 302849      to: 418479
Транзакция <1630> Финиш. Время операции: 0,000 сек.
---------------------------------------------------------------------------------
Транзакция <1631> Старт. Перевод: 1818 руб. fromAcc: 7 toAcc: 186 
    <Начальные остатки> from: 413860      to: 486023
     <Конечные остатки> from: 412042      to: 487841
Транзакция <1631> Финиш. Время операции: 0,000 сек.
---------------------------------------------------------------------------------
Транзакция <1632> Старт. Перевод: 6421 руб. fromAcc: 529 toAcc: 60 
    <Начальные остатки> from: 452215      to: 279084
     <Конечные остатки> from: 445794      to: 285505
Транзакция <1632> Финиш. Время операции: 0,000 сек.
---------------------------------------------------------------------------------
Транзакция <1633> Старт. Перевод: 7472 руб. fromAcc: 487 toAcc: 436 
    <Начальные остатки> from: 369439      to: 470112
     <Конечные остатки> from: 361967      to: 477584
Транзакция <1633> Финиш. Время операции: 0,000 сек.
---------------------------------------------------------------------------------
Транзакция <1634> Старт. Перевод: 8324 руб. fromAcc: 406 toAcc: 920 
    <Начальные остатки> from: 510190      to: 370494
     <Конечные остатки> from: 501866      to: 378818
Транзакция <1634> Финиш. Время операции: 0,000 сек.
---------------------------------------------------------------------------------
Транзакция <1635> Старт. Перевод: 7877 руб. fromAcc: 873 toAcc: 741 
    <Начальные остатки> from: 321737      to: 418086
     <Конечные остатки> from: 313860      to: 425963
Транзакция <1635> Финиш. Время операции: 0,000 сек.
---------------------------------------------------------------------------------
Транзакция <1636> Старт. Перевод: 10049 руб. fromAcc: 903 toAcc: 25 
    <Начальные остатки> from: 243578      to: 249945
[ Операция невозможна из-за блокировки счета !!! ]
from: false to: true
     <Конечные остатки> from: 243578      to: 249945
Транзакция <1636> Финиш. Время операции: 0,000 сек.
---------------------------------------------------------------------------------
Транзакция <1637> Старт. Перевод: 7282 руб. fromAcc: 773 toAcc: 828 
    <Начальные остатки> from: 453952      to: 406538
     <Конечные остатки> from: 446670      to: 413820
Транзакция <1637> Финиш. Время операции: 0,000 сек.
---------------------------------------------------------------------------------
Транзакция <1638> Старт. Перевод: 8422 руб. fromAcc: 274 toAcc: 743 
    <Начальные остатки> from: 378200      to: 269949
     <Конечные остатки> from: 369778      to: 278371
Транзакция <1638> Финиш. Время операции: 0,000 сек.
---------------------------------------------------------------------------------
Транзакция <1639> Старт. Перевод: 9625 руб. fromAcc: 602 toAcc: 939 
    <Начальные остатки> from: 482089      to: 454874
     <Конечные остатки> from: 472464      to: 464499
Транзакция <1639> Финиш. Время операции: 0,000 сек.
---------------------------------------------------------------------------------
Транзакция <1640> Старт. Перевод: 9355 руб. fromAcc: 109 toAcc: 355 
    <Начальные остатки> from: 354148      to: 310377
     <Конечные остатки> from: 344793      to: 319732
Транзакция <1640> Финиш. Время операции: 0,000 сек.
---------------------------------------------------------------------------------
Транзакция <1641> Старт. Перевод: 4971 руб. fromAcc: 746 toAcc: 636 
    <Начальные остатки> from: 441810      to: 400750
     <Конечные остатки> from: 436839      to: 405721
Транзакция <1641> Финиш. Время операции: 0,000 сек.
---------------------------------------------------------------------------------
Транзакция <1642> Старт. Перевод: 8935 руб. fromAcc: 293 toAcc: 90 
    <Начальные остатки> from: 308615      to: 358018
     <Конечные остатки> from: 299680      to: 366953
Транзакция <1642> Финиш. Время операции: 0,000 сек.
---------------------------------------------------------------------------------
Транзакция <1643> Старт. Перевод: 7249 руб. fromAcc: 436 toAcc: 574 
    <Начальные остатки> from: 477584      to: 448214
     <Конечные остатки> from: 470335      to: 455463
Транзакция <1643> Финиш. Время операции: 0,000 сек.
---------------------------------------------------------------------------------
Транзакция <1644> Старт. Перевод: 1364 руб. fromAcc: 314 toAcc: 790 
    <Начальные остатки> from: 443790      to: 427472
     <Конечные остатки> from: 442426      to: 428836
Транзакция <1644> Финиш. Время операции: 0,000 сек.
---------------------------------------------------------------------------------
Транзакция <1645> Старт. Перевод: 7525 руб. fromAcc: 417 toAcc: 855 
    <Начальные остатки> from: 465640      to: 309135
     <Конечные остатки> from: 458115      to: 316660
Транзакция <1645> Финиш. Время операции: 0,001 сек.
---------------------------------------------------------------------------------
Транзакция <1646> Старт. Перевод: 4264 руб. fromAcc: 629 toAcc: 421 
    <Начальные остатки> from: 434837      to: 416746
     <Конечные остатки> from: 430573      to: 421010
Транзакция <1646> Финиш. Время операции: 0,000 сек.
---------------------------------------------------------------------------------
Транзакция <1647> Старт. Перевод: 9596 руб. fromAcc: 745 toAcc: 825 
    <Начальные остатки> from: 354245      to: 311349
     <Конечные остатки> from: 344649      to: 320945
Транзакция <1647> Финиш. Время операции: 0,000 сек.
---------------------------------------------------------------------------------
Транзакция <1648> Старт. Перевод: 4366 руб. fromAcc: 39 toAcc: 937 
    <Начальные остатки> from: 455435      to: 458166
     <Конечные остатки> from: 451069      to: 462532
Транзакция <1648> Финиш. Время операции: 0,000 сек.
---------------------------------------------------------------------------------
Транзакция <1649> Старт. Перевод: 55000 руб. fromAcc: 298 toAcc: 438 
    <Начальные остатки> from: 337510      to: 486956
Транзакция <1650> Старт. Перевод: 4487 руб. fromAcc: 705 toAcc: 290 
    <Начальные остатки> from: 359586      to: 402701
     <Конечные остатки> from: 355099      to: 407188
Транзакция <1650> Финиш. Время операции: 0,000 сек.
---------------------------------------------------------------------------------
Транзакция <1651> Старт. Перевод: 9630 руб. fromAcc: 898 toAcc: 819 
    <Начальные остатки> from: 364228      to: 432153
     <Конечные остатки> from: 354598      to: 441783
Транзакция <1651> Финиш. Время операции: 0,000 сек.
---------------------------------------------------------------------------------
Транзакция <1652> Старт. Перевод: 5839 руб. fromAcc: 411 toAcc: 336 
    <Начальные остатки> from: 394146      to: 446505
     <Конечные остатки> from: 388307      to: 452344
Транзакция <1652> Финиш. Время операции: 0,000 сек.
---------------------------------------------------------------------------------
Транзакция <1653> Старт. Перевод: 2878 руб. fromAcc: 182 toAcc: 596 
    <Начальные остатки> from: 396176      to: 475755
     <Конечные остатки> from: 393298      to: 478633
Транзакция <1653> Финиш. Время операции: 0,000 сек.
---------------------------------------------------------------------------------
Транзакция <1654> Старт. Перевод: 3837 руб. fromAcc: 315 toAcc: 6 
    <Начальные остатки> from: 339264      to: 398835
     <Конечные остатки> from: 335427      to: 402672
Транзакция <1654> Финиш. Время операции: 0,000 сек.
---------------------------------------------------------------------------------
Транзакция <1655> Старт. Перевод: 3694 руб. fromAcc: 229 toAcc: 88 
    <Начальные остатки> from: 346779      to: 467881
     <Конечные остатки> from: 343085      to: 471575
Транзакция <1655> Финиш. Время операции: 0,000 сек.
---------------------------------------------------------------------------------
Транзакция <1656> Старт. Перевод: 2168 руб. fromAcc: 745 toAcc: 994 
    <Начальные остатки> from: 344649      to: 309615
     <Конечные остатки> from: 342481      to: 311783
Транзакция <1656> Финиш. Время операции: 0,000 сек.
---------------------------------------------------------------------------------
Транзакция <1657> Старт. Перевод: 8652 руб. fromAcc: 315 toAcc: 88 
    <Начальные остатки> from: 335427      to: 471575
     <Конечные остатки> from: 326775      to: 480227
Транзакция <1657> Финиш. Время операции: 0,000 сек.
---------------------------------------------------------------------------------
Транзакция <1658> Старт. Перевод: 55000 руб. fromAcc: 710 toAcc: 408 
    <Начальные остатки> from: 483969      to: 360602
Транзакция <1659> Старт. Перевод: 9751 руб. fromAcc: 672 toAcc: 53 
    <Начальные остатки> from: 355762      to: 507186
     <Конечные остатки> from: 346011      to: 516937
Транзакция <1659> Финиш. Время операции: 0,000 сек.
---------------------------------------------------------------------------------
Транзакция <1660> Старт. Перевод: 1697 руб. fromAcc: 771 toAcc: 35 
    <Начальные остатки> from: 454330      to: 420751
     <Конечные остатки> from: 452633      to: 422448
Транзакция <1660> Финиш. Время операции: 0,000 сек.
---------------------------------------------------------------------------------
Транзакция <1661> Старт. Перевод: 1392 руб. fromAcc: 402 toAcc: 509 
    <Начальные остатки> from: 431638      to: 405872
     <Конечные остатки> from: 430246      to: 407264
Транзакция <1661> Финиш. Время операции: 0,000 сек.
---------------------------------------------------------------------------------
Транзакция <1662> Старт. Перевод: 55000 руб. fromAcc: 11 toAcc: 457 
    <Начальные остатки> from: 451862      to: 257160
Транзакция <1663> Старт. Перевод: 9408 руб. fromAcc: 811 toAcc: 273 
    <Начальные остатки> from: 464187      to: 334700
     <Конечные остатки> from: 454779      to: 344108
Транзакция <1663> Финиш. Время операции: 0,000 сек.
---------------------------------------------------------------------------------
Транзакция <1664> Старт. Перевод: 9407 руб. fromAcc: 987 toAcc: 53 
    <Начальные остатки> from: 393544      to: 516937
     <Конечные остатки> from: 384137      to: 526344
Транзакция <1664> Финиш. Время операции: 0,000 сек.
---------------------------------------------------------------------------------
Транзакция <1665> Старт. Перевод: 55000 руб. fromAcc: 378 toAcc: 271 
    <Начальные остатки> from: 356602      to: 480659
Транзакция <1666> Старт. Перевод: 777 руб. fromAcc: 529 toAcc: 504 
    <Начальные остатки> from: 445794      to: 456288
     <Конечные остатки> from: 445017      to: 457065
Транзакция <1666> Финиш. Время операции: 0,000 сек.
---------------------------------------------------------------------------------
Транзакция <1667> Старт. Перевод: 5375 руб. fromAcc: 485 toAcc: 812 
    <Начальные остатки> from: 294703      to: 394229
     <Конечные остатки> from: 289328      to: 399604
Транзакция <1667> Финиш. Время операции: 0,000 сек.
---------------------------------------------------------------------------------
Транзакция <1668> Старт. Перевод: 8915 руб. fromAcc: 9 toAcc: 13 
    <Начальные остатки> from: 486501      to: 467331
     <Конечные остатки> from: 477586      to: 476246
Транзакция <1668> Финиш. Время операции: 0,000 сек.
---------------------------------------------------------------------------------
Транзакция <1669> Старт. Перевод: 7534 руб. fromAcc: 168 toAcc: 806 
    <Начальные остатки> from: 422204      to: 314156
     <Конечные остатки> from: 414670      to: 321690
Транзакция <1669> Финиш. Время операции: 0,000 сек.
---------------------------------------------------------------------------------
Транзакция <1670> Старт. Перевод: 2863 руб. fromAcc: 153 toAcc: 378 
    <Начальные остатки> from: 350861      to: 301602
     <Конечные остатки> from: 347998      to: 304465
Транзакция <1670> Финиш. Время операции: 0,000 сек.
---------------------------------------------------------------------------------
Транзакция <1671> Старт. Перевод: 4258 руб. fromAcc: 756 toAcc: 182 
    <Начальные остатки> from: 416055      to: 393298
     <Конечные остатки> from: 411797      to: 397556
Транзакция <1671> Финиш. Время операции: 0,000 сек.
---------------------------------------------------------------------------------
Транзакция <1672> Старт. Перевод: 9517 руб. fromAcc: 705 toAcc: 466 
    <Начальные остатки> from: 355099      to: 445355
     <Конечные остатки> from: 345582      to: 454872
Транзакция <1672> Финиш. Время операции: 0,000 сек.
---------------------------------------------------------------------------------
Транзакция <1673> Старт. Перевод: 6676 руб. fromAcc: 473 toAcc: 974 
    <Начальные остатки> from: 328192      to: 407081
     <Конечные остатки> from: 321516      to: 413757
Транзакция <1673> Финиш. Время операции: 0,000 сек.
---------------------------------------------------------------------------------
Транзакция <1674> Старт. Перевод: 5964 руб. fromAcc: 787 toAcc: 33 
    <Начальные остатки> from: 421342      to: 426053
     <Конечные остатки> from: 415378      to: 432017
Транзакция <1674> Финиш. Время операции: 0,000 сек.
---------------------------------------------------------------------------------
Транзакция <1675> Старт. Перевод: 1507 руб. fromAcc: 373 toAcc: 961 
    <Начальные остатки> from: 392450      to: 452053
     <Конечные остатки> from: 390943      to: 453560
Транзакция <1675> Финиш. Время операции: 0,000 сек.
---------------------------------------------------------------------------------
Транзакция <1676> Старт. Перевод: 6948 руб. fromAcc: 353 toAcc: 395 
    <Начальные остатки> from: 400363      to: 414068
     <Конечные остатки> from: 393415      to: 421016
Транзакция <1676> Финиш. Время операции: 0,000 сек.
---------------------------------------------------------------------------------
Транзакция <1677> Старт. Перевод: 55000 руб. fromAcc: 380 toAcc: 623 
    <Начальные остатки> from: 459532      to: 314181
Транзакция <1678> Старт. Перевод: 3042 руб. fromAcc: 770 toAcc: 744 
    <Начальные остатки> from: 414712      to: 393930
     <Конечные остатки> from: 411670      to: 396972
Транзакция <1678> Финиш. Время операции: 0,000 сек.
---------------------------------------------------------------------------------
Транзакция <1679> Старт. Перевод: 1051 руб. fromAcc: 592 toAcc: 696 
    <Начальные остатки> from: 366185      to: 318798
     <Конечные остатки> from: 365134      to: 319849
Транзакция <1679> Финиш. Время операции: 0,000 сек.
---------------------------------------------------------------------------------
Транзакция <1680> Старт. Перевод: 3870 руб. fromAcc: 905 toAcc: 687 
    <Начальные остатки> from: 313006      to: 418543
     <Конечные остатки> from: 309136      to: 422413
Транзакция <1680> Финиш. Время операции: 0,000 сек.
---------------------------------------------------------------------------------
Транзакция <1681> Старт. Перевод: 7054 руб. fromAcc: 699 toAcc: 534 
    <Начальные остатки> from: 327969      to: 323450
     <Конечные остатки> from: 320915      to: 330504
Транзакция <1681> Финиш. Время операции: 0,000 сек.
---------------------------------------------------------------------------------
Транзакция <1682> Старт. Перевод: 55000 руб. fromAcc: 436 toAcc: 315 
    <Начальные остатки> from: 470335      to: 326775
Транзакция <1683> Старт. Перевод: 1247 руб. fromAcc: 783 toAcc: 562 
    <Начальные остатки> from: 368797      to: 352207
     <Конечные остатки> from: 367550      to: 353454
Транзакция <1683> Финиш. Время операции: 0,000 сек.
---------------------------------------------------------------------------------
Транзакция <1684> Старт. Перевод: 55000 руб. fromAcc: 984 toAcc: 257 
    <Начальные остатки> from: 478266      to: 407736
Транзакция <1685> Старт. Перевод: 2741 руб. fromAcc: 552 toAcc: 646 
    <Начальные остатки> from: 330921      to: 304113
     <Конечные остатки> from: 328180      to: 306854
Транзакция <1685> Финиш. Время операции: 0,000 сек.
---------------------------------------------------------------------------------
Транзакция <1686> Старт. Перевод: 3810 руб. fromAcc: 158 toAcc: 580 
    <Начальные остатки> from: 444890      to: 392636
     <Конечные остатки> from: 441080      to: 396446
Транзакция <1686> Финиш. Время операции: 0,000 сек.
---------------------------------------------------------------------------------
Транзакция <1687> Старт. Перевод: 6863 руб. fromAcc: 154 toAcc: 922 
    <Начальные остатки> from: 438832      to: 527148
     <Конечные остатки> from: 431969      to: 534011
Транзакция <1687> Финиш. Время операции: 0,000 сек.
---------------------------------------------------------------------------------
Транзакция <1688> Старт. Перевод: 9890 руб. fromAcc: 666 toAcc: 62 
    <Начальные остатки> from: 386452      to: 393746
     <Конечные остатки> from: 376562      to: 403636
Транзакция <1688> Финиш. Время операции: 0,000 сек.
---------------------------------------------------------------------------------
Транзакция <1689> Старт. Перевод: 2145 руб. fromAcc: 38 toAcc: 836 
    <Начальные остатки> from: 356961      to: 397924
     <Конечные остатки> from: 354816      to: 400069
Транзакция <1689> Финиш. Время операции: 0,000 сек.
---------------------------------------------------------------------------------
Транзакция <1690> Старт. Перевод: 6503 руб. fromAcc: 181 toAcc: 847 
    <Начальные остатки> from: 344378      to: 431099
     <Конечные остатки> from: 337875      to: 437602
Транзакция <1690> Финиш. Время операции: 0,000 сек.
---------------------------------------------------------------------------------
Транзакция <1691> Старт. Перевод: 9917 руб. fromAcc: 512 toAcc: 581 
    <Начальные остатки> from: 442043      to: 423679
     <Конечные остатки> from: 432126      to: 433596
Транзакция <1691> Финиш. Время операции: 0,000 сек.
---------------------------------------------------------------------------------
Транзакция <1692> Старт. Перевод: 8520 руб. fromAcc: 254 toAcc: 1000 
Транзакция <1693> Старт. Перевод: 4792 руб. fromAcc: 992 toAcc: 414 
    <Начальные остатки> from: 485635      to: 397562
     <Конечные остатки> from: 480843      to: 402354
Транзакция <1693> Финиш. Время операции: 0,000 сек.
---------------------------------------------------------------------------------
Транзакция <1694> Старт. Перевод: 1695 руб. fromAcc: 440 toAcc: 717 
    <Начальные остатки> from: 476863      to: 377972
     <Конечные остатки> from: 475168      to: 379667
Транзакция <1694> Финиш. Время операции: 0,000 сек.
---------------------------------------------------------------------------------
Транзакция <1695> Старт. Перевод: 55000 руб. fromAcc: 286 toAcc: 551 
    <Начальные остатки> from: 302849      to: 313782
Транзакция <1696> Старт. Перевод: 1665 руб. fromAcc: 263 toAcc: 852 
    <Начальные остатки> from: 486325      to: 430235
     <Конечные остатки> from: 484660      to: 431900
Транзакция <1696> Финиш. Время операции: 0,007 сек.
---------------------------------------------------------------------------------
Транзакция <1697> Старт. Перевод: 2276 руб. fromAcc: 730 toAcc: 51 
    <Начальные остатки> from: 319177      to: 420348
     <Конечные остатки> from: 316901      to: 422624
Транзакция <1697> Финиш. Время операции: 0,001 сек.
---------------------------------------------------------------------------------
Транзакция <1698> Старт. Перевод: 8327 руб. fromAcc: 878 toAcc: 790 
    <Начальные остатки> from: 412120      to: 428836
     <Конечные остатки> from: 403793      to: 437163
Транзакция <1698> Финиш. Время операции: 0,000 сек.
---------------------------------------------------------------------------------
Транзакция <1699> Старт. Перевод: 7474 руб. fromAcc: 403 toAcc: 527 
    <Начальные остатки> from: 453608      to: 413113
     <Конечные остатки> from: 446134      to: 420587
Транзакция <1699> Финиш. Время операции: 0,000 сек.
---------------------------------------------------------------------------------
Транзакция <1700> Старт. Перевод: 3573 руб. fromAcc: 724 toAcc: 172 
    <Начальные остатки> from: 305193      to: 465592
     <Конечные остатки> from: 301620      to: 469165
Транзакция <1700> Финиш. Время операции: 0,000 сек.
---------------------------------------------------------------------------------
Транзакция <1701> Старт. Перевод: 2069 руб. fromAcc: 402 toAcc: 904 
    <Начальные остатки> from: 430246      to: 326208
     <Конечные остатки> from: 428177      to: 328277
Транзакция <1701> Финиш. Время операции: 0,001 сек.
---------------------------------------------------------------------------------
Транзакция <1702> Старт. Перевод: 55000 руб. fromAcc: 729 toAcc: 746 
    <Начальные остатки> from: 446429      to: 436839
Транзакция <1703> Старт. Перевод: 277 руб. fromAcc: 478 toAcc: 583 
    <Начальные остатки> from: 324505      to: 367178
     <Конечные остатки> from: 324228      to: 367455
Транзакция <1703> Финиш. Время операции: 0,001 сек.
---------------------------------------------------------------------------------
Транзакция <1704> Старт. Перевод: 6767 руб. fromAcc: 380 toAcc: 303 
    <Начальные остатки> from: 404532      to: 436048
     <Конечные остатки> from: 397765      to: 442815
Транзакция <1704> Финиш. Время операции: 0,001 сек.
---------------------------------------------------------------------------------
Транзакция <1705> Старт. Перевод: 170 руб. fromAcc: 662 toAcc: 609 
    <Начальные остатки> from: 340050      to: 309576
     <Конечные остатки> from: 339880      to: 309746
Транзакция <1705> Финиш. Время операции: 0,001 сек.
---------------------------------------------------------------------------------
Транзакция <1706> Старт. Перевод: 7757 руб. fromAcc: 605 toAcc: 628 
    <Начальные остатки> from: 436444      to: 396227
     <Конечные остатки> from: 428687      to: 403984
Транзакция <1706> Финиш. Время операции: 0,001 сек.
---------------------------------------------------------------------------------
Транзакция <1707> Старт. Перевод: 4049 руб. fromAcc: 784 toAcc: 637 
    <Начальные остатки> from: 460262      to: 434204
     <Конечные остатки> from: 456213      to: 438253
Транзакция <1707> Финиш. Время операции: 0,001 сек.
---------------------------------------------------------------------------------
Транзакция <1708> Старт. Перевод: 2374 руб. fromAcc: 698 toAcc: 454 
    <Начальные остатки> from: 349445      to: 326865
     <Конечные остатки> from: 347071      to: 329239
Транзакция <1708> Финиш. Время операции: 0,000 сек.
---------------------------------------------------------------------------------
Транзакция <1709> Старт. Перевод: 55000 руб. fromAcc: 406 toAcc: 344 
    <Начальные остатки> from: 501866      to: 358935
Транзакция <1710> Старт. Перевод: 6184 руб. fromAcc: 988 toAcc: 706 
    <Начальные остатки> from: 320588      to: 349661
     <Конечные остатки> from: 314404      to: 355845
Транзакция <1710> Финиш. Время операции: 0,000 сек.
---------------------------------------------------------------------------------
Транзакция <1711> Старт. Перевод: 5412 руб. fromAcc: 711 toAcc: 323 
    <Начальные остатки> from: 467967      to: 447091
     <Конечные остатки> from: 462555      to: 452503
Транзакция <1711> Финиш. Время операции: 0,000 сек.
---------------------------------------------------------------------------------
Транзакция <1712> Старт. Перевод: 4917 руб. fromAcc: 61 toAcc: 801 
    <Начальные остатки> from: 363282      to: 322828
     <Конечные остатки> from: 358365      to: 327745
Транзакция <1712> Финиш. Время операции: 0,000 сек.
---------------------------------------------------------------------------------
Транзакция <1713> Старт. Перевод: 6103 руб. fromAcc: 178 toAcc: 478 
    <Начальные остатки> from: 408363      to: 324228
     <Конечные остатки> from: 402260      to: 330331
Транзакция <1713> Финиш. Время операции: 0,000 сек.
---------------------------------------------------------------------------------
Транзакция <1714> Старт. Перевод: 9227 руб. fromAcc: 388 toAcc: 34 
    <Начальные остатки> from: 412341      to: 441158
     <Конечные остатки> from: 403114      to: 450385
Транзакция <1714> Финиш. Время операции: 0,000 сек.
---------------------------------------------------------------------------------
Транзакция <1715> Старт. Перевод: 284 руб. fromAcc: 606 toAcc: 538 
    <Начальные остатки> from: 498279      to: 455639
     <Конечные остатки> from: 497995      to: 455923
Транзакция <1715> Финиш. Время операции: 0,000 сек.
---------------------------------------------------------------------------------
Транзакция <1716> Старт. Перевод: 391 руб. fromAcc: 759 toAcc: 876 
    <Начальные остатки> from: 455307      to: 341046
     <Конечные остатки> from: 454916      to: 341437
Транзакция <1716> Финиш. Время операции: 0,000 сек.
---------------------------------------------------------------------------------
Транзакция <1717> Старт. Перевод: 6598 руб. fromAcc: 349 toAcc: 690 
    <Начальные остатки> from: 345072      to: 492126
     <Конечные остатки> from: 338474      to: 498724
Транзакция <1717> Финиш. Время операции: 0,000 сек.
---------------------------------------------------------------------------------
Транзакция <1718> Старт. Перевод: 953 руб. fromAcc: 131 toAcc: 710 
    <Начальные остатки> from: 374646      to: 428969
     <Конечные остатки> from: 373693      to: 429922
Транзакция <1718> Финиш. Время операции: 0,001 сек.
---------------------------------------------------------------------------------
Транзакция <1719> Старт. Перевод: 1547 руб. fromAcc: 925 toAcc: 441 
    <Начальные остатки> from: 475734      to: 266586
     <Конечные остатки> from: 474187      to: 268133
Транзакция <1719> Финиш. Время операции: 0,000 сек.
---------------------------------------------------------------------------------
Транзакция <1720> Старт. Перевод: 5265 руб. fromAcc: 806 toAcc: 710 
    <Начальные остатки> from: 321690      to: 429922
     <Конечные остатки> from: 316425      to: 435187
Транзакция <1720> Финиш. Время операции: 0,000 сек.
---------------------------------------------------------------------------------
Транзакция <1721> Старт. Перевод: 7006 руб. fromAcc: 244 toAcc: 493 
    <Начальные остатки> from: 343094      to: 407476
     <Конечные остатки> from: 336088      to: 414482
Транзакция <1721> Финиш. Время операции: 0,000 сек.
---------------------------------------------------------------------------------
Транзакция <1722> Старт. Перевод: 4260 руб. fromAcc: 283 toAcc: 778 
    <Начальные остатки> from: 365951      to: 468148
     <Конечные остатки> from: 361691      to: 472408
Транзакция <1722> Финиш. Время операции: 0,000 сек.
---------------------------------------------------------------------------------
Транзакция <1723> Старт. Перевод: 9096 руб. fromAcc: 553 toAcc: 972 
    <Начальные остатки> from: 473903      to: 332223
     <Конечные остатки> from: 464807      to: 341319
Транзакция <1723> Финиш. Время операции: 0,000 сек.
---------------------------------------------------------------------------------
Транзакция <1724> Старт. Перевод: 1841 руб. fromAcc: 668 toAcc: 467 
    <Начальные остатки> from: 338653      to: 300101
     <Конечные остатки> from: 336812      to: 301942
Транзакция <1724> Финиш. Время операции: 0,000 сек.
---------------------------------------------------------------------------------
Транзакция <1725> Старт. Перевод: 2058 руб. fromAcc: 612 toAcc: 589 
    <Начальные остатки> from: 321670      to: 447213
     <Конечные остатки> from: 319612      to: 449271
Транзакция <1725> Финиш. Время операции: 0,000 сек.
---------------------------------------------------------------------------------
Транзакция <1726> Старт. Перевод: 2761 руб. fromAcc: 806 toAcc: 60 
    <Начальные остатки> from: 316425      to: 285505
     <Конечные остатки> from: 313664      to: 288266
Транзакция <1726> Финиш. Время операции: 0,000 сек.
---------------------------------------------------------------------------------
Транзакция <1727> Старт. Перевод: 3243 руб. fromAcc: 867 toAcc: 500 
    <Начальные остатки> from: 458304      to: 319772
     <Конечные остатки> from: 455061      to: 323015
Транзакция <1727> Финиш. Время операции: 0,000 сек.
---------------------------------------------------------------------------------
Транзакция <1728> Старт. Перевод: 4391 руб. fromAcc: 509 toAcc: 243 
    <Начальные остатки> from: 407264      to: 405766
     <Конечные остатки> from: 402873      to: 410157
Транзакция <1728> Финиш. Время операции: 0,000 сек.
---------------------------------------------------------------------------------
Транзакция <1729> Старт. Перевод: 7871 руб. fromAcc: 649 toAcc: 948 
    <Начальные остатки> from: 468451      to: 391206
     <Конечные остатки> from: 460580      to: 399077
Транзакция <1729> Финиш. Время операции: 0,000 сек.
---------------------------------------------------------------------------------
Транзакция <1730> Старт. Перевод: 7246 руб. fromAcc: 540 toAcc: 30 
    <Начальные остатки> from: 490782      to: 309582
     <Конечные остатки> from: 483536      to: 316828
Транзакция <1730> Финиш. Время операции: 0,000 сек.
---------------------------------------------------------------------------------
Транзакция <1731> Старт. Перевод: 4673 руб. fromAcc: 666 toAcc: 966 
    <Начальные остатки> from: 376562      to: 331560
     <Конечные остатки> from: 371889      to: 336233
Транзакция <1731> Финиш. Время операции: 0,000 сек.
---------------------------------------------------------------------------------
Транзакция <1732> Старт. Перевод: 1659 руб. fromAcc: 237 toAcc: 888 
    <Начальные остатки> from: 407724      to: 445879
     <Конечные остатки> from: 406065      to: 447538
Транзакция <1732> Финиш. Время операции: 0,000 сек.
---------------------------------------------------------------------------------
Транзакция <1733> Старт. Перевод: 6064 руб. fromAcc: 299 toAcc: 706 
    <Начальные остатки> from: 394443      to: 355845
     <Конечные остатки> from: 388379      to: 361909
Транзакция <1733> Финиш. Время операции: 0,000 сек.
---------------------------------------------------------------------------------
Транзакция <1734> Старт. Перевод: 479 руб. fromAcc: 931 toAcc: 210 
    <Начальные остатки> from: 343552      to: 515188
     <Конечные остатки> from: 343073      to: 515667
Транзакция <1734> Финиш. Время операции: 0,000 сек.
---------------------------------------------------------------------------------
Транзакция <1735> Старт. Перевод: 8968 руб. fromAcc: 482 toAcc: 178 
    <Начальные остатки> from: 310890      to: 402260
     <Конечные остатки> from: 301922      to: 411228
Транзакция <1735> Финиш. Время операции: 0,000 сек.
---------------------------------------------------------------------------------
Транзакция <1736> Старт. Перевод: 189 руб. fromAcc: 541 toAcc: 597 
    <Начальные остатки> from: 317575      to: 385736
     <Конечные остатки> from: 317386      to: 385925
Транзакция <1736> Финиш. Время операции: 0,000 сек.
---------------------------------------------------------------------------------
Транзакция <1737> Старт. Перевод: 4941 руб. fromAcc: 179 toAcc: 472 
    <Начальные остатки> from: 468105      to: 386070
     <Конечные остатки> from: 463164      to: 391011
Транзакция <1737> Финиш. Время операции: 0,000 сек.
---------------------------------------------------------------------------------
Транзакция <1738> Старт. Перевод: 5305 руб. fromAcc: 1 toAcc: 583 
    <Начальные остатки> from: 338834      to: 367455
     <Конечные остатки> from: 333529      to: 372760
Транзакция <1738> Финиш. Время операции: 0,000 сек.
---------------------------------------------------------------------------------
Транзакция <1739> Старт. Перевод: 705 руб. fromAcc: 736 toAcc: 740 
    <Начальные остатки> from: 450839      to: 445367
     <Конечные остатки> from: 450134      to: 446072
Транзакция <1739> Финиш. Время операции: 0,000 сек.
---------------------------------------------------------------------------------
Транзакция <1740> Старт. Перевод: 3467 руб. fromAcc: 408 toAcc: 772 
    <Начальные остатки> from: 415602      to: 444509
     <Конечные остатки> from: 412135      to: 447976
Транзакция <1740> Финиш. Время операции: 0,000 сек.
---------------------------------------------------------------------------------
Транзакция <1741> Старт. Перевод: 2750 руб. fromAcc: 610 toAcc: 514 
    <Начальные остатки> from: 470462      to: 342655
     <Конечные остатки> from: 467712      to: 345405
Транзакция <1741> Финиш. Время операции: 0,000 сек.
---------------------------------------------------------------------------------
Транзакция <1742> Старт. Перевод: 1076 руб. fromAcc: 41 toAcc: 527 
    <Начальные остатки> from: 414420      to: 420587
     <Конечные остатки> from: 413344      to: 421663
Транзакция <1742> Финиш. Время операции: 0,000 сек.
---------------------------------------------------------------------------------
Транзакция <1743> Старт. Перевод: 2118 руб. fromAcc: 271 toAcc: 134 
    <Начальные остатки> from: 535659      to: 388161
     <Конечные остатки> from: 533541      to: 390279
Транзакция <1743> Финиш. Время операции: 0,000 сек.
---------------------------------------------------------------------------------
Транзакция <1744> Старт. Перевод: 1886 руб. fromAcc: 634 toAcc: 655 
    <Начальные остатки> from: 473552      to: 463110
     <Конечные остатки> from: 471666      to: 464996
Транзакция <1744> Финиш. Время операции: 0,000 сек.
---------------------------------------------------------------------------------
Транзакция <1745> Старт. Перевод: 8009 руб. fromAcc: 266 toAcc: 357 
    <Начальные остатки> from: 478381      to: 456552
     <Конечные остатки> from: 470372      to: 464561
Транзакция <1745> Финиш. Время операции: 0,000 сек.
---------------------------------------------------------------------------------
Транзакция <1746> Старт. Перевод: 3407 руб. fromAcc: 561 toAcc: 766 
    <Начальные остатки> from: 434653      to: 460607
     <Конечные остатки> from: 431246      to: 464014
Транзакция <1746> Финиш. Время операции: 0,000 сек.
---------------------------------------------------------------------------------
Транзакция <1747> Старт. Перевод: 1340 руб. fromAcc: 742 toAcc: 442 
    <Начальные остатки> from: 449414      to: 446662
     <Конечные остатки> from: 448074      to: 448002
Транзакция <1747> Финиш. Время операции: 0,000 сек.
---------------------------------------------------------------------------------
Транзакция <1748> Старт. Перевод: 8532 руб. fromAcc: 820 toAcc: 222 
    <Начальные остатки> from: 396970      to: 322070
     <Конечные остатки> from: 388438      to: 330602
Транзакция <1748> Финиш. Время операции: 0,000 сек.
---------------------------------------------------------------------------------
Транзакция <1749> Старт. Перевод: 1899 руб. fromAcc: 932 toAcc: 257 
    <Начальные остатки> from: 326063      to: 462736
     <Конечные остатки> from: 324164      to: 464635
Транзакция <1749> Финиш. Время операции: 0,000 сек.
---------------------------------------------------------------------------------
Транзакция <1750> Старт. Перевод: 2242 руб. fromAcc: 963 toAcc: 848 
    <Начальные остатки> from: 429366      to: 503106
     <Конечные остатки> from: 427124      to: 505348
Транзакция <1750> Финиш. Время операции: 0,000 сек.
---------------------------------------------------------------------------------
Транзакция <1751> Старт. Перевод: 5206 руб. fromAcc: 372 toAcc: 215 
    <Начальные остатки> from: 396340      to: 453590
     <Конечные остатки> from: 391134      to: 458796
Транзакция <1751> Финиш. Время операции: 0,000 сек.
---------------------------------------------------------------------------------
Транзакция <1752> Старт. Перевод: 5790 руб. fromAcc: 362 toAcc: 858 
    <Начальные остатки> from: 388613      to: 511702
     <Конечные остатки> from: 382823      to: 517492
Транзакция <1752> Финиш. Время операции: 0,000 сек.
---------------------------------------------------------------------------------
Транзакция <1753> Старт. Перевод: 7737 руб. fromAcc: 882 toAcc: 87 
    <Начальные остатки> from: 386357      to: 412092
     <Конечные остатки> from: 378620      to: 419829
Транзакция <1753> Финиш. Время операции: 0,000 сек.
---------------------------------------------------------------------------------
Транзакция <1754> Старт. Перевод: 3245 руб. fromAcc: 464 toAcc: 631 
    <Начальные остатки> from: 312584      to: 344446
     <Конечные остатки> from: 309339      to: 347691
Транзакция <1754> Финиш. Время операции: 0,000 сек.
---------------------------------------------------------------------------------
Транзакция <1755> Старт. Перевод: 1629 руб. fromAcc: 567 toAcc: 988 
    <Начальные остатки> from: 322537      to: 314404
     <Конечные остатки> from: 320908      to: 316033
Транзакция <1755> Финиш. Время операции: 0,000 сек.
---------------------------------------------------------------------------------
Транзакция <1756> Старт. Перевод: 7768 руб. fromAcc: 922 toAcc: 298 
    <Начальные остатки> from: 534011      to: 282510
     <Конечные остатки> from: 526243      to: 290278
Транзакция <1756> Финиш. Время операции: 0,000 сек.
---------------------------------------------------------------------------------
Транзакция <1757> Старт. Перевод: 2507 руб. fromAcc: 362 toAcc: 103 
    <Начальные остатки> from: 382823      to: 328079
     <Конечные остатки> from: 380316      to: 330586
Транзакция <1757> Финиш. Время операции: 0,000 сек.
---------------------------------------------------------------------------------
Транзакция <1758> Старт. Перевод: 7515 руб. fromAcc: 748 toAcc: 296 
    <Начальные остатки> from: 422006      to: 401377
     <Конечные остатки> from: 414491      to: 408892
Транзакция <1758> Финиш. Время операции: 0,001 сек.
---------------------------------------------------------------------------------
Транзакция <1759> Старт. Перевод: 6552 руб. fromAcc: 898 toAcc: 931 
    <Начальные остатки> from: 354598      to: 343073
     <Конечные остатки> from: 348046      to: 349625
Транзакция <1759> Финиш. Время операции: 0,000 сек.
---------------------------------------------------------------------------------
Транзакция <1760> Старт. Перевод: 3545 руб. fromAcc: 890 toAcc: 328 
    <Начальные остатки> from: 299026      to: 312028
     <Конечные остатки> from: 295481      to: 315573
Транзакция <1760> Финиш. Время операции: 0,000 сек.
---------------------------------------------------------------------------------
Транзакция <1761> Старт. Перевод: 5470 руб. fromAcc: 692 toAcc: 115 
    <Начальные остатки> from: 454386      to: 337979
     <Конечные остатки> from: 448916      to: 343449
Транзакция <1761> Финиш. Время операции: 0,000 сек.
---------------------------------------------------------------------------------
Транзакция <1762> Старт. Перевод: 4613 руб. fromAcc: 861 toAcc: 383 
    <Начальные остатки> from: 347926      to: 485284
     <Конечные остатки> from: 343313      to: 489897
Транзакция <1762> Финиш. Время операции: 0,000 сек.
---------------------------------------------------------------------------------
Транзакция <1763> Старт. Перевод: 55000 руб. fromAcc: 947 toAcc: 156 
    <Начальные остатки> from: 393664      to: 436845
[ Операция невозможна из-за блокировки счета !!! ]
from: true to: false
     <Конечные остатки> from: 393664      to: 436845
Транзакция <1763> Финиш. Время операции: 0,001 сек.
---------------------------------------------------------------------------------
Транзакция <1764> Старт. Перевод: 150 руб. fromAcc: 37 toAcc: 336 
    <Начальные остатки> from: 423588      to: 452344
     <Конечные остатки> from: 423438      to: 452494
Транзакция <1764> Финиш. Время операции: 0,000 сек.
---------------------------------------------------------------------------------
Транзакция <1765> Старт. Перевод: 5206 руб. fromAcc: 614 toAcc: 477 
    <Начальные остатки> from: 457903      to: 305340
     <Конечные остатки> from: 452697      to: 310546
Транзакция <1765> Финиш. Время операции: 0,000 сек.
---------------------------------------------------------------------------------
Транзакция <1766> Старт. Перевод: 4127 руб. fromAcc: 875 toAcc: 843 
    <Начальные остатки> from: 346314      to: 440532
     <Конечные остатки> from: 342187      to: 444659
Транзакция <1766> Финиш. Время операции: 0,000 сек.
---------------------------------------------------------------------------------
Транзакция <1767> Старт. Перевод: 9140 руб. fromAcc: 382 toAcc: 514 
    <Начальные остатки> from: 326028      to: 345405
     <Конечные остатки> from: 316888      to: 354545
Транзакция <1767> Финиш. Время операции: 0,000 сек.
---------------------------------------------------------------------------------
Транзакция <1768> Старт. Перевод: 6979 руб. fromAcc: 938 toAcc: 952 
    <Начальные остатки> from: 426978      to: 373424
     <Конечные остатки> from: 419999      to: 380403
Транзакция <1768> Финиш. Время операции: 0,000 сек.
---------------------------------------------------------------------------------
Транзакция <1769> Старт. Перевод: 4807 руб. fromAcc: 279 toAcc: 438 
    <Начальные остатки> from: 318617      to: 541956
     <Конечные остатки> from: 313810      to: 546763
Транзакция <1769> Финиш. Время операции: 0,000 сек.
---------------------------------------------------------------------------------
Транзакция <1770> Старт. Перевод: 9304 руб. fromAcc: 546 toAcc: 603 
    <Начальные остатки> from: 384191      to: 356489
     <Конечные остатки> from: 374887      to: 365793
Транзакция <1770> Финиш. Время операции: 0,000 сек.
---------------------------------------------------------------------------------
Транзакция <1771> Старт. Перевод: 3428 руб. fromAcc: 919 toAcc: 685 
    <Начальные остатки> from: 488731      to: 494192
[ Операция невозможна из-за блокировки счета !!! ]
from: false to: true
     <Конечные остатки> from: 488731      to: 494192
Транзакция <1771> Финиш. Время операции: 0,000 сек.
---------------------------------------------------------------------------------
Транзакция <1772> Старт. Перевод: 8215 руб. fromAcc: 591 toAcc: 474 
    <Начальные остатки> from: 490973      to: 344131
     <Конечные остатки> from: 482758      to: 352346
Транзакция <1772> Финиш. Время операции: 0,000 сек.
---------------------------------------------------------------------------------
Транзакция <1773> Старт. Перевод: 6291 руб. fromAcc: 5 toAcc: 351 
    <Начальные остатки> from: 292509      to: 327174
     <Конечные остатки> from: 286218      to: 333465
Транзакция <1773> Финиш. Время операции: 0,000 сек.
---------------------------------------------------------------------------------
Транзакция <1774> Старт. Перевод: 9678 руб. fromAcc: 894 toAcc: 521 
    <Начальные остатки> from: 363313      to: 399992
     <Конечные остатки> from: 353635      to: 409670
Транзакция <1774> Финиш. Время операции: 0,000 сек.
---------------------------------------------------------------------------------
Транзакция <1775> Старт. Перевод: 6962 руб. fromAcc: 196 toAcc: 273 
    <Начальные остатки> from: 436668      to: 344108
     <Конечные остатки> from: 429706      to: 351070
Транзакция <1775> Финиш. Время операции: 0,000 сек.
---------------------------------------------------------------------------------
Транзакция <1776> Старт. Перевод: 3916 руб. fromAcc: 388 toAcc: 100 
    <Начальные остатки> from: 403114      to: 358061
     <Конечные остатки> from: 399198      to: 361977
Транзакция <1776> Финиш. Время операции: 0,000 сек.
---------------------------------------------------------------------------------
Транзакция <1777> Старт. Перевод: 7265 руб. fromAcc: 77 toAcc: 597 
    <Начальные остатки> from: 405654      to: 385925
     <Конечные остатки> from: 398389      to: 393190
Транзакция <1777> Финиш. Время операции: 0,000 сек.
---------------------------------------------------------------------------------
Транзакция <1778> Старт. Перевод: 3434 руб. fromAcc: 4 toAcc: 301 
    <Начальные остатки> from: 294743      to: 478803
     <Конечные остатки> from: 291309      to: 482237
Транзакция <1778> Финиш. Время операции: 0,000 сек.
---------------------------------------------------------------------------------
Транзакция <1779> Старт. Перевод: 2865 руб. fromAcc: 728 toAcc: 107 
    <Начальные остатки> from: 351078      to: 415719
     <Конечные остатки> from: 348213      to: 418584
Транзакция <1779> Финиш. Время операции: 0,000 сек.
---------------------------------------------------------------------------------
Транзакция <1780> Старт. Перевод: 5735 руб. fromAcc: 355 toAcc: 398 
    <Начальные остатки> from: 319732      to: 502261
     <Конечные остатки> from: 313997      to: 507996
Транзакция <1780> Финиш. Время операции: 0,000 сек.
---------------------------------------------------------------------------------
Транзакция <1781> Старт. Перевод: 55000 руб. fromAcc: 627 toAcc: 831 
    <Начальные остатки> from: 328787      to: 352999
Транзакция <1782> Старт. Перевод: 8474 руб. fromAcc: 668 toAcc: 599 
    <Начальные остатки> from: 336812      to: 342881
     <Конечные остатки> from: 328338      to: 351355
Транзакция <1782> Финиш. Время операции: 0,000 сек.
---------------------------------------------------------------------------------
Транзакция <1783> Старт. Перевод: 6262 руб. fromAcc: 521 toAcc: 870 
    <Начальные остатки> from: 409670      to: 484837
     <Конечные остатки> from: 403408      to: 491099
Транзакция <1783> Финиш. Время операции: 0,000 сек.
---------------------------------------------------------------------------------
Транзакция <1784> Старт. Перевод: 3071 руб. fromAcc: 149 toAcc: 84 
    <Начальные остатки> from: 364198      to: 473523
     <Конечные остатки> from: 361127      to: 476594
Транзакция <1784> Финиш. Время операции: 0,000 сек.
---------------------------------------------------------------------------------
Транзакция <1785> Старт. Перевод: 4453 руб. fromAcc: 186 toAcc: 956 
    <Начальные остатки> from: 487841      to: 407149
     <Конечные остатки> from: 483388      to: 411602
Транзакция <1785> Финиш. Время операции: 0,000 сек.
---------------------------------------------------------------------------------
Транзакция <1786> Старт. Перевод: 4906 руб. fromAcc: 366 toAcc: 640 
    <Начальные остатки> from: 434433      to: 356458
     <Конечные остатки> from: 429527      to: 361364
Транзакция <1786> Финиш. Время операции: 0,000 сек.
---------------------------------------------------------------------------------
Транзакция <1787> Старт. Перевод: 9844 руб. fromAcc: 492 toAcc: 616 
    <Начальные остатки> from: 368686      to: 417438
     <Конечные остатки> from: 358842      to: 427282
Транзакция <1787> Финиш. Время операции: 0,000 сек.
---------------------------------------------------------------------------------
Транзакция <1788> Старт. Перевод: 6465 руб. fromAcc: 573 toAcc: 632 
    <Начальные остатки> from: 312297      to: 404104
     <Конечные остатки> from: 305832      to: 410569
Транзакция <1788> Финиш. Время операции: 0,000 сек.
---------------------------------------------------------------------------------
Транзакция <1789> Старт. Перевод: 8548 руб. fromAcc: 547 toAcc: 431 
    <Начальные остатки> from: 432803      to: 426179
     <Конечные остатки> from: 424255      to: 434727
Транзакция <1789> Финиш. Время операции: 0,000 сек.
---------------------------------------------------------------------------------
Транзакция <1790> Старт. Перевод: 9838 руб. fromAcc: 465 toAcc: 140 
    <Начальные остатки> from: 385056      to: 303028
     <Конечные остатки> from: 375218      to: 312866
Транзакция <1790> Финиш. Время операции: 0,000 сек.
---------------------------------------------------------------------------------
Транзакция <1791> Старт. Перевод: 4284 руб. fromAcc: 107 toAcc: 225 
    <Начальные остатки> from: 418584      to: 476082
     <Конечные остатки> from: 414300      to: 480366
Транзакция <1791> Финиш. Время операции: 0,000 сек.
---------------------------------------------------------------------------------
Транзакция <1792> Старт. Перевод: 9127 руб. fromAcc: 721 toAcc: 870 
    <Начальные остатки> from: 447459      to: 491099
     <Конечные остатки> from: 438332      to: 500226
Транзакция <1792> Финиш. Время операции: 0,000 сек.
---------------------------------------------------------------------------------
Транзакция <1793> Старт. Перевод: 8586 руб. fromAcc: 17 toAcc: 467 
    <Начальные остатки> from: 485762      to: 301942
     <Конечные остатки> from: 477176      to: 310528
Транзакция <1793> Финиш. Время операции: 0,000 сек.
---------------------------------------------------------------------------------
Транзакция <1794> Старт. Перевод: 1721 руб. fromAcc: 575 toAcc: 676 
    <Начальные остатки> from: 418479      to: 439852
     <Конечные остатки> from: 416758      to: 441573
Транзакция <1794> Финиш. Время операции: 0,000 сек.
---------------------------------------------------------------------------------
Транзакция <1795> Старт. Перевод: 7961 руб. fromAcc: 561 toAcc: 179 
    <Начальные остатки> from: 431246      to: 463164
     <Конечные остатки> from: 423285      to: 471125
Транзакция <1795> Финиш. Время операции: 0,000 сек.
---------------------------------------------------------------------------------
Транзакция <1796> Старт. Перевод: 7707 руб. fromAcc: 8 toAcc: 788 
    <Начальные остатки> from: 393287      to: 464007
     <Конечные остатки> from: 385580      to: 471714
Транзакция <1796> Финиш. Время операции: 0,000 сек.
---------------------------------------------------------------------------------
Транзакция <1797> Старт. Перевод: 3484 руб. fromAcc: 949 toAcc: 86 
    <Начальные остатки> from: 462918      to: 481568
     <Конечные остатки> from: 459434      to: 485052
Транзакция <1797> Финиш. Время операции: 0,000 сек.
---------------------------------------------------------------------------------
Транзакция <1798> Старт. Перевод: 9152 руб. fromAcc: 383 toAcc: 119 
    <Начальные остатки> from: 489897      to: 369456
     <Конечные остатки> from: 480745      to: 378608
Транзакция <1798> Финиш. Время операции: 0,000 сек.
---------------------------------------------------------------------------------
Транзакция <1799> Старт. Перевод: 848 руб. fromAcc: 376 toAcc: 979 
    <Начальные остатки> from: 406452      to: 310744
     <Конечные остатки> from: 405604      to: 311592
Транзакция <1799> Финиш. Время операции: 0,000 сек.
---------------------------------------------------------------------------------
Транзакция <1800> Старт. Перевод: 3547 руб. fromAcc: 616 toAcc: 266 
    <Начальные остатки> from: 427282      to: 470372
     <Конечные остатки> from: 423735      to: 473919
Транзакция <1800> Финиш. Время операции: 0,000 сек.
---------------------------------------------------------------------------------
Транзакция <1801> Старт. Перевод: 1372 руб. fromAcc: 382 toAcc: 567 
    <Начальные остатки> from: 316888      to: 320908
     <Конечные остатки> from: 315516      to: 322280
Транзакция <1801> Финиш. Время операции: 0,000 сек.
---------------------------------------------------------------------------------
Транзакция <1802> Старт. Перевод: 8136 руб. fromAcc: 203 toAcc: 60 
    <Начальные остатки> from: 469339      to: 288266
     <Конечные остатки> from: 461203      to: 296402
Транзакция <1802> Финиш. Время операции: 0,000 сек.
---------------------------------------------------------------------------------
Транзакция <1803> Старт. Перевод: 6979 руб. fromAcc: 447 toAcc: 263 
    <Начальные остатки> from: 322284      to: 484660
     <Конечные остатки> from: 315305      to: 491639
Транзакция <1803> Финиш. Время операции: 0,000 сек.
---------------------------------------------------------------------------------
Транзакция <1804> Старт. Перевод: 4418 руб. fromAcc: 696 toAcc: 790 
    <Начальные остатки> from: 319849      to: 437163
     <Конечные остатки> from: 315431      to: 441581
Транзакция <1804> Финиш. Время операции: 0,000 сек.
---------------------------------------------------------------------------------
Транзакция <1805> Старт. Перевод: 4652 руб. fromAcc: 52 toAcc: 673 
    <Начальные остатки> from: 491465      to: 428891
     <Конечные остатки> from: 486813      to: 433543
Транзакция <1805> Финиш. Время операции: 0,000 сек.
---------------------------------------------------------------------------------
Транзакция <1806> Старт. Перевод: 7734 руб. fromAcc: 264 toAcc: 446 
    <Начальные остатки> from: 380170      to: 413487
     <Конечные остатки> from: 372436      to: 421221
Транзакция <1806> Финиш. Время операции: 0,000 сек.
---------------------------------------------------------------------------------
Транзакция <1807> Старт. Перевод: 6452 руб. fromAcc: 34 toAcc: 827 
    <Начальные остатки> from: 450385      to: 433787
     <Конечные остатки> from: 443933      to: 440239
Транзакция <1807> Финиш. Время операции: 0,000 сек.
---------------------------------------------------------------------------------
Транзакция <1808> Старт. Перевод: 9623 руб. fromAcc: 469 toAcc: 386 
    <Начальные остатки> from: 323010      to: 357446
     <Конечные остатки> from: 313387      to: 367069
Транзакция <1808> Финиш. Время операции: 0,000 сек.
---------------------------------------------------------------------------------
Транзакция <1809> Старт. Перевод: 9551 руб. fromAcc: 483 toAcc: 892 
    <Начальные остатки> from: 419733      to: 369197
     <Конечные остатки> from: 410182      to: 378748
Транзакция <1809> Финиш. Время операции: 0,000 сек.
---------------------------------------------------------------------------------
Транзакция <1810> Старт. Перевод: 6076 руб. fromAcc: 247 toAcc: 670 
    <Начальные остатки> from: 397643      to: 435725
     <Конечные остатки> from: 391567      to: 441801
Транзакция <1810> Финиш. Время операции: 0,000 сек.
---------------------------------------------------------------------------------
Транзакция <1811> Старт. Перевод: 121 руб. fromAcc: 88 toAcc: 526 
    <Начальные остатки> from: 480227      to: 370863
     <Конечные остатки> from: 480106      to: 370984
Транзакция <1811> Финиш. Время операции: 0,000 сек.
---------------------------------------------------------------------------------
Транзакция <1812> Старт. Перевод: 6511 руб. fromAcc: 465 toAcc: 367 
    <Начальные остатки> from: 375218      to: 380060
     <Конечные остатки> from: 368707      to: 386571
Транзакция <1812> Финиш. Время операции: 0,000 сек.
---------------------------------------------------------------------------------
Транзакция <1813> Старт. Перевод: 4702 руб. fromAcc: 845 toAcc: 132 
    <Начальные остатки> from: 321572      to: 418981
     <Конечные остатки> from: 316870      to: 423683
Транзакция <1813> Финиш. Время операции: 0,000 сек.
---------------------------------------------------------------------------------
Транзакция <1814> Старт. Перевод: 3927 руб. fromAcc: 173 toAcc: 357 
    <Начальные остатки> from: 396124      to: 464561
     <Конечные остатки> from: 392197      to: 468488
Транзакция <1814> Финиш. Время операции: 0,000 сек.
---------------------------------------------------------------------------------
Транзакция <1815> Старт. Перевод: 6166 руб. fromAcc: 695 toAcc: 835 
    <Начальные остатки> from: 349122      to: 341100
     <Конечные остатки> from: 342956      to: 347266
Транзакция <1815> Финиш. Время операции: 0,000 сек.
---------------------------------------------------------------------------------
Транзакция <1816> Старт. Перевод: 6367 руб. fromAcc: 56 toAcc: 320 
    <Начальные остатки> from: 476474      to: 476820
     <Конечные остатки> from: 470107      to: 483187
Транзакция <1816> Финиш. Время операции: 0,000 сек.
---------------------------------------------------------------------------------
Транзакция <1817> Старт. Перевод: 4352 руб. fromAcc: 3 toAcc: 182 
    <Начальные остатки> from: 507908      to: 397556
     <Конечные остатки> from: 503556      to: 401908
Транзакция <1817> Финиш. Время операции: 0,000 сек.
---------------------------------------------------------------------------------
Транзакция <1818> Старт. Перевод: 55000 руб. fromAcc: 490 toAcc: 224 
    <Начальные остатки> from: 430078      to: 458835
Транзакция <1819> Старт. Перевод: 4261 руб. fromAcc: 690 toAcc: 674 
    <Начальные остатки> from: 498724      to: 365015
     <Конечные остатки> from: 494463      to: 369276
Транзакция <1819> Финиш. Время операции: 0,000 сек.
---------------------------------------------------------------------------------
Транзакция <1820> Старт. Перевод: 8800 руб. fromAcc: 233 toAcc: 110 
    <Начальные остатки> from: 334787      to: 444127
     <Конечные остатки> from: 325987      to: 452927
Транзакция <1820> Финиш. Время операции: 0,000 сек.
---------------------------------------------------------------------------------
Транзакция <1821> Старт. Перевод: 8076 руб. fromAcc: 8 toAcc: 443 
    <Начальные остатки> from: 385580      to: 305671
     <Конечные остатки> from: 377504      to: 313747
Транзакция <1821> Финиш. Время операции: 0,000 сек.
---------------------------------------------------------------------------------
Транзакция <1822> Старт. Перевод: 4309 руб. fromAcc: 253 toAcc: 15 
    <Начальные остатки> from: 259257      to: 409043
     <Конечные остатки> from: 254948      to: 413352
Транзакция <1822> Финиш. Время операции: 0,000 сек.
---------------------------------------------------------------------------------
Транзакция <1823> Старт. Перевод: 9625 руб. fromAcc: 328 toAcc: 112 
    <Начальные остатки> from: 315573      to: 343728
     <Конечные остатки> from: 305948      to: 353353
Транзакция <1823> Финиш. Время операции: 0,000 сек.
---------------------------------------------------------------------------------
Транзакция <1824> Старт. Перевод: 5712 руб. fromAcc: 740 toAcc: 31 
    <Начальные остатки> from: 446072      to: 341804
     <Конечные остатки> from: 440360      to: 347516
Транзакция <1824> Финиш. Время операции: 0,000 сек.
---------------------------------------------------------------------------------
Транзакция <1825> Старт. Перевод: 7232 руб. fromAcc: 730 toAcc: 733 
    <Начальные остатки> from: 316901      to: 389197
     <Конечные остатки> from: 309669      to: 396429
Транзакция <1825> Финиш. Время операции: 0,000 сек.
---------------------------------------------------------------------------------
Транзакция <1826> Старт. Перевод: 1942 руб. fromAcc: 513 toAcc: 642 
    <Начальные остатки> from: 461165      to: 379652
     <Конечные остатки> from: 459223      to: 381594
Транзакция <1826> Финиш. Время операции: 0,000 сек.
---------------------------------------------------------------------------------
Транзакция <1827> Старт. Перевод: 4181 руб. fromAcc: 957 toAcc: 26 
    <Начальные остатки> from: 379651      to: 381861
     <Конечные остатки> from: 375470      to: 386042
Транзакция <1827> Финиш. Время операции: 0,000 сек.
---------------------------------------------------------------------------------
Транзакция <1828> Старт. Перевод: 8658 руб. fromAcc: 24 toAcc: 523 
    <Начальные остатки> from: 334899      to: 416208
     <Конечные остатки> from: 326241      to: 424866
Транзакция <1828> Финиш. Время операции: 0,000 сек.
---------------------------------------------------------------------------------
Транзакция <1829> Старт. Перевод: 8352 руб. fromAcc: 804 toAcc: 550 
    <Начальные остатки> from: 336040      to: 287224
     <Конечные остатки> from: 327688      to: 295576
Транзакция <1829> Финиш. Время операции: 0,001 сек.
---------------------------------------------------------------------------------
Транзакция <1830> Старт. Перевод: 3702 руб. fromAcc: 309 toAcc: 783 
    <Начальные остатки> from: 460276      to: 367550
     <Конечные остатки> from: 456574      to: 371252
Транзакция <1830> Финиш. Время операции: 0,000 сек.
---------------------------------------------------------------------------------
Транзакция <1831> Старт. Перевод: 270 руб. fromAcc: 538 toAcc: 377 
    <Начальные остатки> from: 455923      to: 409963
     <Конечные остатки> from: 455653      to: 410233
Транзакция <1831> Финиш. Время операции: 0,000 сек.
---------------------------------------------------------------------------------
Транзакция <1832> Старт. Перевод: 8577 руб. fromAcc: 445 toAcc: 341 
    <Начальные остатки> from: 493088      to: 481323
[ Операция невозможна из-за блокировки счета !!! ]
from: true to: false
     <Конечные остатки> from: 493088      to: 481323
Транзакция <1832> Финиш. Время операции: 0,000 сек.
---------------------------------------------------------------------------------
Транзакция <1833> Старт. Перевод: 2906 руб. fromAcc: 609 toAcc: 321 
    <Начальные остатки> from: 309746      to: 386306
     <Конечные остатки> from: 306840      to: 389212
Транзакция <1833> Финиш. Время операции: 0,000 сек.
---------------------------------------------------------------------------------
Транзакция <1834> Старт. Перевод: 5530 руб. fromAcc: 371 toAcc: 58 
    <Начальные остатки> from: 318038      to: 384951
     <Конечные остатки> from: 312508      to: 390481
Транзакция <1834> Финиш. Время операции: 0,000 сек.
---------------------------------------------------------------------------------
Транзакция <1835> Старт. Перевод: 9048 руб. fromAcc: 114 toAcc: 957 
    <Начальные остатки> from: 316337      to: 375470
     <Конечные остатки> from: 307289      to: 384518
Транзакция <1835> Финиш. Время операции: 0,000 сек.
---------------------------------------------------------------------------------
Транзакция <1836> Старт. Перевод: 2283 руб. fromAcc: 198 toAcc: 534 
    <Начальные остатки> from: 392466      to: 330504
     <Конечные остатки> from: 390183      to: 332787
Транзакция <1836> Финиш. Время операции: 0,000 сек.
---------------------------------------------------------------------------------
Транзакция <1837> Старт. Перевод: 4550 руб. fromAcc: 776 toAcc: 977 
    <Начальные остатки> from: 497394      to: 347347
     <Конечные остатки> from: 492844      to: 351897
Транзакция <1837> Финиш. Время операции: 0,000 сек.
---------------------------------------------------------------------------------
Транзакция <1838> Старт. Перевод: 9010 руб. fromAcc: 345 toAcc: 710 
    <Начальные остатки> from: 362382      to: 435187
     <Конечные остатки> from: 353372      to: 444197
Транзакция <1838> Финиш. Время операции: 0,000 сек.
---------------------------------------------------------------------------------
Транзакция <1839> Старт. Перевод: 8293 руб. fromAcc: 416 toAcc: 634 
    <Начальные остатки> from: 311870      to: 471666
     <Конечные остатки> from: 303577      to: 479959
Транзакция <1839> Финиш. Время операции: 0,000 сек.
---------------------------------------------------------------------------------
Транзакция <1840> Старт. Перевод: 4614 руб. fromAcc: 153 toAcc: 666 
    <Начальные остатки> from: 347998      to: 371889
     <Конечные остатки> from: 343384      to: 376503
Транзакция <1840> Финиш. Время операции: 0,000 сек.
---------------------------------------------------------------------------------
Транзакция <1841> Старт. Перевод: 2180 руб. fromAcc: 151 toAcc: 312 
    <Начальные остатки> from: 376333      to: 378563
     <Конечные остатки> from: 374153      to: 380743
Транзакция <1841> Финиш. Время операции: 0,000 сек.
---------------------------------------------------------------------------------
Транзакция <1842> Старт. Перевод: 1885 руб. fromAcc: 797 toAcc: 267 
    <Начальные остатки> from: 450562      to: 343176
     <Конечные остатки> from: 448677      to: 345061
Транзакция <1842> Финиш. Время операции: 0,000 сек.
---------------------------------------------------------------------------------
Транзакция <1843> Старт. Перевод: 6964 руб. fromAcc: 815 toAcc: 464 
    <Начальные остатки> from: 469810      to: 309339
     <Конечные остатки> from: 462846      to: 316303
Транзакция <1843> Финиш. Время операции: 0,000 сек.
---------------------------------------------------------------------------------
Транзакция <1844> Старт. Перевод: 3593 руб. fromAcc: 648 toAcc: 541 
    <Начальные остатки> from: 347628      to: 317386
     <Конечные остатки> from: 344035      to: 320979
Транзакция <1844> Финиш. Время операции: 0,000 сек.
---------------------------------------------------------------------------------
Транзакция <1845> Старт. Перевод: 2256 руб. fromAcc: 341 toAcc: 470 
    <Начальные остатки> from: 481323      to: 368833
[ Операция невозможна из-за блокировки счета !!! ]
from: false to: true
     <Конечные остатки> from: 481323      to: 368833
Транзакция <1845> Финиш. Время операции: 0,001 сек.
---------------------------------------------------------------------------------
Транзакция <1846> Старт. Перевод: 4106 руб. fromAcc: 420 toAcc: 943 
    <Начальные остатки> from: 381601      to: 374841
     <Конечные остатки> from: 377495      to: 378947
Транзакция <1846> Финиш. Время операции: 0,000 сек.
---------------------------------------------------------------------------------
Транзакция <1847> Старт. Перевод: 1520 руб. fromAcc: 89 toAcc: 161 
    <Начальные остатки> from: 458568      to: 375861
     <Конечные остатки> from: 457048      to: 377381
Транзакция <1847> Финиш. Время операции: 0,000 сек.
---------------------------------------------------------------------------------
Транзакция <1848> Старт. Перевод: 3590 руб. fromAcc: 735 toAcc: 900 
    <Начальные остатки> from: 351667      to: 353811
     <Конечные остатки> from: 348077      to: 357401
Транзакция <1848> Финиш. Время операции: 0,000 сек.
---------------------------------------------------------------------------------
Транзакция <1849> Старт. Перевод: 5369 руб. fromAcc: 350 toAcc: 35 
    <Начальные остатки> from: 316253      to: 422448
     <Конечные остатки> from: 310884      to: 427817
Транзакция <1849> Финиш. Время операции: 0,000 сек.
---------------------------------------------------------------------------------
Транзакция <1850> Старт. Перевод: 4367 руб. fromAcc: 951 toAcc: 269 
    <Начальные остатки> from: 316828      to: 359951
     <Конечные остатки> from: 312461      to: 364318
Транзакция <1850> Финиш. Время операции: 0,000 сек.
---------------------------------------------------------------------------------
Транзакция <1851> Старт. Перевод: 9001 руб. fromAcc: 538 toAcc: 439 
    <Начальные остатки> from: 455653      to: 338434
     <Конечные остатки> from: 446652      to: 347435
Транзакция <1851> Финиш. Время операции: 0,000 сек.
---------------------------------------------------------------------------------
Транзакция <1852> Старт. Перевод: 1497 руб. fromAcc: 388 toAcc: 621 
    <Начальные остатки> from: 399198      to: 309214
     <Конечные остатки> from: 397701      to: 310711
Транзакция <1852> Финиш. Время операции: 0,000 сек.
---------------------------------------------------------------------------------
Транзакция <1853> Старт. Перевод: 2075 руб. fromAcc: 781 toAcc: 233 
    <Начальные остатки> from: 464788      to: 325987
     <Конечные остатки> from: 462713      to: 328062
Транзакция <1853> Финиш. Время операции: 0,000 сек.
---------------------------------------------------------------------------------
Транзакция <1854> Старт. Перевод: 2162 руб. fromAcc: 292 toAcc: 473 
    <Начальные остатки> from: 457649      to: 321516
     <Конечные остатки> from: 455487      to: 323678
Транзакция <1854> Финиш. Время операции: 0,000 сек.
---------------------------------------------------------------------------------
Транзакция <1855> Старт. Перевод: 1862 руб. fromAcc: 919 toAcc: 705 
    <Начальные остатки> from: 488731      to: 345582
[ Операция невозможна из-за блокировки счета !!! ]
from: false to: true
     <Конечные остатки> from: 488731      to: 345582
Транзакция <1855> Финиш. Время операции: 0,000 сек.
---------------------------------------------------------------------------------
Транзакция <1856> Старт. Перевод: 911 руб. fromAcc: 169 toAcc: 894 
    <Начальные остатки> from: 443470      to: 353635
     <Конечные остатки> from: 442559      to: 354546
Транзакция <1856> Финиш. Время операции: 0,000 сек.
---------------------------------------------------------------------------------
Транзакция <1857> Старт. Перевод: 2985 руб. fromAcc: 137 toAcc: 756 
    <Начальные остатки> from: 183727      to: 411797
     <Конечные остатки> from: 180742      to: 414782
Транзакция <1857> Финиш. Время операции: 0,001 сек.
---------------------------------------------------------------------------------
Транзакция <1858> Старт. Перевод: 346 руб. fromAcc: 340 toAcc: 89 
    <Начальные остатки> from: 322578      to: 457048
     <Конечные остатки> from: 322232      to: 457394
Транзакция <1858> Финиш. Время операции: 0,000 сек.
---------------------------------------------------------------------------------
Транзакция <1859> Старт. Перевод: 9566 руб. fromAcc: 723 toAcc: 629 
    <Начальные остатки> from: 278068      to: 430573
     <Конечные остатки> from: 268502      to: 440139
Транзакция <1859> Финиш. Время операции: 0,000 сек.
---------------------------------------------------------------------------------
Транзакция <1860> Старт. Перевод: 9319 руб. fromAcc: 842 toAcc: 896 
    <Начальные остатки> from: 420632      to: 338911
     <Конечные остатки> from: 411313      to: 348230
Транзакция <1860> Финиш. Время операции: 0,000 сек.
---------------------------------------------------------------------------------
Транзакция <1861> Старт. Перевод: 8111 руб. fromAcc: 694 toAcc: 692 
    <Начальные остатки> from: 377124      to: 448916
     <Конечные остатки> from: 369013      to: 457027
Транзакция <1861> Финиш. Время операции: 0,000 сек.
---------------------------------------------------------------------------------
Транзакция <1862> Старт. Перевод: 3200 руб. fromAcc: 24 toAcc: 310 
    <Начальные остатки> from: 326241      to: 297017
     <Конечные остатки> from: 323041      to: 300217
Транзакция <1862> Финиш. Время операции: 0,000 сек.
---------------------------------------------------------------------------------
Транзакция <1863> Старт. Перевод: 1936 руб. fromAcc: 272 toAcc: 63 
    <Начальные остатки> from: 318789      to: 365325
     <Конечные остатки> from: 316853      to: 367261
Транзакция <1863> Финиш. Время операции: 0,000 сек.
---------------------------------------------------------------------------------
Транзакция <1864> Старт. Перевод: 3298 руб. fromAcc: 460 toAcc: 446 
    <Начальные остатки> from: 298522      to: 421221
     <Конечные остатки> from: 295224      to: 424519
Транзакция <1864> Финиш. Время операции: 0,000 сек.
---------------------------------------------------------------------------------
Транзакция <1865> Старт. Перевод: 473 руб. fromAcc: 455 toAcc: 70 
    <Начальные остатки> from: 302835      to: 494388
     <Конечные остатки> from: 302362      to: 494861
Транзакция <1865> Финиш. Время операции: 0,000 сек.
---------------------------------------------------------------------------------
Транзакция <1866> Старт. Перевод: 5006 руб. fromAcc: 47 toAcc: 577 
    <Начальные остатки> from: 349002      to: 468981
     <Конечные остатки> from: 343996      to: 473987
Транзакция <1866> Финиш. Время операции: 0,000 сек.
---------------------------------------------------------------------------------
Транзакция <1867> Старт. Перевод: 9262 руб. fromAcc: 161 toAcc: 840 
    <Начальные остатки> from: 377381      to: 510265
[ Операция невозможна из-за блокировки счета !!! ]
from: true to: false
     <Конечные остатки> from: 377381      to: 510265
Транзакция <1867> Финиш. Время операции: 0,001 сек.
---------------------------------------------------------------------------------
Транзакция <1868> Старт. Перевод: 6720 руб. fromAcc: 389 toAcc: 149 
    <Начальные остатки> from: 360276      to: 361127
     <Конечные остатки> from: 353556      to: 367847
Транзакция <1868> Финиш. Время операции: 0,000 сек.
---------------------------------------------------------------------------------
Транзакция <1869> Старт. Перевод: 8959 руб. fromAcc: 696 toAcc: 521 
    <Начальные остатки> from: 315431      to: 403408
     <Конечные остатки> from: 306472      to: 412367
Транзакция <1869> Финиш. Время операции: 0,000 сек.
---------------------------------------------------------------------------------
Транзакция <1870> Старт. Перевод: 4135 руб. fromAcc: 839 toAcc: 908 
    <Начальные остатки> from: 386379      to: 507553
     <Конечные остатки> from: 382244      to: 511688
Транзакция <1870> Финиш. Время операции: 0,000 сек.
---------------------------------------------------------------------------------
Транзакция <1871> Старт. Перевод: 4170 руб. fromAcc: 524 toAcc: 917 
    <Начальные остатки> from: 309432      to: 462622
     <Конечные остатки> from: 305262      to: 466792
Транзакция <1871> Финиш. Время операции: 0,000 сек.
---------------------------------------------------------------------------------
Транзакция <1872> Старт. Перевод: 6959 руб. fromAcc: 809 toAcc: 538 
    <Начальные остатки> from: 366354      to: 446652
     <Конечные остатки> from: 359395      to: 453611
Транзакция <1872> Финиш. Время операции: 0,000 сек.
---------------------------------------------------------------------------------
Транзакция <1873> Старт. Перевод: 5448 руб. fromAcc: 582 toAcc: 546 
    <Начальные остатки> from: 385201      to: 374887
     <Конечные остатки> from: 379753      to: 380335
Транзакция <1873> Финиш. Время операции: 0,000 сек.
---------------------------------------------------------------------------------
Транзакция <1874> Старт. Перевод: 7635 руб. fromAcc: 213 toAcc: 462 
    <Начальные остатки> from: 441794      to: 488843
     <Конечные остатки> from: 434159      to: 496478
Транзакция <1874> Финиш. Время операции: 0,000 сек.
---------------------------------------------------------------------------------
Транзакция <1875> Старт. Перевод: 247 руб. fromAcc: 632 toAcc: 398 
    <Начальные остатки> from: 410569      to: 507996
     <Конечные остатки> from: 410322      to: 508243
Транзакция <1875> Финиш. Время операции: 0,000 сек.
---------------------------------------------------------------------------------
Транзакция <1876> Старт. Перевод: 4121 руб. fromAcc: 157 toAcc: 686 
    <Начальные остатки> from: 434665      to: 403144
     <Конечные остатки> from: 430544      to: 407265
Транзакция <1876> Финиш. Время операции: 0,000 сек.
---------------------------------------------------------------------------------
Транзакция <1877> Старт. Перевод: 1187 руб. fromAcc: 373 toAcc: 907 
    <Начальные остатки> from: 390943      to: 458268
     <Конечные остатки> from: 389756      to: 459455
Транзакция <1877> Финиш. Время операции: 0,000 сек.
---------------------------------------------------------------------------------
Транзакция <1878> Старт. Перевод: 1330 руб. fromAcc: 231 toAcc: 844 
    <Начальные остатки> from: 467419      to: 367174
     <Конечные остатки> from: 466089      to: 368504
Транзакция <1878> Финиш. Время операции: 0,000 сек.
---------------------------------------------------------------------------------
Транзакция <1879> Старт. Перевод: 2418 руб. fromAcc: 327 toAcc: 913 
    <Начальные остатки> from: 438933      to: 301102
     <Конечные остатки> from: 436515      to: 303520
Транзакция <1879> Финиш. Время операции: 0,000 сек.
---------------------------------------------------------------------------------
Транзакция <1880> Старт. Перевод: 8263 руб. fromAcc: 33 toAcc: 828 
    <Начальные остатки> from: 432017      to: 413820
     <Конечные остатки> from: 423754      to: 422083
Транзакция <1880> Финиш. Время операции: 0,000 сек.
---------------------------------------------------------------------------------
Транзакция <1881> Старт. Перевод: 7428 руб. fromAcc: 708 toAcc: 623 
    <Начальные остатки> from: 466016      to: 369181
     <Конечные остатки> from: 458588      to: 376609
Транзакция <1881> Финиш. Время операции: 0,001 сек.
---------------------------------------------------------------------------------
Транзакция <1882> Старт. Перевод: 431 руб. fromAcc: 771 toAcc: 651 
    <Начальные остатки> from: 452633      to: 362135
     <Конечные остатки> from: 452202      to: 362566
Транзакция <1882> Финиш. Время операции: 0,000 сек.
---------------------------------------------------------------------------------
Транзакция <1883> Старт. Перевод: 4096 руб. fromAcc: 788 toAcc: 857 
    <Начальные остатки> from: 471714      to: 426096
     <Конечные остатки> from: 467618      to: 430192
Транзакция <1883> Финиш. Время операции: 0,002 сек.
---------------------------------------------------------------------------------
Транзакция <1884> Старт. Перевод: 9632 руб. fromAcc: 66 toAcc: 450 
    <Начальные остатки> from: 323695      to: 456117
     <Конечные остатки> from: 314063      to: 465749
Транзакция <1884> Финиш. Время операции: 0,000 сек.
---------------------------------------------------------------------------------
Транзакция <1885> Старт. Перевод: 5324 руб. fromAcc: 476 toAcc: 79 
    <Начальные остатки> from: 335847      to: 346265
     <Конечные остатки> from: 330523      to: 351589
Транзакция <1885> Финиш. Время операции: 0,000 сек.
---------------------------------------------------------------------------------
Транзакция <1886> Старт. Перевод: 5644 руб. fromAcc: 315 toAcc: 747 
    <Начальные остатки> from: 381775      to: 340161
     <Конечные остатки> from: 376131      to: 345805
Транзакция <1886> Финиш. Время операции: 0,000 сек.
---------------------------------------------------------------------------------
Транзакция <1887> Старт. Перевод: 6069 руб. fromAcc: 121 toAcc: 1000 
Транзакция <1888> Старт. Перевод: 6912 руб. fromAcc: 231 toAcc: 386 
    <Начальные остатки> from: 466089      to: 367069
     <Конечные остатки> from: 459177      to: 373981
Транзакция <1888> Финиш. Время операции: 0,000 сек.
---------------------------------------------------------------------------------
Транзакция <1889> Старт. Перевод: 10076 руб. fromAcc: 760 toAcc: 757 
    <Начальные остатки> from: 376124      to: 311281
     <Конечные остатки> from: 366048      to: 321357
Транзакция <1889> Финиш. Время операции: 0,003 сек.
---------------------------------------------------------------------------------
Транзакция <1890> Старт. Перевод: 9799 руб. fromAcc: 424 toAcc: 785 
    <Начальные остатки> from: 355660      to: 449569
     <Конечные остатки> from: 345861      to: 459368
Транзакция <1890> Финиш. Время операции: 0,001 сек.
---------------------------------------------------------------------------------
Транзакция <1891> Старт. Перевод: 2164 руб. fromAcc: 296 toAcc: 955 
    <Начальные остатки> from: 408892      to: 487637
     <Конечные остатки> from: 406728      to: 489801
Транзакция <1891> Финиш. Время операции: 0,000 сек.
---------------------------------------------------------------------------------
Транзакция <1892> Старт. Перевод: 8469 руб. fromAcc: 126 toAcc: 387 
    <Начальные остатки> from: 392043      to: 413163
     <Конечные остатки> from: 383574      to: 421632
Транзакция <1892> Финиш. Время операции: 0,000 сек.
---------------------------------------------------------------------------------
Транзакция <1893> Старт. Перевод: 4348 руб. fromAcc: 374 toAcc: 70 
    <Начальные остатки> from: 384500      to: 494861
     <Конечные остатки> from: 380152      to: 499209
Транзакция <1893> Финиш. Время операции: 0,000 сек.
---------------------------------------------------------------------------------
Транзакция <1894> Старт. Перевод: 9976 руб. fromAcc: 439 toAcc: 467 
    <Начальные остатки> from: 347435      to: 310528
     <Конечные остатки> from: 337459      to: 320504
Транзакция <1894> Финиш. Время операции: 0,001 сек.
---------------------------------------------------------------------------------
Транзакция <1895> Старт. Перевод: 6657 руб. fromAcc: 898 toAcc: 9 
    <Начальные остатки> from: 348046      to: 477586
     <Конечные остатки> from: 341389      to: 484243
Транзакция <1895> Финиш. Время операции: 0,000 сек.
---------------------------------------------------------------------------------
Транзакция <1896> Старт. Перевод: 1618 руб. fromAcc: 707 toAcc: 687 
    <Начальные остатки> from: 447547      to: 422413
     <Конечные остатки> from: 445929      to: 424031
Транзакция <1896> Финиш. Время операции: 0,000 сек.
---------------------------------------------------------------------------------
Транзакция <1897> Старт. Перевод: 5931 руб. fromAcc: 474 toAcc: 816 
    <Начальные остатки> from: 352346      to: 305292
     <Конечные остатки> from: 346415      to: 311223
Транзакция <1897> Финиш. Время операции: 0,000 сек.
---------------------------------------------------------------------------------
Транзакция <1898> Старт. Перевод: 147 руб. fromAcc: 878 toAcc: 36 
    <Начальные остатки> from: 403793      to: 308646
     <Конечные остатки> from: 403646      to: 308793
Транзакция <1898> Финиш. Время операции: 0,000 сек.
---------------------------------------------------------------------------------
Транзакция <1899> Старт. Перевод: 8446 руб. fromAcc: 226 toAcc: 822 
    <Начальные остатки> from: 373136      to: 403604
     <Конечные остатки> from: 364690      to: 412050
Транзакция <1899> Финиш. Время операции: 0,000 сек.
---------------------------------------------------------------------------------
Транзакция <1900> Старт. Перевод: 4883 руб. fromAcc: 976 toAcc: 58 
    <Начальные остатки> from: 401127      to: 390481
     <Конечные остатки> from: 396244      to: 395364
Транзакция <1900> Финиш. Время операции: 0,000 сек.
---------------------------------------------------------------------------------
Транзакция <1901> Старт. Перевод: 4670 руб. fromAcc: 755 toAcc: 742 
    <Начальные остатки> from: 354439      to: 448074
     <Конечные остатки> from: 349769      to: 452744
Транзакция <1901> Финиш. Время операции: 0,000 сек.
---------------------------------------------------------------------------------
Транзакция <1902> Старт. Перевод: 9319 руб. fromAcc: 39 toAcc: 512 
    <Начальные остатки> from: 451069      to: 432126
     <Конечные остатки> from: 441750      to: 441445
Транзакция <1902> Финиш. Время операции: 0,000 сек.
---------------------------------------------------------------------------------
Транзакция <1903> Старт. Перевод: 6978 руб. fromAcc: 212 toAcc: 486 
    <Начальные остатки> from: 403062      to: 368909
     <Конечные остатки> from: 396084      to: 375887
Транзакция <1903> Финиш. Время операции: 0,000 сек.
---------------------------------------------------------------------------------
Транзакция <1904> Старт. Перевод: 8277 руб. fromAcc: 134 toAcc: 847 
    <Начальные остатки> from: 390279      to: 437602
     <Конечные остатки> from: 382002      to: 445879
Транзакция <1904> Финиш. Время операции: 0,001 сек.
---------------------------------------------------------------------------------
Транзакция <1905> Старт. Перевод: 3646 руб. fromAcc: 727 toAcc: 723 
    <Начальные остатки> from: 414764      to: 268502
     <Конечные остатки> from: 411118      to: 272148
Транзакция <1905> Финиш. Время операции: 0,000 сек.
---------------------------------------------------------------------------------
Транзакция <1906> Старт. Перевод: 190 руб. fromAcc: 322 toAcc: 162 
    <Начальные остатки> from: 338961      to: 379967
     <Конечные остатки> from: 405295      to: 533835
Транзакция <320> Финиш. Время операции: 11,735 сек.
---------------------------------------------------------------------------------
     <Конечные остатки> from: 338771      to: 380157
Транзакция <1906> Финиш. Время операции: 0,000 сек.
---------------------------------------------------------------------------------
Транзакция <1907> Старт. Перевод: 4939 руб. fromAcc: 683 toAcc: 443 
    <Начальные остатки> from: 402179      to: 313747
     <Конечные остатки> from: 397240      to: 318686
Транзакция <1907> Финиш. Время операции: 0,000 сек.
---------------------------------------------------------------------------------
Транзакция <1908> Старт. Перевод: 6581 руб. fromAcc: 680 toAcc: 508 
    <Начальные остатки> from: 529816      to: 474446
     <Конечные остатки> from: 523235      to: 481027
Транзакция <1908> Финиш. Время операции: 0,000 сек.
---------------------------------------------------------------------------------
Транзакция <1909> Старт. Перевод: 9620 руб. fromAcc: 576 toAcc: 54 
    <Начальные остатки> from: 276146      to: 396713
     <Конечные остатки> from: 266526      to: 406333
Транзакция <1909> Финиш. Время операции: 0,000 сек.
---------------------------------------------------------------------------------
Транзакция <1910> Старт. Перевод: 3308 руб. fromAcc: 743 toAcc: 715 
    <Начальные остатки> from: 278371      to: 336900
     <Конечные остатки> from: 275063      to: 340208
Транзакция <1910> Финиш. Время операции: 0,003 сек.
---------------------------------------------------------------------------------
Транзакция <1911> Старт. Перевод: 2696 руб. fromAcc: 444 toAcc: 777 
    <Начальные остатки> from: 420697      to: 449152
     <Конечные остатки> from: 418001      to: 451848
Транзакция <1911> Финиш. Время операции: 0,000 сек.
---------------------------------------------------------------------------------
Транзакция <1912> Старт. Перевод: 639 руб. fromAcc: 978 toAcc: 114 
    <Начальные остатки> from: 474618      to: 307289
     <Конечные остатки> from: 473979      to: 307928
Транзакция <1912> Финиш. Время операции: 0,000 сек.
---------------------------------------------------------------------------------
Транзакция <1913> Старт. Перевод: 7726 руб. fromAcc: 105 toAcc: 355 
    <Начальные остатки> from: 392645      to: 313997
     <Конечные остатки> from: 384919      to: 321723
Транзакция <1913> Финиш. Время операции: 0,000 сек.
---------------------------------------------------------------------------------
Транзакция <1914> Старт. Перевод: 1743 руб. fromAcc: 163 toAcc: 806 
    <Начальные остатки> from: 301533      to: 313664
     <Конечные остатки> from: 299790      to: 315407
Транзакция <1914> Финиш. Время операции: 0,000 сек.
---------------------------------------------------------------------------------
Транзакция <1915> Старт. Перевод: 9502 руб. fromAcc: 700 toAcc: 358 
    <Начальные остатки> from: 453413      to: 433794
     <Конечные остатки> from: 443911      to: 443296
Транзакция <1915> Финиш. Время операции: 0,001 сек.
---------------------------------------------------------------------------------
Транзакция <1916> Старт. Перевод: 1652 руб. fromAcc: 771 toAcc: 372 
    <Начальные остатки> from: 452202      to: 391134
     <Конечные остатки> from: 450550      to: 392786
Транзакция <1916> Финиш. Время операции: 0,000 сек.
---------------------------------------------------------------------------------
Транзакция <1917> Старт. Перевод: 5435 руб. fromAcc: 261 toAcc: 586 
    <Начальные остатки> from: 480914      to: 373932
     <Конечные остатки> from: 475479      to: 379367
Транзакция <1917> Финиш. Время операции: 0,000 сек.
---------------------------------------------------------------------------------
Транзакция <1918> Старт. Перевод: 1265 руб. fromAcc: 728 toAcc: 168 
    <Начальные остатки> from: 348213      to: 414670
     <Конечные остатки> from: 346948      to: 415935
Транзакция <1918> Финиш. Время операции: 0,000 сек.
---------------------------------------------------------------------------------
Транзакция <1919> Старт. Перевод: 6456 руб. fromAcc: 312 toAcc: 358 
    <Начальные остатки> from: 380743      to: 443296
     <Конечные остатки> from: 374287      to: 449752
Транзакция <1919> Финиш. Время операции: 0,000 сек.
---------------------------------------------------------------------------------
Транзакция <1920> Старт. Перевод: 3485 руб. fromAcc: 163 toAcc: 606 
    <Начальные остатки> from: 299790      to: 497995
     <Конечные остатки> from: 296305      to: 501480
Транзакция <1920> Финиш. Время операции: 0,000 сек.
---------------------------------------------------------------------------------
Транзакция <1921> Старт. Перевод: 763 руб. fromAcc: 734 toAcc: 686 
    <Начальные остатки> from: 368761      to: 407265
     <Конечные остатки> from: 367998      to: 408028
Транзакция <1921> Финиш. Время операции: 0,000 сек.
---------------------------------------------------------------------------------
Транзакция <1922> Старт. Перевод: 1026 руб. fromAcc: 5 toAcc: 52 
    <Начальные остатки> from: 286218      to: 486813
     <Конечные остатки> from: 285192      to: 487839
Транзакция <1922> Финиш. Время операции: 0,000 сек.
---------------------------------------------------------------------------------
Транзакция <1923> Старт. Перевод: 6220 руб. fromAcc: 375 toAcc: 625 
    <Начальные остатки> from: 360143      to: 471132
     <Конечные остатки> from: 353923      to: 477352
Транзакция <1923> Финиш. Время операции: 0,000 сек.
---------------------------------------------------------------------------------
Транзакция <1924> Старт. Перевод: 7986 руб. fromAcc: 546 toAcc: 248 
    <Начальные остатки> from: 380335      to: 429389
     <Конечные остатки> from: 372349      to: 437375
Транзакция <1924> Финиш. Время операции: 0,000 сек.
---------------------------------------------------------------------------------
Транзакция <1925> Старт. Перевод: 9746 руб. fromAcc: 154 toAcc: 307 
    <Начальные остатки> from: 431969      to: 512560
     <Конечные остатки> from: 422223      to: 522306
Транзакция <1925> Финиш. Время операции: 0,000 сек.
---------------------------------------------------------------------------------
Транзакция <1926> Старт. Перевод: 9754 руб. fromAcc: 332 toAcc: 396 
    <Начальные остатки> from: 462850      to: 336289
     <Конечные остатки> from: 453096      to: 346043
Транзакция <1926> Финиш. Время операции: 0,000 сек.
---------------------------------------------------------------------------------
Транзакция <1927> Старт. Перевод: 4496 руб. fromAcc: 639 toAcc: 423 
    <Начальные остатки> from: 300858      to: 364592
     <Конечные остатки> from: 296362      to: 369088
Транзакция <1927> Финиш. Время операции: 0,000 сек.
---------------------------------------------------------------------------------
Транзакция <1928> Старт. Перевод: 8301 руб. fromAcc: 993 toAcc: 302 
    <Начальные остатки> from: 429712      to: 356527
     <Конечные остатки> from: 421411      to: 364828
Транзакция <1928> Финиш. Время операции: 0,000 сек.
---------------------------------------------------------------------------------
Транзакция <1929> Старт. Перевод: 8170 руб. fromAcc: 351 toAcc: 184 
    <Начальные остатки> from: 333465      to: 500492
     <Конечные остатки> from: 325295      to: 508662
Транзакция <1929> Финиш. Время операции: 0,000 сек.
---------------------------------------------------------------------------------
Транзакция <1930> Старт. Перевод: 2456 руб. fromAcc: 878 toAcc: 222 
    <Начальные остатки> from: 403646      to: 330602
     <Конечные остатки> from: 401190      to: 333058
Транзакция <1930> Финиш. Время операции: 0,000 сек.
---------------------------------------------------------------------------------
Транзакция <1931> Старт. Перевод: 8261 руб. fromAcc: 256 toAcc: 30 
    <Начальные остатки> from: 372709      to: 316828
     <Конечные остатки> from: 364448      to: 325089
Транзакция <1931> Финиш. Время операции: 0,000 сек.
---------------------------------------------------------------------------------
Транзакция <1932> Старт. Перевод: 5207 руб. fromAcc: 606 toAcc: 306 
    <Начальные остатки> from: 501480      to: 357283
     <Конечные остатки> from: 496273      to: 362490
Транзакция <1932> Финиш. Время операции: 0,000 сек.
---------------------------------------------------------------------------------
Транзакция <1933> Старт. Перевод: 2560 руб. fromAcc: 216 toAcc: 595 
    <Начальные остатки> from: 296511      to: 487825
[ Операция невозможна из-за блокировки счета !!! ]
from: false to: true
     <Конечные остатки> from: 296511      to: 487825
Транзакция <1933> Финиш. Время операции: 0,000 сек.
---------------------------------------------------------------------------------
Транзакция <1934> Старт. Перевод: 2623 руб. fromAcc: 902 toAcc: 782 
    <Начальные остатки> from: 382920      to: 414708
     <Конечные остатки> from: 380297      to: 417331
Транзакция <1934> Финиш. Время операции: 0,000 сек.
---------------------------------------------------------------------------------
Транзакция <1935> Старт. Перевод: 5757 руб. fromAcc: 361 toAcc: 711 
    <Начальные остатки> from: 439451      to: 462555
     <Конечные остатки> from: 433694      to: 468312
Транзакция <1935> Финиш. Время операции: 0,000 сек.
---------------------------------------------------------------------------------
Транзакция <1936> Старт. Перевод: 1449 руб. fromAcc: 319 toAcc: 279 
    <Начальные остатки> from: 499223      to: 313810
     <Конечные остатки> from: 497774      to: 315259
Транзакция <1936> Финиш. Время операции: 0,000 сек.
---------------------------------------------------------------------------------
Транзакция <1937> Старт. Перевод: 5424 руб. fromAcc: 630 toAcc: 456 
    <Начальные остатки> from: 464908      to: 413535
     <Конечные остатки> from: 459484      to: 418959
Транзакция <1937> Финиш. Время операции: 0,000 сек.
---------------------------------------------------------------------------------
Транзакция <1938> Старт. Перевод: 4951 руб. fromAcc: 725 toAcc: 931 
    <Начальные остатки> from: 388336      to: 349625
     <Конечные остатки> from: 383385      to: 354576
Транзакция <1938> Финиш. Время операции: 0,000 сек.
---------------------------------------------------------------------------------
Транзакция <1939> Старт. Перевод: 3241 руб. fromAcc: 981 toAcc: 539 
    <Начальные остатки> from: 501277      to: 334440
     <Конечные остатки> from: 498036      to: 337681
Транзакция <1939> Финиш. Время операции: 0,000 сек.
---------------------------------------------------------------------------------
Транзакция <1940> Старт. Перевод: 9086 руб. fromAcc: 657 toAcc: 154 
    <Начальные остатки> from: 398397      to: 422223
     <Конечные остатки> from: 389311      to: 431309
Транзакция <1940> Финиш. Время операции: 0,000 сек.
---------------------------------------------------------------------------------
Транзакция <1941> Старт. Перевод: 9754 руб. fromAcc: 981 toAcc: 510 
    <Начальные остатки> from: 498036      to: 303453
[ Операция невозможна из-за блокировки счета !!! ]
from: true to: false
     <Конечные остатки> from: 498036      to: 303453
Транзакция <1941> Финиш. Время операции: 0,000 сек.
---------------------------------------------------------------------------------
Транзакция <1942> Старт. Перевод: 3560 руб. fromAcc: 906 toAcc: 248 
    <Начальные остатки> from: 324300      to: 437375
     <Конечные остатки> from: 320740      to: 440935
Транзакция <1942> Финиш. Время операции: 0,000 сек.
---------------------------------------------------------------------------------
Транзакция <1943> Старт. Перевод: 3495 руб. fromAcc: 788 toAcc: 593 
    <Начальные остатки> from: 467618      to: 335118
     <Конечные остатки> from: 464123      to: 338613
Транзакция <1943> Финиш. Время операции: 0,000 сек.
---------------------------------------------------------------------------------
Транзакция <1944> Старт. Перевод: 4844 руб. fromAcc: 957 toAcc: 204 
    <Начальные остатки> from: 384518      to: 549331
     <Конечные остатки> from: 379674      to: 554175
Транзакция <1944> Финиш. Время операции: 0,000 сек.
---------------------------------------------------------------------------------
Транзакция <1945> Старт. Перевод: 7794 руб. fromAcc: 760 toAcc: 143 
    <Начальные остатки> from: 366048      to: 399581
     <Конечные остатки> from: 358254      to: 407375
Транзакция <1945> Финиш. Время операции: 0,000 сек.
---------------------------------------------------------------------------------
Транзакция <1946> Старт. Перевод: 728 руб. fromAcc: 129 toAcc: 387 
    <Начальные остатки> from: 344432      to: 421632
     <Конечные остатки> from: 343704      to: 422360
Транзакция <1946> Финиш. Время операции: 0,000 сек.
---------------------------------------------------------------------------------
Транзакция <1947> Старт. Перевод: 1086 руб. fromAcc: 166 toAcc: 9 
    <Начальные остатки> from: 441801      to: 484243
     <Конечные остатки> from: 440715      to: 485329
Транзакция <1947> Финиш. Время операции: 0,000 сек.
---------------------------------------------------------------------------------
Транзакция <1948> Старт. Перевод: 8474 руб. fromAcc: 545 toAcc: 952 
    <Начальные остатки> from: 367874      to: 380403
     <Конечные остатки> from: 359400      to: 388877
Транзакция <1948> Финиш. Время операции: 0,000 сек.
---------------------------------------------------------------------------------
Транзакция <1949> Старт. Перевод: 9052 руб. fromAcc: 747 toAcc: 310 
    <Начальные остатки> from: 345805      to: 300217
     <Конечные остатки> from: 336753      to: 309269
Транзакция <1949> Финиш. Время операции: 0,000 сек.
---------------------------------------------------------------------------------
Транзакция <1950> Старт. Перевод: 1134 руб. fromAcc: 289 toAcc: 176 
    <Начальные остатки> from: 542406      to: 312466
     <Конечные остатки> from: 541272      to: 313600
Транзакция <1950> Финиш. Время операции: 0,000 сек.
---------------------------------------------------------------------------------
Транзакция <1951> Старт. Перевод: 9394 руб. fromAcc: 124 toAcc: 404 
    <Начальные остатки> from: 380577      to: 311325
     <Конечные остатки> from: 371183      to: 320719
Транзакция <1951> Финиш. Время операции: 0,000 сек.
---------------------------------------------------------------------------------
Транзакция <1952> Старт. Перевод: 9125 руб. fromAcc: 361 toAcc: 72 
    <Начальные остатки> from: 433694      to: 416180
     <Конечные остатки> from: 424569      to: 425305
Транзакция <1952> Финиш. Время операции: 0,000 сек.
---------------------------------------------------------------------------------
Транзакция <1953> Старт. Перевод: 2583 руб. fromAcc: 267 toAcc: 67 
    <Начальные остатки> from: 345061      to: 449866
     <Конечные остатки> from: 342478      to: 452449
Транзакция <1953> Финиш. Время операции: 0,000 сек.
---------------------------------------------------------------------------------
Транзакция <1954> Старт. Перевод: 6601 руб. fromAcc: 296 toAcc: 944 
    <Начальные остатки> from: 406728      to: 350045
     <Конечные остатки> from: 400127      to: 356646
Транзакция <1954> Финиш. Время операции: 0,000 сек.
---------------------------------------------------------------------------------
Транзакция <1955> Старт. Перевод: 4389 руб. fromAcc: 539 toAcc: 150 
    <Начальные остатки> from: 337681      to: 323372
     <Конечные остатки> from: 333292      to: 327761
Транзакция <1955> Финиш. Время операции: 0,000 сек.
---------------------------------------------------------------------------------
Транзакция <1956> Старт. Перевод: 4718 руб. fromAcc: 557 toAcc: 776 
    <Начальные остатки> from: 434086      to: 492844
     <Конечные остатки> from: 429368      to: 497562
Транзакция <1956> Финиш. Время операции: 0,000 сек.
---------------------------------------------------------------------------------
Транзакция <1957> Старт. Перевод: 8519 руб. fromAcc: 36 toAcc: 228 
    <Начальные остатки> from: 308793      to: 442397
     <Конечные остатки> from: 300274      to: 450916
Транзакция <1957> Финиш. Время операции: 0,000 сек.
---------------------------------------------------------------------------------
Транзакция <1958> Старт. Перевод: 6352 руб. fromAcc: 76 toAcc: 592 
    <Начальные остатки> from: 448240      to: 365134
     <Конечные остатки> from: 441888      to: 371486
Транзакция <1958> Финиш. Время операции: 0,000 сек.
---------------------------------------------------------------------------------
Транзакция <1959> Старт. Перевод: 174 руб. fromAcc: 223 toAcc: 26 
    <Начальные остатки> from: 448190      to: 386042
     <Конечные остатки> from: 448016      to: 386216
Транзакция <1959> Финиш. Время операции: 0,000 сек.
---------------------------------------------------------------------------------
Транзакция <1960> Старт. Перевод: 9332 руб. fromAcc: 537 toAcc: 193 
    <Начальные остатки> from: 362939      to: 340715
     <Конечные остатки> from: 353607      to: 350047
Транзакция <1960> Финиш. Время операции: 0,001 сек.
---------------------------------------------------------------------------------
Транзакция <1961> Старт. Перевод: 3863 руб. fromAcc: 90 toAcc: 625 
    <Начальные остатки> from: 366953      to: 477352
     <Конечные остатки> from: 363090      to: 481215
Транзакция <1961> Финиш. Время операции: 0,000 сек.
---------------------------------------------------------------------------------
Транзакция <1962> Старт. Перевод: 7778 руб. fromAcc: 286 toAcc: 903 
    <Начальные остатки> from: 247849      to: 243578
[ Операция невозможна из-за блокировки счета !!! ]
from: true to: false
     <Конечные остатки> from: 247849      to: 243578
Транзакция <1962> Финиш. Время операции: 0,000 сек.
---------------------------------------------------------------------------------
Транзакция <1963> Старт. Перевод: 1276 руб. fromAcc: 333 toAcc: 724 
    <Начальные остатки> from: 297955      to: 301620
     <Конечные остатки> from: 296679      to: 302896
Транзакция <1963> Финиш. Время операции: 0,000 сек.
---------------------------------------------------------------------------------
Транзакция <1964> Старт. Перевод: 3593 руб. fromAcc: 964 toAcc: 232 
    <Начальные остатки> from: 421343      to: 461326
     <Конечные остатки> from: 417750      to: 464919
Транзакция <1964> Финиш. Время операции: 0,000 сек.
---------------------------------------------------------------------------------
Транзакция <1965> Старт. Перевод: 7542 руб. fromAcc: 288 toAcc: 487 
    <Начальные остатки> from: 474126      to: 361967
     <Конечные остатки> from: 466584      to: 369509
Транзакция <1965> Финиш. Время операции: 0,000 сек.
---------------------------------------------------------------------------------
Транзакция <1966> Старт. Перевод: 2702 руб. fromAcc: 233 toAcc: 586 
    <Начальные остатки> from: 328062      to: 379367
     <Конечные остатки> from: 325360      to: 382069
Транзакция <1966> Финиш. Время операции: 0,000 сек.
---------------------------------------------------------------------------------
Транзакция <1967> Старт. Перевод: 6704 руб. fromAcc: 604 toAcc: 721 
    <Начальные остатки> from: 378013      to: 438332
     <Конечные остатки> from: 371309      to: 445036
Транзакция <1967> Финиш. Время операции: 0,000 сек.
---------------------------------------------------------------------------------
Транзакция <1968> Старт. Перевод: 3078 руб. fromAcc: 216 toAcc: 435 
    <Начальные остатки> from: 296511      to: 485301
[ Операция невозможна из-за блокировки счета !!! ]
from: false to: true
     <Конечные остатки> from: 296511      to: 485301
Транзакция <1968> Финиш. Время операции: 0,000 сек.
---------------------------------------------------------------------------------
Транзакция <1969> Старт. Перевод: 9711 руб. fromAcc: 907 toAcc: 433 
    <Начальные остатки> from: 459455      to: 376936
     <Конечные остатки> from: 449744      to: 386647
Транзакция <1969> Финиш. Время операции: 0,000 сек.
---------------------------------------------------------------------------------
Транзакция <1970> Старт. Перевод: 4163 руб. fromAcc: 497 toAcc: 564 
    <Начальные остатки> from: 300956      to: 395994
     <Конечные остатки> from: 296793      to: 400157
Транзакция <1970> Финиш. Время операции: 0,000 сек.
---------------------------------------------------------------------------------
Транзакция <1971> Старт. Перевод: 762 руб. fromAcc: 921 toAcc: 13 
    <Начальные остатки> from: 300394      to: 476246
     <Конечные остатки> from: 299632      to: 477008
Транзакция <1971> Финиш. Время операции: 0,000 сек.
---------------------------------------------------------------------------------
Транзакция <1972> Старт. Перевод: 9719 руб. fromAcc: 810 toAcc: 321 
    <Начальные остатки> from: 396207      to: 389212
     <Конечные остатки> from: 386488      to: 398931
Транзакция <1972> Финиш. Время операции: 0,001 сек.
---------------------------------------------------------------------------------
Транзакция <1973> Старт. Перевод: 321 руб. fromAcc: 812 toAcc: 573 
    <Начальные остатки> from: 399604      to: 305832
     <Конечные остатки> from: 399283      to: 306153
Транзакция <1973> Финиш. Время операции: 0,000 сек.
---------------------------------------------------------------------------------
Транзакция <1974> Старт. Перевод: 8702 руб. fromAcc: 770 toAcc: 993 
    <Начальные остатки> from: 411670      to: 421411
     <Конечные остатки> from: 402968      to: 430113
Транзакция <1974> Финиш. Время операции: 0,000 сек.
---------------------------------------------------------------------------------
Транзакция <1975> Старт. Перевод: 5615 руб. fromAcc: 716 toAcc: 214 
    <Начальные остатки> from: 455513      to: 333702
     <Конечные остатки> from: 449898      to: 339317
Транзакция <1975> Финиш. Время операции: 0,000 сек.
---------------------------------------------------------------------------------
Транзакция <1976> Старт. Перевод: 1221 руб. fromAcc: 270 toAcc: 711 
    <Начальные остатки> from: 332747      to: 468312
     <Конечные остатки> from: 331526      to: 469533
Транзакция <1976> Финиш. Время операции: 0,000 сек.
---------------------------------------------------------------------------------
Транзакция <1977> Старт. Перевод: 1945 руб. fromAcc: 710 toAcc: 227 
    <Начальные остатки> from: 444197      to: 469206
     <Конечные остатки> from: 442252      to: 471151
Транзакция <1977> Финиш. Время операции: 0,000 сек.
---------------------------------------------------------------------------------
Транзакция <1978> Старт. Перевод: 9154 руб. fromAcc: 392 toAcc: 527 
    <Начальные остатки> from: 328254      to: 421663
     <Конечные остатки> from: 319100      to: 430817
Транзакция <1978> Финиш. Время операции: 0,000 сек.
---------------------------------------------------------------------------------
Транзакция <1979> Старт. Перевод: 620 руб. fromAcc: 703 toAcc: 518 
    <Начальные остатки> from: 397107      to: 331903
     <Конечные остатки> from: 396487      to: 332523
Транзакция <1979> Финиш. Время операции: 0,000 сек.
---------------------------------------------------------------------------------
Транзакция <1980> Старт. Перевод: 3487 руб. fromAcc: 963 toAcc: 553 
    <Начальные остатки> from: 427124      to: 464807
     <Конечные остатки> from: 423637      to: 468294
Транзакция <1980> Финиш. Время операции: 0,000 сек.
---------------------------------------------------------------------------------
Транзакция <1981> Старт. Перевод: 1853 руб. fromAcc: 988 toAcc: 755 
    <Начальные остатки> from: 316033      to: 349769
     <Конечные остатки> from: 314180      to: 351622
Транзакция <1981> Финиш. Время операции: 0,000 сек.
---------------------------------------------------------------------------------
Транзакция <1982> Старт. Перевод: 2953 руб. fromAcc: 101 toAcc: 317 
    <Начальные остатки> from: 414222      to: 382068
     <Конечные остатки> from: 411269      to: 385021
Транзакция <1982> Финиш. Время операции: 0,000 сек.
---------------------------------------------------------------------------------
Транзакция <1983> Старт. Перевод: 3409 руб. fromAcc: 444 toAcc: 24 
    <Начальные остатки> from: 418001      to: 323041
     <Конечные остатки> from: 414592      to: 326450
Транзакция <1983> Финиш. Время операции: 0,000 сек.
---------------------------------------------------------------------------------
Транзакция <1984> Старт. Перевод: 1043 руб. fromAcc: 383 toAcc: 720 
    <Начальные остатки> from: 480745      to: 389154
     <Конечные остатки> from: 479702      to: 390197
Транзакция <1984> Финиш. Время операции: 0,001 сек.
---------------------------------------------------------------------------------
Транзакция <1985> Старт. Перевод: 8359 руб. fromAcc: 629 toAcc: 3 
    <Начальные остатки> from: 440139      to: 503556
     <Конечные остатки> from: 431780      to: 511915
Транзакция <1985> Финиш. Время операции: 0,000 сек.
---------------------------------------------------------------------------------
Транзакция <1986> Старт. Перевод: 941 руб. fromAcc: 484 toAcc: 246 
    <Начальные остатки> from: 384685      to: 468895
     <Конечные остатки> from: 383744      to: 469836
Транзакция <1986> Финиш. Время операции: 0,002 сек.
---------------------------------------------------------------------------------
Транзакция <1987> Старт. Перевод: 7735 руб. fromAcc: 245 toAcc: 924 
    <Начальные остатки> from: 471049      to: 459630
     <Конечные остатки> from: 463314      to: 467365
Транзакция <1987> Финиш. Время операции: 0,000 сек.
---------------------------------------------------------------------------------
Транзакция <1988> Старт. Перевод: 484 руб. fromAcc: 402 toAcc: 312 
    <Начальные остатки> from: 428177      to: 374287
     <Конечные остатки> from: 427693      to: 374771
Транзакция <1988> Финиш. Время операции: 0,000 сек.
---------------------------------------------------------------------------------
Транзакция <1989> Старт. Перевод: 6416 руб. fromAcc: 716 toAcc: 856 
    <Начальные остатки> from: 449898      to: 326101
     <Конечные остатки> from: 443482      to: 332517
Транзакция <1989> Финиш. Время операции: 0,000 сек.
---------------------------------------------------------------------------------
Транзакция <1990> Старт. Перевод: 1685 руб. fromAcc: 644 toAcc: 910 
    <Начальные остатки> from: 327037      to: 366700
     <Конечные остатки> from: 325352      to: 368385
Транзакция <1990> Финиш. Время операции: 0,000 сек.
---------------------------------------------------------------------------------
Транзакция <1991> Старт. Перевод: 3070 руб. fromAcc: 881 toAcc: 53 
    <Начальные остатки> from: 304385      to: 526344
     <Конечные остатки> from: 301315      to: 529414
Транзакция <1991> Финиш. Время операции: 0,000 сек.
---------------------------------------------------------------------------------
Транзакция <1992> Старт. Перевод: 1917 руб. fromAcc: 969 toAcc: 933 
    <Начальные остатки> from: 368076      to: 469869
     <Конечные остатки> from: 366159      to: 471786
Транзакция <1992> Финиш. Время операции: 0,000 сек.
---------------------------------------------------------------------------------
Транзакция <1993> Старт. Перевод: 7465 руб. fromAcc: 11 toAcc: 414 
    <Начальные остатки> from: 396862      to: 402354
     <Конечные остатки> from: 389397      to: 409819
Транзакция <1993> Финиш. Время операции: 0,000 сек.
---------------------------------------------------------------------------------
Транзакция <1994> Старт. Перевод: 6305 руб. fromAcc: 564 toAcc: 828 
    <Начальные остатки> from: 400157      to: 422083
     <Конечные остатки> from: 393852      to: 428388
Транзакция <1994> Финиш. Время операции: 0,000 сек.
---------------------------------------------------------------------------------
Транзакция <1995> Старт. Перевод: 968 руб. fromAcc: 665 toAcc: 305 
    <Начальные остатки> from: 401312      to: 469454
     <Конечные остатки> from: 400344      to: 470422
Транзакция <1995> Финиш. Время операции: 0,000 сек.
---------------------------------------------------------------------------------
Транзакция <1996> Старт. Перевод: 3417 руб. fromAcc: 768 toAcc: 468 
    <Начальные остатки> from: 357099      to: 364146
     <Конечные остатки> from: 353682      to: 367563
Транзакция <1996> Финиш. Время операции: 0,001 сек.
---------------------------------------------------------------------------------
Транзакция <1997> Старт. Перевод: 8559 руб. fromAcc: 118 toAcc: 272 
    <Начальные остатки> from: 360664      to: 316853
     <Конечные остатки> from: 352105      to: 325412
Транзакция <1997> Финиш. Время операции: 0,000 сек.
---------------------------------------------------------------------------------
Транзакция <1998> Старт. Перевод: 8805 руб. fromAcc: 686 toAcc: 398 
    <Начальные остатки> from: 408028      to: 508243
     <Конечные остатки> from: 399223      to: 517048
Транзакция <1998> Финиш. Время операции: 0,000 сек.
---------------------------------------------------------------------------------
Транзакция <1999> Старт. Перевод: 3177 руб. fromAcc: 333 toAcc: 411 
    <Начальные остатки> from: 296679      to: 388307
     <Конечные остатки> from: 293502      to: 391484
Транзакция <1999> Финиш. Время операции: 0,000 сек.
---------------------------------------------------------------------------------
Транзакция <2000> Старт. Перевод: 3487 руб. fromAcc: 340 toAcc: 836 
    <Начальные остатки> from: 322232      to: 400069
     <Конечные остатки> from: 318745      to: 403556
Транзакция <2000> Финиш. Время операции: 0,000 сек.
---------------------------------------------------------------------------------
Транзакция <2001> Старт. Перевод: 5722 руб. fromAcc: 737 toAcc: 418 
    <Начальные остатки> from: 419069      to: 489825
     <Конечные остатки> from: 413347      to: 495547
Транзакция <2001> Финиш. Время операции: 0,000 сек.
---------------------------------------------------------------------------------
Транзакция <2002> Старт. Перевод: 6917 руб. fromAcc: 188 toAcc: 86 
    <Начальные остатки> from: 455381      to: 485052
     <Конечные остатки> from: 448464      to: 491969
Транзакция <2002> Финиш. Время операции: 0,000 сек.
---------------------------------------------------------------------------------
Транзакция <2003> Старт. Перевод: 6519 руб. fromAcc: 275 toAcc: 581 
    <Начальные остатки> from: 466946      to: 433596
     <Конечные остатки> from: 460427      to: 440115
Транзакция <2003> Финиш. Время операции: 0,000 сек.
---------------------------------------------------------------------------------
Транзакция <2004> Старт. Перевод: 6534 руб. fromAcc: 151 toAcc: 244 
    <Начальные остатки> from: 374153      to: 336088
     <Конечные остатки> from: 367619      to: 342622
Транзакция <2004> Финиш. Время операции: 0,000 сек.
---------------------------------------------------------------------------------
Транзакция <2005> Старт. Перевод: 6587 руб. fromAcc: 485 toAcc: 244 
    <Начальные остатки> from: 289328      to: 342622
     <Конечные остатки> from: 282741      to: 349209
Транзакция <2005> Финиш. Время операции: 0,000 сек.
---------------------------------------------------------------------------------
Транзакция <2006> Старт. Перевод: 8447 руб. fromAcc: 482 toAcc: 357 
    <Начальные остатки> from: 301922      to: 468488
     <Конечные остатки> from: 293475      to: 476935
Транзакция <2006> Финиш. Время операции: 0,000 сек.
---------------------------------------------------------------------------------
Транзакция <2007> Старт. Перевод: 9516 руб. fromAcc: 586 toAcc: 505 
    <Начальные остатки> from: 382069      to: 481781
     <Конечные остатки> from: 372553      to: 491297
Транзакция <2007> Финиш. Время операции: 0,000 сек.
---------------------------------------------------------------------------------
Транзакция <2008> Старт. Перевод: 6339 руб. fromAcc: 127 toAcc: 417 
    <Начальные остатки> from: 380561      to: 458115
     <Конечные остатки> from: 374222      to: 464454
Транзакция <2008> Финиш. Время операции: 0,000 сек.
---------------------------------------------------------------------------------
Транзакция <2009> Старт. Перевод: 7277 руб. fromAcc: 808 toAcc: 169 
    <Начальные остатки> from: 363065      to: 442559
     <Конечные остатки> from: 355788      to: 449836
Транзакция <2009> Финиш. Время операции: 0,000 сек.
---------------------------------------------------------------------------------
Транзакция <2010> Старт. Перевод: 8137 руб. fromAcc: 403 toAcc: 841 
    <Начальные остатки> from: 446134      to: 391794
     <Конечные остатки> from: 437997      to: 399931
Транзакция <2010> Финиш. Время операции: 0,000 сек.
---------------------------------------------------------------------------------
Транзакция <2011> Старт. Перевод: 5786 руб. fromAcc: 462 toAcc: 227 
    <Начальные остатки> from: 496478      to: 471151
     <Конечные остатки> from: 490692      to: 476937
Транзакция <2011> Финиш. Время операции: 0,000 сек.
---------------------------------------------------------------------------------
Транзакция <2012> Старт. Перевод: 55000 руб. fromAcc: 139 toAcc: 328 
    <Начальные остатки> from: 359460      to: 305948
Транзакция <2013> Старт. Перевод: 350 руб. fromAcc: 246 toAcc: 478 
    <Начальные остатки> from: 469836      to: 330331
     <Конечные остатки> from: 469486      to: 330681
Транзакция <2013> Финиш. Время операции: 0,000 сек.
---------------------------------------------------------------------------------
Транзакция <2014> Старт. Перевод: 8849 руб. fromAcc: 845 toAcc: 617 
    <Начальные остатки> from: 316870      to: 327800
     <Конечные остатки> from: 308021      to: 336649
Транзакция <2014> Финиш. Время операции: 0,000 сек.
---------------------------------------------------------------------------------
Транзакция <2015> Старт. Перевод: 9576 руб. fromAcc: 993 toAcc: 415 
    <Начальные остатки> from: 430113      to: 423756
     <Конечные остатки> from: 420537      to: 433332
Транзакция <2015> Финиш. Время операции: 0,000 сек.
---------------------------------------------------------------------------------
Транзакция <2016> Старт. Перевод: 5178 руб. fromAcc: 909 toAcc: 948 
    <Начальные остатки> from: 341940      to: 399077
     <Конечные остатки> from: 336762      to: 404255
Транзакция <2016> Финиш. Время операции: 0,000 сек.
---------------------------------------------------------------------------------
Транзакция <2017> Старт. Перевод: 7918 руб. fromAcc: 508 toAcc: 162 
    <Начальные остатки> from: 481027      to: 380157
     <Конечные остатки> from: 473109      to: 388075
Транзакция <2017> Финиш. Время операции: 0,000 сек.
---------------------------------------------------------------------------------
Транзакция <2018> Старт. Перевод: 5287 руб. fromAcc: 610 toAcc: 730 
    <Начальные остатки> from: 467712      to: 309669
     <Конечные остатки> from: 462425      to: 314956
Транзакция <2018> Финиш. Время операции: 0,000 сек.
---------------------------------------------------------------------------------
Транзакция <2019> Старт. Перевод: 4797 руб. fromAcc: 22 toAcc: 831 
    <Начальные остатки> from: 295955      to: 407999
     <Конечные остатки> from: 291158      to: 412796
Транзакция <2019> Финиш. Время операции: 0,000 сек.
---------------------------------------------------------------------------------
Транзакция <2020> Старт. Перевод: 6299 руб. fromAcc: 563 toAcc: 109 
    <Начальные остатки> from: 416059      to: 344793
     <Конечные остатки> from: 409760      to: 351092
Транзакция <2020> Финиш. Время операции: 0,000 сек.
---------------------------------------------------------------------------------
Транзакция <2021> Старт. Перевод: 8239 руб. fromAcc: 198 toAcc: 581 
    <Начальные остатки> from: 390183      to: 440115
     <Конечные остатки> from: 381944      to: 448354
Транзакция <2021> Финиш. Время операции: 0,000 сек.
---------------------------------------------------------------------------------
Транзакция <2022> Старт. Перевод: 6295 руб. fromAcc: 62 toAcc: 608 
    <Начальные остатки> from: 403636      to: 413901
     <Конечные остатки> from: 397341      to: 420196
Транзакция <2022> Финиш. Время операции: 0,000 сек.
---------------------------------------------------------------------------------
Транзакция <2023> Старт. Перевод: 9016 руб. fromAcc: 567 toAcc: 352 
    <Начальные остатки> from: 322280      to: 318742
     <Конечные остатки> from: 313264      to: 327758
Транзакция <2023> Финиш. Время операции: 0,000 сек.
---------------------------------------------------------------------------------
Транзакция <2024> Старт. Перевод: 5275 руб. fromAcc: 713 toAcc: 328 
    <Начальные остатки> from: 314613      to: 360948
     <Конечные остатки> from: 309338      to: 366223
Транзакция <2024> Финиш. Время операции: 0,000 сек.
---------------------------------------------------------------------------------
Транзакция <2025> Старт. Перевод: 2616 руб. fromAcc: 439 toAcc: 751 
    <Начальные остатки> from: 337459      to: 380730
     <Конечные остатки> from: 334843      to: 383346
Транзакция <2025> Финиш. Время операции: 0,000 сек.
---------------------------------------------------------------------------------
Транзакция <2026> Старт. Перевод: 3901 руб. fromAcc: 112 toAcc: 398 
    <Начальные остатки> from: 353353      to: 517048
     <Конечные остатки> from: 349452      to: 520949
Транзакция <2026> Финиш. Время операции: 0,000 сек.
---------------------------------------------------------------------------------
Транзакция <2027> Старт. Перевод: 2071 руб. fromAcc: 248 toAcc: 592 
    <Начальные остатки> from: 440935      to: 371486
     <Конечные остатки> from: 438864      to: 373557
Транзакция <2027> Финиш. Время операции: 0,000 сек.
---------------------------------------------------------------------------------
Транзакция <2028> Старт. Перевод: 9271 руб. fromAcc: 163 toAcc: 775 
    <Начальные остатки> from: 296305      to: 398423
     <Конечные остатки> from: 287034      to: 407694
Транзакция <2028> Финиш. Время операции: 0,000 сек.
---------------------------------------------------------------------------------
Транзакция <2029> Старт. Перевод: 7120 руб. fromAcc: 543 toAcc: 800 
    <Начальные остатки> from: 463504      to: 452815
     <Конечные остатки> from: 456384      to: 459935
Транзакция <2029> Финиш. Время операции: 0,000 сек.
---------------------------------------------------------------------------------
Транзакция <2030> Старт. Перевод: 9484 руб. fromAcc: 849 toAcc: 763 
    <Начальные остатки> from: 307814      to: 469275
     <Конечные остатки> from: 298330      to: 478759
Транзакция <2030> Финиш. Время операции: 0,000 сек.
---------------------------------------------------------------------------------
Транзакция <2031> Старт. Перевод: 7741 руб. fromAcc: 69 toAcc: 692 
    <Начальные остатки> from: 341659      to: 457027
     <Конечные остатки> from: 333918      to: 464768
Транзакция <2031> Финиш. Время операции: 0,000 сек.
---------------------------------------------------------------------------------
Транзакция <2032> Старт. Перевод: 1261 руб. fromAcc: 560 toAcc: 863 
    <Начальные остатки> from: 315391      to: 371084
     <Конечные остатки> from: 314130      to: 372345
Транзакция <2032> Финиш. Время операции: 0,000 сек.
---------------------------------------------------------------------------------
Транзакция <2033> Старт. Перевод: 2546 руб. fromAcc: 663 toAcc: 870 
    <Начальные остатки> from: 510720      to: 500226
     <Конечные остатки> from: 508174      to: 502772
Транзакция <2033> Финиш. Время операции: 0,000 сек.
---------------------------------------------------------------------------------
Транзакция <2034> Старт. Перевод: 7365 руб. fromAcc: 286 toAcc: 821 
    <Начальные остатки> from: 247849      to: 545164
     <Конечные остатки> from: 240484      to: 552529
Транзакция <2034> Финиш. Время операции: 0,000 сек.
---------------------------------------------------------------------------------
Транзакция <2035> Старт. Перевод: 5046 руб. fromAcc: 905 toAcc: 196 
    <Начальные остатки> from: 309136      to: 429706
     <Конечные остатки> from: 304090      to: 434752
Транзакция <2035> Финиш. Время операции: 0,000 сек.
---------------------------------------------------------------------------------
Транзакция <2036> Старт. Перевод: 3095 руб. fromAcc: 284 toAcc: 975 
    <Начальные остатки> from: 311971      to: 440855
     <Конечные остатки> from: 308876      to: 443950
Транзакция <2036> Финиш. Время операции: 0,000 сек.
---------------------------------------------------------------------------------
Транзакция <2037> Старт. Перевод: 3306 руб. fromAcc: 746 toAcc: 608 
    <Начальные остатки> from: 491839      to: 420196
     <Конечные остатки> from: 488533      to: 423502
Транзакция <2037> Финиш. Время операции: 0,000 сек.
---------------------------------------------------------------------------------
Транзакция <2038> Старт. Перевод: 3597 руб. fromAcc: 25 toAcc: 287 
    <Начальные остатки> from: 249945      to: 397569
     <Конечные остатки> from: 246348      to: 401166
Транзакция <2038> Финиш. Время операции: 0,000 сек.
---------------------------------------------------------------------------------
Транзакция <2039> Старт. Перевод: 984 руб. fromAcc: 551 toAcc: 764 
    <Начальные остатки> from: 368782      to: 416708
     <Конечные остатки> from: 367798      to: 417692
Транзакция <2039> Финиш. Время операции: 0,000 сек.
---------------------------------------------------------------------------------
Транзакция <2040> Старт. Перевод: 6261 руб. fromAcc: 522 toAcc: 648 
    <Начальные остатки> from: 483574      to: 344035
     <Конечные остатки> from: 477313      to: 350296
Транзакция <2040> Финиш. Время операции: 0,000 сек.
---------------------------------------------------------------------------------
Транзакция <2041> Старт. Перевод: 270 руб. fromAcc: 289 toAcc: 727 
    <Начальные остатки> from: 541272      to: 411118
     <Конечные остатки> from: 541002      to: 411388
Транзакция <2041> Финиш. Время операции: 0,000 сек.
---------------------------------------------------------------------------------
Транзакция <2042> Старт. Перевод: 4949 руб. fromAcc: 358 toAcc: 333 
    <Начальные остатки> from: 449752      to: 293502
     <Конечные остатки> from: 444803      to: 298451
Транзакция <2042> Финиш. Время операции: 0,000 сек.
---------------------------------------------------------------------------------
Транзакция <2043> Старт. Перевод: 9728 руб. fromAcc: 804 toAcc: 221 
    <Начальные остатки> from: 327688      to: 340006
     <Конечные остатки> from: 317960      to: 349734
Транзакция <2043> Финиш. Время операции: 0,000 сек.
---------------------------------------------------------------------------------
Транзакция <2044> Старт. Перевод: 5335 руб. fromAcc: 8 toAcc: 722 
    <Начальные остатки> from: 377504      to: 429135
     <Конечные остатки> from: 372169      to: 434470
Транзакция <2044> Финиш. Время операции: 0,000 сек.
---------------------------------------------------------------------------------
Транзакция <2045> Старт. Перевод: 2555 руб. fromAcc: 390 toAcc: 156 
    <Начальные остатки> from: 484986      to: 436845
[ Операция невозможна из-за блокировки счета !!! ]
from: true to: false
     <Конечные остатки> from: 484986      to: 436845
Транзакция <2045> Финиш. Время операции: 0,000 сек.
---------------------------------------------------------------------------------
Транзакция <2046> Старт. Перевод: 3082 руб. fromAcc: 279 toAcc: 640 
    <Начальные остатки> from: 315259      to: 361364
     <Конечные остатки> from: 312177      to: 364446
Транзакция <2046> Финиш. Время операции: 0,000 сек.
---------------------------------------------------------------------------------
Транзакция <2047> Старт. Перевод: 3255 руб. fromAcc: 114 toAcc: 434 
    <Начальные остатки> from: 307928      to: 421707
     <Конечные остатки> from: 304673      to: 424962
Транзакция <2047> Финиш. Время операции: 0,000 сек.
---------------------------------------------------------------------------------
Транзакция <2048> Старт. Перевод: 9142 руб. fromAcc: 948 toAcc: 937 
    <Начальные остатки> from: 404255      to: 462532
     <Конечные остатки> from: 395113      to: 471674
Транзакция <2048> Финиш. Время операции: 0,000 сек.
---------------------------------------------------------------------------------
Транзакция <2049> Старт. Перевод: 3250 руб. fromAcc: 608 toAcc: 271 
    <Начальные остатки> from: 423502      to: 533541
     <Конечные остатки> from: 420252      to: 536791
Транзакция <2049> Финиш. Время операции: 0,000 сек.
---------------------------------------------------------------------------------
Транзакция <2050> Старт. Перевод: 8925 руб. fromAcc: 939 toAcc: 169 
    <Начальные остатки> from: 464499      to: 449836
     <Конечные остатки> from: 455574      to: 458761
Транзакция <2050> Финиш. Время операции: 0,000 сек.
---------------------------------------------------------------------------------
Транзакция <2051> Старт. Перевод: 8423 руб. fromAcc: 273 toAcc: 517 
    <Начальные остатки> from: 351070      to: 427802
     <Конечные остатки> from: 342647      to: 436225
Транзакция <2051> Финиш. Время операции: 0,000 сек.
---------------------------------------------------------------------------------
Транзакция <2052> Старт. Перевод: 4593 руб. fromAcc: 615 toAcc: 493 
    <Начальные остатки> from: 479811      to: 414482
[ Операция невозможна из-за блокировки счета !!! ]
from: false to: true
     <Конечные остатки> from: 479811      to: 414482
Транзакция <2052> Финиш. Время операции: 0,000 сек.
---------------------------------------------------------------------------------
Транзакция <2053> Старт. Перевод: 4102 руб. fromAcc: 115 toAcc: 711 
    <Начальные остатки> from: 343449      to: 469533
     <Конечные остатки> from: 339347      to: 473635
Транзакция <2053> Финиш. Время операции: 0,000 сек.
---------------------------------------------------------------------------------
Транзакция <2054> Старт. Перевод: 2244 руб. fromAcc: 15 toAcc: 138 
    <Начальные остатки> from: 413352      to: 407437
     <Конечные остатки> from: 411108      to: 409681
Транзакция <2054> Финиш. Время операции: 0,000 сек.
---------------------------------------------------------------------------------
Транзакция <2055> Старт. Перевод: 5502 руб. fromAcc: 660 toAcc: 876 
    <Начальные остатки> from: 413016      to: 341437
     <Конечные остатки> from: 407514      to: 346939
Транзакция <2055> Финиш. Время операции: 0,000 сек.
---------------------------------------------------------------------------------
Транзакция <2056> Старт. Перевод: 8234 руб. fromAcc: 123 toAcc: 66 
    <Начальные остатки> from: 412541      to: 314063
     <Конечные остатки> from: 404307      to: 322297
Транзакция <2056> Финиш. Время операции: 0,000 сек.
---------------------------------------------------------------------------------
Транзакция <2057> Старт. Перевод: 4128 руб. fromAcc: 658 toAcc: 268 
    <Начальные остатки> from: 366409      to: 384667
     <Конечные остатки> from: 362281      to: 388795
Транзакция <2057> Финиш. Время операции: 0,000 сек.
---------------------------------------------------------------------------------
Транзакция <2058> Старт. Перевод: 1407 руб. fromAcc: 504 toAcc: 695 
    <Начальные остатки> from: 457065      to: 342956
     <Конечные остатки> from: 455658      to: 344363
Транзакция <2058> Финиш. Время операции: 0,000 сек.
---------------------------------------------------------------------------------
Транзакция <2059> Старт. Перевод: 3139 руб. fromAcc: 538 toAcc: 584 
    <Начальные остатки> from: 453611      to: 364156
     <Конечные остатки> from: 450472      to: 367295
Транзакция <2059> Финиш. Время операции: 0,000 сек.
---------------------------------------------------------------------------------
Транзакция <2060> Старт. Перевод: 480 руб. fromAcc: 874 toAcc: 777 
    <Начальные остатки> from: 370209      to: 451848
     <Конечные остатки> from: 369729      to: 452328
Транзакция <2060> Финиш. Время операции: 0,000 сек.
---------------------------------------------------------------------------------
Транзакция <2061> Старт. Перевод: 7193 руб. fromAcc: 813 toAcc: 366 
    <Начальные остатки> from: 363666      to: 429527
     <Конечные остатки> from: 356473      to: 436720
Транзакция <2061> Финиш. Время операции: 0,000 сек.
---------------------------------------------------------------------------------
Транзакция <2062> Старт. Перевод: 8346 руб. fromAcc: 455 toAcc: 816 
    <Начальные остатки> from: 302362      to: 311223
     <Конечные остатки> from: 294016      to: 319569
Транзакция <2062> Финиш. Время операции: 0,000 сек.
---------------------------------------------------------------------------------
Транзакция <2063> Старт. Перевод: 4774 руб. fromAcc: 898 toAcc: 581 
    <Начальные остатки> from: 341389      to: 448354
     <Конечные остатки> from: 336615      to: 453128
Транзакция <2063> Финиш. Время операции: 0,000 сек.
---------------------------------------------------------------------------------
Транзакция <2064> Старт. Перевод: 7550 руб. fromAcc: 182 toAcc: 624 
    <Начальные остатки> from: 401908      to: 426836
     <Конечные остатки> from: 394358      to: 434386
Транзакция <2064> Финиш. Время операции: 0,000 сек.
---------------------------------------------------------------------------------
Транзакция <2065> Старт. Перевод: 3512 руб. fromAcc: 45 toAcc: 622 
    <Начальные остатки> from: 351175      to: 332479
[ Операция невозможна из-за блокировки счета !!! ]
from: false to: true
     <Конечные остатки> from: 351175      to: 332479
Транзакция <2065> Финиш. Время операции: 0,000 сек.
---------------------------------------------------------------------------------
Транзакция <2066> Старт. Перевод: 3705 руб. fromAcc: 109 toAcc: 890 
    <Начальные остатки> from: 351092      to: 295481
     <Конечные остатки> from: 347387      to: 299186
Транзакция <2066> Финиш. Время операции: 0,000 сек.
---------------------------------------------------------------------------------
Транзакция <2067> Старт. Перевод: 1500 руб. fromAcc: 355 toAcc: 217 
    <Начальные остатки> from: 321723      to: 472985
     <Конечные остатки> from: 320223      to: 474485
Транзакция <2067> Финиш. Время операции: 0,000 сек.
---------------------------------------------------------------------------------
Транзакция <2068> Старт. Перевод: 55000 руб. fromAcc: 575 toAcc: 865 
    <Начальные остатки> from: 416758      to: 353071
Транзакция <2069> Старт. Перевод: 9146 руб. fromAcc: 600 toAcc: 68 
    <Начальные остатки> from: 495872      to: 346213
     <Конечные остатки> from: 486726      to: 355359
Транзакция <2069> Финиш. Время операции: 0,000 сек.
---------------------------------------------------------------------------------
Транзакция <2070> Старт. Перевод: 8602 руб. fromAcc: 2 toAcc: 984 
    <Начальные остатки> from: 407373      to: 423266
     <Конечные остатки> from: 398771      to: 431868
Транзакция <2070> Финиш. Время операции: 0,000 сек.
---------------------------------------------------------------------------------
Транзакция <2071> Старт. Перевод: 6335 руб. fromAcc: 711 toAcc: 598 
    <Начальные остатки> from: 473635      to: 427679
     <Конечные остатки> from: 467300      to: 434014
Транзакция <2071> Финиш. Время операции: 0,000 сек.
---------------------------------------------------------------------------------
Транзакция <2072> Старт. Перевод: 4100 руб. fromAcc: 628 toAcc: 269 
    <Начальные остатки> from: 403984      to: 364318
     <Конечные остатки> from: 399884      to: 368418
Транзакция <2072> Финиш. Время операции: 0,000 сек.
---------------------------------------------------------------------------------
Транзакция <2073> Старт. Перевод: 5186 руб. fromAcc: 541 toAcc: 6 
    <Начальные остатки> from: 320979      to: 402672
     <Конечные остатки> from: 315793      to: 407858
Транзакция <2073> Финиш. Время операции: 0,000 сек.
---------------------------------------------------------------------------------
Транзакция <2074> Старт. Перевод: 8703 руб. fromAcc: 516 toAcc: 369 
    <Начальные остатки> from: 398185      to: 358744
     <Конечные остатки> from: 389482      to: 367447
Транзакция <2074> Финиш. Время операции: 0,000 сек.
---------------------------------------------------------------------------------
Транзакция <2075> Старт. Перевод: 8177 руб. fromAcc: 807 toAcc: 886 
    <Начальные остатки> from: 358701      to: 447223
     <Конечные остатки> from: 350524      to: 455400
Транзакция <2075> Финиш. Время операции: 0,000 сек.
---------------------------------------------------------------------------------
Транзакция <2076> Старт. Перевод: 10032 руб. fromAcc: 506 toAcc: 319 
    <Начальные остатки> from: 374923      to: 497774
     <Конечные остатки> from: 364891      to: 507806
Транзакция <2076> Финиш. Время операции: 0,000 сек.
---------------------------------------------------------------------------------
Транзакция <2077> Старт. Перевод: 7386 руб. fromAcc: 287 toAcc: 852 
    <Начальные остатки> from: 401166      to: 431900
     <Конечные остатки> from: 393780      to: 439286
Транзакция <2077> Финиш. Время операции: 0,000 сек.
---------------------------------------------------------------------------------
Транзакция <2078> Старт. Перевод: 5919 руб. fromAcc: 165 toAcc: 754 
    <Начальные остатки> from: 463846      to: 356803
     <Конечные остатки> from: 457927      to: 362722
Транзакция <2078> Финиш. Время операции: 0,000 сек.
---------------------------------------------------------------------------------
Транзакция <2079> Старт. Перевод: 1561 руб. fromAcc: 118 toAcc: 99 
    <Начальные остатки> from: 352105      to: 369188
     <Конечные остатки> from: 350544      to: 370749
Транзакция <2079> Финиш. Время операции: 0,000 сек.
---------------------------------------------------------------------------------
Транзакция <2080> Старт. Перевод: 4212 руб. fromAcc: 841 toAcc: 947 
    <Начальные остатки> from: 399931      to: 393664
     <Конечные остатки> from: 395719      to: 397876
Транзакция <2080> Финиш. Время операции: 0,000 сек.
---------------------------------------------------------------------------------
Транзакция <2081> Старт. Перевод: 7778 руб. fromAcc: 605 toAcc: 731 
    <Начальные остатки> from: 428687      to: 311074
     <Конечные остатки> from: 420909      to: 318852
Транзакция <2081> Финиш. Время операции: 0,000 сек.
---------------------------------------------------------------------------------
Транзакция <2082> Старт. Перевод: 4461 руб. fromAcc: 415 toAcc: 681 
    <Начальные остатки> from: 433332      to: 446344
     <Конечные остатки> from: 428871      to: 450805
Транзакция <2082> Финиш. Время операции: 0,000 сек.
---------------------------------------------------------------------------------
Транзакция <2083> Старт. Перевод: 381 руб. fromAcc: 241 toAcc: 833 
    <Начальные остатки> from: 434230      to: 493155
     <Конечные остатки> from: 433849      to: 493536
Транзакция <2083> Финиш. Время операции: 0,000 сек.
---------------------------------------------------------------------------------
Транзакция <2084> Старт. Перевод: 415 руб. fromAcc: 57 toAcc: 548 
    <Начальные остатки> from: 381591      to: 467222
     <Конечные остатки> from: 381176      to: 467637
Транзакция <2084> Финиш. Время операции: 0,000 сек.
---------------------------------------------------------------------------------
Транзакция <2085> Старт. Перевод: 2403 руб. fromAcc: 849 toAcc: 464 
    <Начальные остатки> from: 298330      to: 316303
     <Конечные остатки> from: 295927      to: 318706
Транзакция <2085> Финиш. Время операции: 0,000 сек.
---------------------------------------------------------------------------------
Транзакция <2086> Старт. Перевод: 55000 руб. fromAcc: 545 toAcc: 524 
    <Начальные остатки> from: 359400      to: 305262
Транзакция <2087> Старт. Перевод: 2112 руб. fromAcc: 469 toAcc: 17 
    <Начальные остатки> from: 313387      to: 477176
     <Конечные остатки> from: 311275      to: 479288
Транзакция <2087> Финиш. Время операции: 0,000 сек.
---------------------------------------------------------------------------------
Транзакция <2088> Старт. Перевод: 566 руб. fromAcc: 706 toAcc: 938 
    <Начальные остатки> from: 361909      to: 419999
     <Конечные остатки> from: 361343      to: 420565
Транзакция <2088> Финиш. Время операции: 0,000 сек.
---------------------------------------------------------------------------------
Транзакция <2089> Старт. Перевод: 8414 руб. fromAcc: 12 toAcc: 275 
    <Начальные остатки> from: 425976      to: 460427
[ Операция невозможна из-за блокировки счета !!! ]
from: false to: true
     <Конечные остатки> from: 425976      to: 460427
Транзакция <2089> Финиш. Время операции: 0,000 сек.
---------------------------------------------------------------------------------
Транзакция <2090> Старт. Перевод: 5992 руб. fromAcc: 11 toAcc: 659 
    <Начальные остатки> from: 389397      to: 500226
     <Конечные остатки> from: 383405      to: 506218
Транзакция <2090> Финиш. Время операции: 0,000 сек.
---------------------------------------------------------------------------------
Транзакция <2091> Старт. Перевод: 2479 руб. fromAcc: 283 toAcc: 661 
    <Начальные остатки> from: 361691      to: 422717
     <Конечные остатки> from: 359212      to: 425196
Транзакция <2091> Финиш. Время операции: 0,000 сек.
---------------------------------------------------------------------------------
Транзакция <2092> Старт. Перевод: 6125 руб. fromAcc: 427 toAcc: 286 
    <Начальные остатки> from: 334859      to: 240484
     <Конечные остатки> from: 328734      to: 246609
Транзакция <2092> Финиш. Время операции: 0,000 сек.
---------------------------------------------------------------------------------
Транзакция <2093> Старт. Перевод: 8028 руб. fromAcc: 780 toAcc: 620 
    <Начальные остатки> from: 396648      to: 439660
[ Операция невозможна из-за блокировки счета !!! ]
from: false to: true
     <Конечные остатки> from: 396648      to: 439660
Транзакция <2093> Финиш. Время операции: 0,001 сек.
---------------------------------------------------------------------------------
Транзакция <2094> Старт. Перевод: 529 руб. fromAcc: 295 toAcc: 605 
    <Начальные остатки> from: 447453      to: 420909
     <Конечные остатки> from: 446924      to: 421438
Транзакция <2094> Финиш. Время операции: 0,000 сек.
---------------------------------------------------------------------------------
Транзакция <2095> Старт. Перевод: 6627 руб. fromAcc: 710 toAcc: 413 
    <Начальные остатки> from: 442252      to: 463814
     <Конечные остатки> from: 435625      to: 470441
Транзакция <2095> Финиш. Время операции: 0,001 сек.
---------------------------------------------------------------------------------
Транзакция <2096> Старт. Перевод: 1269 руб. fromAcc: 932 toAcc: 719 
    <Начальные остатки> from: 324164      to: 310101
     <Конечные остатки> from: 322895      to: 311370
Транзакция <2096> Финиш. Время операции: 0,000 сек.
---------------------------------------------------------------------------------
Транзакция <2097> Старт. Перевод: 8845 руб. fromAcc: 510 toAcc: 448 
    <Начальные остатки> from: 303453      to: 373302
[ Операция невозможна из-за блокировки счета !!! ]
from: false to: true
     <Конечные остатки> from: 303453      to: 373302
Транзакция <2097> Финиш. Время операции: 0,000 сек.
---------------------------------------------------------------------------------
Транзакция <2098> Старт. Перевод: 55000 руб. fromAcc: 178 toAcc: 277 
    <Начальные остатки> from: 411228      to: 312936
Транзакция <2099> Старт. Перевод: 10028 руб. fromAcc: 367 toAcc: 721 
    <Начальные остатки> from: 386571      to: 445036
     <Конечные остатки> from: 376543      to: 455064
Транзакция <2099> Финиш. Время операции: 0,000 сек.
---------------------------------------------------------------------------------
Транзакция <2100> Старт. Перевод: 4495 руб. fromAcc: 251 toAcc: 815 
    <Начальные остатки> from: 310414      to: 462846
     <Конечные остатки> from: 305919      to: 467341
Транзакция <2100> Финиш. Время операции: 0,000 сек.
---------------------------------------------------------------------------------
Транзакция <2101> Старт. Перевод: 4172 руб. fromAcc: 690 toAcc: 93 
    <Начальные остатки> from: 494463      to: 417837
     <Конечные остатки> from: 490291      to: 422009
Транзакция <2101> Финиш. Время операции: 0,004 сек.
---------------------------------------------------------------------------------
Транзакция <2102> Старт. Перевод: 223 руб. fromAcc: 604 toAcc: 395 
    <Начальные остатки> from: 371309      to: 421016
     <Конечные остатки> from: 371086      to: 421239
Транзакция <2102> Финиш. Время операции: 0,003 сек.
---------------------------------------------------------------------------------
Транзакция <2103> Старт. Перевод: 8863 руб. fromAcc: 655 toAcc: 75 
    <Начальные остатки> from: 464996      to: 334928
     <Конечные остатки> from: 456133      to: 343791
Транзакция <2103> Финиш. Время операции: 0,002 сек.
---------------------------------------------------------------------------------
Транзакция <2104> Старт. Перевод: 1357 руб. fromAcc: 525 toAcc: 246 
    <Начальные остатки> from: 379224      to: 469486
     <Конечные остатки> from: 377867      to: 470843
Транзакция <2104> Финиш. Время операции: 0,002 сек.
---------------------------------------------------------------------------------
Транзакция <2105> Старт. Перевод: 3099 руб. fromAcc: 725 toAcc: 87 
    <Начальные остатки> from: 383385      to: 419829
     <Конечные остатки> from: 380286      to: 422928
Транзакция <2105> Финиш. Время операции: 0,000 сек.
---------------------------------------------------------------------------------
Транзакция <2106> Старт. Перевод: 3080 руб. fromAcc: 800 toAcc: 659 
    <Начальные остатки> from: 459935      to: 506218
     <Конечные остатки> from: 456855      to: 509298
Транзакция <2106> Финиш. Время операции: 0,001 сек.
---------------------------------------------------------------------------------
Транзакция <2107> Старт. Перевод: 9758 руб. fromAcc: 258 toAcc: 203 
    <Начальные остатки> from: 369829      to: 461203
     <Конечные остатки> from: 360071      to: 470961
Транзакция <2107> Финиш. Время операции: 0,002 сек.
---------------------------------------------------------------------------------
Транзакция <2108> Старт. Перевод: 512 руб. fromAcc: 10 toAcc: 556 
    <Начальные остатки> from: 442710      to: 436409
     <Конечные остатки> from: 442198      to: 436921
Транзакция <2108> Финиш. Время операции: 0,000 сек.
---------------------------------------------------------------------------------
Транзакция <2109> Старт. Перевод: 9696 руб. fromAcc: 386 toAcc: 163 
    <Начальные остатки> from: 373981      to: 287034
     <Конечные остатки> from: 364285      to: 296730
Транзакция <2109> Финиш. Время операции: 0,000 сек.
---------------------------------------------------------------------------------
Транзакция <2110> Старт. Перевод: 4610 руб. fromAcc: 37 toAcc: 120 
    <Начальные остатки> from: 423438      to: 422600
     <Конечные остатки> from: 418828      to: 427210
Транзакция <2110> Финиш. Время операции: 0,001 сек.
---------------------------------------------------------------------------------
Транзакция <2111> Старт. Перевод: 9648 руб. fromAcc: 154 toAcc: 835 
    <Начальные остатки> from: 431309      to: 347266
     <Конечные остатки> from: 421661      to: 356914
Транзакция <2111> Финиш. Время операции: 0,000 сек.
---------------------------------------------------------------------------------
Транзакция <2112> Старт. Перевод: 6332 руб. fromAcc: 478 toAcc: 191 
    <Начальные остатки> from: 330681      to: 487789
     <Конечные остатки> from: 324349      to: 494121
Транзакция <2112> Финиш. Время операции: 0,000 сек.
---------------------------------------------------------------------------------
Транзакция <2113> Старт. Перевод: 987 руб. fromAcc: 510 toAcc: 537 
    <Начальные остатки> from: 303453      to: 353607
[ Операция невозможна из-за блокировки счета !!! ]
from: false to: true
     <Конечные остатки> from: 303453      to: 353607
Транзакция <2113> Финиш. Время операции: 0,000 сек.
---------------------------------------------------------------------------------
Транзакция <2114> Старт. Перевод: 2392 руб. fromAcc: 187 toAcc: 431 
    <Начальные остатки> from: 414982      to: 434727
     <Конечные остатки> from: 412590      to: 437119
Транзакция <2114> Финиш. Время операции: 0,000 сек.
---------------------------------------------------------------------------------
Транзакция <2115> Старт. Перевод: 8926 руб. fromAcc: 31 toAcc: 860 
    <Начальные остатки> from: 347516      to: 451263
     <Конечные остатки> from: 338590      to: 460189
Транзакция <2115> Финиш. Время операции: 0,001 сек.
---------------------------------------------------------------------------------
Транзакция <2116> Старт. Перевод: 8422 руб. fromAcc: 456 toAcc: 522 
    <Начальные остатки> from: 418959      to: 477313
     <Конечные остатки> from: 410537      to: 485735
Транзакция <2116> Финиш. Время операции: 0,000 сек.
---------------------------------------------------------------------------------
Транзакция <2117> Старт. Перевод: 4233 руб. fromAcc: 479 toAcc: 885 
    <Начальные остатки> from: 439195      to: 537697
     <Конечные остатки> from: 434962      to: 541930
Транзакция <2117> Финиш. Время операции: 0,000 сек.
---------------------------------------------------------------------------------
Транзакция <2118> Старт. Перевод: 7876 руб. fromAcc: 545 toAcc: 935 
    <Начальные остатки> from: 304400      to: 447388
     <Конечные остатки> from: 296524      to: 455264
Транзакция <2118> Финиш. Время операции: 0,001 сек.
---------------------------------------------------------------------------------
Транзакция <2119> Старт. Перевод: 2009 руб. fromAcc: 569 toAcc: 933 
    <Начальные остатки> from: 331956      to: 471786
     <Конечные остатки> from: 329947      to: 473795
Транзакция <2119> Финиш. Время операции: 0,000 сек.
---------------------------------------------------------------------------------
Транзакция <2120> Старт. Перевод: 7468 руб. fromAcc: 580 toAcc: 22 
    <Начальные остатки> from: 396446      to: 291158
     <Конечные остатки> from: 388978      to: 298626
Транзакция <2120> Финиш. Время операции: 0,000 сек.
---------------------------------------------------------------------------------
Транзакция <2121> Старт. Перевод: 4634 руб. fromAcc: 545 toAcc: 257 
    <Начальные остатки> from: 296524      to: 464635
     <Конечные остатки> from: 291890      to: 469269
Транзакция <2121> Финиш. Время операции: 0,000 сек.
---------------------------------------------------------------------------------
Транзакция <2122> Старт. Перевод: 2496 руб. fromAcc: 34 toAcc: 457 
    <Начальные остатки> from: 443933      to: 312160
     <Конечные остатки> from: 441437      to: 314656
Транзакция <2122> Финиш. Время операции: 0,000 сек.
---------------------------------------------------------------------------------
Транзакция <2123> Старт. Перевод: 8415 руб. fromAcc: 437 toAcc: 307 
    <Начальные остатки> from: 439895      to: 522306
     <Конечные остатки> from: 431480      to: 530721
Транзакция <2123> Финиш. Время операции: 0,000 сек.
---------------------------------------------------------------------------------
Транзакция <2124> Старт. Перевод: 7847 руб. fromAcc: 286 toAcc: 304 
    <Начальные остатки> from: 246609      to: 372035
     <Конечные остатки> from: 238762      to: 379882
Транзакция <2124> Финиш. Время операции: 0,000 сек.
---------------------------------------------------------------------------------
Транзакция <2125> Старт. Перевод: 6032 руб. fromAcc: 117 toAcc: 468 
    <Начальные остатки> from: 343197      to: 367563
     <Конечные остатки> from: 337165      to: 373595
Транзакция <2125> Финиш. Время операции: 0,000 сек.
---------------------------------------------------------------------------------
Транзакция <2126> Старт. Перевод: 3024 руб. fromAcc: 1 toAcc: 212 
    <Начальные остатки> from: 333529      to: 396084
     <Конечные остатки> from: 330505      to: 399108
Транзакция <2126> Финиш. Время операции: 0,000 сек.
---------------------------------------------------------------------------------
Транзакция <2127> Старт. Перевод: 9344 руб. fromAcc: 495 toAcc: 416 
    <Начальные остатки> from: 441879      to: 303577
     <Конечные остатки> from: 432535      to: 312921
Транзакция <2127> Финиш. Время операции: 0,000 сек.
---------------------------------------------------------------------------------
Транзакция <2128> Старт. Перевод: 1995 руб. fromAcc: 319 toAcc: 528 
    <Начальные остатки> from: 507806      to: 389039
     <Конечные остатки> from: 505811      to: 391034
Транзакция <2128> Финиш. Время операции: 0,000 сек.
---------------------------------------------------------------------------------
Транзакция <2129> Старт. Перевод: 9621 руб. fromAcc: 502 toAcc: 485 
    <Начальные остатки> from: 463960      to: 282741
     <Конечные остатки> from: 454339      to: 292362
Транзакция <2129> Финиш. Время операции: 0,000 сек.
---------------------------------------------------------------------------------
Транзакция <2130> Старт. Перевод: 55000 руб. fromAcc: 81 toAcc: 331 
    <Начальные остатки> from: 388822      to: 340290
Транзакция <2131> Старт. Перевод: 7358 руб. fromAcc: 110 toAcc: 695 
    <Начальные остатки> from: 452927      to: 344363
     <Конечные остатки> from: 445569      to: 351721
Транзакция <2131> Финиш. Время операции: 0,000 сек.
---------------------------------------------------------------------------------
Транзакция <2132> Старт. Перевод: 6154 руб. fromAcc: 468 toAcc: 592 
    <Начальные остатки> from: 373595      to: 373557
     <Конечные остатки> from: 367441      to: 379711
Транзакция <2132> Финиш. Время операции: 0,000 сек.
---------------------------------------------------------------------------------
Транзакция <2133> Старт. Перевод: 7737 руб. fromAcc: 143 toAcc: 605 
    <Начальные остатки> from: 407375      to: 421438
     <Конечные остатки> from: 399638      to: 429175
Транзакция <2133> Финиш. Время операции: 0,000 сек.
---------------------------------------------------------------------------------
Транзакция <2134> Старт. Перевод: 1009 руб. fromAcc: 557 toAcc: 655 
    <Начальные остатки> from: 429368      to: 456133
     <Конечные остатки> from: 428359      to: 457142
Транзакция <2134> Финиш. Время операции: 0,000 сек.
---------------------------------------------------------------------------------
Транзакция <2135> Старт. Перевод: 8843 руб. fromAcc: 250 toAcc: 203 
    <Начальные остатки> from: 351771      to: 470961
     <Конечные остатки> from: 342928      to: 479804
Транзакция <2135> Финиш. Время операции: 0,000 сек.
---------------------------------------------------------------------------------
Транзакция <2136> Старт. Перевод: 2594 руб. fromAcc: 596 toAcc: 862 
    <Начальные остатки> from: 478633      to: 508883
     <Конечные остатки> from: 476039      to: 511477
Транзакция <2136> Финиш. Время операции: 0,000 сек.
---------------------------------------------------------------------------------
Транзакция <2137> Старт. Перевод: 265 руб. fromAcc: 3 toAcc: 79 
    <Начальные остатки> from: 511915      to: 351589
     <Конечные остатки> from: 511650      to: 351854
Транзакция <2137> Финиш. Время операции: 0,000 сек.
---------------------------------------------------------------------------------
Транзакция <2138> Старт. Перевод: 2902 руб. fromAcc: 315 toAcc: 384 
    <Начальные остатки> from: 376131      to: 354988
     <Конечные остатки> from: 373229      to: 357890
Транзакция <2138> Финиш. Время операции: 0,000 сек.
---------------------------------------------------------------------------------
Транзакция <2139> Старт. Перевод: 7061 руб. fromAcc: 968 toAcc: 216 
    <Начальные остатки> from: 488572      to: 296511
[ Операция невозможна из-за блокировки счета !!! ]
from: true to: false
     <Конечные остатки> from: 488572      to: 296511
Транзакция <2139> Финиш. Время операции: 0,000 сек.
---------------------------------------------------------------------------------
Транзакция <2140> Старт. Перевод: 8663 руб. fromAcc: 893 toAcc: 747 
    <Начальные остатки> from: 437407      to: 336753
     <Конечные остатки> from: 428744      to: 345416
Транзакция <2140> Финиш. Время операции: 0,000 сек.
---------------------------------------------------------------------------------
Транзакция <2141> Старт. Перевод: 4921 руб. fromAcc: 309 toAcc: 447 
    <Начальные остатки> from: 456574      to: 315305
     <Конечные остатки> from: 451653      to: 320226
Транзакция <2141> Финиш. Время операции: 0,000 сек.
---------------------------------------------------------------------------------
Транзакция <2142> Старт. Перевод: 55000 руб. fromAcc: 287 toAcc: 329 
    <Начальные остатки> from: 393780      to: 482676
Транзакция <2143> Старт. Перевод: 5524 руб. fromAcc: 653 toAcc: 456 
    <Начальные остатки> from: 468380      to: 410537
     <Конечные остатки> from: 462856      to: 416061
Транзакция <2143> Финиш. Время операции: 0,000 сек.
---------------------------------------------------------------------------------
Транзакция <2144> Старт. Перевод: 1964 руб. fromAcc: 247 toAcc: 252 
    <Начальные остатки> from: 391567      to: 484845
     <Конечные остатки> from: 389603      to: 486809
Транзакция <2144> Финиш. Время операции: 0,000 сек.
---------------------------------------------------------------------------------
Транзакция <2145> Старт. Перевод: 8218 руб. fromAcc: 152 toAcc: 909 
    <Начальные остатки> from: 460079      to: 336762
     <Конечные остатки> from: 451861      to: 344980
Транзакция <2145> Финиш. Время операции: 0,000 сек.
---------------------------------------------------------------------------------
Транзакция <2146> Старт. Перевод: 7892 руб. fromAcc: 552 toAcc: 762 
    <Начальные остатки> from: 328180      to: 467621
     <Конечные остатки> from: 320288      to: 475513
Транзакция <2146> Финиш. Время операции: 0,000 сек.
---------------------------------------------------------------------------------
Транзакция <2147> Старт. Перевод: 6015 руб. fromAcc: 786 toAcc: 510 
    <Начальные остатки> from: 283943      to: 303453
[ Операция невозможна из-за блокировки счета !!! ]
from: true to: false
     <Конечные остатки> from: 283943      to: 303453
Транзакция <2147> Финиш. Время операции: 0,000 сек.
---------------------------------------------------------------------------------
Транзакция <2148> Старт. Перевод: 5735 руб. fromAcc: 865 toAcc: 787 
    <Начальные остатки> from: 408071      to: 415378
     <Конечные остатки> from: 402336      to: 421113
Транзакция <2148> Финиш. Время операции: 0,000 сек.
---------------------------------------------------------------------------------
Транзакция <2149> Старт. Перевод: 1180 руб. fromAcc: 700 toAcc: 778 
    <Начальные остатки> from: 443911      to: 472408
     <Конечные остатки> from: 442731      to: 473588
Транзакция <2149> Финиш. Время операции: 0,000 сек.
---------------------------------------------------------------------------------
Транзакция <2150> Старт. Перевод: 4810 руб. fromAcc: 518 toAcc: 633 
    <Начальные остатки> from: 332523      to: 419043
     <Конечные остатки> from: 327713      to: 423853
Транзакция <2150> Финиш. Время операции: 0,000 сек.
---------------------------------------------------------------------------------
Транзакция <2151> Старт. Перевод: 1401 руб. fromAcc: 708 toAcc: 119 
    <Начальные остатки> from: 458588      to: 378608
     <Конечные остатки> from: 457187      to: 380009
Транзакция <2151> Финиш. Время операции: 0,000 сек.
---------------------------------------------------------------------------------
Транзакция <2152> Старт. Перевод: 6305 руб. fromAcc: 599 toAcc: 299 
    <Начальные остатки> from: 351355      to: 388379
     <Конечные остатки> from: 345050      to: 394684
Транзакция <2152> Финиш. Время операции: 0,000 сек.
---------------------------------------------------------------------------------
Транзакция <2153> Старт. Перевод: 2580 руб. fromAcc: 223 toAcc: 9 
    <Начальные остатки> from: 448016      to: 485329
     <Конечные остатки> from: 445436      to: 487909
Транзакция <2153> Финиш. Время операции: 0,000 сек.
---------------------------------------------------------------------------------
Транзакция <2154> Старт. Перевод: 183 руб. fromAcc: 195 toAcc: 570 
    <Начальные остатки> from: 402496      to: 422020
     <Конечные остатки> from: 402313      to: 422203
Транзакция <2154> Финиш. Время операции: 0,000 сек.
---------------------------------------------------------------------------------
Транзакция <2155> Старт. Перевод: 526 руб. fromAcc: 227 toAcc: 480 
    <Начальные остатки> from: 476937      to: 363734
     <Конечные остатки> from: 476411      to: 364260
Транзакция <2155> Финиш. Время операции: 0,000 сек.
---------------------------------------------------------------------------------
Транзакция <2156> Старт. Перевод: 1398 руб. fromAcc: 654 toAcc: 786 
    <Начальные остатки> from: 412502      to: 283943
     <Конечные остатки> from: 411104      to: 285341
Транзакция <2156> Финиш. Время операции: 0,000 сек.
---------------------------------------------------------------------------------
Транзакция <2157> Старт. Перевод: 496 руб. fromAcc: 568 toAcc: 478 
    <Начальные остатки> from: 320528      to: 324349
     <Конечные остатки> from: 320032      to: 324845
Транзакция <2157> Финиш. Время операции: 0,000 сек.
---------------------------------------------------------------------------------
Транзакция <2158> Старт. Перевод: 628 руб. fromAcc: 815 toAcc: 503 
    <Начальные остатки> from: 467341      to: 310685
     <Конечные остатки> from: 466713      to: 311313
Транзакция <2158> Финиш. Время операции: 0,000 сек.
---------------------------------------------------------------------------------
Транзакция <2159> Старт. Перевод: 6035 руб. fromAcc: 154 toAcc: 945 
    <Начальные остатки> from: 421661      to: 352141
     <Конечные остатки> from: 415626      to: 358176
Транзакция <2159> Финиш. Время операции: 0,000 сек.
---------------------------------------------------------------------------------
Транзакция <2160> Старт. Перевод: 7204 руб. fromAcc: 352 toAcc: 510 
    <Начальные остатки> from: 327758      to: 303453
[ Операция невозможна из-за блокировки счета !!! ]
from: true to: false
     <Конечные остатки> from: 327758      to: 303453
Транзакция <2160> Финиш. Время операции: 0,000 сек.
---------------------------------------------------------------------------------
Транзакция <2161> Старт. Перевод: 1054 руб. fromAcc: 818 toAcc: 689 
    <Начальные остатки> from: 443570      to: 340217
     <Конечные остатки> from: 442516      to: 341271
Транзакция <2161> Финиш. Время операции: 0,000 сек.
---------------------------------------------------------------------------------
Транзакция <2162> Старт. Перевод: 4448 руб. fromAcc: 687 toAcc: 891 
    <Начальные остатки> from: 424031      to: 504321
     <Конечные остатки> from: 419583      to: 508769
Транзакция <2162> Финиш. Время операции: 0,000 сек.
---------------------------------------------------------------------------------
Транзакция <2163> Старт. Перевод: 1595 руб. fromAcc: 929 toAcc: 386 
    <Начальные остатки> from: 343381      to: 364285
     <Конечные остатки> from: 341786      to: 365880
Транзакция <2163> Финиш. Время операции: 0,000 сек.
---------------------------------------------------------------------------------
Транзакция <2164> Старт. Перевод: 105 руб. fromAcc: 121 toAcc: 111 
    <Начальные остатки> from: 412708      to: 457407
     <Конечные остатки> from: 412603      to: 457512
Транзакция <2164> Финиш. Время операции: 0,000 сек.
---------------------------------------------------------------------------------
Транзакция <2165> Старт. Перевод: 55000 руб. fromAcc: 43 toAcc: 291 
    <Начальные остатки> from: 315226      to: 422738
Транзакция <2166> Старт. Перевод: 5236 руб. fromAcc: 613 toAcc: 132 
    <Начальные остатки> from: 387155      to: 423683
     <Конечные остатки> from: 381919      to: 428919
Транзакция <2166> Финиш. Время операции: 0,000 сек.
---------------------------------------------------------------------------------
Транзакция <2167> Старт. Перевод: 8228 руб. fromAcc: 696 toAcc: 131 
    <Начальные остатки> from: 306472      to: 373693
     <Конечные остатки> from: 298244      to: 381921
Транзакция <2167> Финиш. Время операции: 0,000 сек.
---------------------------------------------------------------------------------
Транзакция <2168> Старт. Перевод: 236 руб. fromAcc: 641 toAcc: 996 
    <Начальные остатки> from: 330732      to: 361238
     <Конечные остатки> from: 330496      to: 361474
Транзакция <2168> Финиш. Время операции: 0,001 сек.
---------------------------------------------------------------------------------
Транзакция <2169> Старт. Перевод: 7038 руб. fromAcc: 194 toAcc: 206 
    <Начальные остатки> from: 435016      to: 492213
     <Конечные остатки> from: 427978      to: 499251
Транзакция <2169> Финиш. Время операции: 0,000 сек.
---------------------------------------------------------------------------------
Транзакция <2170> Старт. Перевод: 6589 руб. fromAcc: 139 toAcc: 177 
    <Начальные остатки> from: 304460      to: 407488
     <Конечные остатки> from: 297871      to: 414077
Транзакция <2170> Финиш. Время операции: 0,000 сек.
---------------------------------------------------------------------------------
Транзакция <2171> Старт. Перевод: 274 руб. fromAcc: 242 toAcc: 386 
    <Начальные остатки> from: 365190      to: 365880
     <Конечные остатки> from: 364916      to: 366154
Транзакция <2171> Финиш. Время операции: 0,000 сек.
---------------------------------------------------------------------------------
Транзакция <2172> Старт. Перевод: 9110 руб. fromAcc: 258 toAcc: 142 
    <Начальные остатки> from: 360071      to: 340982
     <Конечные остатки> from: 350961      to: 350092
Транзакция <2172> Финиш. Время операции: 0,000 сек.
---------------------------------------------------------------------------------
Транзакция <2173> Старт. Перевод: 8816 руб. fromAcc: 438 toAcc: 700 
    <Начальные остатки> from: 546763      to: 442731
     <Конечные остатки> from: 537947      to: 451547
Транзакция <2173> Финиш. Время операции: 0,000 сек.
---------------------------------------------------------------------------------
Транзакция <2174> Старт. Перевод: 9927 руб. fromAcc: 829 toAcc: 536 
    <Начальные остатки> from: 339585      to: 456099
     <Конечные остатки> from: 329658      to: 466026
Транзакция <2174> Финиш. Время операции: 0,000 сек.
---------------------------------------------------------------------------------
Транзакция <2175> Старт. Перевод: 409 руб. fromAcc: 614 toAcc: 176 
    <Начальные остатки> from: 452697      to: 313600
     <Конечные остатки> from: 452288      to: 314009
Транзакция <2175> Финиш. Время операции: 0,000 сек.
---------------------------------------------------------------------------------
Транзакция <2176> Старт. Перевод: 8608 руб. fromAcc: 891 toAcc: 900 
    <Начальные остатки> from: 508769      to: 357401
     <Конечные остатки> from: 500161      to: 366009
Транзакция <2176> Финиш. Время операции: 0,000 сек.
---------------------------------------------------------------------------------
Транзакция <2177> Старт. Перевод: 3779 руб. fromAcc: 596 toAcc: 39 
    <Начальные остатки> from: 476039      to: 441750
     <Конечные остатки> from: 472260      to: 445529
Транзакция <2177> Финиш. Время операции: 0,000 сек.
---------------------------------------------------------------------------------
Транзакция <2178> Старт. Перевод: 9927 руб. fromAcc: 689 toAcc: 341 
    <Начальные остатки> from: 341271      to: 481323
[ Операция невозможна из-за блокировки счета !!! ]
from: true to: false
     <Конечные остатки> from: 341271      to: 481323
Транзакция <2178> Финиш. Время операции: 0,000 сек.
---------------------------------------------------------------------------------
Транзакция <2179> Старт. Перевод: 6261 руб. fromAcc: 366 toAcc: 32 
    <Начальные остатки> from: 436720      to: 427446
     <Конечные остатки> from: 430459      to: 433707
Транзакция <2179> Финиш. Время операции: 0,000 сек.
---------------------------------------------------------------------------------
Транзакция <2180> Старт. Перевод: 4134 руб. fromAcc: 806 toAcc: 845 
    <Начальные остатки> from: 315407      to: 308021
     <Конечные остатки> from: 311273      to: 312155
Транзакция <2180> Финиш. Время операции: 0,000 сек.
---------------------------------------------------------------------------------
Транзакция <2181> Старт. Перевод: 6064 руб. fromAcc: 876 toAcc: 195 
    <Начальные остатки> from: 346939      to: 402313
     <Конечные остатки> from: 340875      to: 408377
Транзакция <2181> Финиш. Время операции: 0,000 сек.
---------------------------------------------------------------------------------
Транзакция <2182> Старт. Перевод: 7124 руб. fromAcc: 307 toAcc: 154 
    <Начальные остатки> from: 530721      to: 415626
     <Конечные остатки> from: 523597      to: 422750
Транзакция <2182> Финиш. Время операции: 0,000 сек.
---------------------------------------------------------------------------------
Транзакция <2183> Старт. Перевод: 55000 руб. fromAcc: 65 toAcc: 630 
    <Начальные остатки> from: 354126      to: 459484
Транзакция <2184> Старт. Перевод: 4394 руб. fromAcc: 272 toAcc: 54 
    <Начальные остатки> from: 325412      to: 406333
     <Конечные остатки> from: 321018      to: 410727
Транзакция <2184> Финиш. Время операции: 0,000 сек.
---------------------------------------------------------------------------------
Транзакция <2185> Старт. Перевод: 4223 руб. fromAcc: 29 toAcc: 815 
    <Начальные остатки> from: 474134      to: 466713
     <Конечные остатки> from: 469911      to: 470936
Транзакция <2185> Финиш. Время операции: 0,000 сек.
---------------------------------------------------------------------------------
Транзакция <2186> Старт. Перевод: 7386 руб. fromAcc: 240 toAcc: 574 
    <Начальные остатки> from: 356802      to: 455463
     <Конечные остатки> from: 349416      to: 462849
Транзакция <2186> Финиш. Время операции: 0,000 сек.
---------------------------------------------------------------------------------
Транзакция <2187> Старт. Перевод: 5383 руб. fromAcc: 301 toAcc: 894 
    <Начальные остатки> from: 482237      to: 354546
     <Конечные остатки> from: 476854      to: 359929
Транзакция <2187> Финиш. Время операции: 0,000 сек.
---------------------------------------------------------------------------------
Транзакция <2188> Старт. Перевод: 3109 руб. fromAcc: 537 toAcc: 130 
    <Начальные остатки> from: 353607      to: 317098
     <Конечные остатки> from: 350498      to: 320207
Транзакция <2188> Финиш. Время операции: 0,000 сек.
---------------------------------------------------------------------------------
Транзакция <2189> Старт. Перевод: 8517 руб. fromAcc: 123 toAcc: 133 
    <Начальные остатки> from: 404307      to: 298806
     <Конечные остатки> from: 395790      to: 307323
Транзакция <2189> Финиш. Время операции: 0,000 сек.
---------------------------------------------------------------------------------
Транзакция <2190> Старт. Перевод: 2780 руб. fromAcc: 847 toAcc: 894 
    <Начальные остатки> from: 445879      to: 359929
     <Конечные остатки> from: 443099      to: 362709
Транзакция <2190> Финиш. Время операции: 0,000 сек.
---------------------------------------------------------------------------------
Транзакция <2191> Старт. Перевод: 460 руб. fromAcc: 144 toAcc: 375 
    <Начальные остатки> from: 459833      to: 353923
     <Конечные остатки> from: 459373      to: 354383
Транзакция <2191> Финиш. Время операции: 0,000 сек.
---------------------------------------------------------------------------------
Транзакция <2192> Старт. Перевод: 5077 руб. fromAcc: 505 toAcc: 357 
    <Начальные остатки> from: 491297      to: 476935
     <Конечные остатки> from: 486220      to: 482012
Транзакция <2192> Финиш. Время операции: 0,000 сек.
---------------------------------------------------------------------------------
Транзакция <2193> Старт. Перевод: 7955 руб. fromAcc: 842 toAcc: 950 
    <Начальные остатки> from: 411313      to: 366188
     <Конечные остатки> from: 403358      to: 374143
Транзакция <2193> Финиш. Время операции: 0,000 сек.
---------------------------------------------------------------------------------
Транзакция <2194> Старт. Перевод: 7250 руб. fromAcc: 884 toAcc: 378 
    <Начальные остатки> from: 412285      to: 304465
     <Конечные остатки> from: 405035      to: 311715
Транзакция <2194> Финиш. Время операции: 0,000 сек.
---------------------------------------------------------------------------------
Транзакция <2195> Старт. Перевод: 9661 руб. fromAcc: 989 toAcc: 707 
    <Начальные остатки> from: 457388      to: 445929
     <Конечные остатки> from: 447727      to: 455590
Транзакция <2195> Финиш. Время операции: 0,000 сек.
---------------------------------------------------------------------------------
Транзакция <2196> Старт. Перевод: 9484 руб. fromAcc: 45 toAcc: 516 
    <Начальные остатки> from: 351175      to: 389482
[ Операция невозможна из-за блокировки счета !!! ]
from: false to: true
     <Конечные остатки> from: 351175      to: 389482
Транзакция <2196> Финиш. Время операции: 0,000 сек.
---------------------------------------------------------------------------------
Транзакция <2197> Старт. Перевод: 55000 руб. fromAcc: 261 toAcc: 864 
    <Начальные остатки> from: 475479      to: 366876
Транзакция <2198> Старт. Перевод: 570 руб. fromAcc: 829 toAcc: 752 
    <Начальные остатки> from: 329658      to: 478953
     <Конечные остатки> from: 329088      to: 479523
Транзакция <2198> Финиш. Время операции: 0,000 сек.
---------------------------------------------------------------------------------
Транзакция <2199> Старт. Перевод: 2984 руб. fromAcc: 449 toAcc: 752 
    <Начальные остатки> from: 345117      to: 479523
     <Конечные остатки> from: 342133      to: 482507
Транзакция <2199> Финиш. Время операции: 0,000 сек.
---------------------------------------------------------------------------------
Транзакция <2200> Старт. Перевод: 753 руб. fromAcc: 178 toAcc: 226 
    <Начальные остатки> from: 356228      to: 364690
     <Конечные остатки> from: 355475      to: 365443
Транзакция <2200> Финиш. Время операции: 0,000 сек.
---------------------------------------------------------------------------------
Транзакция <2201> Старт. Перевод: 2378 руб. fromAcc: 745 toAcc: 370 
    <Начальные остатки> from: 342481      to: 431710
[ Операция невозможна из-за блокировки счета !!! ]
from: true to: false
     <Конечные остатки> from: 342481      to: 431710
Транзакция <2201> Финиш. Время операции: 0,000 сек.
---------------------------------------------------------------------------------
Транзакция <2202> Старт. Перевод: 1004 руб. fromAcc: 282 toAcc: 247 
    <Начальные остатки> from: 475638      to: 389603
     <Конечные остатки> from: 474634      to: 390607
Транзакция <2202> Финиш. Время операции: 0,000 сек.
---------------------------------------------------------------------------------
Транзакция <2203> Старт. Перевод: 9529 руб. fromAcc: 199 toAcc: 354 
    <Начальные остатки> from: 467300      to: 496266
     <Конечные остатки> from: 457771      to: 505795
Транзакция <2203> Финиш. Время операции: 0,000 сек.
---------------------------------------------------------------------------------
Транзакция <2204> Старт. Перевод: 2686 руб. fromAcc: 211 toAcc: 455 
    <Начальные остатки> from: 460201      to: 294016
     <Конечные остатки> from: 457515      to: 296702
Транзакция <2204> Финиш. Время операции: 0,000 сек.
---------------------------------------------------------------------------------
Транзакция <2205> Старт. Перевод: 4491 руб. fromAcc: 362 toAcc: 402 
    <Начальные остатки> from: 380316      to: 427693
     <Конечные остатки> from: 375825      to: 432184
Транзакция <2205> Финиш. Время операции: 0,000 сек.
---------------------------------------------------------------------------------
Транзакция <2206> Старт. Перевод: 919 руб. fromAcc: 955 toAcc: 992 
    <Начальные остатки> from: 489801      to: 480843
     <Конечные остатки> from: 488882      to: 481762
Транзакция <2206> Финиш. Время операции: 0,000 сек.
---------------------------------------------------------------------------------
Транзакция <2207> Старт. Перевод: 3163 руб. fromAcc: 132 toAcc: 150 
    <Начальные остатки> from: 428919      to: 327761
     <Конечные остатки> from: 425756      to: 330924
Транзакция <2207> Финиш. Время операции: 0,000 сек.
---------------------------------------------------------------------------------
Транзакция <2208> Старт. Перевод: 6447 руб. fromAcc: 241 toAcc: 815 
    <Начальные остатки> from: 433849      to: 470936
     <Конечные остатки> from: 427402      to: 477383
Транзакция <2208> Финиш. Время операции: 0,000 сек.
---------------------------------------------------------------------------------
Транзакция <2209> Старт. Перевод: 2962 руб. fromAcc: 237 toAcc: 987 
    <Начальные остатки> from: 406065      to: 384137
     <Конечные остатки> from: 403103      to: 387099
Транзакция <2209> Финиш. Время операции: 0,000 сек.
---------------------------------------------------------------------------------
Транзакция <2210> Старт. Перевод: 55000 руб. fromAcc: 112 toAcc: 317 
    <Начальные остатки> from: 349452      to: 385021
Транзакция <2211> Старт. Перевод: 3264 руб. fromAcc: 515 toAcc: 742 
    <Начальные остатки> from: 320340      to: 452744
     <Конечные остатки> from: 317076      to: 456008
Транзакция <2211> Финиш. Время операции: 0,000 сек.
---------------------------------------------------------------------------------
Транзакция <2212> Старт. Перевод: 4162 руб. fromAcc: 795 toAcc: 604 
    <Начальные остатки> from: 344767      to: 371086
     <Конечные остатки> from: 340605      to: 375248
Транзакция <2212> Финиш. Время операции: 0,000 сек.
---------------------------------------------------------------------------------
Транзакция <2213> Старт. Перевод: 790 руб. fromAcc: 252 toAcc: 540 
    <Начальные остатки> from: 486809      to: 483536
     <Конечные остатки> from: 486019      to: 484326
Транзакция <2213> Финиш. Время операции: 0,000 сек.
---------------------------------------------------------------------------------
Транзакция <2214> Старт. Перевод: 1384 руб. fromAcc: 701 toAcc: 99 
    <Начальные остатки> from: 403823      to: 370749
     <Конечные остатки> from: 402439      to: 372133
Транзакция <2214> Финиш. Время операции: 0,000 сек.
---------------------------------------------------------------------------------
Транзакция <2215> Старт. Перевод: 1502 руб. fromAcc: 93 toAcc: 31 
    <Начальные остатки> from: 422009      to: 338590
     <Конечные остатки> from: 420507      to: 340092
Транзакция <2215> Финиш. Время операции: 0,000 сек.
---------------------------------------------------------------------------------
Транзакция <2216> Старт. Перевод: 622 руб. fromAcc: 913 toAcc: 192 
    <Начальные остатки> from: 303520      to: 420147
     <Конечные остатки> from: 302898      to: 420769
Транзакция <2216> Финиш. Время операции: 0,000 сек.
---------------------------------------------------------------------------------
Транзакция <2217> Старт. Перевод: 4353 руб. fromAcc: 342 toAcc: 442 
    <Начальные остатки> from: 433281      to: 448002
     <Конечные остатки> from: 428928      to: 452355
Транзакция <2217> Финиш. Время операции: 0,000 сек.
---------------------------------------------------------------------------------
Транзакция <2218> Старт. Перевод: 55000 руб. fromAcc: 570 toAcc: 147 
    <Начальные остатки> from: 422203      to: 476695
Транзакция <2219> Старт. Перевод: 1418 руб. fromAcc: 489 toAcc: 669 
    <Начальные остатки> from: 297012      to: 335838
     <Конечные остатки> from: 295594      to: 337256
Транзакция <2219> Финиш. Время операции: 0,000 сек.
---------------------------------------------------------------------------------
Транзакция <2220> Старт. Перевод: 6284 руб. fromAcc: 163 toAcc: 896 
    <Начальные остатки> from: 296730      to: 348230
     <Конечные остатки> from: 290446      to: 354514
Транзакция <2220> Финиш. Время операции: 0,000 сек.
---------------------------------------------------------------------------------
Транзакция <2221> Старт. Перевод: 309 руб. fromAcc: 188 toAcc: 77 
    <Начальные остатки> from: 448464      to: 398389
     <Конечные остатки> from: 448155      to: 398698
Транзакция <2221> Финиш. Время операции: 0,000 сек.
---------------------------------------------------------------------------------
Транзакция <2222> Старт. Перевод: 9821 руб. fromAcc: 675 toAcc: 11 
    <Начальные остатки> from: 298435      to: 383405
     <Конечные остатки> from: 288614      to: 393226
Транзакция <2222> Финиш. Время операции: 0,000 сек.
---------------------------------------------------------------------------------
Транзакция <2223> Старт. Перевод: 6382 руб. fromAcc: 720 toAcc: 447 
    <Начальные остатки> from: 390197      to: 320226
     <Конечные остатки> from: 383815      to: 326608
Транзакция <2223> Финиш. Время операции: 0,000 сек.
---------------------------------------------------------------------------------
Транзакция <2224> Старт. Перевод: 4129 руб. fromAcc: 185 toAcc: 250 
    <Начальные остатки> from: 392959      to: 342928
     <Конечные остатки> from: 388830      to: 347057
Транзакция <2224> Финиш. Время операции: 0,000 сек.
---------------------------------------------------------------------------------
Транзакция <2225> Старт. Перевод: 3027 руб. fromAcc: 422 toAcc: 836 
    <Начальные остатки> from: 404236      to: 403556
     <Конечные остатки> from: 401209      to: 406583
Транзакция <2225> Финиш. Время операции: 0,000 сек.
---------------------------------------------------------------------------------
Транзакция <2226> Старт. Перевод: 5124 руб. fromAcc: 479 toAcc: 799 
    <Начальные остатки> from: 434962      to: 489961
     <Конечные остатки> from: 429838      to: 495085
Транзакция <2226> Финиш. Время операции: 0,000 сек.
---------------------------------------------------------------------------------
Транзакция <2227> Старт. Перевод: 4399 руб. fromAcc: 285 toAcc: 956 
    <Начальные остатки> from: 452632      to: 411602
     <Конечные остатки> from: 448233      to: 416001
Транзакция <2227> Финиш. Время операции: 0,000 сек.
---------------------------------------------------------------------------------
Транзакция <2228> Старт. Перевод: 3317 руб. fromAcc: 435 toAcc: 683 
    <Начальные остатки> from: 485301      to: 397240
     <Конечные остатки> from: 481984      to: 400557
Транзакция <2228> Финиш. Время операции: 0,001 сек.
---------------------------------------------------------------------------------
Транзакция <2229> Старт. Перевод: 847 руб. fromAcc: 433 toAcc: 509 
    <Начальные остатки> from: 386647      to: 402873
     <Конечные остатки> from: 385800      to: 403720
Транзакция <2229> Финиш. Время операции: 0,000 сек.
---------------------------------------------------------------------------------
Транзакция <2230> Старт. Перевод: 55000 руб. fromAcc: 684 toAcc: 430 
    <Начальные остатки> from: 304187      to: 325027
Транзакция <2231> Старт. Перевод: 7726 руб. fromAcc: 724 toAcc: 101 
    <Начальные остатки> from: 302896      to: 411269
     <Конечные остатки> from: 295170      to: 418995
Транзакция <2231> Финиш. Время операции: 0,000 сек.
---------------------------------------------------------------------------------
     <Конечные остатки> from: 292362      to: 455400
Транзакция <317> Финиш. Время операции: 12,815 сек.
---------------------------------------------------------------------------------
Транзакция <2232> Старт. Перевод: 4239 руб. fromAcc: 133 toAcc: 926 
    <Начальные остатки> from: 307323      to: 425112
     <Конечные остатки> from: 303084      to: 429351
Транзакция <2232> Финиш. Время операции: 0,000 сек.
---------------------------------------------------------------------------------
Транзакция <2233> Старт. Перевод: 1496 руб. fromAcc: 280 toAcc: 235 
    <Начальные остатки> from: 450703      to: 387369
     <Конечные остатки> from: 449207      to: 388865
Транзакция <2233> Финиш. Время операции: 0,000 сек.
---------------------------------------------------------------------------------
Транзакция <2234> Старт. Перевод: 3407 руб. fromAcc: 325 toAcc: 672 
    <Начальные остатки> from: 379339      to: 346011
     <Конечные остатки> from: 375932      to: 349418
Транзакция <2234> Финиш. Время операции: 0,000 сек.
---------------------------------------------------------------------------------
Транзакция <2235> Старт. Перевод: 4763 руб. fromAcc: 325 toAcc: 122 
    <Начальные остатки> from: 375932      to: 322979
     <Конечные остатки> from: 371169      to: 327742
Транзакция <2235> Финиш. Время операции: 0,000 сек.
---------------------------------------------------------------------------------
Транзакция <2236> Старт. Перевод: 8320 руб. fromAcc: 74 toAcc: 423 
    <Начальные остатки> from: 384494      to: 369088
     <Конечные остатки> from: 376174      to: 377408
Транзакция <2236> Финиш. Время операции: 0,000 сек.
---------------------------------------------------------------------------------
Транзакция <2237> Старт. Перевод: 2850 руб. fromAcc: 42 toAcc: 694 
    <Начальные остатки> from: 364915      to: 369013
[ Операция невозможна из-за блокировки счета !!! ]
from: false to: true
     <Конечные остатки> from: 364915      to: 369013
Транзакция <2237> Финиш. Время операции: 0,000 сек.
---------------------------------------------------------------------------------
Транзакция <2238> Старт. Перевод: 5604 руб. fromAcc: 806 toAcc: 569 
    <Начальные остатки> from: 311273      to: 329947
     <Конечные остатки> from: 305669      to: 335551
Транзакция <2238> Финиш. Время операции: 0,000 сек.
---------------------------------------------------------------------------------
Транзакция <2239> Старт. Перевод: 432 руб. fromAcc: 673 toAcc: 399 
    <Начальные остатки> from: 433543      to: 423262
[ Операция невозможна из-за блокировки счета !!! ]
from: true to: false
     <Конечные остатки> from: 433543      to: 423262
Транзакция <2239> Финиш. Время операции: 0,000 сек.
---------------------------------------------------------------------------------
Транзакция <2240> Старт. Перевод: 7157 руб. fromAcc: 422 toAcc: 519 
    <Начальные остатки> from: 401209      to: 315108
     <Конечные остатки> from: 394052      to: 322265
Транзакция <2240> Финиш. Время операции: 0,001 сек.
---------------------------------------------------------------------------------
Транзакция <2241> Старт. Перевод: 8685 руб. fromAcc: 236 toAcc: 776 
    <Начальные остатки> from: 364104      to: 497562
     <Конечные остатки> from: 355419      to: 506247
Транзакция <2241> Финиш. Время операции: 0,000 сек.
---------------------------------------------------------------------------------
Транзакция <2242> Старт. Перевод: 9824 руб. fromAcc: 907 toAcc: 824 
    <Начальные остатки> from: 449744      to: 440066
     <Конечные остатки> from: 439920      to: 449890
Транзакция <2242> Финиш. Время операции: 0,000 сек.
---------------------------------------------------------------------------------
Транзакция <2243> Старт. Перевод: 5814 руб. fromAcc: 353 toAcc: 143 
    <Начальные остатки> from: 393415      to: 399638
     <Конечные остатки> from: 387601      to: 405452
Транзакция <2243> Финиш. Время операции: 0,000 сек.
---------------------------------------------------------------------------------
Транзакция <2244> Старт. Перевод: 9156 руб. fromAcc: 342 toAcc: 335 
    <Начальные остатки> from: 428928      to: 336743
     <Конечные остатки> from: 419772      to: 345899
Транзакция <2244> Финиш. Время операции: 0,000 сек.
---------------------------------------------------------------------------------
Транзакция <2245> Старт. Перевод: 506 руб. fromAcc: 53 toAcc: 32 
    <Начальные остатки> from: 529414      to: 433707
     <Конечные остатки> from: 528908      to: 434213
Транзакция <2245> Финиш. Время операции: 0,000 сек.
---------------------------------------------------------------------------------
Транзакция <2246> Старт. Перевод: 3087 руб. fromAcc: 782 toAcc: 642 
    <Начальные остатки> from: 417331      to: 381594
     <Конечные остатки> from: 414244      to: 384681
Транзакция <2246> Финиш. Время операции: 0,000 сек.
---------------------------------------------------------------------------------
Транзакция <2247> Старт. Перевод: 402 руб. fromAcc: 664 toAcc: 266 
    <Начальные остатки> from: 348482      to: 473919
     <Конечные остатки> from: 348080      to: 474321
Транзакция <2247> Финиш. Время операции: 0,000 сек.
---------------------------------------------------------------------------------
Транзакция <2248> Старт. Перевод: 3834 руб. fromAcc: 749 toAcc: 325 
    <Начальные остатки> from: 340081      to: 371169
     <Конечные остатки> from: 336247      to: 375003
Транзакция <2248> Финиш. Время операции: 0,000 сек.
---------------------------------------------------------------------------------
Транзакция <2249> Старт. Перевод: 142 руб. fromAcc: 159 toAcc: 830 
    <Начальные остатки> from: 397268      to: 316298
     <Конечные остатки> from: 397126      to: 316440
Транзакция <2249> Финиш. Время операции: 0,000 сек.
---------------------------------------------------------------------------------
Транзакция <2250> Старт. Перевод: 55000 руб. fromAcc: 334 toAcc: 789 
    <Начальные остатки> from: 416543      to: 372104
Транзакция <2251> Старт. Перевод: 3561 руб. fromAcc: 876 toAcc: 568 
    <Начальные остатки> from: 340875      to: 320032
     <Конечные остатки> from: 337314      to: 323593
Транзакция <2251> Финиш. Время операции: 0,000 сек.
---------------------------------------------------------------------------------
Транзакция <2252> Старт. Перевод: 3341 руб. fromAcc: 596 toAcc: 136 
    <Начальные остатки> from: 472260      to: 346257
     <Конечные остатки> from: 468919      to: 349598
Транзакция <2252> Финиш. Время операции: 0,000 сек.
---------------------------------------------------------------------------------
Транзакция <2253> Старт. Перевод: 4714 руб. fromAcc: 408 toAcc: 316 
    <Начальные остатки> from: 412135      to: 409623
     <Конечные остатки> from: 407421      to: 414337
Транзакция <2253> Финиш. Время операции: 0,000 сек.
---------------------------------------------------------------------------------
Транзакция <2254> Старт. Перевод: 5452 руб. fromAcc: 698 toAcc: 527 
    <Начальные остатки> from: 347071      to: 430817
     <Конечные остатки> from: 341619      to: 436269
Транзакция <2254> Финиш. Время операции: 0,000 сек.
---------------------------------------------------------------------------------
Транзакция <2255> Старт. Перевод: 4499 руб. fromAcc: 579 toAcc: 606 
    <Начальные остатки> from: 452612      to: 496273
     <Конечные остатки> from: 448113      to: 500772
Транзакция <2255> Финиш. Время операции: 0,000 сек.
---------------------------------------------------------------------------------
Транзакция <2256> Старт. Перевод: 2270 руб. fromAcc: 384 toAcc: 993 
    <Начальные остатки> from: 357890      to: 420537
     <Конечные остатки> from: 355620      to: 422807
Транзакция <2256> Финиш. Время операции: 0,000 сек.
---------------------------------------------------------------------------------
Транзакция <2257> Старт. Перевод: 5270 руб. fromAcc: 813 toAcc: 205 
    <Начальные остатки> from: 356473      to: 447180
     <Конечные остатки> from: 351203      to: 452450
Транзакция <2257> Финиш. Время операции: 0,000 сек.
---------------------------------------------------------------------------------
Транзакция <2258> Старт. Перевод: 5980 руб. fromAcc: 116 toAcc: 524 
    <Начальные остатки> from: 402707      to: 360262
     <Конечные остатки> from: 396727      to: 366242
Транзакция <2258> Финиш. Время операции: 0,000 сек.
---------------------------------------------------------------------------------
Транзакция <2259> Старт. Перевод: 1647 руб. fromAcc: 878 toAcc: 256 
    <Начальные остатки> from: 401190      to: 364448
     <Конечные остатки> from: 399543      to: 366095
Транзакция <2259> Финиш. Время операции: 0,000 сек.
---------------------------------------------------------------------------------
Транзакция <2260> Старт. Перевод: 2389 руб. fromAcc: 940 toAcc: 300 
    <Начальные остатки> from: 353563      to: 353949
     <Конечные остатки> from: 351174      to: 356338
Транзакция <2260> Финиш. Время операции: 0,000 сек.
---------------------------------------------------------------------------------
Транзакция <2261> Старт. Перевод: 9849 руб. fromAcc: 492 toAcc: 961 
    <Начальные остатки> from: 358842      to: 453560
     <Конечные остатки> from: 348993      to: 463409
Транзакция <2261> Финиш. Время операции: 0,000 сек.
---------------------------------------------------------------------------------
Транзакция <2262> Старт. Перевод: 2541 руб. fromAcc: 638 toAcc: 165 
    <Начальные остатки> from: 493424      to: 457927
     <Конечные остатки> from: 490883      to: 460468
Транзакция <2262> Финиш. Время операции: 0,000 сек.
---------------------------------------------------------------------------------
Транзакция <2263> Старт. Перевод: 2962 руб. fromAcc: 570 toAcc: 266 
    <Начальные остатки> from: 367203      to: 474321
     <Конечные остатки> from: 364241      to: 477283
Транзакция <2263> Финиш. Время операции: 0,000 сек.
---------------------------------------------------------------------------------
Транзакция <2264> Старт. Перевод: 4584 руб. fromAcc: 33 toAcc: 610 
    <Начальные остатки> from: 423754      to: 462425
     <Конечные остатки> from: 419170      to: 467009
Транзакция <2264> Финиш. Время операции: 0,000 сек.
---------------------------------------------------------------------------------
Транзакция <2265> Старт. Перевод: 3907 руб. fromAcc: 952 toAcc: 909 
    <Начальные остатки> from: 388877      to: 344980
     <Конечные остатки> from: 384970      to: 348887
Транзакция <2265> Финиш. Время операции: 0,000 сек.
---------------------------------------------------------------------------------
Транзакция <2266> Старт. Перевод: 55000 руб. fromAcc: 910 toAcc: 276 
    <Начальные остатки> from: 368385      to: 300202
Транзакция <2267> Старт. Перевод: 8649 руб. fromAcc: 380 toAcc: 695 
    <Начальные остатки> from: 397765      to: 351721
     <Конечные остатки> from: 389116      to: 360370
Транзакция <2267> Финиш. Время операции: 0,000 сек.
---------------------------------------------------------------------------------
Транзакция <2268> Старт. Перевод: 5492 руб. fromAcc: 27 toAcc: 256 
    <Начальные остатки> from: 378451      to: 366095
     <Конечные остатки> from: 372959      to: 371587
Транзакция <2268> Финиш. Время операции: 0,000 сек.
---------------------------------------------------------------------------------
Транзакция <2269> Старт. Перевод: 55000 руб. fromAcc: 192 toAcc: 249 
    <Начальные остатки> from: 420769      to: 404378
Транзакция <2270> Старт. Перевод: 3138 руб. fromAcc: 320 toAcc: 831 
    <Начальные остатки> from: 483187      to: 412796
     <Конечные остатки> from: 480049      to: 415934
Транзакция <2270> Финиш. Время операции: 0,000 сек.
---------------------------------------------------------------------------------
Транзакция <2271> Старт. Перевод: 3259 руб. fromAcc: 771 toAcc: 717 
    <Начальные остатки> from: 450550      to: 379667
     <Конечные остатки> from: 447291      to: 382926
Транзакция <2271> Финиш. Время операции: 0,000 сек.
---------------------------------------------------------------------------------
Транзакция <2272> Старт. Перевод: 8423 руб. fromAcc: 425 toAcc: 403 
    <Начальные остатки> from: 316483      to: 437997
     <Конечные остатки> from: 308060      to: 446420
Транзакция <2272> Финиш. Время операции: 0,000 сек.
---------------------------------------------------------------------------------
Транзакция <2273> Старт. Перевод: 5477 руб. fromAcc: 987 toAcc: 272 
    <Начальные остатки> from: 387099      to: 321018
     <Конечные остатки> from: 381622      to: 326495
Транзакция <2273> Финиш. Время операции: 0,000 сек.
---------------------------------------------------------------------------------
Транзакция <2274> Старт. Перевод: 8006 руб. fromAcc: 212 toAcc: 484 
    <Начальные остатки> from: 399108      to: 383744
     <Конечные остатки> from: 391102      to: 391750
Транзакция <2274> Финиш. Время операции: 0,000 сек.
---------------------------------------------------------------------------------
Транзакция <2275> Старт. Перевод: 4959 руб. fromAcc: 882 toAcc: 978 
    <Начальные остатки> from: 378620      to: 473979
     <Конечные остатки> from: 373661      to: 478938
Транзакция <2275> Финиш. Время операции: 0,000 сек.
---------------------------------------------------------------------------------
Транзакция <2276> Старт. Перевод: 5634 руб. fromAcc: 715 toAcc: 485 
    <Начальные остатки> from: 340208      to: 292362
     <Конечные остатки> from: 334574      to: 297996
Транзакция <2276> Финиш. Время операции: 0,000 сек.
---------------------------------------------------------------------------------
Транзакция <2277> Старт. Перевод: 3985 руб. fromAcc: 698 toAcc: 670 
    <Начальные остатки> from: 341619      to: 441801
     <Конечные остатки> from: 337634      to: 445786
Транзакция <2277> Финиш. Время операции: 0,000 сек.
---------------------------------------------------------------------------------
Транзакция <2278> Старт. Перевод: 1846 руб. fromAcc: 49 toAcc: 92 
    <Начальные остатки> from: 440334      to: 389596
     <Конечные остатки> from: 438488      to: 391442
Транзакция <2278> Финиш. Время операции: 0,000 сек.
---------------------------------------------------------------------------------
Транзакция <2279> Старт. Перевод: 6318 руб. fromAcc: 979 toAcc: 689 
    <Начальные остатки> from: 311592      to: 341271
     <Конечные остатки> from: 305274      to: 347589
Транзакция <2279> Финиш. Время операции: 0,000 сек.
---------------------------------------------------------------------------------
Транзакция <2280> Старт. Перевод: 1320 руб. fromAcc: 456 toAcc: 870 
    <Начальные остатки> from: 416061      to: 502772
     <Конечные остатки> from: 414741      to: 504092
Транзакция <2280> Финиш. Время операции: 0,000 сек.
---------------------------------------------------------------------------------
Транзакция <2281> Старт. Перевод: 7104 руб. fromAcc: 444 toAcc: 95 
    <Начальные остатки> from: 414592      to: 423059
     <Конечные остатки> from: 407488      to: 430163
Транзакция <2281> Финиш. Время операции: 0,000 сек.
---------------------------------------------------------------------------------
Транзакция <2282> Старт. Перевод: 4370 руб. fromAcc: 448 toAcc: 51 
    <Начальные остатки> from: 373302      to: 422624
     <Конечные остатки> from: 368932      to: 426994
Транзакция <2282> Финиш. Время операции: 0,000 сек.
---------------------------------------------------------------------------------
Транзакция <2283> Старт. Перевод: 1571 руб. fromAcc: 754 toAcc: 127 
    <Начальные остатки> from: 362722      to: 374222
     <Конечные остатки> from: 361151      to: 375793
Транзакция <2283> Финиш. Время операции: 0,000 сек.
---------------------------------------------------------------------------------
Транзакция <2284> Старт. Перевод: 4983 руб. fromAcc: 454 toAcc: 920 
    <Начальные остатки> from: 329239      to: 378818
     <Конечные остатки> from: 324256      to: 383801
Транзакция <2284> Финиш. Время операции: 0,001 сек.
---------------------------------------------------------------------------------
Транзакция <2285> Старт. Перевод: 1125 руб. fromAcc: 192 toAcc: 936 
    <Начальные остатки> from: 365769      to: 312063
     <Конечные остатки> from: 364644      to: 313188
Транзакция <2285> Финиш. Время операции: 0,000 сек.
---------------------------------------------------------------------------------
Транзакция <2286> Старт. Перевод: 55000 руб. fromAcc: 598 toAcc: 473 
    <Начальные остатки> from: 434014      to: 323678
Транзакция <2287> Старт. Перевод: 2015 руб. fromAcc: 18 toAcc: 520 
    <Начальные остатки> from: 325380      to: 492253
     <Конечные остатки> from: 323365      to: 494268
Транзакция <2287> Финиш. Время операции: 0,000 сек.
---------------------------------------------------------------------------------
Транзакция <2288> Старт. Перевод: 1182 руб. fromAcc: 791 toAcc: 520 
    <Начальные остатки> from: 408919      to: 494268
     <Конечные остатки> from: 407737      to: 495450
Транзакция <2288> Финиш. Время операции: 0,001 сек.
---------------------------------------------------------------------------------
Транзакция <2289> Старт. Перевод: 1532 руб. fromAcc: 867 toAcc: 545 
    <Начальные остатки> from: 455061      to: 291890
     <Конечные остатки> from: 453529      to: 293422
Транзакция <2289> Финиш. Время операции: 0,001 сек.
---------------------------------------------------------------------------------
Транзакция <2290> Старт. Перевод: 6172 руб. fromAcc: 202 toAcc: 370 
    <Начальные остатки> from: 416515      to: 431710
[ Операция невозможна из-за блокировки счета !!! ]
from: true to: false
     <Конечные остатки> from: 416515      to: 431710
Транзакция <2290> Финиш. Время операции: 0,000 сек.
---------------------------------------------------------------------------------
Транзакция <2291> Старт. Перевод: 7228 руб. fromAcc: 717 toAcc: 145 
    <Начальные остатки> from: 382926      to: 373038
     <Конечные остатки> from: 375698      to: 380266
Транзакция <2291> Финиш. Время операции: 0,000 сек.
---------------------------------------------------------------------------------
Транзакция <2292> Старт. Перевод: 7396 руб. fromAcc: 608 toAcc: 383 
    <Начальные остатки> from: 420252      to: 479702
     <Конечные остатки> from: 412856      to: 487098
Транзакция <2292> Финиш. Время операции: 0,000 сек.
---------------------------------------------------------------------------------
Транзакция <2293> Старт. Перевод: 7902 руб. fromAcc: 887 toAcc: 796 
    <Начальные остатки> from: 478954      to: 420179
     <Конечные остатки> from: 471052      to: 428081
Транзакция <2293> Финиш. Время операции: 0,001 сек.
---------------------------------------------------------------------------------
Транзакция <2294> Старт. Перевод: 9749 руб. fromAcc: 772 toAcc: 665 
    <Начальные остатки> from: 447976      to: 400344
     <Конечные остатки> from: 438227      to: 410093
Транзакция <2294> Финиш. Время операции: 0,000 сек.
---------------------------------------------------------------------------------
Транзакция <2295> Старт. Перевод: 3786 руб. fromAcc: 723 toAcc: 848 
    <Начальные остатки> from: 272148      to: 505348
     <Конечные остатки> from: 268362      to: 509134
Транзакция <2295> Финиш. Время операции: 0,001 сек.
---------------------------------------------------------------------------------
Транзакция <2296> Старт. Перевод: 55000 руб. fromAcc: 964 toAcc: 97 
    <Начальные остатки> from: 417750      to: 320764
Транзакция <2297> Старт. Перевод: 2559 руб. fromAcc: 39 toAcc: 332 
    <Начальные остатки> from: 445529      to: 453096
     <Конечные остатки> from: 442970      to: 455655
Транзакция <2297> Финиш. Время операции: 0,000 сек.
---------------------------------------------------------------------------------
Транзакция <2298> Старт. Перевод: 3675 руб. fromAcc: 198 toAcc: 150 
    <Начальные остатки> from: 381944      to: 330924
     <Конечные остатки> from: 378269      to: 334599
Транзакция <2298> Финиш. Время операции: 0,000 сек.
---------------------------------------------------------------------------------
Транзакция <2299> Старт. Перевод: 560 руб. fromAcc: 813 toAcc: 628 
    <Начальные остатки> from: 351203      to: 399884
     <Конечные остатки> from: 350643      to: 400444
Транзакция <2299> Финиш. Время операции: 0,000 сек.
---------------------------------------------------------------------------------
Транзакция <2300> Старт. Перевод: 5817 руб. fromAcc: 111 toAcc: 966 
    <Начальные остатки> from: 457512      to: 336233
     <Конечные остатки> from: 451695      to: 342050
Транзакция <2300> Финиш. Время операции: 0,000 сек.
---------------------------------------------------------------------------------
Транзакция <2301> Старт. Перевод: 8960 руб. fromAcc: 822 toAcc: 950 
    <Начальные остатки> from: 412050      to: 374143
     <Конечные остатки> from: 403090      to: 383103
Транзакция <2301> Финиш. Время операции: 0,000 сек.
---------------------------------------------------------------------------------
Транзакция <2302> Старт. Перевод: 5869 руб. fromAcc: 707 toAcc: 337 
    <Начальные остатки> from: 455590      to: 339237
     <Конечные остатки> from: 449721      to: 345106
Транзакция <2302> Финиш. Время операции: 0,001 сек.
---------------------------------------------------------------------------------
Транзакция <2303> Старт. Перевод: 9618 руб. fromAcc: 402 toAcc: 714 
    <Начальные остатки> from: 432184      to: 393184
     <Конечные остатки> from: 422566      to: 402802
Транзакция <2303> Финиш. Время операции: 0,000 сек.
---------------------------------------------------------------------------------
Транзакция <2304> Старт. Перевод: 7221 руб. fromAcc: 762 toAcc: 861 
    <Начальные остатки> from: 475513      to: 343313
     <Конечные остатки> from: 468292      to: 350534
Транзакция <2304> Финиш. Время операции: 0,001 сек.
---------------------------------------------------------------------------------
Транзакция <2305> Старт. Перевод: 2344 руб. fromAcc: 607 toAcc: 860 
    <Начальные остатки> from: 395585      to: 460189
     <Конечные остатки> from: 393241      to: 462533
Транзакция <2305> Финиш. Время операции: 0,001 сек.
---------------------------------------------------------------------------------
Транзакция <2306> Старт. Перевод: 3641 руб. fromAcc: 271 toAcc: 312 
    <Начальные остатки> from: 536791      to: 374771
     <Конечные остатки> from: 533150      to: 378412
Транзакция <2306> Финиш. Время операции: 0,001 сек.
---------------------------------------------------------------------------------
Транзакция <2307> Старт. Перевод: 1963 руб. fromAcc: 395 toAcc: 76 
    <Начальные остатки> from: 421239      to: 441888
     <Конечные остатки> from: 419276      to: 443851
Транзакция <2307> Финиш. Время операции: 0,001 сек.
---------------------------------------------------------------------------------
Транзакция <2308> Старт. Перевод: 7464 руб. fromAcc: 188 toAcc: 885 
    <Начальные остатки> from: 448155      to: 541930
     <Конечные остатки> from: 440691      to: 549394
Транзакция <2308> Финиш. Время операции: 0,000 сек.
---------------------------------------------------------------------------------
Транзакция <2309> Старт. Перевод: 9315 руб. fromAcc: 762 toAcc: 26 
    <Начальные остатки> from: 468292      to: 386216
     <Конечные остатки> from: 458977      to: 395531
Транзакция <2309> Финиш. Время операции: 0,001 сек.
---------------------------------------------------------------------------------
Транзакция <2310> Старт. Перевод: 6649 руб. fromAcc: 207 toAcc: 44 
    <Начальные остатки> from: 404105      to: 301881
     <Конечные остатки> from: 397456      to: 308530
Транзакция <2310> Финиш. Время операции: 0,000 сек.
---------------------------------------------------------------------------------
Транзакция <2311> Старт. Перевод: 9186 руб. fromAcc: 806 toAcc: 88 
    <Начальные остатки> from: 305669      to: 480106
     <Конечные остатки> from: 296483      to: 489292
Транзакция <2311> Финиш. Время операции: 0,000 сек.
---------------------------------------------------------------------------------
Транзакция <2312> Старт. Перевод: 9970 руб. fromAcc: 147 toAcc: 74 
    <Начальные остатки> from: 531695      to: 376174
     <Конечные остатки> from: 521725      to: 386144
Транзакция <2312> Финиш. Время операции: 0,001 сек.
---------------------------------------------------------------------------------
Транзакция <2313> Старт. Перевод: 690 руб. fromAcc: 907 toAcc: 324 
    <Начальные остатки> from: 439920      to: 489052
     <Конечные остатки> from: 439230      to: 489742
Транзакция <2313> Финиш. Время операции: 0,000 сек.
---------------------------------------------------------------------------------
Транзакция <2314> Старт. Перевод: 2081 руб. fromAcc: 802 toAcc: 721 
    <Начальные остатки> from: 326714      to: 455064
     <Конечные остатки> from: 324633      to: 457145
Транзакция <2314> Финиш. Время операции: 0,000 сек.
---------------------------------------------------------------------------------
Транзакция <2315> Старт. Перевод: 8099 руб. fromAcc: 498 toAcc: 688 
    <Начальные остатки> from: 353555      to: 335082
     <Конечные остатки> from: 345456      to: 343181
Транзакция <2315> Финиш. Время операции: 0,000 сек.
---------------------------------------------------------------------------------
Транзакция <2316> Старт. Перевод: 2739 руб. fromAcc: 306 toAcc: 521 
    <Начальные остатки> from: 362490      to: 412367
     <Конечные остатки> from: 359751      to: 415106
Транзакция <2316> Финиш. Время операции: 0,001 сек.
---------------------------------------------------------------------------------
Транзакция <2317> Старт. Перевод: 2632 руб. fromAcc: 119 toAcc: 686 
    <Начальные остатки> from: 380009      to: 399223
     <Конечные остатки> from: 377377      to: 401855
Транзакция <2317> Финиш. Время операции: 0,000 сек.
---------------------------------------------------------------------------------
Транзакция <2318> Старт. Перевод: 6916 руб. fromAcc: 367 toAcc: 678 
    <Начальные остатки> from: 376543      to: 412356
     <Конечные остатки> from: 369627      to: 419272
Транзакция <2318> Финиш. Время операции: 0,000 сек.
---------------------------------------------------------------------------------
Транзакция <2319> Старт. Перевод: 8214 руб. fromAcc: 725 toAcc: 4 
    <Начальные остатки> from: 380286      to: 291309
     <Конечные остатки> from: 372072      to: 299523
Транзакция <2319> Финиш. Время операции: 0,000 сек.
---------------------------------------------------------------------------------
Транзакция <2320> Старт. Перевод: 5080 руб. fromAcc: 945 toAcc: 610 
    <Начальные остатки> from: 358176      to: 467009
     <Конечные остатки> from: 353096      to: 472089
Транзакция <2320> Финиш. Время операции: 0,001 сек.
---------------------------------------------------------------------------------
Транзакция <2321> Старт. Перевод: 6712 руб. fromAcc: 440 toAcc: 824 
    <Начальные остатки> from: 475168      to: 449890
     <Конечные остатки> from: 468456      to: 456602
Транзакция <2321> Финиш. Время операции: 0,000 сек.
---------------------------------------------------------------------------------
Транзакция <2322> Старт. Перевод: 5386 руб. fromAcc: 205 toAcc: 534 
    <Начальные остатки> from: 452450      to: 332787
     <Конечные остатки> from: 447064      to: 338173
Транзакция <2322> Финиш. Время операции: 0,000 сек.
---------------------------------------------------------------------------------
Транзакция <2323> Старт. Перевод: 650 руб. fromAcc: 229 toAcc: 813 
    <Начальные остатки> from: 343085      to: 350643
     <Конечные остатки> from: 342435      to: 351293
Транзакция <2323> Финиш. Время операции: 0,000 сек.
---------------------------------------------------------------------------------
Транзакция <2324> Старт. Перевод: 2047 руб. fromAcc: 828 toAcc: 684 
    <Начальные остатки> from: 428388      to: 249187
     <Конечные остатки> from: 426341      to: 251234
Транзакция <2324> Финиш. Время операции: 0,001 сек.
---------------------------------------------------------------------------------
Транзакция <2325> Старт. Перевод: 3921 руб. fromAcc: 185 toAcc: 45 
    <Начальные остатки> from: 388830      to: 351175
[ Операция невозможна из-за блокировки счета !!! ]
from: true to: false
     <Конечные остатки> from: 388830      to: 351175
Транзакция <2325> Финиш. Время операции: 0,000 сек.
---------------------------------------------------------------------------------
Транзакция <2326> Старт. Перевод: 6634 руб. fromAcc: 14 toAcc: 42 
    <Начальные остатки> from: 521877      to: 364915
[ Операция невозможна из-за блокировки счета !!! ]
from: true to: false
     <Конечные остатки> from: 521877      to: 364915
Транзакция <2326> Финиш. Время операции: 0,000 сек.
---------------------------------------------------------------------------------
Транзакция <2327> Старт. Перевод: 3494 руб. fromAcc: 389 toAcc: 321 
    <Начальные остатки> from: 353556      to: 398931
     <Конечные остатки> from: 350062      to: 402425
Транзакция <2327> Финиш. Время операции: 0,000 сек.
---------------------------------------------------------------------------------
Транзакция <2328> Старт. Перевод: 1568 руб. fromAcc: 754 toAcc: 688 
    <Начальные остатки> from: 361151      to: 343181
     <Конечные остатки> from: 359583      to: 344749
Транзакция <2328> Финиш. Время операции: 0,001 сек.
---------------------------------------------------------------------------------
Транзакция <2329> Старт. Перевод: 7631 руб. fromAcc: 555 toAcc: 638 
    <Начальные остатки> from: 385332      to: 490883
     <Конечные остатки> from: 377701      to: 498514
Транзакция <2329> Финиш. Время операции: 0,000 сек.
---------------------------------------------------------------------------------
Транзакция <2330> Старт. Перевод: 7560 руб. fromAcc: 211 toAcc: 136 
    <Начальные остатки> from: 457515      to: 349598
     <Конечные остатки> from: 449955      to: 357158
Транзакция <2330> Финиш. Время операции: 0,000 сек.
---------------------------------------------------------------------------------
Транзакция <2331> Старт. Перевод: 8613 руб. fromAcc: 914 toAcc: 790 
    <Начальные остатки> from: 322536      to: 441581
     <Конечные остатки> from: 313923      to: 450194
Транзакция <2331> Финиш. Время операции: 0,000 сек.
---------------------------------------------------------------------------------
Транзакция <2332> Старт. Перевод: 9262 руб. fromAcc: 284 toAcc: 260 
    <Начальные остатки> from: 308876      to: 409627
     <Конечные остатки> from: 299614      to: 418889
Транзакция <2332> Финиш. Время операции: 0,000 сек.
---------------------------------------------------------------------------------
Транзакция <2333> Старт. Перевод: 498 руб. fromAcc: 42 toAcc: 345 
    <Начальные остатки> from: 364915      to: 353372
[ Операция невозможна из-за блокировки счета !!! ]
from: false to: true
     <Конечные остатки> from: 364915      to: 353372
Транзакция <2333> Финиш. Время операции: 0,000 сек.
---------------------------------------------------------------------------------
Транзакция <2334> Старт. Перевод: 5870 руб. fromAcc: 687 toAcc: 692 
    <Начальные остатки> from: 419583      to: 464768
     <Конечные остатки> from: 413713      to: 470638
Транзакция <2334> Финиш. Время операции: 0,000 сек.
---------------------------------------------------------------------------------
Транзакция <2335> Старт. Перевод: 4898 руб. fromAcc: 595 toAcc: 483 
    <Начальные остатки> from: 487825      to: 410182
     <Конечные остатки> from: 482927      to: 415080
Транзакция <2335> Финиш. Время операции: 0,000 сек.
---------------------------------------------------------------------------------
Транзакция <2336> Старт. Перевод: 5965 руб. fromAcc: 139 toAcc: 781 
    <Начальные остатки> from: 297871      to: 462713
     <Конечные остатки> from: 291906      to: 468678
Транзакция <2336> Финиш. Время операции: 0,000 сек.
---------------------------------------------------------------------------------
Транзакция <2337> Старт. Перевод: 308 руб. fromAcc: 145 toAcc: 423 
    <Начальные остатки> from: 380266      to: 377408
     <Конечные остатки> from: 379958      to: 377716
Транзакция <2337> Финиш. Время операции: 0,000 сек.
---------------------------------------------------------------------------------
Транзакция <2338> Старт. Перевод: 8317 руб. fromAcc: 476 toAcc: 496 
    <Начальные остатки> from: 330523      to: 444578
     <Конечные остатки> from: 322206      to: 452895
Транзакция <2338> Финиш. Время операции: 0,000 сек.
---------------------------------------------------------------------------------
Транзакция <2339> Старт. Перевод: 2965 руб. fromAcc: 600 toAcc: 453 
    <Начальные остатки> from: 486726      to: 443735
     <Конечные остатки> from: 483761      to: 446700
Транзакция <2339> Финиш. Время операции: 0,000 сек.
---------------------------------------------------------------------------------
Транзакция <2340> Старт. Перевод: 2940 руб. fromAcc: 781 toAcc: 881 
    <Начальные остатки> from: 468678      to: 301315
     <Конечные остатки> from: 465738      to: 304255
Транзакция <2340> Финиш. Время операции: 0,000 сек.
---------------------------------------------------------------------------------
Транзакция <2341> Старт. Перевод: 9775 руб. fromAcc: 879 toAcc: 773 
    <Начальные остатки> from: 356254      to: 446670
     <Конечные остатки> from: 346479      to: 456445
Транзакция <2341> Финиш. Время операции: 0,000 сек.
---------------------------------------------------------------------------------
Транзакция <2342> Старт. Перевод: 9136 руб. fromAcc: 864 toAcc: 915 
    <Начальные остатки> from: 421876      to: 374230
     <Конечные остатки> from: 412740      to: 383366
Транзакция <2342> Финиш. Время операции: 0,000 сек.
---------------------------------------------------------------------------------
Транзакция <2343> Старт. Перевод: 6294 руб. fromAcc: 830 toAcc: 657 
    <Начальные остатки> from: 316440      to: 389311
     <Конечные остатки> from: 310146      to: 395605
Транзакция <2343> Финиш. Время операции: 0,000 сек.
---------------------------------------------------------------------------------
Транзакция <2344> Старт. Перевод: 9788 руб. fromAcc: 665 toAcc: 907 
    <Начальные остатки> from: 410093      to: 439230
     <Конечные остатки> from: 400305      to: 449018
Транзакция <2344> Финиш. Время операции: 0,000 сек.
---------------------------------------------------------------------------------
Транзакция <2345> Старт. Перевод: 5277 руб. fromAcc: 587 toAcc: 665 
    <Начальные остатки> from: 359676      to: 400305
     <Конечные остатки> from: 354399      to: 405582
Транзакция <2345> Финиш. Время операции: 0,000 сек.
---------------------------------------------------------------------------------
Транзакция <2346> Старт. Перевод: 3677 руб. fromAcc: 418 toAcc: 777 
    <Начальные остатки> from: 495547      to: 452328
     <Конечные остатки> from: 491870      to: 456005
Транзакция <2346> Финиш. Время операции: 0,000 сек.
---------------------------------------------------------------------------------
Транзакция <2347> Старт. Перевод: 3815 руб. fromAcc: 813 toAcc: 901 
    <Начальные остатки> from: 351293      to: 343583
     <Конечные остатки> from: 347478      to: 347398
Транзакция <2347> Финиш. Время операции: 0,000 сек.
---------------------------------------------------------------------------------
Транзакция <2348> Старт. Перевод: 10050 руб. fromAcc: 665 toAcc: 841 
    <Начальные остатки> from: 405582      to: 395719
     <Конечные остатки> from: 395532      to: 405769
Транзакция <2348> Финиш. Время операции: 0,000 сек.
---------------------------------------------------------------------------------
Транзакция <2349> Старт. Перевод: 55000 руб. fromAcc: 557 toAcc: 538 
    <Начальные остатки> from: 428359      to: 450472
Транзакция <2350> Старт. Перевод: 8679 руб. fromAcc: 945 toAcc: 435 
    <Начальные остатки> from: 353096      to: 481984
     <Конечные остатки> from: 344417      to: 490663
Транзакция <2350> Финиш. Время операции: 0,000 сек.
---------------------------------------------------------------------------------
Транзакция <2351> Старт. Перевод: 3377 руб. fromAcc: 214 toAcc: 659 
    <Начальные остатки> from: 339317      to: 509298
     <Конечные остатки> from: 335940      to: 512675
Транзакция <2351> Финиш. Время операции: 0,001 сек.
---------------------------------------------------------------------------------
Транзакция <2352> Старт. Перевод: 8523 руб. fromAcc: 885 toAcc: 185 
    <Начальные остатки> from: 549394      to: 388830
     <Конечные остатки> from: 540871      to: 397353
Транзакция <2352> Финиш. Время операции: 0,003 сек.
---------------------------------------------------------------------------------
Транзакция <2353> Старт. Перевод: 2025 руб. fromAcc: 941 toAcc: 933 
    <Начальные остатки> from: 499061      to: 473795
     <Конечные остатки> from: 497036      to: 475820
Транзакция <2353> Финиш. Время операции: 0,000 сек.
---------------------------------------------------------------------------------
Транзакция <2354> Старт. Перевод: 3255 руб. fromAcc: 318 toAcc: 327 
    <Начальные остатки> from: 403616      to: 436515
     <Конечные остатки> from: 400361      to: 439770
Транзакция <2354> Финиш. Время операции: 0,000 сек.
---------------------------------------------------------------------------------
Транзакция <2355> Старт. Перевод: 8316 руб. fromAcc: 897 toAcc: 562 
    <Начальные остатки> from: 324525      to: 353454
     <Конечные остатки> from: 316209      to: 361770
Транзакция <2355> Финиш. Время операции: 0,001 сек.
---------------------------------------------------------------------------------
Транзакция <2356> Старт. Перевод: 4107 руб. fromAcc: 997 toAcc: 431 
    <Начальные остатки> from: 384785      to: 437119
     <Конечные остатки> from: 380678      to: 441226
Транзакция <2356> Финиш. Время операции: 0,000 сек.
---------------------------------------------------------------------------------
Транзакция <2357> Старт. Перевод: 3489 руб. fromAcc: 209 toAcc: 431 
    <Начальные остатки> from: 379528      to: 441226
     <Конечные остатки> from: 376039      to: 444715
Транзакция <2357> Финиш. Время операции: 0,000 сек.
---------------------------------------------------------------------------------
Транзакция <2358> Старт. Перевод: 6525 руб. fromAcc: 65 toAcc: 423 
    <Начальные остатки> from: 299126      to: 377716
     <Конечные остатки> from: 292601      to: 384241
Транзакция <2358> Финиш. Время операции: 0,000 сек.
---------------------------------------------------------------------------------
Транзакция <2359> Старт. Перевод: 6914 руб. fromAcc: 151 toAcc: 349 
    <Начальные остатки> from: 367619      to: 338474
     <Конечные остатки> from: 360705      to: 345388
Транзакция <2359> Финиш. Время операции: 0,000 сек.
---------------------------------------------------------------------------------
Транзакция <2360> Старт. Перевод: 8508 руб. fromAcc: 734 toAcc: 375 
    <Начальные остатки> from: 367998      to: 354383
     <Конечные остатки> from: 359490      to: 362891
Транзакция <2360> Финиш. Время операции: 0,000 сек.
---------------------------------------------------------------------------------
Транзакция <2361> Старт. Перевод: 4135 руб. fromAcc: 893 toAcc: 356 
    <Начальные остатки> from: 428744      to: 344757
     <Конечные остатки> from: 424609      to: 348892
Транзакция <2361> Финиш. Время операции: 0,001 сек.
---------------------------------------------------------------------------------
Транзакция <2362> Старт. Перевод: 7779 руб. fromAcc: 419 toAcc: 705 
    <Начальные остатки> from: 374080      to: 345582
     <Конечные остатки> from: 366301      to: 353361
Транзакция <2362> Финиш. Время операции: 0,000 сек.
---------------------------------------------------------------------------------
Транзакция <2363> Старт. Перевод: 1659 руб. fromAcc: 479 toAcc: 591 
    <Начальные остатки> from: 429838      to: 482758
     <Конечные остатки> from: 428179      to: 484417
Транзакция <2363> Финиш. Время операции: 0,001 сек.
---------------------------------------------------------------------------------
Транзакция <2364> Старт. Перевод: 1727 руб. fromAcc: 147 toAcc: 883 
    <Начальные остатки> from: 521725      to: 316035
     <Конечные остатки> from: 519998      to: 317762
Транзакция <2364> Финиш. Время операции: 0,000 сек.
---------------------------------------------------------------------------------
Транзакция <2365> Старт. Перевод: 8660 руб. fromAcc: 420 toAcc: 416 
    <Начальные остатки> from: 377495      to: 312921
     <Конечные остатки> from: 368835      to: 321581
Транзакция <2365> Финиш. Время операции: 0,000 сек.
---------------------------------------------------------------------------------
Транзакция <2366> Старт. Перевод: 6570 руб. fromAcc: 269 toAcc: 961 
    <Начальные остатки> from: 368418      to: 463409
     <Конечные остатки> from: 361848      to: 469979
Транзакция <2366> Финиш. Время операции: 0,000 сек.
---------------------------------------------------------------------------------
Транзакция <2367> Старт. Перевод: 8329 руб. fromAcc: 607 toAcc: 751 
    <Начальные остатки> from: 393241      to: 383346
     <Конечные остатки> from: 384912      to: 391675
Транзакция <2367> Финиш. Время операции: 0,000 сек.
---------------------------------------------------------------------------------
Транзакция <2368> Старт. Перевод: 4671 руб. fromAcc: 795 toAcc: 523 
    <Начальные остатки> from: 340605      to: 424866
     <Конечные остатки> from: 335934      to: 429537
Транзакция <2368> Финиш. Время операции: 0,000 сек.
---------------------------------------------------------------------------------
Транзакция <2369> Старт. Перевод: 4031 руб. fromAcc: 454 toAcc: 840 
    <Начальные остатки> from: 324256      to: 510265
[ Операция невозможна из-за блокировки счета !!! ]
from: true to: false
     <Конечные остатки> from: 324256      to: 510265
Транзакция <2369> Финиш. Время операции: 0,000 сек.
---------------------------------------------------------------------------------
Транзакция <2370> Старт. Перевод: 1471 руб. fromAcc: 896 toAcc: 871 
    <Начальные остатки> from: 354514      to: 433053
     <Конечные остатки> from: 353043      to: 434524
Транзакция <2370> Финиш. Время операции: 0,000 сек.
---------------------------------------------------------------------------------
Транзакция <2371> Старт. Перевод: 7988 руб. fromAcc: 457 toAcc: 891 
    <Начальные остатки> from: 314656      to: 500161
     <Конечные остатки> from: 306668      to: 508149
Транзакция <2371> Финиш. Время операции: 0,000 сек.
---------------------------------------------------------------------------------
Транзакция <2372> Старт. Перевод: 5969 руб. fromAcc: 368 toAcc: 548 
    <Начальные остатки> from: 386418      to: 467637
     <Конечные остатки> from: 380449      to: 473606
Транзакция <2372> Финиш. Время операции: 0,000 сек.
---------------------------------------------------------------------------------
Транзакция <2373> Старт. Перевод: 2673 руб. fromAcc: 579 toAcc: 300 
    <Начальные остатки> from: 448113      to: 356338
     <Конечные остатки> from: 445440      to: 359011
Транзакция <2373> Финиш. Время операции: 0,000 сек.
---------------------------------------------------------------------------------
Транзакция <2374> Старт. Перевод: 1200 руб. fromAcc: 117 toAcc: 513 
    <Начальные остатки> from: 337165      to: 459223
     <Конечные остатки> from: 335965      to: 460423
Транзакция <2374> Финиш. Время операции: 0,000 сек.
---------------------------------------------------------------------------------
Транзакция <2375> Старт. Перевод: 7614 руб. fromAcc: 157 toAcc: 429 
    <Начальные остатки> from: 430544      to: 345833
     <Конечные остатки> from: 422930      to: 353447
Транзакция <2375> Финиш. Время операции: 0,000 сек.
---------------------------------------------------------------------------------
Транзакция <2376> Старт. Перевод: 3662 руб. fromAcc: 961 toAcc: 559 
    <Начальные остатки> from: 469979      to: 396214
     <Конечные остатки> from: 466317      to: 399876
Транзакция <2376> Финиш. Время операции: 0,000 сек.
---------------------------------------------------------------------------------
Транзакция <2377> Старт. Перевод: 6796 руб. fromAcc: 241 toAcc: 124 
    <Начальные остатки> from: 427402      to: 371183
     <Конечные остатки> from: 420606      to: 377979
Транзакция <2377> Финиш. Время операции: 0,000 сек.
---------------------------------------------------------------------------------
Транзакция <2378> Старт. Перевод: 55000 руб. fromAcc: 305 toAcc: 803 
    <Начальные остатки> from: 470422      to: 413572
Транзакция <2379> Старт. Перевод: 3671 руб. fromAcc: 303 toAcc: 551 
    <Начальные остатки> from: 442815      to: 367798
     <Конечные остатки> from: 439144      to: 371469
Транзакция <2379> Финиш. Время операции: 0,000 сек.
---------------------------------------------------------------------------------
Транзакция <2380> Старт. Перевод: 6800 руб. fromAcc: 427 toAcc: 484 
    <Начальные остатки> from: 328734      to: 391750
     <Конечные остатки> from: 321934      to: 398550
Транзакция <2380> Финиш. Время операции: 0,000 сек.
---------------------------------------------------------------------------------
Транзакция <2381> Старт. Перевод: 1839 руб. fromAcc: 670 toAcc: 468 
    <Начальные остатки> from: 445786      to: 367441
     <Конечные остатки> from: 443947      to: 369280
Транзакция <2381> Финиш. Время операции: 0,000 сек.
---------------------------------------------------------------------------------
Транзакция <2382> Старт. Перевод: 1102 руб. fromAcc: 875 toAcc: 823 
    <Начальные остатки> from: 342187      to: 347023
     <Конечные остатки> from: 341085      to: 348125
Транзакция <2382> Финиш. Время операции: 0,000 сек.
---------------------------------------------------------------------------------
Транзакция <2383> Старт. Перевод: 55000 руб. fromAcc: 409 toAcc: 744 
    <Начальные остатки> from: 449835      to: 396972
Транзакция <2384> Старт. Перевод: 3584 руб. fromAcc: 142 toAcc: 840 
    <Начальные остатки> from: 350092      to: 510265
[ Операция невозможна из-за блокировки счета !!! ]
from: true to: false
     <Конечные остатки> from: 350092      to: 510265
Транзакция <2384> Финиш. Время операции: 0,000 сек.
---------------------------------------------------------------------------------
Транзакция <2385> Старт. Перевод: 8991 руб. fromAcc: 654 toAcc: 175 
    <Начальные остатки> from: 411104      to: 429782
     <Конечные остатки> from: 402113      to: 438773
Транзакция <2385> Финиш. Время операции: 0,000 сек.
---------------------------------------------------------------------------------
Транзакция <2386> Старт. Перевод: 2542 руб. fromAcc: 992 toAcc: 301 
    <Начальные остатки> from: 481762      to: 476854
     <Конечные остатки> from: 479220      to: 479396
Транзакция <2386> Финиш. Время операции: 0,000 сек.
---------------------------------------------------------------------------------
Транзакция <2387> Старт. Перевод: 2533 руб. fromAcc: 7 toAcc: 904 
    <Начальные остатки> from: 412042      to: 328277
     <Конечные остатки> from: 409509      to: 330810
Транзакция <2387> Финиш. Время операции: 0,000 сек.
---------------------------------------------------------------------------------
Транзакция <2388> Старт. Перевод: 4580 руб. fromAcc: 240 toAcc: 974 
    <Начальные остатки> from: 349416      to: 413757
     <Конечные остатки> from: 344836      to: 418337
Транзакция <2388> Финиш. Время операции: 0,000 сек.
---------------------------------------------------------------------------------
Транзакция <2389> Старт. Перевод: 9742 руб. fromAcc: 810 toAcc: 904 
    <Начальные остатки> from: 386488      to: 330810
     <Конечные остатки> from: 376746      to: 340552
Транзакция <2389> Финиш. Время операции: 0,000 сек.
---------------------------------------------------------------------------------
Транзакция <2390> Старт. Перевод: 2809 руб. fromAcc: 333 toAcc: 328 
    <Начальные остатки> from: 298451      to: 366223
     <Конечные остатки> from: 295642      to: 369032
Транзакция <2390> Финиш. Время операции: 0,000 сек.
---------------------------------------------------------------------------------
Транзакция <2391> Старт. Перевод: 9786 руб. fromAcc: 465 toAcc: 111 
    <Начальные остатки> from: 368707      to: 451695
     <Конечные остатки> from: 358921      to: 461481
Транзакция <2391> Финиш. Время операции: 0,000 сек.
---------------------------------------------------------------------------------
Транзакция <2392> Старт. Перевод: 2337 руб. fromAcc: 826 toAcc: 292 
    <Начальные остатки> from: 358984      to: 455487
     <Конечные остатки> from: 356647      to: 457824
Транзакция <2392> Финиш. Время операции: 0,000 сек.
---------------------------------------------------------------------------------
Транзакция <2393> Старт. Перевод: 2211 руб. fromAcc: 134 toAcc: 387 
    <Начальные остатки> from: 382002      to: 422360
     <Конечные остатки> from: 379791      to: 424571
Транзакция <2393> Финиш. Время операции: 0,000 сек.
---------------------------------------------------------------------------------
Транзакция <2394> Старт. Перевод: 556 руб. fromAcc: 326 toAcc: 181 
    <Начальные остатки> from: 241319      to: 337875
     <Конечные остатки> from: 240763      to: 338431
Транзакция <2394> Финиш. Время операции: 0,000 сек.
---------------------------------------------------------------------------------
Транзакция <2395> Старт. Перевод: 5396 руб. fromAcc: 369 toAcc: 11 
    <Начальные остатки> from: 367447      to: 393226
     <Конечные остатки> from: 362051      to: 398622
Транзакция <2395> Финиш. Время операции: 0,000 сек.
---------------------------------------------------------------------------------
Транзакция <2396> Старт. Перевод: 5542 руб. fromAcc: 200 toAcc: 611 
    <Начальные остатки> from: 421675      to: 411632
     <Конечные остатки> from: 416133      to: 417174
Транзакция <2396> Финиш. Время операции: 0,000 сек.
---------------------------------------------------------------------------------
Транзакция <2397> Старт. Перевод: 732 руб. fromAcc: 959 toAcc: 771 
    <Начальные остатки> from: 394199      to: 447291
     <Конечные остатки> from: 393467      to: 448023
Транзакция <2397> Финиш. Время операции: 0,000 сек.
---------------------------------------------------------------------------------
Транзакция <2398> Старт. Перевод: 5892 руб. fromAcc: 277 toAcc: 419 
    <Начальные остатки> from: 367936      to: 366301
     <Конечные остатки> from: 362044      to: 372193
Транзакция <2398> Финиш. Время операции: 0,000 сек.
---------------------------------------------------------------------------------
Транзакция <2399> Старт. Перевод: 2069 руб. fromAcc: 859 toAcc: 277 
    <Начальные остатки> from: 374588      to: 362044
     <Конечные остатки> from: 372519      to: 364113
Транзакция <2399> Финиш. Время операции: 0,000 сек.
---------------------------------------------------------------------------------
Транзакция <2400> Старт. Перевод: 7809 руб. fromAcc: 43 toAcc: 851 
    <Начальные остатки> from: 260226      to: 470488
     <Конечные остатки> from: 252417      to: 478297
Транзакция <2400> Финиш. Время операции: 0,000 сек.
---------------------------------------------------------------------------------
Транзакция <2401> Старт. Перевод: 2526 руб. fromAcc: 324 toAcc: 414 
    <Начальные остатки> from: 489742      to: 409819
     <Конечные остатки> from: 487216      to: 412345
Транзакция <2401> Финиш. Время операции: 0,000 сек.
---------------------------------------------------------------------------------
Транзакция <2402> Старт. Перевод: 7770 руб. fromAcc: 44 toAcc: 556 
    <Начальные остатки> from: 308530      to: 436921
     <Конечные остатки> from: 300760      to: 444691
Транзакция <2402> Финиш. Время операции: 0,000 сек.
---------------------------------------------------------------------------------
Транзакция <2403> Старт. Перевод: 3209 руб. fromAcc: 598 toAcc: 60 
    <Начальные остатки> from: 379014      to: 296402
     <Конечные остатки> from: 375805      to: 299611
Транзакция <2403> Финиш. Время операции: 0,000 сек.
---------------------------------------------------------------------------------
Транзакция <2404> Старт. Перевод: 1579 руб. fromAcc: 521 toAcc: 134 
    <Начальные остатки> from: 415106      to: 379791
     <Конечные остатки> from: 413527      to: 381370
Транзакция <2404> Финиш. Время операции: 0,000 сек.
---------------------------------------------------------------------------------
Транзакция <2405> Старт. Перевод: 941 руб. fromAcc: 788 toAcc: 477 
    <Начальные остатки> from: 464123      to: 310546
     <Конечные остатки> from: 463182      to: 311487
Транзакция <2405> Финиш. Время операции: 0,000 сек.
---------------------------------------------------------------------------------
Транзакция <2406> Старт. Перевод: 3141 руб. fromAcc: 481 toAcc: 279 
    <Начальные остатки> from: 441383      to: 312177
     <Конечные остатки> from: 438242      to: 315318
Транзакция <2406> Финиш. Время операции: 0,000 сек.
---------------------------------------------------------------------------------
Транзакция <2407> Старт. Перевод: 55000 руб. fromAcc: 761 toAcc: 9 
    <Начальные остатки> from: 511088      to: 487909
Транзакция <2408> Старт. Перевод: 7893 руб. fromAcc: 444 toAcc: 710 
    <Начальные остатки> from: 407488      to: 435625
     <Конечные остатки> from: 399595      to: 443518
Транзакция <2408> Финиш. Время операции: 0,000 сек.
---------------------------------------------------------------------------------
Транзакция <2409> Старт. Перевод: 3524 руб. fromAcc: 868 toAcc: 210 
    <Начальные остатки> from: 492150      to: 515667
     <Конечные остатки> from: 488626      to: 519191
Транзакция <2409> Финиш. Время операции: 0,000 сек.
---------------------------------------------------------------------------------
Транзакция <2410> Старт. Перевод: 7851 руб. fromAcc: 161 toAcc: 471 
    <Начальные остатки> from: 377381      to: 356473
[ Операция невозможна из-за блокировки счета !!! ]
from: true to: false
     <Конечные остатки> from: 377381      to: 356473
Транзакция <2410> Финиш. Время операции: 0,000 сек.
---------------------------------------------------------------------------------
Транзакция <2411> Старт. Перевод: 55000 руб. fromAcc: 526 toAcc: 223 
    <Начальные остатки> from: 370984      to: 445436
Транзакция <2412> Старт. Перевод: 5424 руб. fromAcc: 724 toAcc: 112 
    <Начальные остатки> from: 295170      to: 294452
     <Конечные остатки> from: 289746      to: 299876
Транзакция <2412> Финиш. Время операции: 0,000 сек.
---------------------------------------------------------------------------------
Транзакция <2413> Старт. Перевод: 9545 руб. fromAcc: 111 toAcc: 311 
    <Начальные остатки> from: 461481      to: 349358
     <Конечные остатки> from: 451936      to: 358903
Транзакция <2413> Финиш. Время операции: 0,000 сек.
---------------------------------------------------------------------------------
Транзакция <2414> Старт. Перевод: 55000 руб. fromAcc: 774 toAcc: 710 
    <Начальные остатки> from: 375556      to: 443518
Транзакция <2415> Старт. Перевод: 4731 руб. fromAcc: 761 toAcc: 847 
    <Начальные остатки> from: 456088      to: 443099
     <Конечные остатки> from: 451357      to: 447830
Транзакция <2415> Финиш. Время операции: 0,000 сек.
---------------------------------------------------------------------------------
Транзакция <2416> Старт. Перевод: 9701 руб. fromAcc: 257 toAcc: 500 
    <Начальные остатки> from: 469269      to: 323015
     <Конечные остатки> from: 459568      to: 332716
Транзакция <2416> Финиш. Время операции: 0,000 сек.
---------------------------------------------------------------------------------
Транзакция <2417> Старт. Перевод: 2324 руб. fromAcc: 964 toAcc: 891 
    <Начальные остатки> from: 362750      to: 508149
     <Конечные остатки> from: 360426      to: 510473
Транзакция <2417> Финиш. Время операции: 0,000 сек.
---------------------------------------------------------------------------------
Транзакция <2418> Старт. Перевод: 705 руб. fromAcc: 796 toAcc: 834 
    <Начальные остатки> from: 428081      to: 401674
     <Конечные остатки> from: 427376      to: 402379
Транзакция <2418> Финиш. Время операции: 0,000 сек.
---------------------------------------------------------------------------------
Транзакция <2419> Старт. Перевод: 6806 руб. fromAcc: 391 toAcc: 729 
    <Начальные остатки> from: 433883      to: 391429
     <Конечные остатки> from: 427077      to: 398235
Транзакция <2419> Финиш. Время операции: 0,000 сек.
---------------------------------------------------------------------------------
Транзакция <2420> Старт. Перевод: 2322 руб. fromAcc: 842 toAcc: 774 
    <Начальные остатки> from: 403358      to: 320556
     <Конечные остатки> from: 401036      to: 322878
Транзакция <2420> Финиш. Время операции: 0,000 сек.
---------------------------------------------------------------------------------
Транзакция <2421> Старт. Перевод: 4261 руб. fromAcc: 825 toAcc: 330 
    <Начальные остатки> from: 320945      to: 370393
     <Конечные остатки> from: 316684      to: 374654
Транзакция <2421> Финиш. Время операции: 0,000 сек.
---------------------------------------------------------------------------------
Транзакция <2422> Старт. Перевод: 197 руб. fromAcc: 52 toAcc: 577 
    <Начальные остатки> from: 487839      to: 473987
     <Конечные остатки> from: 487642      to: 474184
Транзакция <2422> Финиш. Время операции: 0,000 сек.
---------------------------------------------------------------------------------
Транзакция <2423> Старт. Перевод: 5666 руб. fromAcc: 91 toAcc: 298 
    <Начальные остатки> from: 348947      to: 290278
     <Конечные остатки> from: 343281      to: 295944
Транзакция <2423> Финиш. Время операции: 0,000 сек.
---------------------------------------------------------------------------------
Транзакция <2424> Старт. Перевод: 7861 руб. fromAcc: 868 toAcc: 684 
    <Начальные остатки> from: 488626      to: 251234
     <Конечные остатки> from: 480765      to: 259095
Транзакция <2424> Финиш. Время операции: 0,000 сек.
---------------------------------------------------------------------------------
Транзакция <2425> Старт. Перевод: 383 руб. fromAcc: 575 toAcc: 557 
    <Начальные остатки> from: 361758      to: 373359
     <Конечные остатки> from: 361375      to: 373742
Транзакция <2425> Финиш. Время операции: 0,000 сек.
---------------------------------------------------------------------------------
Транзакция <2426> Старт. Перевод: 3591 руб. fromAcc: 279 toAcc: 307 
    <Начальные остатки> from: 315318      to: 523597
     <Конечные остатки> from: 311727      to: 527188
Транзакция <2426> Финиш. Время операции: 0,000 сек.
---------------------------------------------------------------------------------
Транзакция <2427> Старт. Перевод: 3868 руб. fromAcc: 274 toAcc: 126 
    <Начальные остатки> from: 369778      to: 383574
     <Конечные остатки> from: 365910      to: 387442
Транзакция <2427> Финиш. Время операции: 0,000 сек.
---------------------------------------------------------------------------------
Транзакция <2428> Старт. Перевод: 2991 руб. fromAcc: 93 toAcc: 842 
    <Начальные остатки> from: 420507      to: 401036
     <Конечные остатки> from: 417516      to: 404027
Транзакция <2428> Финиш. Время операции: 0,000 сек.
---------------------------------------------------------------------------------
Транзакция <2429> Старт. Перевод: 5715 руб. fromAcc: 142 toAcc: 776 
    <Начальные остатки> from: 350092      to: 506247
     <Конечные остатки> from: 344377      to: 511962
Транзакция <2429> Финиш. Время операции: 0,000 сек.
---------------------------------------------------------------------------------
Транзакция <2430> Старт. Перевод: 9668 руб. fromAcc: 120 toAcc: 538 
    <Начальные остатки> from: 427210      to: 505472
     <Конечные остатки> from: 417542      to: 515140
Транзакция <2430> Финиш. Время операции: 0,000 сек.
---------------------------------------------------------------------------------
Транзакция <2431> Старт. Перевод: 6690 руб. fromAcc: 758 toAcc: 640 
    <Начальные остатки> from: 384401      to: 364446
     <Конечные остатки> from: 377711      to: 371136
Транзакция <2431> Финиш. Время операции: 0,000 сек.
---------------------------------------------------------------------------------
Транзакция <2432> Старт. Перевод: 8894 руб. fromAcc: 888 toAcc: 110 
    <Начальные остатки> from: 447538      to: 445569
     <Конечные остатки> from: 438644      to: 454463
Транзакция <2432> Финиш. Время операции: 0,000 сек.
---------------------------------------------------------------------------------
Транзакция <2433> Старт. Перевод: 5860 руб. fromAcc: 575 toAcc: 51 
    <Начальные остатки> from: 361375      to: 426994
     <Конечные остатки> from: 355515      to: 432854
Транзакция <2433> Финиш. Время операции: 0,000 сек.
---------------------------------------------------------------------------------
Транзакция <2434> Старт. Перевод: 1629 руб. fromAcc: 809 toAcc: 204 
    <Начальные остатки> from: 359395      to: 554175
     <Конечные остатки> from: 357766      to: 555804
Транзакция <2434> Финиш. Время операции: 0,000 сек.
---------------------------------------------------------------------------------
Транзакция <2435> Старт. Перевод: 1481 руб. fromAcc: 286 toAcc: 177 
    <Начальные остатки> from: 238762      to: 414077
     <Конечные остатки> from: 237281      to: 415558
Транзакция <2435> Финиш. Время операции: 0,000 сек.
---------------------------------------------------------------------------------
Транзакция <2436> Старт. Перевод: 8792 руб. fromAcc: 927 toAcc: 896 
    <Начальные остатки> from: 344036      to: 353043
     <Конечные остатки> from: 335244      to: 361835
Транзакция <2436> Финиш. Время операции: 0,000 сек.
---------------------------------------------------------------------------------
Транзакция <2437> Старт. Перевод: 1752 руб. fromAcc: 57 toAcc: 251 
    <Начальные остатки> from: 381176      to: 305919
     <Конечные остатки> from: 379424      to: 307671
Транзакция <2437> Финиш. Время операции: 0,000 сек.
---------------------------------------------------------------------------------
Транзакция <2438> Старт. Перевод: 8159 руб. fromAcc: 653 toAcc: 659 
    <Начальные остатки> from: 462856      to: 512675
     <Конечные остатки> from: 454697      to: 520834
Транзакция <2438> Финиш. Время операции: 0,000 сек.
---------------------------------------------------------------------------------
Транзакция <2439> Старт. Перевод: 4080 руб. fromAcc: 660 toAcc: 434 
    <Начальные остатки> from: 407514      to: 424962
     <Конечные остатки> from: 403434      to: 429042
Транзакция <2439> Финиш. Время операции: 0,000 сек.
---------------------------------------------------------------------------------
Транзакция <2440> Старт. Перевод: 8783 руб. fromAcc: 113 toAcc: 461 
    <Начальные остатки> from: 378679      to: 477429
[ Операция невозможна из-за блокировки счета !!! ]
from: false to: true
     <Конечные остатки> from: 378679      to: 477429
Транзакция <2440> Финиш. Время операции: 0,000 сек.
---------------------------------------------------------------------------------
Транзакция <2441> Старт. Перевод: 3992 руб. fromAcc: 776 toAcc: 632 
    <Начальные остатки> from: 511962      to: 410322
     <Конечные остатки> from: 507970      to: 414314
Транзакция <2441> Финиш. Время операции: 0,000 сек.
---------------------------------------------------------------------------------
Транзакция <2442> Старт. Перевод: 298 руб. fromAcc: 25 toAcc: 929 
    <Начальные остатки> from: 246348      to: 341786
     <Конечные остатки> from: 246050      to: 342084
Транзакция <2442> Финиш. Время операции: 0,000 сек.
---------------------------------------------------------------------------------
Транзакция <2443> Старт. Перевод: 7309 руб. fromAcc: 979 toAcc: 804 
    <Начальные остатки> from: 305274      to: 317960
     <Конечные остатки> from: 297965      to: 325269
Транзакция <2443> Финиш. Время операции: 0,000 сек.
---------------------------------------------------------------------------------
Транзакция <2444> Старт. Перевод: 7011 руб. fromAcc: 239 toAcc: 753 
    <Начальные остатки> from: 487870      to: 412462
     <Конечные остатки> from: 480859      to: 419473
Транзакция <2444> Финиш. Время операции: 0,000 сек.
---------------------------------------------------------------------------------
Транзакция <2445> Старт. Перевод: 55000 руб. fromAcc: 171 toAcc: 562 
    <Начальные остатки> from: 528945      to: 361770
Транзакция <2446> Старт. Перевод: 1731 руб. fromAcc: 165 toAcc: 328 
    <Начальные остатки> from: 460468      to: 369032
     <Конечные остатки> from: 458737      to: 370763
Транзакция <2446> Финиш. Время операции: 0,000 сек.
---------------------------------------------------------------------------------
Транзакция <2447> Старт. Перевод: 7637 руб. fromAcc: 905 toAcc: 503 
    <Начальные остатки> from: 304090      to: 311313
     <Конечные остатки> from: 296453      to: 318950
Транзакция <2447> Финиш. Время операции: 0,000 сек.
---------------------------------------------------------------------------------
Транзакция <2448> Старт. Перевод: 2666 руб. fromAcc: 643 toAcc: 892 
    <Начальные остатки> from: 351471      to: 378748
     <Конечные остатки> from: 348805      to: 381414
Транзакция <2448> Финиш. Время операции: 0,000 сек.
---------------------------------------------------------------------------------
Транзакция <2449> Старт. Перевод: 6653 руб. fromAcc: 605 toAcc: 28 
    <Начальные остатки> from: 429175      to: 392445
     <Конечные остатки> from: 422522      to: 399098
Транзакция <2449> Финиш. Время операции: 0,000 сек.
---------------------------------------------------------------------------------
Транзакция <2450> Старт. Перевод: 1486 руб. fromAcc: 111 toAcc: 454 
    <Начальные остатки> from: 451936      to: 324256
     <Конечные остатки> from: 450450      to: 325742
Транзакция <2450> Финиш. Время операции: 0,000 сек.
---------------------------------------------------------------------------------
Транзакция <2451> Старт. Перевод: 4306 руб. fromAcc: 929 toAcc: 623 
    <Начальные остатки> from: 342084      to: 376609
     <Конечные остатки> from: 337778      to: 380915
Транзакция <2451> Финиш. Время операции: 0,000 сек.
---------------------------------------------------------------------------------
Транзакция <2452> Старт. Перевод: 5261 руб. fromAcc: 718 toAcc: 95 
    <Начальные остатки> from: 353254      to: 430163
     <Конечные остатки> from: 347993      to: 435424
Транзакция <2452> Финиш. Время операции: 0,000 сек.
---------------------------------------------------------------------------------
Транзакция <2453> Старт. Перевод: 174 руб. fromAcc: 411 toAcc: 947 
    <Начальные остатки> from: 391484      to: 397876
     <Конечные остатки> from: 391310      to: 398050
Транзакция <2453> Финиш. Время операции: 0,000 сек.
---------------------------------------------------------------------------------
Транзакция <2454> Старт. Перевод: 55000 руб. fromAcc: 857 toAcc: 234 
    <Начальные остатки> from: 430192      to: 557431
Транзакция <2455> Старт. Перевод: 3062 руб. fromAcc: 743 toAcc: 352 
    <Начальные остатки> from: 275063      to: 327758
     <Конечные остатки> from: 272001      to: 330820
Транзакция <2455> Финиш. Время операции: 0,000 сек.
---------------------------------------------------------------------------------
Транзакция <2456> Старт. Перевод: 8258 руб. fromAcc: 469 toAcc: 985 
    <Начальные остатки> from: 311275      to: 410749
     <Конечные остатки> from: 303017      to: 419007
Транзакция <2456> Финиш. Время операции: 0,000 сек.
---------------------------------------------------------------------------------
Транзакция <2457> Старт. Перевод: 3580 руб. fromAcc: 108 toAcc: 854 
    <Начальные остатки> from: 333833      to: 295911
     <Конечные остатки> from: 330253      to: 299491
Транзакция <2457> Финиш. Время операции: 0,000 сек.
---------------------------------------------------------------------------------
Транзакция <2458> Старт. Перевод: 5440 руб. fromAcc: 276 toAcc: 298 
    <Начальные остатки> from: 355202      to: 295944
     <Конечные остатки> from: 349762      to: 301384
Транзакция <2458> Финиш. Время операции: 0,000 сек.
---------------------------------------------------------------------------------
Транзакция <2459> Старт. Перевод: 1761 руб. fromAcc: 153 toAcc: 241 
    <Начальные остатки> from: 343384      to: 420606
     <Конечные остатки> from: 341623      to: 422367
Транзакция <2459> Финиш. Время операции: 0,000 сек.
---------------------------------------------------------------------------------
Транзакция <2460> Старт. Перевод: 4798 руб. fromAcc: 1000 toAcc: 651 
Транзакция <2461> Старт. Перевод: 9849 руб. fromAcc: 485 toAcc: 872 
    <Начальные остатки> from: 297996      to: 410506
     <Конечные остатки> from: 288147      to: 420355
Транзакция <2461> Финиш. Время операции: 0,000 сек.
---------------------------------------------------------------------------------
Транзакция <2462> Старт. Перевод: 774 руб. fromAcc: 427 toAcc: 318 
    <Начальные остатки> from: 321934      to: 400361
     <Конечные остатки> from: 321160      to: 401135
Транзакция <2462> Финиш. Время операции: 0,000 сек.
---------------------------------------------------------------------------------
Транзакция <2463> Старт. Перевод: 2505 руб. fromAcc: 780 toAcc: 571 
    <Начальные остатки> from: 396648      to: 469998
[ Операция невозможна из-за блокировки счета !!! ]
from: false to: true
     <Конечные остатки> from: 396648      to: 469998
Транзакция <2463> Финиш. Время операции: 0,000 сек.
---------------------------------------------------------------------------------
Транзакция <2464> Старт. Перевод: 4032 руб. fromAcc: 438 toAcc: 469 
    <Начальные остатки> from: 537947      to: 303017
     <Конечные остатки> from: 533915      to: 307049
Транзакция <2464> Финиш. Время операции: 0,000 сек.
---------------------------------------------------------------------------------
Транзакция <2465> Старт. Перевод: 2786 руб. fromAcc: 939 toAcc: 169 
    <Начальные остатки> from: 455574      to: 458761
     <Конечные остатки> from: 452788      to: 461547
Транзакция <2465> Финиш. Время операции: 0,000 сек.
---------------------------------------------------------------------------------
Транзакция <2466> Старт. Перевод: 2744 руб. fromAcc: 250 toAcc: 463 
    <Начальные остатки> from: 347057      to: 512101
     <Конечные остатки> from: 344313      to: 514845
Транзакция <2466> Финиш. Время операции: 0,000 сек.
---------------------------------------------------------------------------------
Транзакция <2467> Старт. Перевод: 4161 руб. fromAcc: 610 toAcc: 899 
    <Начальные остатки> from: 472089      to: 338779
     <Конечные остатки> from: 467928      to: 342940
Транзакция <2467> Финиш. Время операции: 0,000 сек.
---------------------------------------------------------------------------------
Транзакция <2468> Старт. Перевод: 2341 руб. fromAcc: 826 toAcc: 334 
    <Начальные остатки> from: 356647      to: 361543
     <Конечные остатки> from: 354306      to: 363884
Транзакция <2468> Финиш. Время операции: 0,000 сек.
---------------------------------------------------------------------------------
Транзакция <2469> Старт. Перевод: 6573 руб. fromAcc: 520 toAcc: 623 
    <Начальные остатки> from: 495450      to: 380915
     <Конечные остатки> from: 488877      to: 387488
Транзакция <2469> Финиш. Время операции: 0,000 сек.
---------------------------------------------------------------------------------
Транзакция <2470> Старт. Перевод: 8009 руб. fromAcc: 561 toAcc: 73 
    <Начальные остатки> from: 423285      to: 460224
     <Конечные остатки> from: 415276      to: 468233
Транзакция <2470> Финиш. Время операции: 0,000 сек.
---------------------------------------------------------------------------------
Транзакция <2471> Старт. Перевод: 7057 руб. fromAcc: 337 toAcc: 135 
    <Начальные остатки> from: 345106      to: 411620
     <Конечные остатки> from: 338049      to: 418677
Транзакция <2471> Финиш. Время операции: 0,000 сек.
---------------------------------------------------------------------------------
Транзакция <2472> Старт. Перевод: 6683 руб. fromAcc: 556 toAcc: 577 
    <Начальные остатки> from: 444691      to: 474184
     <Конечные остатки> from: 438008      to: 480867
Транзакция <2472> Финиш. Время операции: 0,000 сек.
---------------------------------------------------------------------------------
Транзакция <2473> Старт. Перевод: 7915 руб. fromAcc: 10 toAcc: 30 
    <Начальные остатки> from: 442198      to: 325089
     <Конечные остатки> from: 434283      to: 333004
Транзакция <2473> Финиш. Время операции: 0,000 сек.
---------------------------------------------------------------------------------
Транзакция <2474> Старт. Перевод: 7784 руб. fromAcc: 78 toAcc: 371 
    <Начальные остатки> from: 317409      to: 312508
     <Конечные остатки> from: 309625      to: 320292
Транзакция <2474> Финиш. Время операции: 0,000 сек.
---------------------------------------------------------------------------------
Транзакция <2475> Старт. Перевод: 7968 руб. fromAcc: 801 toAcc: 877 
    <Начальные остатки> from: 327745      to: 318722
     <Конечные остатки> from: 319777      to: 326690
Транзакция <2475> Финиш. Время операции: 0,000 сек.
---------------------------------------------------------------------------------
Транзакция <2476> Старт. Перевод: 4479 руб. fromAcc: 24 toAcc: 474 
    <Начальные остатки> from: 326450      to: 346415
     <Конечные остатки> from: 321971      to: 350894
Транзакция <2476> Финиш. Время операции: 0,000 сек.
---------------------------------------------------------------------------------
Транзакция <2477> Старт. Перевод: 4876 руб. fromAcc: 455 toAcc: 675 
    <Начальные остатки> from: 296702      to: 288614
     <Конечные остатки> from: 291826      to: 293490
Транзакция <2477> Финиш. Время операции: 0,000 сек.
---------------------------------------------------------------------------------
Транзакция <2478> Старт. Перевод: 9697 руб. fromAcc: 479 toAcc: 12 
    <Начальные остатки> from: 428179      to: 425976
[ Операция невозможна из-за блокировки счета !!! ]
from: true to: false
     <Конечные остатки> from: 428179      to: 425976
Транзакция <2478> Финиш. Время операции: 0,000 сек.
---------------------------------------------------------------------------------
Транзакция <2479> Старт. Перевод: 9052 руб. fromAcc: 229 toAcc: 845 
    <Начальные остатки> from: 342435      to: 312155
     <Конечные остатки> from: 333383      to: 321207
Транзакция <2479> Финиш. Время операции: 0,000 сек.
---------------------------------------------------------------------------------
Транзакция <2480> Старт. Перевод: 3685 руб. fromAcc: 706 toAcc: 456 
    <Начальные остатки> from: 361343      to: 414741
     <Конечные остатки> from: 357658      to: 418426
Транзакция <2480> Финиш. Время операции: 0,000 сек.
---------------------------------------------------------------------------------
Транзакция <2481> Старт. Перевод: 2163 руб. fromAcc: 732 toAcc: 235 
    <Начальные остатки> from: 486246      to: 388865
     <Конечные остатки> from: 484083      to: 391028
Транзакция <2481> Финиш. Время операции: 0,000 сек.
---------------------------------------------------------------------------------
Транзакция <2482> Старт. Перевод: 2338 руб. fromAcc: 128 toAcc: 582 
    <Начальные остатки> from: 434213      to: 379753
     <Конечные остатки> from: 431875      to: 382091
Транзакция <2482> Финиш. Время операции: 0,000 сек.
---------------------------------------------------------------------------------
Транзакция <2483> Старт. Перевод: 5731 руб. fromAcc: 772 toAcc: 882 
    <Начальные остатки> from: 438227      to: 373661
     <Конечные остатки> from: 432496      to: 379392
Транзакция <2483> Финиш. Время операции: 0,000 сек.
---------------------------------------------------------------------------------
Транзакция <2484> Старт. Перевод: 8071 руб. fromAcc: 165 toAcc: 529 
    <Начальные остатки> from: 458737      to: 445017
     <Конечные остатки> from: 450666      to: 453088
Транзакция <2484> Финиш. Время операции: 0,000 сек.
---------------------------------------------------------------------------------
Транзакция <2485> Старт. Перевод: 7852 руб. fromAcc: 685 toAcc: 518 
    <Начальные остатки> from: 494192      to: 327713
     <Конечные остатки> from: 486340      to: 335565
Транзакция <2485> Финиш. Время операции: 0,000 сек.
---------------------------------------------------------------------------------
Транзакция <2486> Старт. Перевод: 7503 руб. fromAcc: 980 toAcc: 562 
    <Начальные остатки> from: 435797      to: 416770
     <Конечные остатки> from: 428294      to: 424273
Транзакция <2486> Финиш. Время операции: 0,000 сек.
---------------------------------------------------------------------------------
Транзакция <2487> Старт. Перевод: 8515 руб. fromAcc: 843 toAcc: 51 
    <Начальные остатки> from: 444659      to: 432854
     <Конечные остатки> from: 436144      to: 441369
Транзакция <2487> Финиш. Время операции: 0,000 сек.
---------------------------------------------------------------------------------
Транзакция <2488> Старт. Перевод: 2683 руб. fromAcc: 482 toAcc: 402 
    <Начальные остатки> from: 293475      to: 422566
     <Конечные остатки> from: 290792      to: 425249
Транзакция <2488> Финиш. Время операции: 0,000 сек.
---------------------------------------------------------------------------------
Транзакция <2489> Старт. Перевод: 6562 руб. fromAcc: 297 toAcc: 531 
    <Начальные остатки> from: 327295      to: 429304
     <Конечные остатки> from: 320733      to: 435866
Транзакция <2489> Финиш. Время операции: 0,000 сек.
---------------------------------------------------------------------------------
Транзакция <2490> Старт. Перевод: 5139 руб. fromAcc: 166 toAcc: 244 
    <Начальные остатки> from: 440715      to: 349209
     <Конечные остатки> from: 435576      to: 354348
Транзакция <2490> Финиш. Время операции: 0,000 сек.
---------------------------------------------------------------------------------
Транзакция <2491> Старт. Перевод: 3770 руб. fromAcc: 764 toAcc: 303 
    <Начальные остатки> from: 417692      to: 439144
     <Конечные остатки> from: 413922      to: 442914
Транзакция <2491> Финиш. Время операции: 0,000 сек.
---------------------------------------------------------------------------------
Транзакция <2492> Старт. Перевод: 4507 руб. fromAcc: 613 toAcc: 817 
    <Начальные остатки> from: 381919      to: 515761
     <Конечные остатки> from: 377412      to: 520268
Транзакция <2492> Финиш. Время операции: 0,000 сек.
---------------------------------------------------------------------------------
Транзакция <2493> Старт. Перевод: 4075 руб. fromAcc: 421 toAcc: 381 
    <Начальные остатки> from: 421010      to: 405295
     <Конечные остатки> from: 416935      to: 409370
Транзакция <2493> Финиш. Время операции: 0,000 сек.
---------------------------------------------------------------------------------
Транзакция <2494> Старт. Перевод: 5975 руб. fromAcc: 748 toAcc: 105 
    <Начальные остатки> from: 414491      to: 384919
     <Конечные остатки> from: 408516      to: 390894
Транзакция <2494> Финиш. Время операции: 0,000 сек.
---------------------------------------------------------------------------------
Транзакция <2495> Старт. Перевод: 8442 руб. fromAcc: 201 toAcc: 233 
    <Начальные остатки> from: 298576      to: 325360
     <Конечные остатки> from: 290134      to: 333802
Транзакция <2495> Финиш. Время операции: 0,000 сек.
---------------------------------------------------------------------------------
Транзакция <2496> Старт. Перевод: 3332 руб. fromAcc: 169 toAcc: 591 
    <Начальные остатки> from: 461547      to: 484417
     <Конечные остатки> from: 458215      to: 487749
Транзакция <2496> Финиш. Время операции: 0,000 сек.
---------------------------------------------------------------------------------
Транзакция <2497> Старт. Перевод: 8396 руб. fromAcc: 560 toAcc: 507 
    <Начальные остатки> from: 314130      to: 249208
     <Конечные остатки> from: 305734      to: 257604
Транзакция <2497> Финиш. Время операции: 0,000 сек.
---------------------------------------------------------------------------------
Транзакция <2498> Старт. Перевод: 6854 руб. fromAcc: 150 toAcc: 139 
    <Начальные остатки> from: 334599      to: 291906
     <Конечные остатки> from: 327745      to: 298760
Транзакция <2498> Финиш. Время операции: 0,000 сек.
---------------------------------------------------------------------------------
Транзакция <2499> Старт. Перевод: 3708 руб. fromAcc: 911 toAcc: 413 
    <Начальные остатки> from: 533835      to: 470441
     <Конечные остатки> from: 530127      to: 474149
Транзакция <2499> Финиш. Время операции: 0,000 сек.
---------------------------------------------------------------------------------
Транзакция <2500> Старт. Перевод: 7798 руб. fromAcc: 126 toAcc: 867 
    <Начальные остатки> from: 387442      to: 453529
     <Конечные остатки> from: 379644      to: 461327
Транзакция <2500> Финиш. Время операции: 0,000 сек.
---------------------------------------------------------------------------------
Транзакция <2501> Старт. Перевод: 2263 руб. fromAcc: 194 toAcc: 747 
    <Начальные остатки> from: 427978      to: 345416
     <Конечные остатки> from: 425715      to: 347679
Транзакция <2501> Финиш. Время операции: 0,000 сек.
---------------------------------------------------------------------------------
Транзакция <2502> Старт. Перевод: 3761 руб. fromAcc: 769 toAcc: 645 
    <Начальные остатки> from: 297258      to: 485463
     <Конечные остатки> from: 293497      to: 489224
Транзакция <2502> Финиш. Время операции: 0,000 сек.
---------------------------------------------------------------------------------
Транзакция <2503> Старт. Перевод: 2591 руб. fromAcc: 281 toAcc: 817 
    <Начальные остатки> from: 423457      to: 520268
     <Конечные остатки> from: 420866      to: 522859
Транзакция <2503> Финиш. Время операции: 0,000 сек.
---------------------------------------------------------------------------------
Транзакция <2504> Старт. Перевод: 1650 руб. fromAcc: 959 toAcc: 61 
    <Начальные остатки> from: 393467      to: 358365
     <Конечные остатки> from: 391817      to: 360015
Транзакция <2504> Финиш. Время операции: 0,000 сек.
---------------------------------------------------------------------------------
Транзакция <2505> Старт. Перевод: 2102 руб. fromAcc: 167 toAcc: 731 
    <Начальные остатки> from: 436028      to: 318852
     <Конечные остатки> from: 433926      to: 320954
Транзакция <2505> Финиш. Время операции: 0,000 сек.
---------------------------------------------------------------------------------
Транзакция <2506> Старт. Перевод: 7544 руб. fromAcc: 258 toAcc: 975 
    <Начальные остатки> from: 350961      to: 443950
     <Конечные остатки> from: 343417      to: 451494
Транзакция <2506> Финиш. Время операции: 0,000 сек.
---------------------------------------------------------------------------------
Транзакция <2507> Старт. Перевод: 6505 руб. fromAcc: 176 toAcc: 815 
    <Начальные остатки> from: 314009      to: 477383
     <Конечные остатки> from: 307504      to: 483888
Транзакция <2507> Финиш. Время операции: 0,000 сек.
---------------------------------------------------------------------------------
Транзакция <2508> Старт. Перевод: 5178 руб. fromAcc: 701 toAcc: 31 
    <Начальные остатки> from: 402439      to: 340092
     <Конечные остатки> from: 397261      to: 345270
Транзакция <2508> Финиш. Время операции: 0,000 сек.
---------------------------------------------------------------------------------
Транзакция <2509> Старт. Перевод: 8428 руб. fromAcc: 611 toAcc: 115 
    <Начальные остатки> from: 417174      to: 339347
     <Конечные остатки> from: 408746      to: 347775
Транзакция <2509> Финиш. Время операции: 0,000 сек.
---------------------------------------------------------------------------------
Транзакция <2510> Старт. Перевод: 7331 руб. fromAcc: 989 toAcc: 732 
    <Начальные остатки> from: 447727      to: 484083
     <Конечные остатки> from: 440396      to: 491414
Транзакция <2510> Финиш. Время операции: 0,000 сек.
---------------------------------------------------------------------------------
Транзакция <2511> Старт. Перевод: 5757 руб. fromAcc: 581 toAcc: 259 
    <Начальные остатки> from: 453128      to: 467812
     <Конечные остатки> from: 447371      to: 473569
Транзакция <2511> Финиш. Время операции: 0,000 сек.
---------------------------------------------------------------------------------
Транзакция <2512> Старт. Перевод: 6859 руб. fromAcc: 429 toAcc: 941 
    <Начальные остатки> from: 353447      to: 497036
     <Конечные остатки> from: 346588      to: 503895
Транзакция <2512> Финиш. Время операции: 0,000 сек.
---------------------------------------------------------------------------------
Транзакция <2513> Старт. Перевод: 2685 руб. fromAcc: 936 toAcc: 136 
    <Начальные остатки> from: 313188      to: 357158
     <Конечные остатки> from: 310503      to: 359843
Транзакция <2513> Финиш. Время операции: 0,000 сек.
---------------------------------------------------------------------------------
Транзакция <2514> Старт. Перевод: 6642 руб. fromAcc: 183 toAcc: 932 
    <Начальные остатки> from: 396331      to: 322895
     <Конечные остатки> from: 389689      to: 329537
Транзакция <2514> Финиш. Время операции: 0,000 сек.
---------------------------------------------------------------------------------
Транзакция <2515> Старт. Перевод: 8989 руб. fromAcc: 548 toAcc: 147 
    <Начальные остатки> from: 473606      to: 519998
     <Конечные остатки> from: 464617      to: 528987
Транзакция <2515> Финиш. Время операции: 0,000 сек.
---------------------------------------------------------------------------------
Транзакция <2516> Старт. Перевод: 193 руб. fromAcc: 674 toAcc: 338 
    <Начальные остатки> from: 369276      to: 354201
     <Конечные остатки> from: 369083      to: 354394
Транзакция <2516> Финиш. Время операции: 0,000 сек.
---------------------------------------------------------------------------------
Транзакция <2517> Старт. Перевод: 5542 руб. fromAcc: 359 toAcc: 11 
    <Начальные остатки> from: 381061      to: 398622
     <Конечные остатки> from: 375519      to: 404164
Транзакция <2517> Финиш. Время операции: 0,000 сек.
---------------------------------------------------------------------------------
Транзакция <2518> Старт. Перевод: 7197 руб. fromAcc: 226 toAcc: 623 
    <Начальные остатки> from: 365443      to: 387488
     <Конечные остатки> from: 358246      to: 394685
Транзакция <2518> Финиш. Время операции: 0,000 сек.
---------------------------------------------------------------------------------
Транзакция <2519> Старт. Перевод: 6563 руб. fromAcc: 940 toAcc: 367 
    <Начальные остатки> from: 351174      to: 369627
     <Конечные остатки> from: 344611      to: 376190
Транзакция <2519> Финиш. Время операции: 0,000 сек.
---------------------------------------------------------------------------------
Транзакция <2520> Старт. Перевод: 731 руб. fromAcc: 262 toAcc: 935 
    <Начальные остатки> from: 257397      to: 455264
     <Конечные остатки> from: 256666      to: 455995
Транзакция <2520> Финиш. Время операции: 0,000 сек.
---------------------------------------------------------------------------------
Транзакция <2521> Старт. Перевод: 1622 руб. fromAcc: 488 toAcc: 657 
    <Начальные остатки> from: 394757      to: 395605
     <Конечные остатки> from: 393135      to: 397227
Транзакция <2521> Финиш. Время операции: 0,000 сек.
---------------------------------------------------------------------------------
Транзакция <2522> Старт. Перевод: 5420 руб. fromAcc: 658 toAcc: 454 
    <Начальные остатки> from: 362281      to: 325742
     <Конечные остатки> from: 356861      to: 331162
Транзакция <2522> Финиш. Время операции: 0,000 сек.
---------------------------------------------------------------------------------
Транзакция <2523> Старт. Перевод: 2895 руб. fromAcc: 482 toAcc: 30 
    <Начальные остатки> from: 290792      to: 333004
     <Конечные остатки> from: 287897      to: 335899
Транзакция <2523> Финиш. Время операции: 0,000 сек.
---------------------------------------------------------------------------------
Транзакция <2524> Старт. Перевод: 8302 руб. fromAcc: 72 toAcc: 600 
    <Начальные остатки> from: 425305      to: 483761
     <Конечные остатки> from: 417003      to: 492063
Транзакция <2524> Финиш. Время операции: 0,000 сек.
---------------------------------------------------------------------------------
Транзакция <2525> Старт. Перевод: 5689 руб. fromAcc: 459 toAcc: 253 
    <Начальные остатки> from: 381133      to: 254948
     <Конечные остатки> from: 375444      to: 260637
Транзакция <2525> Финиш. Время операции: 0,000 сек.
---------------------------------------------------------------------------------
Транзакция <2526> Старт. Перевод: 6636 руб. fromAcc: 332 toAcc: 710 
    <Начальные остатки> from: 455655      to: 498518
     <Конечные остатки> from: 449019      to: 505154
Транзакция <2526> Финиш. Время операции: 0,000 сек.
---------------------------------------------------------------------------------
Транзакция <2527> Старт. Перевод: 2735 руб. fromAcc: 604 toAcc: 875 
    <Начальные остатки> from: 375248      to: 341085
     <Конечные остатки> from: 372513      to: 343820
Транзакция <2527> Финиш. Время операции: 0,000 сек.
---------------------------------------------------------------------------------
Транзакция <2528> Старт. Перевод: 9435 руб. fromAcc: 226 toAcc: 53 
    <Начальные остатки> from: 358246      to: 528908
     <Конечные остатки> from: 348811      to: 538343
Транзакция <2528> Финиш. Время операции: 0,000 сек.
---------------------------------------------------------------------------------
Транзакция <2529> Старт. Перевод: 5269 руб. fromAcc: 122 toAcc: 123 
    <Начальные остатки> from: 327742      to: 395790
     <Конечные остатки> from: 322473      to: 401059
Транзакция <2529> Финиш. Время операции: 0,000 сек.
---------------------------------------------------------------------------------
Транзакция <2530> Старт. Перевод: 1964 руб. fromAcc: 255 toAcc: 294 
    <Начальные остатки> from: 411829      to: 472593
     <Конечные остатки> from: 409865      to: 474557
Транзакция <2530> Финиш. Время операции: 0,000 сек.
---------------------------------------------------------------------------------
Транзакция <2531> Старт. Перевод: 6391 руб. fromAcc: 593 toAcc: 268 
    <Начальные остатки> from: 338613      to: 388795
     <Конечные остатки> from: 332222      to: 395186
Транзакция <2531> Финиш. Время операции: 0,000 сек.
---------------------------------------------------------------------------------
Транзакция <2532> Старт. Перевод: 4972 руб. fromAcc: 205 toAcc: 769 
    <Начальные остатки> from: 447064      to: 293497
     <Конечные остатки> from: 442092      to: 298469
Транзакция <2532> Финиш. Время операции: 0,000 сек.
---------------------------------------------------------------------------------
Транзакция <2533> Старт. Перевод: 4727 руб. fromAcc: 774 toAcc: 462 
    <Начальные остатки> from: 322878      to: 490692
     <Конечные остатки> from: 318151      to: 495419
Транзакция <2533> Финиш. Время операции: 0,000 сек.
---------------------------------------------------------------------------------
Транзакция <2534> Старт. Перевод: 2907 руб. fromAcc: 602 toAcc: 181 
    <Начальные остатки> from: 472464      to: 338431
     <Конечные остатки> from: 469557      to: 341338
Транзакция <2534> Финиш. Время операции: 0,000 сек.
---------------------------------------------------------------------------------
Транзакция <2535> Старт. Перевод: 8894 руб. fromAcc: 542 toAcc: 270 
    <Начальные остатки> from: 461567      to: 331526
     <Конечные остатки> from: 452673      to: 340420
Транзакция <2535> Финиш. Время операции: 0,000 сек.
---------------------------------------------------------------------------------
Транзакция <2536> Старт. Перевод: 7882 руб. fromAcc: 389 toAcc: 591 
    <Начальные остатки> from: 350062      to: 487749
     <Конечные остатки> from: 342180      to: 495631
Транзакция <2536> Финиш. Время операции: 0,000 сек.
---------------------------------------------------------------------------------
Транзакция <2537> Старт. Перевод: 5775 руб. fromAcc: 950 toAcc: 388 
    <Начальные остатки> from: 383103      to: 397701
     <Конечные остатки> from: 377328      to: 403476
Транзакция <2537> Финиш. Время операции: 0,000 сек.
---------------------------------------------------------------------------------
Транзакция <2538> Старт. Перевод: 8638 руб. fromAcc: 409 toAcc: 808 
    <Начальные остатки> from: 394835      to: 355788
     <Конечные остатки> from: 386197      to: 364426
Транзакция <2538> Финиш. Время операции: 0,000 сек.
---------------------------------------------------------------------------------
Транзакция <2539> Старт. Перевод: 8116 руб. fromAcc: 597 toAcc: 298 
    <Начальные остатки> from: 393190      to: 301384
     <Конечные остатки> from: 385074      to: 309500
Транзакция <2539> Финиш. Время операции: 0,000 сек.
---------------------------------------------------------------------------------
Транзакция <2540> Старт. Перевод: 6270 руб. fromAcc: 521 toAcc: 544 
    <Начальные остатки> from: 413527      to: 308181
     <Конечные остатки> from: 407257      to: 314451
Транзакция <2540> Финиш. Время операции: 0,000 сек.
---------------------------------------------------------------------------------
Транзакция <2541> Старт. Перевод: 9444 руб. fromAcc: 761 toAcc: 827 
    <Начальные остатки> from: 451357      to: 440239
     <Конечные остатки> from: 441913      to: 449683
Транзакция <2541> Финиш. Время операции: 0,000 сек.
---------------------------------------------------------------------------------
Транзакция <2542> Старт. Перевод: 976 руб. fromAcc: 436 toAcc: 943 
    <Начальные остатки> from: 415335      to: 378947
     <Конечные остатки> from: 414359      to: 379923
Транзакция <2542> Финиш. Время операции: 0,000 сек.
---------------------------------------------------------------------------------
Транзакция <2543> Старт. Перевод: 6830 руб. fromAcc: 14 toAcc: 865 
    <Начальные остатки> from: 521877      to: 402336
     <Конечные остатки> from: 515047      to: 409166
Транзакция <2543> Финиш. Время операции: 0,001 сек.
---------------------------------------------------------------------------------
Транзакция <2544> Старт. Перевод: 6573 руб. fromAcc: 600 toAcc: 363 
    <Начальные остатки> from: 492063      to: 416782
     <Конечные остатки> from: 485490      to: 423355
Транзакция <2544> Финиш. Время операции: 0,000 сек.
---------------------------------------------------------------------------------
Транзакция <2545> Старт. Перевод: 4484 руб. fromAcc: 277 toAcc: 727 
    <Начальные остатки> from: 364113      to: 411388
     <Конечные остатки> from: 359629      to: 415872
Транзакция <2545> Финиш. Время операции: 0,001 сек.
---------------------------------------------------------------------------------
Транзакция <2546> Старт. Перевод: 2061 руб. fromAcc: 712 toAcc: 497 
    <Начальные остатки> from: 332354      to: 296793
     <Конечные остатки> from: 330293      to: 298854
Транзакция <2546> Финиш. Время операции: 0,001 сек.
---------------------------------------------------------------------------------
Транзакция <2547> Старт. Перевод: 3712 руб. fromAcc: 505 toAcc: 893 
    <Начальные остатки> from: 486220      to: 424609
     <Конечные остатки> from: 482508      to: 428321
Транзакция <2547> Финиш. Время операции: 0,001 сек.
---------------------------------------------------------------------------------
Транзакция <2548> Старт. Перевод: 1964 руб. fromAcc: 701 toAcc: 225 
    <Начальные остатки> from: 397261      to: 480366
     <Конечные остатки> from: 395297      to: 482330
Транзакция <2548> Финиш. Время операции: 0,004 сек.
---------------------------------------------------------------------------------
Транзакция <2549> Старт. Перевод: 7219 руб. fromAcc: 476 toAcc: 114 
    <Начальные остатки> from: 322206      to: 304673
     <Конечные остатки> from: 314987      to: 311892
Транзакция <2549> Финиш. Время операции: 0,001 сек.
---------------------------------------------------------------------------------
Транзакция <2550> Старт. Перевод: 9731 руб. fromAcc: 252 toAcc: 794 
    <Начальные остатки> from: 486019      to: 450404
     <Конечные остатки> from: 476288      to: 460135
Транзакция <2550> Финиш. Время операции: 0,000 сек.
---------------------------------------------------------------------------------
Транзакция <2551> Старт. Перевод: 8293 руб. fromAcc: 392 toAcc: 126 
    <Начальные остатки> from: 319100      to: 379644
     <Конечные остатки> from: 310807      to: 387937
Транзакция <2551> Финиш. Время операции: 0,000 сек.
---------------------------------------------------------------------------------
СЧЕТ ЗАБЛОКИРОВАН
     <Конечные остатки> from: 324052      to: 420565
Транзакция <274> Финиш. Время операции: 15,153 сек.
---------------------------------------------------------------------------------
Транзакция <2552> Старт. Перевод: 940 руб. fromAcc: 212 toAcc: 186 
    <Начальные остатки> from: 391102      to: 483388
     <Конечные остатки> from: 390162      to: 484328
Транзакция <2552> Финиш. Время операции: 0,000 сек.
---------------------------------------------------------------------------------
Транзакция <2553> Старт. Перевод: 7846 руб. fromAcc: 227 toAcc: 466 
    <Начальные остатки> from: 476411      to: 454872
     <Конечные остатки> from: 468565      to: 462718
Транзакция <2553> Финиш. Время операции: 0,000 сек.
---------------------------------------------------------------------------------
Транзакция <2554> Старт. Перевод: 5576 руб. fromAcc: 448 toAcc: 804 
    <Начальные остатки> from: 368932      to: 325269
     <Конечные остатки> from: 363356      to: 330845
Транзакция <2554> Финиш. Время операции: 0,000 сек.
---------------------------------------------------------------------------------
Транзакция <2555> Старт. Перевод: 4855 руб. fromAcc: 62 toAcc: 107 
    <Начальные остатки> from: 397341      to: 414300
     <Конечные остатки> from: 392486      to: 419155
Транзакция <2555> Финиш. Время операции: 0,000 сек.
---------------------------------------------------------------------------------
Транзакция <2556> Старт. Перевод: 1114 руб. fromAcc: 9 toAcc: 825 
    <Начальные остатки> from: 542909      to: 316684
     <Конечные остатки> from: 541795      to: 317798
Транзакция <2556> Финиш. Время операции: 0,003 сек.
---------------------------------------------------------------------------------
Транзакция <2557> Старт. Перевод: 8177 руб. fromAcc: 833 toAcc: 931 
    <Начальные остатки> from: 493536      to: 354576
     <Конечные остатки> from: 485359      to: 362753
Транзакция <2557> Финиш. Время операции: 0,001 сек.
---------------------------------------------------------------------------------
Транзакция <2558> Старт. Перевод: 708 руб. fromAcc: 644 toAcc: 832 
    <Начальные остатки> from: 325352      to: 388077
     <Конечные остатки> from: 324644      to: 388785
Транзакция <2558> Финиш. Время операции: 0,000 сек.
---------------------------------------------------------------------------------
Транзакция <2559> Старт. Перевод: 272 руб. fromAcc: 220 toAcc: 249 
    <Начальные остатки> from: 424295      to: 459378
     <Конечные остатки> from: 424023      to: 459650
Транзакция <2559> Финиш. Время операции: 0,000 сек.
---------------------------------------------------------------------------------
Транзакция <2560> Старт. Перевод: 3196 руб. fromAcc: 49 toAcc: 604 
    <Начальные остатки> from: 438488      to: 372513
     <Конечные остатки> from: 435292      to: 375709
Транзакция <2560> Финиш. Время операции: 0,004 сек.
---------------------------------------------------------------------------------
Транзакция <2561> Старт. Перевод: 5827 руб. fromAcc: 624 toAcc: 873 
    <Начальные остатки> from: 434386      to: 313860
     <Конечные остатки> from: 428559      to: 319687
Транзакция <2561> Финиш. Время операции: 0,001 сек.
---------------------------------------------------------------------------------
Транзакция <2562> Старт. Перевод: 4216 руб. fromAcc: 377 toAcc: 157 
    <Начальные остатки> from: 410233      to: 422930
     <Конечные остатки> from: 406017      to: 427146
Транзакция <2562> Финиш. Время операции: 0,000 сек.
---------------------------------------------------------------------------------
Транзакция <2563> Старт. Перевод: 794 руб. fromAcc: 443 toAcc: 480 
    <Начальные остатки> from: 318686      to: 364260
     <Конечные остатки> from: 317892      to: 365054
Транзакция <2563> Финиш. Время операции: 0,001 сек.
---------------------------------------------------------------------------------
Транзакция <2564> Старт. Перевод: 172 руб. fromAcc: 889 toAcc: 420 
    <Начальные остатки> from: 396085      to: 368835
     <Конечные остатки> from: 395913      to: 369007
Транзакция <2564> Финиш. Время операции: 0,000 сек.
---------------------------------------------------------------------------------
Транзакция <2565> Старт. Перевод: 55000 руб. fromAcc: 101 toAcc: 244 
    <Начальные остатки> from: 418995      to: 354348
Транзакция <2566> Старт. Перевод: 9417 руб. fromAcc: 975 toAcc: 797 
    <Начальные остатки> from: 451494      to: 448677
     <Конечные остатки> from: 442077      to: 458094
Транзакция <2566> Финиш. Время операции: 0,000 сек.
---------------------------------------------------------------------------------
Транзакция <2567> Старт. Перевод: 9980 руб. fromAcc: 922 toAcc: 538 
    <Начальные остатки> from: 526243      to: 515140
     <Конечные остатки> from: 516263      to: 525120
Транзакция <2567> Финиш. Время операции: 0,000 сек.
---------------------------------------------------------------------------------
Транзакция <2568> Старт. Перевод: 7023 руб. fromAcc: 268 toAcc: 637 
    <Начальные остатки> from: 395186      to: 438253
     <Конечные остатки> from: 388163      to: 445276
Транзакция <2568> Финиш. Время операции: 0,000 сек.
---------------------------------------------------------------------------------
Транзакция <2569> Старт. Перевод: 4954 руб. fromAcc: 658 toAcc: 125 
    <Начальные остатки> from: 356861      to: 443833
     <Конечные остатки> from: 351907      to: 448787
Транзакция <2569> Финиш. Время операции: 0,003 сек.
---------------------------------------------------------------------------------
Транзакция <2570> Старт. Перевод: 7368 руб. fromAcc: 272 toAcc: 770 
    <Начальные остатки> from: 326495      to: 402968
     <Конечные остатки> from: 319127      to: 410336
Транзакция <2570> Финиш. Время операции: 0,001 сек.
---------------------------------------------------------------------------------
Транзакция <2571> Старт. Перевод: 9596 руб. fromAcc: 209 toAcc: 195 
    <Начальные остатки> from: 376039      to: 408377
     <Конечные остатки> from: 366443      to: 417973
Транзакция <2571> Финиш. Время операции: 0,000 сек.
---------------------------------------------------------------------------------
Транзакция <2572> Старт. Перевод: 3852 руб. fromAcc: 228 toAcc: 818 
    <Начальные остатки> from: 450916      to: 442516
     <Конечные остатки> from: 447064      to: 446368
Транзакция <2572> Финиш. Время операции: 0,000 сек.
---------------------------------------------------------------------------------
Транзакция <2573> Старт. Перевод: 2404 руб. fromAcc: 348 toAcc: 666 
    <Начальные остатки> from: 440367      to: 376503
     <Конечные остатки> from: 437963      to: 378907
Транзакция <2573> Финиш. Время операции: 0,000 сек.
---------------------------------------------------------------------------------
Транзакция <2574> Старт. Перевод: 1193 руб. fromAcc: 423 toAcc: 143 
    <Начальные остатки> from: 384241      to: 405452
     <Конечные остатки> from: 383048      to: 406645
Транзакция <2574> Финиш. Время операции: 0,000 сек.
---------------------------------------------------------------------------------
Транзакция <2575> Старт. Перевод: 4894 руб. fromAcc: 844 toAcc: 448 
    <Начальные остатки> from: 368504      to: 363356
     <Конечные остатки> from: 363610      to: 368250
Транзакция <2575> Финиш. Время операции: 0,000 сек.
---------------------------------------------------------------------------------
Транзакция <2576> Старт. Перевод: 4547 руб. fromAcc: 904 toAcc: 676 
    <Начальные остатки> from: 340552      to: 441573
     <Конечные остатки> from: 336005      to: 446120
Транзакция <2576> Финиш. Время операции: 0,000 сек.
---------------------------------------------------------------------------------
Транзакция <2577> Старт. Перевод: 556 руб. fromAcc: 260 toAcc: 596 
    <Начальные остатки> from: 418889      to: 468919
     <Конечные остатки> from: 418333      to: 469475
Транзакция <2577> Финиш. Время операции: 0,000 сек.
---------------------------------------------------------------------------------
Транзакция <2578> Старт. Перевод: 7115 руб. fromAcc: 92 toAcc: 699 
    <Начальные остатки> from: 391442      to: 320915
     <Конечные остатки> from: 384327      to: 328030
Транзакция <2578> Финиш. Время операции: 0,000 сек.
---------------------------------------------------------------------------------
Транзакция <2579> Старт. Перевод: 8958 руб. fromAcc: 272 toAcc: 428 
    <Начальные остатки> from: 319127      to: 491579
     <Конечные остатки> from: 310169      to: 500537
Транзакция <2579> Финиш. Время операции: 0,000 сек.
---------------------------------------------------------------------------------
Транзакция <2580> Старт. Перевод: 7655 руб. fromAcc: 849 toAcc: 398 
    <Начальные остатки> from: 295927      to: 520949
     <Конечные остатки> from: 288272      to: 528604
Транзакция <2580> Финиш. Время операции: 0,000 сек.
---------------------------------------------------------------------------------
Транзакция <2581> Старт. Перевод: 2673 руб. fromAcc: 674 toAcc: 35 
    <Начальные остатки> from: 369083      to: 427817
     <Конечные остатки> from: 366410      to: 430490
Транзакция <2581> Финиш. Время операции: 0,000 сек.
---------------------------------------------------------------------------------
Транзакция <2582> Старт. Перевод: 1873 руб. fromAcc: 784 toAcc: 277 
    <Начальные остатки> from: 456213      to: 359629
     <Конечные остатки> from: 454340      to: 361502
Транзакция <2582> Финиш. Время операции: 0,000 сек.
---------------------------------------------------------------------------------
Транзакция <2583> Старт. Перевод: 7228 руб. fromAcc: 507 toAcc: 927 
    <Начальные остатки> from: 257604      to: 335244
     <Конечные остатки> from: 250376      to: 342472
Транзакция <2583> Финиш. Время операции: 0,000 сек.
---------------------------------------------------------------------------------
Транзакция <2584> Старт. Перевод: 4116 руб. fromAcc: 865 toAcc: 761 
    <Начальные остатки> from: 409166      to: 441913
     <Конечные остатки> from: 405050      to: 446029
Транзакция <2584> Финиш. Время операции: 0,000 сек.
---------------------------------------------------------------------------------
Транзакция <2585> Старт. Перевод: 6786 руб. fromAcc: 977 toAcc: 746 
    <Начальные остатки> from: 351897      to: 488533
     <Конечные остатки> from: 345111      to: 495319
Транзакция <2585> Финиш. Время операции: 0,000 сек.
---------------------------------------------------------------------------------
Транзакция <2586> Старт. Перевод: 8322 руб. fromAcc: 631 toAcc: 573 
    <Начальные остатки> from: 347691      to: 306153
     <Конечные остатки> from: 339369      to: 314475
Транзакция <2586> Финиш. Время операции: 0,000 сек.
---------------------------------------------------------------------------------
Транзакция <2587> Старт. Перевод: 729 руб. fromAcc: 95 toAcc: 256 
    <Начальные остатки> from: 435424      to: 371587
     <Конечные остатки> from: 434695      to: 372316
Транзакция <2587> Финиш. Время операции: 0,000 сек.
---------------------------------------------------------------------------------
Транзакция <2588> Старт. Перевод: 9679 руб. fromAcc: 548 toAcc: 710 
    <Начальные остатки> from: 464617      to: 505154
     <Конечные остатки> from: 454938      to: 514833
Транзакция <2588> Финиш. Время операции: 0,000 сек.
---------------------------------------------------------------------------------
Транзакция <2589> Старт. Перевод: 8863 руб. fromAcc: 205 toAcc: 85 
    <Начальные остатки> from: 442092      to: 412700
     <Конечные остатки> from: 433229      to: 421563
Транзакция <2589> Финиш. Время операции: 0,000 сек.
---------------------------------------------------------------------------------
Транзакция <2590> Старт. Перевод: 917 руб. fromAcc: 326 toAcc: 115 
    <Начальные остатки> from: 240763      to: 347775
     <Конечные остатки> from: 239846      to: 348692
Транзакция <2590> Финиш. Время операции: 0,000 сек.
---------------------------------------------------------------------------------
Транзакция <2591> Старт. Перевод: 5430 руб. fromAcc: 844 toAcc: 902 
    <Начальные остатки> from: 363610      to: 380297
     <Конечные остатки> from: 358180      to: 385727
Транзакция <2591> Финиш. Время операции: 0,000 сек.
---------------------------------------------------------------------------------
Транзакция <2592> Старт. Перевод: 9707 руб. fromAcc: 230 toAcc: 358 
    <Начальные остатки> from: 350173      to: 444803
     <Конечные остатки> from: 340466      to: 454510
Транзакция <2592> Финиш. Время операции: 0,000 сек.
---------------------------------------------------------------------------------
Транзакция <2593> Старт. Перевод: 4611 руб. fromAcc: 589 toAcc: 1000 
Транзакция <2594> Старт. Перевод: 6083 руб. fromAcc: 697 toAcc: 919 
    <Начальные остатки> from: 459776      to: 488731
[ Операция невозможна из-за блокировки счета !!! ]
from: true to: false
     <Конечные остатки> from: 459776      to: 488731
Транзакция <2594> Финиш. Время операции: 0,000 сек.
---------------------------------------------------------------------------------
Транзакция <2595> Старт. Перевод: 2743 руб. fromAcc: 830 toAcc: 494 
    <Начальные остатки> from: 310146      to: 419211
     <Конечные остатки> from: 307403      to: 421954
Транзакция <2595> Финиш. Время операции: 0,000 сек.
---------------------------------------------------------------------------------
Транзакция <2596> Старт. Перевод: 1360 руб. fromAcc: 811 toAcc: 911 
    <Начальные остатки> from: 454779      to: 530127
     <Конечные остатки> from: 453419      to: 531487
Транзакция <2596> Финиш. Время операции: 0,000 сек.
---------------------------------------------------------------------------------
Транзакция <2597> Старт. Перевод: 4912 руб. fromAcc: 638 toAcc: 577 
    <Начальные остатки> from: 498514      to: 480867
     <Конечные остатки> from: 493602      to: 485779
Транзакция <2597> Финиш. Время операции: 0,000 сек.
---------------------------------------------------------------------------------
Транзакция <2598> Старт. Перевод: 2466 руб. fromAcc: 425 toAcc: 308 
    <Начальные остатки> from: 308060      to: 401281
     <Конечные остатки> from: 305594      to: 403747
Транзакция <2598> Финиш. Время операции: 0,000 сек.
---------------------------------------------------------------------------------
Транзакция <2599> Старт. Перевод: 6149 руб. fromAcc: 163 toAcc: 560 
    <Начальные остатки> from: 290446      to: 305734
     <Конечные остатки> from: 284297      to: 311883
Транзакция <2599> Финиш. Время операции: 0,000 сек.
---------------------------------------------------------------------------------
Транзакция <2600> Старт. Перевод: 8160 руб. fromAcc: 992 toAcc: 25 
    <Начальные остатки> from: 479220      to: 246050
     <Конечные остатки> from: 471060      to: 254210
Транзакция <2600> Финиш. Время операции: 0,000 сек.
---------------------------------------------------------------------------------
Транзакция <2601> Старт. Перевод: 9895 руб. fromAcc: 226 toAcc: 639 
    <Начальные остатки> from: 348811      to: 296362
     <Конечные остатки> from: 338916      to: 306257
Транзакция <2601> Финиш. Время операции: 0,000 сек.
---------------------------------------------------------------------------------
Транзакция <2602> Старт. Перевод: 6062 руб. fromAcc: 407 toAcc: 424 
    <Начальные остатки> from: 376456      to: 345861
     <Конечные остатки> from: 370394      to: 351923
Транзакция <2602> Финиш. Время операции: 0,000 сек.
---------------------------------------------------------------------------------
Транзакция <2603> Старт. Перевод: 8957 руб. fromAcc: 34 toAcc: 595 
    <Начальные остатки> from: 441437      to: 482927
     <Конечные остатки> from: 432480      to: 491884
Транзакция <2603> Финиш. Время операции: 0,000 сек.
---------------------------------------------------------------------------------
Транзакция <2604> Старт. Перевод: 55000 руб. fromAcc: 397 toAcc: 81 
    <Начальные остатки> from: 399346      to: 333822
Транзакция <2605> Старт. Перевод: 8617 руб. fromAcc: 185 toAcc: 207 
    <Начальные остатки> from: 397353      to: 397456
     <Конечные остатки> from: 388736      to: 406073
Транзакция <2605> Финиш. Время операции: 0,000 сек.
---------------------------------------------------------------------------------
Транзакция <2606> Старт. Перевод: 3820 руб. fromAcc: 654 toAcc: 272 
    <Начальные остатки> from: 402113      to: 310169
     <Конечные остатки> from: 398293      to: 313989
Транзакция <2606> Финиш. Время операции: 0,000 сек.
---------------------------------------------------------------------------------
Транзакция <2607> Старт. Перевод: 1096 руб. fromAcc: 514 toAcc: 519 
    <Начальные остатки> from: 354545      to: 322265
     <Конечные остатки> from: 353449      to: 323361
Транзакция <2607> Финиш. Время операции: 0,000 сек.
---------------------------------------------------------------------------------
Транзакция <2608> Старт. Перевод: 1984 руб. fromAcc: 810 toAcc: 90 
    <Начальные остатки> from: 376746      to: 363090
     <Конечные остатки> from: 374762      to: 365074
Транзакция <2608> Финиш. Время операции: 0,000 сек.
---------------------------------------------------------------------------------
Транзакция <2609> Старт. Перевод: 3071 руб. fromAcc: 710 toAcc: 51 
    <Начальные остатки> from: 514833      to: 441369
     <Конечные остатки> from: 511762      to: 444440
Транзакция <2609> Финиш. Время операции: 0,000 сек.
---------------------------------------------------------------------------------
Транзакция <2610> Старт. Перевод: 7956 руб. fromAcc: 538 toAcc: 523 
    <Начальные остатки> from: 525120      to: 429537
     <Конечные остатки> from: 517164      to: 437493
Транзакция <2610> Финиш. Время операции: 0,000 сек.
---------------------------------------------------------------------------------
Транзакция <2611> Старт. Перевод: 2313 руб. fromAcc: 53 toAcc: 665 
    <Начальные остатки> from: 538343      to: 395532
     <Конечные остатки> from: 536030      to: 397845
Транзакция <2611> Финиш. Время операции: 0,000 сек.
---------------------------------------------------------------------------------
Транзакция <2612> Старт. Перевод: 8081 руб. fromAcc: 956 toAcc: 991 
    <Начальные остатки> from: 416001      to: 386017
     <Конечные остатки> from: 407920      to: 394098
Транзакция <2612> Финиш. Время операции: 0,000 сек.
---------------------------------------------------------------------------------
Транзакция <2613> Старт. Перевод: 8222 руб. fromAcc: 265 toAcc: 991 
    <Начальные остатки> from: 378175      to: 394098
     <Конечные остатки> from: 369953      to: 402320
Транзакция <2613> Финиш. Время операции: 0,000 сек.
---------------------------------------------------------------------------------
Транзакция <2614> Старт. Перевод: 7878 руб. fromAcc: 994 toAcc: 846 
    <Начальные остатки> from: 311783      to: 487969
     <Конечные остатки> from: 303905      to: 495847
Транзакция <2614> Финиш. Время операции: 0,000 сек.
---------------------------------------------------------------------------------
Транзакция <2615> Старт. Перевод: 1264 руб. fromAcc: 483 toAcc: 335 
    <Начальные остатки> from: 415080      to: 345899
     <Конечные остатки> from: 413816      to: 347163
Транзакция <2615> Финиш. Время операции: 0,000 сек.
---------------------------------------------------------------------------------
Транзакция <2616> Старт. Перевод: 6178 руб. fromAcc: 891 toAcc: 682 
    <Начальные остатки> from: 510473      to: 506785
     <Конечные остатки> from: 504295      to: 512963
Транзакция <2616> Финиш. Время операции: 0,000 сек.
---------------------------------------------------------------------------------
Транзакция <2617> Старт. Перевод: 9606 руб. fromAcc: 582 toAcc: 199 
    <Начальные остатки> from: 382091      to: 457771
     <Конечные остатки> from: 372485      to: 467377
Транзакция <2617> Финиш. Время операции: 0,000 сек.
---------------------------------------------------------------------------------
Транзакция <2618> Старт. Перевод: 8601 руб. fromAcc: 567 toAcc: 44 
    <Начальные остатки> from: 313264      to: 300760
     <Конечные остатки> from: 304663      to: 309361
Транзакция <2618> Финиш. Время операции: 0,000 сек.
---------------------------------------------------------------------------------
Транзакция <2619> Старт. Перевод: 331 руб. fromAcc: 742 toAcc: 330 
    <Начальные остатки> from: 456008      to: 374654
     <Конечные остатки> from: 455677      to: 374985
Транзакция <2619> Финиш. Время операции: 0,000 сек.
---------------------------------------------------------------------------------
Транзакция <2620> Старт. Перевод: 3988 руб. fromAcc: 405 toAcc: 110 
    <Начальные остатки> from: 370672      to: 454463
     <Конечные остатки> from: 366684      to: 458451
Транзакция <2620> Финиш. Время операции: 0,000 сек.
---------------------------------------------------------------------------------
Транзакция <2621> Старт. Перевод: 5131 руб. fromAcc: 384 toAcc: 476 
    <Начальные остатки> from: 355620      to: 314987
     <Конечные остатки> from: 350489      to: 320118
Транзакция <2621> Финиш. Время операции: 0,000 сек.
---------------------------------------------------------------------------------
Транзакция <2622> Старт. Перевод: 9934 руб. fromAcc: 209 toAcc: 128 
    <Начальные остатки> from: 366443      to: 431875
     <Конечные остатки> from: 356509      to: 441809
Транзакция <2622> Финиш. Время операции: 0,000 сек.
---------------------------------------------------------------------------------
Транзакция <2623> Старт. Перевод: 2831 руб. fromAcc: 897 toAcc: 276 
    <Начальные остатки> from: 316209      to: 349762
     <Конечные остатки> from: 313378      to: 352593
Транзакция <2623> Финиш. Время операции: 0,000 сек.
---------------------------------------------------------------------------------
Транзакция <2624> Старт. Перевод: 6043 руб. fromAcc: 348 toAcc: 680 
    <Начальные остатки> from: 437963      to: 523235
     <Конечные остатки> from: 431920      to: 529278
Транзакция <2624> Финиш. Время операции: 0,000 сек.
---------------------------------------------------------------------------------
Транзакция <2625> Старт. Перевод: 3660 руб. fromAcc: 777 toAcc: 961 
    <Начальные остатки> from: 456005      to: 466317
     <Конечные остатки> from: 452345      to: 469977
Транзакция <2625> Финиш. Время операции: 0,000 сек.
---------------------------------------------------------------------------------
Транзакция <2626> Старт. Перевод: 6046 руб. fromAcc: 369 toAcc: 48 
    <Начальные остатки> from: 362051      to: 388871
     <Конечные остатки> from: 356005      to: 394917
Транзакция <2626> Финиш. Время операции: 0,000 сек.
---------------------------------------------------------------------------------
Транзакция <2627> Старт. Перевод: 55000 руб. fromAcc: 84 toAcc: 783 
    <Начальные остатки> from: 476594      to: 371252
Транзакция <2628> Старт. Перевод: 9129 руб. fromAcc: 253 toAcc: 588 
    <Начальные остатки> from: 260637      to: 368890
     <Конечные остатки> from: 251508      to: 378019
Транзакция <2628> Финиш. Время операции: 0,000 сек.
---------------------------------------------------------------------------------
Транзакция <2629> Старт. Перевод: 1734 руб. fromAcc: 232 toAcc: 369 
    <Начальные остатки> from: 464919      to: 356005
     <Конечные остатки> from: 463185      to: 357739
Транзакция <2629> Финиш. Время операции: 0,000 сек.
---------------------------------------------------------------------------------
Транзакция <2630> Старт. Перевод: 3135 руб. fromAcc: 181 toAcc: 439 
    <Начальные остатки> from: 341338      to: 334843
     <Конечные остатки> from: 338203      to: 337978
Транзакция <2630> Финиш. Время операции: 0,000 сек.
---------------------------------------------------------------------------------
Транзакция <2631> Старт. Перевод: 7808 руб. fromAcc: 950 toAcc: 439 
    <Начальные остатки> from: 377328      to: 337978
     <Конечные остатки> from: 369520      to: 345786
Транзакция <2631> Финиш. Время операции: 0,000 сек.
---------------------------------------------------------------------------------
Транзакция <2632> Старт. Перевод: 4100 руб. fromAcc: 448 toAcc: 583 
    <Начальные остатки> from: 368250      to: 372760
     <Конечные остатки> from: 364150      to: 376860
Транзакция <2632> Финиш. Время операции: 0,000 сек.
---------------------------------------------------------------------------------
Транзакция <2633> Старт. Перевод: 6353 руб. fromAcc: 442 toAcc: 639 
    <Начальные остатки> from: 452355      to: 306257
     <Конечные остатки> from: 446002      to: 312610
Транзакция <2633> Финиш. Время операции: 0,000 сек.
---------------------------------------------------------------------------------
Транзакция <2634> Старт. Перевод: 3024 руб. fromAcc: 456 toAcc: 70 
    <Начальные остатки> from: 418426      to: 499209
     <Конечные остатки> from: 415402      to: 502233
Транзакция <2634> Финиш. Время операции: 0,000 сек.
---------------------------------------------------------------------------------
Транзакция <2635> Старт. Перевод: 9307 руб. fromAcc: 535 toAcc: 517 
    <Начальные остатки> from: 468089      to: 436225
     <Конечные остатки> from: 458782      to: 445532
Транзакция <2635> Финиш. Время операции: 0,000 сек.
---------------------------------------------------------------------------------
Транзакция <2636> Старт. Перевод: 9598 руб. fromAcc: 67 toAcc: 56 
    <Начальные остатки> from: 452449      to: 470107
     <Конечные остатки> from: 442851      to: 479705
Транзакция <2636> Финиш. Время операции: 0,000 сек.
---------------------------------------------------------------------------------
Транзакция <2637> Старт. Перевод: 8584 руб. fromAcc: 285 toAcc: 34 
    <Начальные остатки> from: 448233      to: 432480
     <Конечные остатки> from: 439649      to: 441064
Транзакция <2637> Финиш. Время операции: 0,000 сек.
---------------------------------------------------------------------------------
Транзакция <2638> Старт. Перевод: 9675 руб. fromAcc: 321 toAcc: 846 
    <Начальные остатки> from: 402425      to: 495847
     <Конечные остатки> from: 392750      to: 505522
Транзакция <2638> Финиш. Время операции: 0,000 сек.
---------------------------------------------------------------------------------
Транзакция <2639> Старт. Перевод: 6042 руб. fromAcc: 883 toAcc: 702 
    <Начальные остатки> from: 317762      to: 421663
     <Конечные остатки> from: 311720      to: 427705
Транзакция <2639> Финиш. Время операции: 0,000 сек.
---------------------------------------------------------------------------------
Транзакция <2640> Старт. Перевод: 2629 руб. fromAcc: 749 toAcc: 297 
    <Начальные остатки> from: 336247      to: 320733
     <Конечные остатки> from: 333618      to: 323362
Транзакция <2640> Финиш. Время операции: 0,000 сек.
---------------------------------------------------------------------------------
Транзакция <2641> Старт. Перевод: 7165 руб. fromAcc: 238 toAcc: 309 
    <Начальные остатки> from: 272689      to: 451653
     <Конечные остатки> from: 265524      to: 458818
Транзакция <2641> Финиш. Время операции: 0,000 сек.
---------------------------------------------------------------------------------
Транзакция <2642> Старт. Перевод: 4388 руб. fromAcc: 762 toAcc: 826 
    <Начальные остатки> from: 458977      to: 354306
     <Конечные остатки> from: 454589      to: 358694
Транзакция <2642> Финиш. Время операции: 0,000 сек.
---------------------------------------------------------------------------------
Транзакция <2643> Старт. Перевод: 544 руб. fromAcc: 360 toAcc: 104 
    <Начальные остатки> from: 327421      to: 340411
     <Конечные остатки> from: 326877      to: 340955
Транзакция <2643> Финиш. Время операции: 0,000 сек.
---------------------------------------------------------------------------------
Транзакция <2644> Старт. Перевод: 4489 руб. fromAcc: 856 toAcc: 570 
    <Начальные остатки> from: 332517      to: 364241
     <Конечные остатки> from: 328028      to: 368730
Транзакция <2644> Финиш. Время операции: 0,000 сек.
---------------------------------------------------------------------------------
Транзакция <2645> Старт. Перевод: 7708 руб. fromAcc: 889 toAcc: 608 
    <Начальные остатки> from: 395913      to: 412856
     <Конечные остатки> from: 388205      to: 420564
Транзакция <2645> Финиш. Время операции: 0,000 сек.
---------------------------------------------------------------------------------
Транзакция <2646> Старт. Перевод: 7966 руб. fromAcc: 629 toAcc: 445 
    <Начальные остатки> from: 431780      to: 493088
     <Конечные остатки> from: 423814      to: 501054
Транзакция <2646> Финиш. Время операции: 0,000 сек.
---------------------------------------------------------------------------------
Транзакция <2647> Старт. Перевод: 393 руб. fromAcc: 404 toAcc: 437 
    <Начальные остатки> from: 320719      to: 431480
     <Конечные остатки> from: 320326      to: 431873
Транзакция <2647> Финиш. Время операции: 0,000 сек.
---------------------------------------------------------------------------------
Транзакция <2648> Старт. Перевод: 5380 руб. fromAcc: 839 toAcc: 135 
    <Начальные остатки> from: 382244      to: 418677
     <Конечные остатки> from: 376864      to: 424057
Транзакция <2648> Финиш. Время операции: 0,000 сек.
---------------------------------------------------------------------------------
Транзакция <2649> Старт. Перевод: 55000 руб. fromAcc: 350 toAcc: 775 
    <Начальные остатки> from: 310884      to: 407694
Транзакция <2650> Старт. Перевод: 5582 руб. fromAcc: 471 toAcc: 990 
    <Начальные остатки> from: 356473      to: 393816
[ Операция невозможна из-за блокировки счета !!! ]
from: false to: true
     <Конечные остатки> from: 356473      to: 393816
Транзакция <2650> Финиш. Время операции: 0,000 сек.
---------------------------------------------------------------------------------
Транзакция <2651> Старт. Перевод: 364 руб. fromAcc: 674 toAcc: 727 
    <Начальные остатки> from: 366410      to: 415872
     <Конечные остатки> from: 366046      to: 416236
Транзакция <2651> Финиш. Время операции: 0,000 сек.
---------------------------------------------------------------------------------
Транзакция <2652> Старт. Перевод: 8037 руб. fromAcc: 485 toAcc: 198 
    <Начальные остатки> from: 288147      to: 378269
     <Конечные остатки> from: 280110      to: 386306
Транзакция <2652> Финиш. Время операции: 0,000 сек.
---------------------------------------------------------------------------------
Транзакция <2653> Старт. Перевод: 6986 руб. fromAcc: 820 toAcc: 870 
    <Начальные остатки> from: 388438      to: 504092
     <Конечные остатки> from: 381452      to: 511078
Транзакция <2653> Финиш. Время операции: 0,000 сек.
---------------------------------------------------------------------------------
Транзакция <2654> Старт. Перевод: 719 руб. fromAcc: 950 toAcc: 307 
    <Начальные остатки> from: 369520      to: 527188
     <Конечные остатки> from: 368801      to: 527907
Транзакция <2654> Финиш. Время операции: 0,000 сек.
---------------------------------------------------------------------------------
Транзакция <2655> Старт. Перевод: 55000 руб. fromAcc: 85 toAcc: 967 
    <Начальные остатки> from: 421563      to: 326327
Транзакция <2656> Старт. Перевод: 5892 руб. fromAcc: 871 toAcc: 994 
    <Начальные остатки> from: 434524      to: 303905
     <Конечные остатки> from: 428632      to: 309797
Транзакция <2656> Финиш. Время операции: 0,000 сек.
---------------------------------------------------------------------------------
Транзакция <2657> Старт. Перевод: 1814 руб. fromAcc: 794 toAcc: 704 
    <Начальные остатки> from: 460135      to: 462724
     <Конечные остатки> from: 458321      to: 464538
Транзакция <2657> Финиш. Время операции: 0,000 сек.
---------------------------------------------------------------------------------
Транзакция <2658> Старт. Перевод: 2815 руб. fromAcc: 666 toAcc: 784 
    <Начальные остатки> from: 378907      to: 454340
     <Конечные остатки> from: 376092      to: 457155
Транзакция <2658> Финиш. Время операции: 0,000 сек.
---------------------------------------------------------------------------------
Транзакция <2659> Старт. Перевод: 5819 руб. fromAcc: 240 toAcc: 829 
    <Начальные остатки> from: 344836      to: 329088
     <Конечные остатки> from: 339017      to: 334907
Транзакция <2659> Финиш. Время операции: 0,000 сек.
---------------------------------------------------------------------------------
Транзакция <2660> Старт. Перевод: 7525 руб. fromAcc: 479 toAcc: 566 
    <Начальные остатки> from: 428179      to: 324380
     <Конечные остатки> from: 420654      to: 331905
Транзакция <2660> Финиш. Время операции: 0,000 сек.
---------------------------------------------------------------------------------
Транзакция <2661> Старт. Перевод: 7950 руб. fromAcc: 65 toAcc: 404 
    <Начальные остатки> from: 292601      to: 320326
     <Конечные остатки> from: 284651      to: 328276
Транзакция <2661> Финиш. Время операции: 0,000 сек.
---------------------------------------------------------------------------------
Транзакция <2662> Старт. Перевод: 2918 руб. fromAcc: 846 toAcc: 384 
    <Начальные остатки> from: 505522      to: 350489
     <Конечные остатки> from: 502604      to: 353407
Транзакция <2662> Финиш. Время операции: 0,000 сек.
---------------------------------------------------------------------------------
Транзакция <2663> Старт. Перевод: 2820 руб. fromAcc: 234 toAcc: 170 
    <Начальные остатки> from: 612431      to: 375161
     <Конечные остатки> from: 609611      to: 377981
Транзакция <2663> Финиш. Время операции: 0,000 сек.
---------------------------------------------------------------------------------
Транзакция <2664> Старт. Перевод: 1097 руб. fromAcc: 399 toAcc: 206 
    <Начальные остатки> from: 423262      to: 499251
[ Операция невозможна из-за блокировки счета !!! ]
from: false to: true
     <Конечные остатки> from: 423262      to: 499251
Транзакция <2664> Финиш. Время операции: 0,000 сек.
---------------------------------------------------------------------------------
Транзакция <2665> Старт. Перевод: 55000 руб. fromAcc: 230 toAcc: 141 
    <Начальные остатки> from: 340466      to: 408351
Транзакция <2666> Старт. Перевод: 7071 руб. fromAcc: 335 toAcc: 658 
    <Начальные остатки> from: 347163      to: 351907
     <Конечные остатки> from: 340092      to: 358978
Транзакция <2666> Финиш. Время операции: 0,000 сек.
---------------------------------------------------------------------------------
Транзакция <2667> Старт. Перевод: 791 руб. fromAcc: 794 toAcc: 898 
    <Начальные остатки> from: 458321      to: 336615
     <Конечные остатки> from: 457530      to: 337406
Транзакция <2667> Финиш. Время операции: 0,000 сек.
---------------------------------------------------------------------------------
Транзакция <2668> Старт. Перевод: 2468 руб. fromAcc: 752 toAcc: 571 
    <Начальные остатки> from: 482507      to: 469998
     <Конечные остатки> from: 480039      to: 472466
Транзакция <2668> Финиш. Время операции: 0,000 сек.
---------------------------------------------------------------------------------
Транзакция <2669> Старт. Перевод: 958 руб. fromAcc: 687 toAcc: 476 
    <Начальные остатки> from: 413713      to: 320118
     <Конечные остатки> from: 412755      to: 321076
Транзакция <2669> Финиш. Время операции: 0,000 сек.
---------------------------------------------------------------------------------
Транзакция <2670> Старт. Перевод: 3814 руб. fromAcc: 261 toAcc: 980 
    <Начальные остатки> from: 420479      to: 428294
     <Конечные остатки> from: 416665      to: 432108
Транзакция <2670> Финиш. Время операции: 0,000 сек.
---------------------------------------------------------------------------------
Транзакция <2671> Старт. Перевод: 55000 руб. fromAcc: 809 toAcc: 607 
    <Начальные остатки> from: 357766      to: 384912
Транзакция <2672> Старт. Перевод: 7641 руб. fromAcc: 472 toAcc: 295 
    <Начальные остатки> from: 391011      to: 446924
     <Конечные остатки> from: 383370      to: 454565
Транзакция <2672> Финиш. Время операции: 0,000 сек.
---------------------------------------------------------------------------------
Транзакция <2673> Старт. Перевод: 5664 руб. fromAcc: 627 toAcc: 545 
    <Начальные остатки> from: 273787      to: 293422
     <Конечные остатки> from: 268123      to: 299086
Транзакция <2673> Финиш. Время операции: 0,000 сек.
---------------------------------------------------------------------------------
Транзакция <2674> Старт. Перевод: 3639 руб. fromAcc: 514 toAcc: 603 
    <Начальные остатки> from: 353449      to: 365793
     <Конечные остатки> from: 349810      to: 369432
Транзакция <2674> Финиш. Время операции: 0,000 сек.
---------------------------------------------------------------------------------
Транзакция <2675> Старт. Перевод: 6009 руб. fromAcc: 884 toAcc: 201 
    <Начальные остатки> from: 405035      to: 290134
     <Конечные остатки> from: 399026      to: 296143
Транзакция <2675> Финиш. Время операции: 0,000 сек.
---------------------------------------------------------------------------------
Транзакция <2676> Старт. Перевод: 532 руб. fromAcc: 845 toAcc: 658 
    <Начальные остатки> from: 321207      to: 358978
     <Конечные остатки> from: 320675      to: 359510
Транзакция <2676> Финиш. Время операции: 0,000 сек.
---------------------------------------------------------------------------------
Транзакция <2677> Старт. Перевод: 1178 руб. fromAcc: 74 toAcc: 39 
    <Начальные остатки> from: 386144      to: 442970
     <Конечные остатки> from: 384966      to: 444148
Транзакция <2677> Финиш. Время операции: 0,000 сек.
---------------------------------------------------------------------------------
Транзакция <2678> Старт. Перевод: 2316 руб. fromAcc: 867 toAcc: 992 
    <Начальные остатки> from: 461327      to: 471060
     <Конечные остатки> from: 459011      to: 473376
Транзакция <2678> Финиш. Время операции: 0,000 сек.
---------------------------------------------------------------------------------
Транзакция <2679> Старт. Перевод: 3012 руб. fromAcc: 495 toAcc: 520 
    <Начальные остатки> from: 432535      to: 488877
     <Конечные остатки> from: 429523      to: 491889
Транзакция <2679> Финиш. Время операции: 0,000 сек.
---------------------------------------------------------------------------------
Транзакция <2680> Старт. Перевод: 9257 руб. fromAcc: 761 toAcc: 860 
    <Начальные остатки> from: 446029      to: 462533
     <Конечные остатки> from: 436772      to: 471790
Транзакция <2680> Финиш. Время операции: 0,000 сек.
---------------------------------------------------------------------------------
Транзакция <2681> Старт. Перевод: 7594 руб. fromAcc: 985 toAcc: 787 
    <Начальные остатки> from: 419007      to: 421113
     <Конечные остатки> from: 411413      to: 428707
Транзакция <2681> Финиш. Время операции: 0,000 сек.
---------------------------------------------------------------------------------
Транзакция <2682> Старт. Перевод: 5719 руб. fromAcc: 949 toAcc: 867 
    <Начальные остатки> from: 459434      to: 459011
     <Конечные остатки> from: 453715      to: 464730
Транзакция <2682> Финиш. Время операции: 0,000 сек.
---------------------------------------------------------------------------------
Транзакция <2683> Старт. Перевод: 4381 руб. fromAcc: 435 toAcc: 668 
    <Начальные остатки> from: 490663      to: 328338
     <Конечные остатки> from: 486282      to: 332719
Транзакция <2683> Финиш. Время операции: 0,000 сек.
---------------------------------------------------------------------------------
Транзакция <2684> Старт. Перевод: 189 руб. fromAcc: 101 toAcc: 460 
    <Начальные остатки> from: 363995      to: 295224
     <Конечные остатки> from: 363806      to: 295413
Транзакция <2684> Финиш. Время операции: 0,000 сек.
---------------------------------------------------------------------------------
Транзакция <2685> Старт. Перевод: 759 руб. fromAcc: 393 toAcc: 696 
    <Начальные остатки> from: 429770      to: 298244
     <Конечные остатки> from: 429011      to: 299003
Транзакция <2685> Финиш. Время операции: 0,000 сек.
---------------------------------------------------------------------------------
Транзакция <2686> Старт. Перевод: 55000 руб. fromAcc: 74 toAcc: 434 
    <Начальные остатки> from: 384966      to: 429042
Транзакция <2687> Старт. Перевод: 8185 руб. fromAcc: 197 toAcc: 737 
    <Начальные остатки> from: 439422      to: 413347
     <Конечные остатки> from: 431237      to: 421532
Транзакция <2687> Финиш. Время операции: 0,000 сек.
---------------------------------------------------------------------------------
Транзакция <2688> Старт. Перевод: 3896 руб. fromAcc: 275 toAcc: 376 
    <Начальные остатки> from: 460427      to: 405604
     <Конечные остатки> from: 456531      to: 409500
Транзакция <2688> Финиш. Время операции: 0,000 сек.
---------------------------------------------------------------------------------
Транзакция <2689> Старт. Перевод: 6522 руб. fromAcc: 221 toAcc: 653 
    <Начальные остатки> from: 349734      to: 454697
     <Конечные остатки> from: 343212      to: 461219
Транзакция <2689> Финиш. Время операции: 0,000 сек.
---------------------------------------------------------------------------------
Транзакция <2690> Старт. Перевод: 10054 руб. fromAcc: 572 toAcc: 40 
    <Начальные остатки> from: 397049      to: 395553
     <Конечные остатки> from: 386995      to: 405607
Транзакция <2690> Финиш. Время операции: 0,000 сек.
---------------------------------------------------------------------------------
Транзакция <2691> Старт. Перевод: 3586 руб. fromAcc: 731 toAcc: 415 
    <Начальные остатки> from: 320954      to: 428871
     <Конечные остатки> from: 317368      to: 432457
Транзакция <2691> Финиш. Время операции: 0,001 сек.
---------------------------------------------------------------------------------
Транзакция <2692> Старт. Перевод: 9972 руб. fromAcc: 957 toAcc: 992 
    <Начальные остатки> from: 379674      to: 473376
     <Конечные остатки> from: 369702      to: 483348
Транзакция <2692> Финиш. Время операции: 0,000 сек.
---------------------------------------------------------------------------------
Транзакция <2693> Старт. Перевод: 1977 руб. fromAcc: 888 toAcc: 708 
    <Начальные остатки> from: 438644      to: 457187
     <Конечные остатки> from: 436667      to: 459164
Транзакция <2693> Финиш. Время операции: 0,000 сек.
---------------------------------------------------------------------------------
Транзакция <2694> Старт. Перевод: 4319 руб. fromAcc: 855 toAcc: 314 
    <Начальные остатки> from: 316660      to: 442426
     <Конечные остатки> from: 312341      to: 446745
Транзакция <2694> Финиш. Время операции: 0,000 сек.
---------------------------------------------------------------------------------
Транзакция <2695> Старт. Перевод: 3619 руб. fromAcc: 316 toAcc: 460 
    <Начальные остатки> from: 414337      to: 295413
     <Конечные остатки> from: 410718      to: 299032
Транзакция <2695> Финиш. Время операции: 0,000 сек.
---------------------------------------------------------------------------------
Транзакция <2696> Старт. Перевод: 6002 руб. fromAcc: 506 toAcc: 976 
    <Начальные остатки> from: 364891      to: 396244
     <Конечные остатки> from: 358889      to: 402246
Транзакция <2696> Финиш. Время операции: 0,000 сек.
---------------------------------------------------------------------------------
Транзакция <2697> Старт. Перевод: 3850 руб. fromAcc: 770 toAcc: 452 
    <Начальные остатки> from: 410336      to: 353740
     <Конечные остатки> from: 406486      to: 357590
Транзакция <2697> Финиш. Время операции: 0,000 сек.
---------------------------------------------------------------------------------
Транзакция <2698> Старт. Перевод: 9050 руб. fromAcc: 151 toAcc: 927 
    <Начальные остатки> from: 360705      to: 342472
     <Конечные остатки> from: 351655      to: 351522
Транзакция <2698> Финиш. Время операции: 0,000 сек.
---------------------------------------------------------------------------------
Транзакция <2699> Старт. Перевод: 9938 руб. fromAcc: 474 toAcc: 175 
    <Начальные остатки> from: 350894      to: 438773
     <Конечные остатки> from: 340956      to: 448711
Транзакция <2699> Финиш. Время операции: 0,000 сек.
---------------------------------------------------------------------------------
Транзакция <2700> Старт. Перевод: 3147 руб. fromAcc: 573 toAcc: 657 
    <Начальные остатки> from: 314475      to: 397227
     <Конечные остатки> from: 311328      to: 400374
Транзакция <2700> Финиш. Время операции: 0,000 сек.
---------------------------------------------------------------------------------
Транзакция <2701> Старт. Перевод: 9544 руб. fromAcc: 328 toAcc: 667 
    <Начальные остатки> from: 370763      to: 474635
     <Конечные остатки> from: 361219      to: 484179
Транзакция <2701> Финиш. Время операции: 0,000 сек.
---------------------------------------------------------------------------------
Транзакция <2702> Старт. Перевод: 5532 руб. fromAcc: 841 toAcc: 570 
    <Начальные остатки> from: 405769      to: 368730
     <Конечные остатки> from: 400237      to: 374262
Транзакция <2702> Финиш. Время операции: 0,000 сек.
---------------------------------------------------------------------------------
Транзакция <2703> Старт. Перевод: 7144 руб. fromAcc: 460 toAcc: 345 
    <Начальные остатки> from: 299032      to: 353372
     <Конечные остатки> from: 291888      to: 360516
Транзакция <2703> Финиш. Время операции: 0,000 сек.
---------------------------------------------------------------------------------
Транзакция <2704> Старт. Перевод: 4556 руб. fromAcc: 332 toAcc: 812 
    <Начальные остатки> from: 449019      to: 399283
     <Конечные остатки> from: 444463      to: 403839
Транзакция <2704> Финиш. Время операции: 0,000 сек.
---------------------------------------------------------------------------------
Транзакция <2705> Старт. Перевод: 8901 руб. fromAcc: 806 toAcc: 38 
    <Начальные остатки> from: 296483      to: 354816
     <Конечные остатки> from: 287582      to: 363717
Транзакция <2705> Финиш. Время операции: 0,000 сек.
---------------------------------------------------------------------------------
Транзакция <2706> Старт. Перевод: 1631 руб. fromAcc: 369 toAcc: 399 
    <Начальные остатки> from: 357739      to: 423262
[ Операция невозможна из-за блокировки счета !!! ]
from: true to: false
     <Конечные остатки> from: 357739      to: 423262
Транзакция <2706> Финиш. Время операции: 0,000 сек.
---------------------------------------------------------------------------------
Транзакция <2707> Старт. Перевод: 9011 руб. fromAcc: 691 toAcc: 732 
    <Начальные остатки> from: 465737      to: 491414
     <Конечные остатки> from: 456726      to: 500425
Транзакция <2707> Финиш. Время операции: 0,000 сек.
---------------------------------------------------------------------------------
Транзакция <2708> Старт. Перевод: 848 руб. fromAcc: 49 toAcc: 758 
    <Начальные остатки> from: 435292      to: 377711
     <Конечные остатки> from: 434444      to: 378559
Транзакция <2708> Финиш. Время операции: 0,000 сек.
---------------------------------------------------------------------------------
Транзакция <2709> Старт. Перевод: 3023 руб. fromAcc: 618 toAcc: 759 
    <Начальные остатки> from: 447340      to: 454916
     <Конечные остатки> from: 444317      to: 457939
Транзакция <2709> Финиш. Время операции: 0,000 сек.
---------------------------------------------------------------------------------
Транзакция <2710> Старт. Перевод: 8003 руб. fromAcc: 98 toAcc: 54 
    <Начальные остатки> from: 376441      to: 410727
     <Конечные остатки> from: 368438      to: 418730
Транзакция <2710> Финиш. Время операции: 0,000 сек.
---------------------------------------------------------------------------------
Транзакция <2711> Старт. Перевод: 6145 руб. fromAcc: 709 toAcc: 408 
    <Начальные остатки> from: 460726      to: 407421
     <Конечные остатки> from: 454581      to: 413566
Транзакция <2711> Финиш. Время операции: 0,000 сек.
---------------------------------------------------------------------------------
Транзакция <2712> Старт. Перевод: 3303 руб. fromAcc: 836 toAcc: 908 
    <Начальные остатки> from: 406583      to: 511688
     <Конечные остатки> from: 403280      to: 514991
Транзакция <2712> Финиш. Время операции: 0,000 сек.
---------------------------------------------------------------------------------
Транзакция <2713> Старт. Перевод: 7033 руб. fromAcc: 526 toAcc: 218 
    <Начальные остатки> from: 315984      to: 338783
     <Конечные остатки> from: 308951      to: 345816
Транзакция <2713> Финиш. Время операции: 0,000 сек.
---------------------------------------------------------------------------------
Транзакция <2714> Старт. Перевод: 4501 руб. fromAcc: 580 toAcc: 372 
    <Начальные остатки> from: 388978      to: 392786
     <Конечные остатки> from: 384477      to: 397287
Транзакция <2714> Финиш. Время операции: 0,000 сек.
---------------------------------------------------------------------------------
Транзакция <2715> Старт. Перевод: 10096 руб. fromAcc: 205 toAcc: 415 
    <Начальные остатки> from: 433229      to: 432457
     <Конечные остатки> from: 423133      to: 442553
Транзакция <2715> Финиш. Время операции: 0,000 сек.
---------------------------------------------------------------------------------
Транзакция <2716> Старт. Перевод: 9729 руб. fromAcc: 71 toAcc: 279 
    <Начальные остатки> from: 355516      to: 311727
     <Конечные остатки> from: 345787      to: 321456
Транзакция <2716> Финиш. Время операции: 0,000 сек.
---------------------------------------------------------------------------------
Транзакция <2717> Старт. Перевод: 1784 руб. fromAcc: 130 toAcc: 259 
    <Начальные остатки> from: 320207      to: 473569
     <Конечные остатки> from: 318423      to: 475353
Транзакция <2717> Финиш. Время операции: 0,000 сек.
---------------------------------------------------------------------------------
Транзакция <2718> Старт. Перевод: 1772 руб. fromAcc: 756 toAcc: 319 
    <Начальные остатки> from: 414782      to: 505811
     <Конечные остатки> from: 413010      to: 507583
Транзакция <2718> Финиш. Время операции: 0,000 сек.
---------------------------------------------------------------------------------
Транзакция <2719> Старт. Перевод: 8916 руб. fromAcc: 594 toAcc: 261 
    <Начальные остатки> from: 330385      to: 416665
     <Конечные остатки> from: 321469      to: 425581
Транзакция <2719> Финиш. Время операции: 0,000 сек.
---------------------------------------------------------------------------------
Транзакция <2720> Старт. Перевод: 8048 руб. fromAcc: 3 toAcc: 467 
    <Начальные остатки> from: 511650      to: 320504
     <Конечные остатки> from: 503602      to: 328552
Транзакция <2720> Финиш. Время операции: 0,000 сек.
---------------------------------------------------------------------------------
Транзакция <2721> Старт. Перевод: 9510 руб. fromAcc: 151 toAcc: 534 
    <Начальные остатки> from: 351655      to: 338173
     <Конечные остатки> from: 342145      to: 347683
Транзакция <2721> Финиш. Время операции: 0,000 сек.
---------------------------------------------------------------------------------
Транзакция <2722> Старт. Перевод: 3057 руб. fromAcc: 587 toAcc: 622 
    <Начальные остатки> from: 354399      to: 332479
     <Конечные остатки> from: 351342      to: 335536
Транзакция <2722> Финиш. Время операции: 0,000 сек.
---------------------------------------------------------------------------------
Транзакция <2723> Старт. Перевод: 9158 руб. fromAcc: 633 toAcc: 747 
    <Начальные остатки> from: 423853      to: 347679
     <Конечные остатки> from: 414695      to: 356837
Транзакция <2723> Финиш. Время операции: 0,000 сек.
---------------------------------------------------------------------------------
Транзакция <2724> Старт. Перевод: 2552 руб. fromAcc: 25 toAcc: 565 
    <Начальные остатки> from: 254210      to: 504912
     <Конечные остатки> from: 251658      to: 507464
Транзакция <2724> Финиш. Время операции: 0,000 сек.
---------------------------------------------------------------------------------
Транзакция <2725> Старт. Перевод: 8428 руб. fromAcc: 15 toAcc: 431 
    <Начальные остатки> from: 411108      to: 444715
     <Конечные остатки> from: 402680      to: 453143
Транзакция <2725> Финиш. Время операции: 0,001 сек.
---------------------------------------------------------------------------------
Транзакция <2726> Старт. Перевод: 1180 руб. fromAcc: 599 toAcc: 611 
    <Начальные остатки> from: 345050      to: 408746
     <Конечные остатки> from: 343870      to: 409926
Транзакция <2726> Финиш. Время операции: 0,000 сек.
---------------------------------------------------------------------------------
Транзакция <2727> Старт. Перевод: 9323 руб. fromAcc: 603 toAcc: 623 
    <Начальные остатки> from: 369432      to: 394685
     <Конечные остатки> from: 360109      to: 404008
Транзакция <2727> Финиш. Время операции: 0,000 сек.
---------------------------------------------------------------------------------
Транзакция <2728> Старт. Перевод: 7876 руб. fromAcc: 130 toAcc: 551 
    <Начальные остатки> from: 318423      to: 371469
     <Конечные остатки> from: 310547      to: 379345
Транзакция <2728> Финиш. Время операции: 0,000 сек.
---------------------------------------------------------------------------------
Транзакция <2729> Старт. Перевод: 1281 руб. fromAcc: 244 toAcc: 85 
    <Начальные остатки> from: 409348      to: 366563
     <Конечные остатки> from: 408067      to: 367844
Транзакция <2729> Финиш. Время операции: 0,000 сек.
---------------------------------------------------------------------------------
Транзакция <2730> Старт. Перевод: 5736 руб. fromAcc: 866 toAcc: 767 
    <Начальные остатки> from: 360911      to: 359719
     <Конечные остатки> from: 355175      to: 365455
Транзакция <2730> Финиш. Время операции: 0,000 сек.
---------------------------------------------------------------------------------
Транзакция <2731> Старт. Перевод: 9751 руб. fromAcc: 524 toAcc: 583 
    <Начальные остатки> from: 366242      to: 376860
     <Конечные остатки> from: 356491      to: 386611
Транзакция <2731> Финиш. Время операции: 0,000 сек.
---------------------------------------------------------------------------------
Транзакция <2732> Старт. Перевод: 5655 руб. fromAcc: 34 toAcc: 621 
    <Начальные остатки> from: 441064      to: 310711
     <Конечные остатки> from: 435409      to: 316366
Транзакция <2732> Финиш. Время операции: 0,000 сек.
---------------------------------------------------------------------------------
Транзакция <2733> Старт. Перевод: 2825 руб. fromAcc: 141 toAcc: 976 
    <Начальные остатки> from: 463351      to: 402246
     <Конечные остатки> from: 460526      to: 405071
Транзакция <2733> Финиш. Время операции: 0,000 сек.
---------------------------------------------------------------------------------
Транзакция <2734> Старт. Перевод: 5470 руб. fromAcc: 911 toAcc: 478 
    <Начальные остатки> from: 531487      to: 324845
     <Конечные остатки> from: 526017      to: 330315
Транзакция <2734> Финиш. Время операции: 0,010 сек.
---------------------------------------------------------------------------------
Транзакция <2735> Старт. Перевод: 3959 руб. fromAcc: 938 toAcc: 84 
    <Начальные остатки> from: 420565      to: 421594
[ Операция невозможна из-за блокировки счета !!! ]
from: false to: true
     <Конечные остатки> from: 420565      to: 421594
Транзакция <2735> Финиш. Время операции: 0,003 сек.
---------------------------------------------------------------------------------
Транзакция <2736> Старт. Перевод: 8875 руб. fromAcc: 484 toAcc: 991 
    <Начальные остатки> from: 398550      to: 402320
     <Конечные остатки> from: 389675      to: 411195
Транзакция <2736> Финиш. Время операции: 0,005 сек.
---------------------------------------------------------------------------------
Транзакция <2737> Старт. Перевод: 1267 руб. fromAcc: 278 toAcc: 600 
    <Начальные остатки> from: 522053      to: 485490
     <Конечные остатки> from: 520786      to: 486757
Транзакция <2737> Финиш. Время операции: 0,002 сек.
---------------------------------------------------------------------------------
Транзакция <2738> Старт. Перевод: 859 руб. fromAcc: 37 toAcc: 499 
    <Начальные остатки> from: 418828      to: 361409
     <Конечные остатки> from: 417969      to: 362268
Транзакция <2738> Финиш. Время операции: 0,000 сек.
---------------------------------------------------------------------------------
Транзакция <2739> Старт. Перевод: 6422 руб. fromAcc: 732 toAcc: 503 
    <Начальные остатки> from: 500425      to: 318950
     <Конечные остатки> from: 494003      to: 325372
Транзакция <2739> Финиш. Время операции: 0,001 сек.
---------------------------------------------------------------------------------
Транзакция <2740> Старт. Перевод: 8929 руб. fromAcc: 239 toAcc: 650 
    <Начальные остатки> from: 480859      to: 326262
     <Конечные остатки> from: 471930      to: 335191
Транзакция <2740> Финиш. Время операции: 0,000 сек.
---------------------------------------------------------------------------------
Транзакция <2741> Старт. Перевод: 55000 руб. fromAcc: 287 toAcc: 734 
    <Начальные остатки> from: 338780      to: 359490
     <Конечные остатки> from: 369007      to: 449721
Транзакция <252> Финиш. Время операции: 16,838 сек.
---------------------------------------------------------------------------------
Транзакция <2742> Старт. Перевод: 7650 руб. fromAcc: 855 toAcc: 580 
    <Начальные остатки> from: 312341      to: 384477
     <Конечные остатки> from: 304691      to: 392127
Транзакция <2742> Финиш. Время операции: 0,400 сек.
---------------------------------------------------------------------------------
Транзакция <2743> Старт. Перевод: 10048 руб. fromAcc: 178 toAcc: 517 
    <Начальные остатки> from: 355475      to: 445532
     <Конечные остатки> from: 345427      to: 455580
Транзакция <2743> Финиш. Время операции: 0,397 сек.
---------------------------------------------------------------------------------
Транзакция <2744> Старт. Перевод: 9929 руб. fromAcc: 171 toAcc: 219 
    <Начальные остатки> from: 473945      to: 360081
     <Конечные остатки> from: 464016      to: 370010
Транзакция <2744> Финиш. Время операции: 0,394 сек.
---------------------------------------------------------------------------------
Транзакция <2745> Старт. Перевод: 716 руб. fromAcc: 26 toAcc: 449 
    <Начальные остатки> from: 395531      to: 342133
     <Конечные остатки> from: 394815      to: 342849
Транзакция <2745> Финиш. Время операции: 0,386 сек.
---------------------------------------------------------------------------------
Транзакция <2746> Старт. Перевод: 4583 руб. fromAcc: 505 toAcc: 591 
    <Начальные остатки> from: 482508      to: 495631
     <Конечные остатки> from: 477925      to: 500214
Транзакция <2746> Финиш. Время операции: 0,384 сек.
---------------------------------------------------------------------------------
Транзакция <2747> Старт. Перевод: 8384 руб. fromAcc: 588 toAcc: 53 
    <Начальные остатки> from: 378019      to: 536030
     <Конечные остатки> from: 369635      to: 544414
Транзакция <2747> Финиш. Время операции: 0,381 сек.
---------------------------------------------------------------------------------
Транзакция <2748> Старт. Перевод: 1513 руб. fromAcc: 53 toAcc: 343 
    <Начальные остатки> from: 544414      to: 299942
     <Конечные остатки> from: 542901      to: 301455
Транзакция <2748> Финиш. Время операции: 0,378 сек.
---------------------------------------------------------------------------------
Транзакция <2749> Старт. Перевод: 6644 руб. fromAcc: 819 toAcc: 585 
    <Начальные остатки> from: 441783      to: 428821
     <Конечные остатки> from: 435139      to: 435465
Транзакция <2749> Финиш. Время операции: 0,375 сек.
---------------------------------------------------------------------------------
Транзакция <2750> Старт. Перевод: 55000 руб. fromAcc: 229 toAcc: 442 
    <Начальные остатки> from: 333383      to: 446002
***********************   < 1000,000 операция в секунду >   **************************
     <Конечные остатки> from: 283780      to: 414490
Транзакция <2741> Финиш. Время операции: 1,404 сек.
---------------------------------------------------------------------------------
Транзакция <2751> Старт. Перевод: 3603 руб. fromAcc: 308 toAcc: 114 
    <Начальные остатки> from: 403747      to: 311892
     <Конечные остатки> from: 400144      to: 315495
Транзакция <2751> Финиш. Время операции: 1,368 сек.
---------------------------------------------------------------------------------
Транзакция <2752> Старт. Перевод: 4146 руб. fromAcc: 355 toAcc: 628 
    <Начальные остатки> from: 320223      to: 400444
     <Конечные остатки> from: 316077      to: 404590
Транзакция <2752> Финиш. Время операции: 1,365 сек.
---------------------------------------------------------------------------------
Транзакция <2753> Старт. Перевод: 8191 руб. fromAcc: 533 toAcc: 347 
    <Начальные остатки> from: 396404      to: 324052
[ Операция невозможна из-за блокировки счета !!! ]
from: true to: false
     <Конечные остатки> from: 396404      to: 324052
Транзакция <2753> Финиш. Время операции: 1,362 сек.
---------------------------------------------------------------------------------
Транзакция <2754> Старт. Перевод: 10020 руб. fromAcc: 335 toAcc: 53 
    <Начальные остатки> from: 340092      to: 542901
     <Конечные остатки> from: 330072      to: 552921
Транзакция <2754> Финиш. Время операции: 1,359 сек.
---------------------------------------------------------------------------------
Транзакция <2755> Старт. Перевод: 5944 руб. fromAcc: 496 toAcc: 963 
    <Начальные остатки> from: 452895      to: 423637
     <Конечные остатки> from: 446951      to: 429581
Транзакция <2755> Финиш. Время операции: 1,356 сек.
---------------------------------------------------------------------------------
Транзакция <2756> Старт. Перевод: 4777 руб. fromAcc: 441 toAcc: 902 
    <Начальные остатки> from: 268133      to: 385727
     <Конечные остатки> from: 263356      to: 390504
Транзакция <2756> Финиш. Время операции: 1,354 сек.
---------------------------------------------------------------------------------
Транзакция <2757> Старт. Перевод: 9063 руб. fromAcc: 298 toAcc: 52 
    <Начальные остатки> from: 309500      to: 487642
     <Конечные остатки> from: 300437      to: 496705
Транзакция <2757> Финиш. Время операции: 1,351 сек.
---------------------------------------------------------------------------------
Транзакция <2758> Старт. Перевод: 2668 руб. fromAcc: 42 toAcc: 482 
    <Начальные остатки> from: 364915      to: 287897
[ Операция невозможна из-за блокировки счета !!! ]
from: false to: true
     <Конечные остатки> from: 364915      to: 287897
Транзакция <2758> Финиш. Время операции: 1,348 сек.
---------------------------------------------------------------------------------
Транзакция <2759> Старт. Перевод: 663 руб. fromAcc: 485 toAcc: 596 
    <Начальные остатки> from: 280110      to: 469475
     <Конечные остатки> from: 279447      to: 470138
Транзакция <2759> Финиш. Время операции: 1,344 сек.
---------------------------------------------------------------------------------
Транзакция <2760> Старт. Перевод: 6899 руб. fromAcc: 108 toAcc: 32 
    <Начальные остатки> from: 330253      to: 434213
     <Конечные остатки> from: 323354      to: 441112
Транзакция <2760> Финиш. Время операции: 1,341 сек.
---------------------------------------------------------------------------------
Транзакция <2761> Старт. Перевод: 3105 руб. fromAcc: 194 toAcc: 283 
    <Начальные остатки> from: 425715      to: 359212
     <Конечные остатки> from: 422610      to: 362317
Транзакция <2761> Финиш. Время операции: 1,338 сек.
---------------------------------------------------------------------------------
Транзакция <2762> Старт. Перевод: 952 руб. fromAcc: 321 toAcc: 514 
    <Начальные остатки> from: 392750      to: 349810
     <Конечные остатки> from: 391798      to: 350762
Транзакция <2762> Финиш. Время операции: 1,336 сек.
---------------------------------------------------------------------------------
Транзакция <2763> Старт. Перевод: 5080 руб. fromAcc: 38 toAcc: 604 
    <Начальные остатки> from: 363717      to: 375709
     <Конечные остатки> from: 358637      to: 380789
Транзакция <2763> Финиш. Время операции: 1,333 сек.
---------------------------------------------------------------------------------
Транзакция <2764> Старт. Перевод: 790 руб. fromAcc: 466 toAcc: 478 
    <Начальные остатки> from: 462718      to: 330315
     <Конечные остатки> from: 461928      to: 331105
Транзакция <2764> Финиш. Время операции: 1,330 сек.
---------------------------------------------------------------------------------
Транзакция <2765> Старт. Перевод: 4847 руб. fromAcc: 638 toAcc: 120 
    <Начальные остатки> from: 493602      to: 417542
     <Конечные остатки> from: 488755      to: 422389
Транзакция <2765> Финиш. Время операции: 1,327 сек.
---------------------------------------------------------------------------------
Транзакция <2766> Старт. Перевод: 1592 руб. fromAcc: 636 toAcc: 541 
    <Начальные остатки> from: 405721      to: 315793
     <Конечные остатки> from: 404129      to: 317385
Транзакция <2766> Финиш. Время операции: 1,324 сек.
---------------------------------------------------------------------------------
Транзакция <2767> Старт. Перевод: 9498 руб. fromAcc: 944 toAcc: 103 
    <Начальные остатки> from: 356646      to: 330586
     <Конечные остатки> from: 347148      to: 340084
Транзакция <2767> Финиш. Время операции: 1,321 сек.
---------------------------------------------------------------------------------
Транзакция <2768> Старт. Перевод: 5142 руб. fromAcc: 18 toAcc: 289 
    <Начальные остатки> from: 323365      to: 541002
     <Конечные остатки> from: 318223      to: 546144
Транзакция <2768> Финиш. Время операции: 1,318 сек.
---------------------------------------------------------------------------------
Транзакция <2769> Старт. Перевод: 2631 руб. fromAcc: 738 toAcc: 964 
    <Начальные остатки> from: 481128      to: 360426
     <Конечные остатки> from: 478497      to: 363057
Транзакция <2769> Финиш. Время операции: 1,315 сек.
---------------------------------------------------------------------------------
Транзакция <2770> Старт. Перевод: 6509 руб. fromAcc: 281 toAcc: 652 
    <Начальные остатки> from: 420866      to: 447729
     <Конечные остатки> from: 414357      to: 454238
Транзакция <2770> Финиш. Время операции: 1,312 сек.
---------------------------------------------------------------------------------
Транзакция <2771> Старт. Перевод: 5320 руб. fromAcc: 972 toAcc: 145 
    <Начальные остатки> from: 341319      to: 379958
     <Конечные остатки> from: 335999      to: 385278
Транзакция <2771> Финиш. Время операции: 1,309 сек.
---------------------------------------------------------------------------------
Транзакция <2772> Старт. Перевод: 1154 руб. fromAcc: 825 toAcc: 41 
    <Начальные остатки> from: 317798      to: 413344
     <Конечные остатки> from: 316644      to: 414498
Транзакция <2772> Финиш. Время операции: 1,307 сек.
---------------------------------------------------------------------------------
Транзакция <2773> Старт. Перевод: 7760 руб. fromAcc: 816 toAcc: 402 
    <Начальные остатки> from: 319569      to: 425249
     <Конечные остатки> from: 311809      to: 433009
Транзакция <2773> Финиш. Время операции: 1,304 сек.
---------------------------------------------------------------------------------
Транзакция <2774> Старт. Перевод: 6083 руб. fromAcc: 424 toAcc: 825 
    <Начальные остатки> from: 351923      to: 316644
     <Конечные остатки> from: 345840      to: 322727
Транзакция <2774> Финиш. Время операции: 1,301 сек.
---------------------------------------------------------------------------------
Транзакция <2775> Старт. Перевод: 55000 руб. fromAcc: 584 toAcc: 654 
    <Начальные остатки> from: 367295      to: 398293
     <Конечные остатки> from: 329966      to: 484042
Транзакция <2686> Финиш. Время операции: 2,578 сек.
---------------------------------------------------------------------------------
Транзакция <2776> Старт. Перевод: 9659 руб. fromAcc: 138 toAcc: 30 
    <Начальные остатки> from: 409681      to: 335899
     <Конечные остатки> from: 400022      to: 345558
Транзакция <2776> Финиш. Время операции: 2,292 сек.
---------------------------------------------------------------------------------
Транзакция <2777> Старт. Перевод: 6565 руб. fromAcc: 111 toAcc: 917 
    <Начальные остатки> from: 450450      to: 466792
     <Конечные остатки> from: 443885      to: 473357
Транзакция <2777> Финиш. Время операции: 2,289 сек.
---------------------------------------------------------------------------------
Транзакция <2778> Старт. Перевод: 3934 руб. fromAcc: 436 toAcc: 746 
    <Начальные остатки> from: 414359      to: 495319
     <Конечные остатки> from: 410425      to: 499253
Транзакция <2778> Финиш. Время операции: 2,286 сек.
---------------------------------------------------------------------------------
Транзакция <2779> Старт. Перевод: 4539 руб. fromAcc: 938 toAcc: 869 
    <Начальные остатки> from: 420565      to: 460520
[ Операция невозможна из-за блокировки счета !!! ]
from: false to: true
     <Конечные остатки> from: 420565      to: 460520
Транзакция <2779> Финиш. Время операции: 2,283 сек.
---------------------------------------------------------------------------------
Транзакция <2780> Старт. Перевод: 3339 руб. fromAcc: 406 toAcc: 255 
    <Начальные остатки> from: 446866      to: 409865
     <Конечные остатки> from: 443527      to: 413204
Транзакция <2780> Финиш. Время операции: 2,280 сек.
---------------------------------------------------------------------------------
Транзакция <2781> Старт. Перевод: 1187 руб. fromAcc: 698 toAcc: 805 
    <Начальные остатки> from: 337634      to: 384883
     <Конечные остатки> from: 336447      to: 386070
Транзакция <2781> Финиш. Время операции: 2,278 сек.
---------------------------------------------------------------------------------
Транзакция <2782> Старт. Перевод: 3396 руб. fromAcc: 556 toAcc: 207 
    <Начальные остатки> from: 438008      to: 406073
     <Конечные остатки> from: 434612      to: 409469
Транзакция <2782> Финиш. Время операции: 2,275 сек.
---------------------------------------------------------------------------------
Транзакция <2783> Старт. Перевод: 5169 руб. fromAcc: 695 toAcc: 226 
    <Начальные остатки> from: 360370      to: 338916
     <Конечные остатки> from: 355201      to: 344085
Транзакция <2783> Финиш. Время операции: 2,272 сек.
---------------------------------------------------------------------------------
Транзакция <2784> Старт. Перевод: 928 руб. fromAcc: 483 toAcc: 351 
    <Начальные остатки> from: 413816      to: 325295
     <Конечные остатки> from: 412888      to: 326223
Транзакция <2784> Финиш. Время операции: 2,269 сек.
---------------------------------------------------------------------------------
Транзакция <2785> Старт. Перевод: 6090 руб. fromAcc: 268 toAcc: 952 
    <Начальные остатки> from: 388163      to: 384970
     <Конечные остатки> from: 382073      to: 391060
Транзакция <2785> Финиш. Время операции: 2,266 сек.
---------------------------------------------------------------------------------
Транзакция <2786> Старт. Перевод: 7913 руб. fromAcc: 951 toAcc: 416 
    <Начальные остатки> from: 312461      to: 321581
     <Конечные остатки> from: 304548      to: 329494
Транзакция <2786> Финиш. Время операции: 2,264 сек.
---------------------------------------------------------------------------------
Транзакция <2787> Старт. Перевод: 6732 руб. fromAcc: 967 toAcc: 279 
    <Начальные остатки> from: 381327      to: 321456
     <Конечные остатки> from: 374595      to: 328188
Транзакция <2787> Финиш. Время операции: 2,261 сек.
---------------------------------------------------------------------------------
Транзакция <2788> Старт. Перевод: 10100 руб. fromAcc: 197 toAcc: 19 
    <Начальные остатки> from: 431237      to: 400739
     <Конечные остатки> from: 421137      to: 410839
Транзакция <2788> Финиш. Время операции: 2,259 сек.
---------------------------------------------------------------------------------
Транзакция <2789> Старт. Перевод: 128 руб. fromAcc: 681 toAcc: 12 
    <Начальные остатки> from: 450805      to: 425976
[ Операция невозможна из-за блокировки счета !!! ]
from: true to: false
     <Конечные остатки> from: 450805      to: 425976
Транзакция <2789> Финиш. Время операции: 2,257 сек.
---------------------------------------------------------------------------------
Транзакция <2790> Старт. Перевод: 8694 руб. fromAcc: 219 toAcc: 120 
    <Начальные остатки> from: 370010      to: 422389
     <Конечные остатки> from: 361316      to: 431083
Транзакция <2790> Финиш. Время операции: 2,254 сек.
---------------------------------------------------------------------------------
Транзакция <2791> Старт. Перевод: 6060 руб. fromAcc: 74 toAcc: 535 
    <Начальные остатки> from: 329966      to: 458782
     <Конечные остатки> from: 323906      to: 464842
Транзакция <2791> Финиш. Время операции: 2,252 сек.
---------------------------------------------------------------------------------
Транзакция <2792> Старт. Перевод: 5938 руб. fromAcc: 21 toAcc: 788 
    <Начальные остатки> from: 384462      to: 463182
     <Конечные остатки> from: 378524      to: 469120
Транзакция <2792> Финиш. Время операции: 2,249 сек.
---------------------------------------------------------------------------------
Транзакция <2793> Старт. Перевод: 4057 руб. fromAcc: 951 toAcc: 280 
    <Начальные остатки> from: 304548      to: 449207
     <Конечные остатки> from: 300491      to: 453264
Транзакция <2793> Финиш. Время операции: 2,247 сек.
---------------------------------------------------------------------------------
Транзакция <2794> Старт. Перевод: 7906 руб. fromAcc: 58 toAcc: 303 
    <Начальные остатки> from: 395364      to: 442914
     <Конечные остатки> from: 387458      to: 450820
Транзакция <2794> Финиш. Время операции: 2,244 сек.
---------------------------------------------------------------------------------
Транзакция <2795> Старт. Перевод: 2444 руб. fromAcc: 411 toAcc: 277 
    <Начальные остатки> from: 391310      to: 361502
     <Конечные остатки> from: 388866      to: 363946
Транзакция <2795> Финиш. Время операции: 2,241 сек.
---------------------------------------------------------------------------------
Транзакция <2796> Старт. Перевод: 339 руб. fromAcc: 376 toAcc: 861 
    <Начальные остатки> from: 409500      to: 350534
     <Конечные остатки> from: 409161      to: 350873
Транзакция <2796> Финиш. Время операции: 2,239 сек.
---------------------------------------------------------------------------------
Транзакция <2797> Старт. Перевод: 5536 руб. fromAcc: 899 toAcc: 646 
    <Начальные остатки> from: 342940      to: 306854
     <Конечные остатки> from: 337404      to: 312390
Транзакция <2797> Финиш. Время операции: 2,236 сек.
---------------------------------------------------------------------------------
Транзакция <2798> Старт. Перевод: 5830 руб. fromAcc: 170 toAcc: 400 
    <Начальные остатки> from: 377981      to: 371841
     <Конечные остатки> from: 372151      to: 377671
Транзакция <2798> Финиш. Время операции: 2,233 сек.
---------------------------------------------------------------------------------
Транзакция <2799> Старт. Перевод: 3521 руб. fromAcc: 525 toAcc: 198 
    <Начальные остатки> from: 377867      to: 386306
     <Конечные остатки> from: 374346      to: 389827
Транзакция <2799> Финиш. Время операции: 2,230 сек.
---------------------------------------------------------------------------------
Транзакция <2800> Старт. Перевод: 3183 руб. fromAcc: 767 toAcc: 323 
    <Начальные остатки> from: 365455      to: 452503
     <Конечные остатки> from: 362272      to: 455686
Транзакция <2800> Финиш. Время операции: 2,227 сек.
---------------------------------------------------------------------------------
Транзакция <2801> Старт. Перевод: 2134 руб. fromAcc: 261 toAcc: 533 
    <Начальные остатки> from: 425581      to: 396404
     <Конечные остатки> from: 423447      to: 398538
Транзакция <2801> Финиш. Время операции: 2,224 сек.
---------------------------------------------------------------------------------
Транзакция <2802> Старт. Перевод: 2279 руб. fromAcc: 252 toAcc: 126 
    <Начальные остатки> from: 476288      to: 387937
     <Конечные остатки> from: 474009      to: 390216
Транзакция <2802> Финиш. Время операции: 2,221 сек.
---------------------------------------------------------------------------------
Транзакция <2803> Старт. Перевод: 1658 руб. fromAcc: 880 toAcc: 271 
    <Начальные остатки> from: 484807      to: 533150
     <Конечные остатки> from: 483149      to: 534808
Транзакция <2803> Финиш. Время операции: 2,218 сек.
---------------------------------------------------------------------------------
Транзакция <2804> Старт. Перевод: 247 руб. fromAcc: 248 toAcc: 213 
    <Начальные остатки> from: 438864      to: 434159
     <Конечные остатки> from: 438617      to: 434406
Транзакция <2804> Финиш. Время операции: 2,215 сек.
---------------------------------------------------------------------------------
Транзакция <2805> Старт. Перевод: 7351 руб. fromAcc: 751 toAcc: 326 
    <Начальные остатки> from: 391675      to: 239846
     <Конечные остатки> from: 384324      to: 247197
Транзакция <2805> Финиш. Время операции: 2,213 сек.
---------------------------------------------------------------------------------
Транзакция <2806> Старт. Перевод: 7276 руб. fromAcc: 565 toAcc: 412 
    <Начальные остатки> from: 507464      to: 476342
     <Конечные остатки> from: 500188      to: 483618
Транзакция <2806> Финиш. Время операции: 2,210 сек.
---------------------------------------------------------------------------------
Транзакция <2807> Старт. Перевод: 5851 руб. fromAcc: 847 toAcc: 355 
    <Начальные остатки> from: 447830      to: 316077
     <Конечные остатки> from: 441979      to: 321928
Транзакция <2807> Финиш. Время операции: 2,207 сек.
---------------------------------------------------------------------------------
Транзакция <2808> Старт. Перевод: 2888 руб. fromAcc: 723 toAcc: 956 
    <Начальные остатки> from: 268362      to: 407920
     <Конечные остатки> from: 265474      to: 410808
Транзакция <2808> Финиш. Время операции: 2,204 сек.
---------------------------------------------------------------------------------
Транзакция <2809> Старт. Перевод: 4640 руб. fromAcc: 589 toAcc: 784 
    <Начальные остатки> from: 449271      to: 457155
     <Конечные остатки> from: 444631      to: 461795
Транзакция <2809> Финиш. Время операции: 2,201 сек.
---------------------------------------------------------------------------------
Транзакция <2810> Старт. Перевод: 55000 руб. fromAcc: 586 toAcc: 961 
    <Начальные остатки> from: 372553      to: 469977
<<<<<<< Подготовка к остановке Executor >>>>>>>>>
     <Конечные остатки> from: 302766      to: 439912
Транзакция <2671> Финиш. Время операции: 3,623 сек.
---------------------------------------------------------------------------------
Транзакция <2811> Старт. Перевод: 55000 руб. fromAcc: 589 toAcc: 387 
    <Начальные остатки> from: 444631      to: 424571
СЧЕТ ЗАБЛОКИРОВАН
     <Конечные остатки> from: 285466      to: 460526
Транзакция <2665> Финиш. Время операции: 4,641 сек.
---------------------------------------------------------------------------------
Транзакция <2812> Старт. Перевод: 6688 руб. fromAcc: 79 toAcc: 403 
    <Начальные остатки> from: 351854      to: 446420
     <Конечные остатки> from: 345166      to: 453108
Транзакция <2812> Финиш. Время операции: 4,185 сек.
---------------------------------------------------------------------------------
Транзакция <2813> Старт. Перевод: 9591 руб. fromAcc: 636 toAcc: 439 
    <Начальные остатки> from: 404129      to: 345786
     <Конечные остатки> from: 394538      to: 355377
Транзакция <2813> Финиш. Время операции: 4,182 сек.
---------------------------------------------------------------------------------
Транзакция <2814> Старт. Перевод: 9231 руб. fromAcc: 450 toAcc: 435 
    <Начальные остатки> from: 465749      to: 486282
     <Конечные остатки> from: 456518      to: 495513
Транзакция <2814> Финиш. Время операции: 4,180 сек.
---------------------------------------------------------------------------------
Транзакция <2815> Старт. Перевод: 2790 руб. fromAcc: 672 toAcc: 280 
    <Начальные остатки> from: 349418      to: 453264
     <Конечные остатки> from: 346628      to: 456054
Транзакция <2815> Финиш. Время операции: 4,178 сек.
---------------------------------------------------------------------------------
Транзакция <2816> Старт. Перевод: 7877 руб. fromAcc: 823 toAcc: 137 
    <Начальные остатки> from: 348125      to: 180742
     <Конечные остатки> from: 340248      to: 188619
Транзакция <2816> Финиш. Время операции: 4,175 сек.
---------------------------------------------------------------------------------
Транзакция <2817> Старт. Перевод: 55000 руб. fromAcc: 693 toAcc: 852 
    <Начальные остатки> from: 329085      to: 439286
СЧЕТ ЗАБЛОКИРОВАН
     <Конечные остатки> from: 367844      to: 374595
Транзакция <2655> Финиш. Время операции: 5,671 сек.
---------------------------------------------------------------------------------
Транзакция <2818> Старт. Перевод: 2561 руб. fromAcc: 35 toAcc: 981 
    <Начальные остатки> from: 430490      to: 498036
     <Конечные остатки> from: 427929      to: 500597
Транзакция <2818> Финиш. Время операции: 5,166 сек.
---------------------------------------------------------------------------------
Транзакция <2819> Старт. Перевод: 55000 руб. fromAcc: 130 toAcc: 386 
    <Начальные остатки> from: 310547      to: 366154
СЧЕТ ЗАБЛОКИРОВАН
     <Конечные остатки> from: 255884      to: 462694
Транзакция <2649> Финиш. Время операции: 6,690 сек.
---------------------------------------------------------------------------------
Транзакция <2820> Старт. Перевод: 8183 руб. fromAcc: 85 toAcc: 82 
    <Начальные остатки> from: 367844      to: 448308
[ Операция невозможна из-за блокировки счета !!! ]
from: false to: true
     <Конечные остатки> from: 367844      to: 448308
Транзакция <2820> Финиш. Время операции: 6,161 сек.
---------------------------------------------------------------------------------
Транзакция <2821> Старт. Перевод: 4034 руб. fromAcc: 479 toAcc: 636 
    <Начальные остатки> from: 420654      to: 394538
     <Конечные остатки> from: 416620      to: 398572
Транзакция <2821> Финиш. Время операции: 6,159 сек.
---------------------------------------------------------------------------------
Транзакция <2822> Старт. Перевод: 1520 руб. fromAcc: 720 toAcc: 808 
    <Начальные остатки> from: 383815      to: 364426
     <Конечные остатки> from: 382295      to: 365946
Транзакция <2822> Финиш. Время операции: 6,157 сек.
---------------------------------------------------------------------------------
Транзакция <2823> Старт. Перевод: 5917 руб. fromAcc: 953 toAcc: 580 
    <Начальные остатки> from: 458624      to: 392127
     <Конечные остатки> from: 452707      to: 398044
Транзакция <2823> Финиш. Время операции: 6,154 сек.
---------------------------------------------------------------------------------
Транзакция <2824> Старт. Перевод: 3919 руб. fromAcc: 229 toAcc: 259 
    <Начальные остатки> from: 278383      to: 475353
     <Конечные остатки> from: 274464      to: 479272
Транзакция <2824> Финиш. Время операции: 6,152 сек.
---------------------------------------------------------------------------------
Транзакция <2825> Старт. Перевод: 1370 руб. fromAcc: 29 toAcc: 313 
    <Начальные остатки> from: 469911      to: 507564
     <Конечные остатки> from: 468541      to: 508934
Транзакция <2825> Финиш. Время операции: 6,149 сек.
---------------------------------------------------------------------------------
Транзакция <2826> Старт. Перевод: 10016 руб. fromAcc: 110 toAcc: 955 
    <Начальные остатки> from: 458451      to: 488882
     <Конечные остатки> from: 448435      to: 498898
Транзакция <2826> Финиш. Время операции: 6,147 сек.
---------------------------------------------------------------------------------
Транзакция <2827> Старт. Перевод: 5008 руб. fromAcc: 381 toAcc: 352 
    <Начальные остатки> from: 409370      to: 330820
     <Конечные остатки> from: 404362      to: 335828
Транзакция <2827> Финиш. Время операции: 6,145 сек.
---------------------------------------------------------------------------------
Транзакция <2828> Старт. Перевод: 2019 руб. fromAcc: 246 toAcc: 79 
    <Начальные остатки> from: 470843      to: 345166
     <Конечные остатки> from: 468824      to: 347185
Транзакция <2828> Финиш. Время операции: 6,143 сек.
---------------------------------------------------------------------------------
Транзакция <2829> Старт. Перевод: 6589 руб. fromAcc: 551 toAcc: 395 
    <Начальные остатки> from: 379345      to: 419276
     <Конечные остатки> from: 372756      to: 425865
Транзакция <2829> Финиш. Время операции: 6,141 сек.
---------------------------------------------------------------------------------
Транзакция <2830> Старт. Перевод: 8579 руб. fromAcc: 792 toAcc: 945 
    <Начальные остатки> from: 465714      to: 344417
     <Конечные остатки> from: 457135      to: 352996
Транзакция <2830> Финиш. Время операции: 6,139 сек.
---------------------------------------------------------------------------------
Транзакция <2831> Старт. Перевод: 1446 руб. fromAcc: 758 toAcc: 771 
    <Начальные остатки> from: 378559      to: 448023
     <Конечные остатки> from: 377113      to: 449469
Транзакция <2831> Финиш. Время операции: 6,137 сек.
---------------------------------------------------------------------------------
Транзакция <2832> Старт. Перевод: 9501 руб. fromAcc: 140 toAcc: 871 
    <Начальные остатки> from: 312866      to: 428632
     <Конечные остатки> from: 303365      to: 438133
Транзакция <2832> Финиш. Время операции: 6,134 сек.
---------------------------------------------------------------------------------
Транзакция <2833> Старт. Перевод: 6231 руб. fromAcc: 923 toAcc: 92 
    <Начальные остатки> from: 424522      to: 384327
     <Конечные остатки> from: 418291      to: 390558
Транзакция <2833> Финиш. Время операции: 6,131 сек.
---------------------------------------------------------------------------------
Транзакция <2834> Старт. Перевод: 3346 руб. fromAcc: 578 toAcc: 869 
    <Начальные остатки> from: 279516      to: 460520
     <Конечные остатки> from: 276170      to: 463866
Транзакция <2834> Финиш. Время операции: 6,128 сек.
---------------------------------------------------------------------------------
Транзакция <2835> Старт. Перевод: 3273 руб. fromAcc: 168 toAcc: 135 
    <Начальные остатки> from: 415935      to: 424057
     <Конечные остатки> from: 412662      to: 427330
Транзакция <2835> Финиш. Время операции: 6,125 сек.
---------------------------------------------------------------------------------
Транзакция <2836> Старт. Перевод: 7503 руб. fromAcc: 491 toAcc: 784 
    <Начальные остатки> from: 434770      to: 461795
     <Конечные остатки> from: 427267      to: 469298
Транзакция <2836> Финиш. Время операции: 6,122 сек.
---------------------------------------------------------------------------------
Транзакция <2837> Старт. Перевод: 55000 руб. fromAcc: 266 toAcc: 211 
    <Начальные остатки> from: 477283      to: 449955
СЧЕТ ЗАБЛОКИРОВАН
     <Конечные остатки> from: 421594      to: 426252
Транзакция <2627> Финиш. Время операции: 7,755 сек.
---------------------------------------------------------------------------------
Транзакция <2838> Старт. Перевод: 8267 руб. fromAcc: 929 toAcc: 243 
    <Начальные остатки> from: 337778      to: 410157
     <Конечные остатки> from: 329511      to: 418424
Транзакция <2838> Финиш. Время операции: 7,106 сек.
---------------------------------------------------------------------------------
Транзакция <2839> Старт. Перевод: 8191 руб. fromAcc: 271 toAcc: 780 
    <Начальные остатки> from: 534808      to: 396648
[ Операция невозможна из-за блокировки счета !!! ]
from: true to: false
     <Конечные остатки> from: 534808      to: 396648
Транзакция <2839> Финиш. Время операции: 7,103 сек.
---------------------------------------------------------------------------------
Транзакция <2840> Старт. Перевод: 3836 руб. fromAcc: 733 toAcc: 86 
    <Начальные остатки> from: 396429      to: 491969
     <Конечные остатки> from: 392593      to: 495805
Транзакция <2840> Финиш. Время операции: 7,100 сек.
---------------------------------------------------------------------------------
Транзакция <2841> Старт. Перевод: 8560 руб. fromAcc: 714 toAcc: 894 
    <Начальные остатки> from: 402802      to: 362709
     <Конечные остатки> from: 394242      to: 371269
Транзакция <2841> Финиш. Время операции: 7,097 сек.
---------------------------------------------------------------------------------
Транзакция <2842> Старт. Перевод: 4617 руб. fromAcc: 135 toAcc: 703 
    <Начальные остатки> from: 427330      to: 396487
     <Конечные остатки> from: 422713      to: 401104
Транзакция <2842> Финиш. Время операции: 7,094 сек.
---------------------------------------------------------------------------------
Транзакция <2843> Старт. Перевод: 6488 руб. fromAcc: 578 toAcc: 151 
    <Начальные остатки> from: 276170      to: 342145
     <Конечные остатки> from: 269682      to: 348633
Транзакция <2843> Финиш. Время операции: 7,092 сек.
---------------------------------------------------------------------------------
Транзакция <2844> Старт. Перевод: 55000 руб. fromAcc: 863 toAcc: 273 
    <Начальные остатки> from: 372345      to: 342647
СЧЕТ ЗАБЛОКИРОВАН
     <Конечные остатки> from: 344346      to: 388822
Транзакция <2604> Финиш. Время операции: 8,829 сек.
---------------------------------------------------------------------------------
Транзакция <2845> Старт. Перевод: 8466 руб. fromAcc: 760 toAcc: 637 
    <Начальные остатки> from: 358254      to: 445276
     <Конечные остатки> from: 349788      to: 453742
Транзакция <2845> Финиш. Время операции: 8,086 сек.
---------------------------------------------------------------------------------
Транзакция <2846> Старт. Перевод: 9663 руб. fromAcc: 520 toAcc: 448 
    <Начальные остатки> from: 491889      to: 364150
     <Конечные остатки> from: 482226      to: 373813
Транзакция <2846> Финиш. Время операции: 8,083 сек.
---------------------------------------------------------------------------------
Транзакция <2847> Старт. Перевод: 9880 руб. fromAcc: 526 toAcc: 290 
    <Начальные остатки> from: 308951      to: 407188
     <Конечные остатки> from: 299071      to: 417068
Транзакция <2847> Финиш. Время операции: 8,080 сек.
---------------------------------------------------------------------------------
Транзакция <2848> Старт. Перевод: 1219 руб. fromAcc: 549 toAcc: 804 
    <Начальные остатки> from: 369412      to: 330845
     <Конечные остатки> from: 368193      to: 332064
Транзакция <2848> Финиш. Время операции: 8,077 сек.
---------------------------------------------------------------------------------
Транзакция <2849> Старт. Перевод: 8403 руб. fromAcc: 826 toAcc: 138 
    <Начальные остатки> from: 358694      to: 400022
     <Конечные остатки> from: 350291      to: 408425
Транзакция <2849> Финиш. Время операции: 8,074 сек.
---------------------------------------------------------------------------------
Транзакция <2850> Старт. Перевод: 9652 руб. fromAcc: 870 toAcc: 993 
    <Начальные остатки> from: 511078      to: 422807
     <Конечные остатки> from: 501426      to: 432459
Транзакция <2850> Финиш. Время операции: 8,071 сек.
---------------------------------------------------------------------------------
Транзакция <2851> Старт. Перевод: 5040 руб. fromAcc: 721 toAcc: 518 
    <Начальные остатки> from: 457145      to: 335565
     <Конечные остатки> from: 452105      to: 340605
Транзакция <2851> Финиш. Время операции: 8,069 сек.
---------------------------------------------------------------------------------
Транзакция <2852> Старт. Перевод: 492 руб. fromAcc: 560 toAcc: 518 
    <Начальные остатки> from: 311883      to: 340605
     <Конечные остатки> from: 311391      to: 341097
Транзакция <2852> Финиш. Время операции: 8,066 сек.
---------------------------------------------------------------------------------
Транзакция <2853> Старт. Перевод: 2249 руб. fromAcc: 896 toAcc: 943 
    <Начальные остатки> from: 361835      to: 379923
     <Конечные остатки> from: 359586      to: 382172
Транзакция <2853> Финиш. Время операции: 8,063 сек.
---------------------------------------------------------------------------------
Транзакция <2854> Старт. Перевод: 4905 руб. fromAcc: 288 toAcc: 700 
    <Начальные остатки> from: 466584      to: 451547
     <Конечные остатки> from: 461679      to: 456452
Транзакция <2854> Финиш. Время операции: 8,060 сек.
---------------------------------------------------------------------------------
Транзакция <2855> Старт. Перевод: 5916 руб. fromAcc: 726 toAcc: 643 
    <Начальные остатки> from: 440793      to: 348805
     <Конечные остатки> from: 434877      to: 354721
Транзакция <2855> Финиш. Время операции: 8,057 сек.
---------------------------------------------------------------------------------
Транзакция <2856> Старт. Перевод: 867 руб. fromAcc: 322 toAcc: 8 
    <Начальные остатки> from: 338771      to: 372169
     <Конечные остатки> from: 337904      to: 373036
Транзакция <2856> Финиш. Время операции: 8,054 сек.
---------------------------------------------------------------------------------
Транзакция <2857> Старт. Перевод: 6720 руб. fromAcc: 931 toAcc: 679 
    <Начальные остатки> from: 362753      to: 441296
     <Конечные остатки> from: 356033      to: 448016
Транзакция <2857> Финиш. Время операции: 8,052 сек.
---------------------------------------------------------------------------------
Транзакция <2858> Старт. Перевод: 4769 руб. fromAcc: 698 toAcc: 383 
    <Начальные остатки> from: 336447      to: 487098
     <Конечные остатки> from: 331678      to: 491867
Транзакция <2858> Финиш. Время операции: 8,049 сек.
---------------------------------------------------------------------------------
Транзакция <2859> Старт. Перевод: 1088 руб. fromAcc: 263 toAcc: 334 
    <Начальные остатки> from: 491639      to: 363884
     <Конечные остатки> from: 490551      to: 364972
Транзакция <2859> Финиш. Время операции: 8,046 сек.
---------------------------------------------------------------------------------
Транзакция <2860> Старт. Перевод: 9896 руб. fromAcc: 588 toAcc: 923 
    <Начальные остатки> from: 369635      to: 418291
     <Конечные остатки> from: 359739      to: 428187
Транзакция <2860> Финиш. Время операции: 8,043 сек.
---------------------------------------------------------------------------------
Транзакция <2861> Старт. Перевод: 4435 руб. fromAcc: 884 toAcc: 723 
    <Начальные остатки> from: 399026      to: 265474
     <Конечные остатки> from: 394591      to: 269909
Транзакция <2861> Финиш. Время операции: 8,040 сек.
---------------------------------------------------------------------------------
Транзакция <2862> Старт. Перевод: 725 руб. fromAcc: 176 toAcc: 492 
    <Начальные остатки> from: 307504      to: 348993
     <Конечные остатки> from: 306779      to: 349718
Транзакция <2862> Финиш. Время операции: 8,037 сек.
---------------------------------------------------------------------------------
Транзакция <2863> Старт. Перевод: 1875 руб. fromAcc: 377 toAcc: 859 
    <Начальные остатки> from: 406017      to: 372519
     <Конечные остатки> from: 404142      to: 374394
Транзакция <2863> Финиш. Время операции: 8,034 сек.
---------------------------------------------------------------------------------
Транзакция <2864> Старт. Перевод: 4481 руб. fromAcc: 593 toAcc: 85 
    <Начальные остатки> from: 332222      to: 367844
[ Операция невозможна из-за блокировки счета !!! ]
from: true to: false
     <Конечные остатки> from: 332222      to: 367844
Транзакция <2864> Финиш. Время операции: 8,031 сек.
---------------------------------------------------------------------------------
Транзакция <2865> Старт. Перевод: 4119 руб. fromAcc: 554 toAcc: 599 
    <Начальные остатки> from: 307551      to: 343870
     <Конечные остатки> from: 303432      to: 347989
Транзакция <2865> Финиш. Время операции: 8,028 сек.
---------------------------------------------------------------------------------
Транзакция <2866> Старт. Перевод: 3911 руб. fromAcc: 706 toAcc: 45 
    <Начальные остатки> from: 357658      to: 351175
[ Операция невозможна из-за блокировки счета !!! ]
from: true to: false
     <Конечные остатки> from: 357658      to: 351175
Транзакция <2866> Финиш. Время операции: 8,026 сек.
---------------------------------------------------------------------------------
Транзакция <2867> Старт. Перевод: 8728 руб. fromAcc: 493 toAcc: 200 
    <Начальные остатки> from: 414482      to: 416133
     <Конечные остатки> from: 405754      to: 424861
Транзакция <2867> Финиш. Время операции: 8,023 сек.
---------------------------------------------------------------------------------
Транзакция <2868> Старт. Перевод: 7705 руб. fromAcc: 819 toAcc: 444 
    <Начальные остатки> from: 435139      to: 399595
     <Конечные остатки> from: 427434      to: 407300
Транзакция <2868> Финиш. Время операции: 8,020 сек.
---------------------------------------------------------------------------------
Транзакция <2869> Старт. Перевод: 9441 руб. fromAcc: 474 toAcc: 432 
    <Начальные остатки> from: 340956      to: 391668
     <Конечные остатки> from: 331515      to: 401109
Транзакция <2869> Финиш. Время операции: 8,017 сек.
---------------------------------------------------------------------------------
Транзакция <2870> Старт. Перевод: 7519 руб. fromAcc: 582 toAcc: 230 
    <Начальные остатки> from: 372485      to: 285466
[ Операция невозможна из-за блокировки счета !!! ]
from: true to: false
     <Конечные остатки> from: 372485      to: 285466
Транзакция <2870> Финиш. Время операции: 8,014 сек.
---------------------------------------------------------------------------------
Транзакция <2871> Старт. Перевод: 55000 руб. fromAcc: 750 toAcc: 462 
    <Начальные остатки> from: 511241      to: 495419
     <Конечные остатки> from: 363806      to: 408067
Транзакция <2565> Финиш. Время операции: 9,950 сек.
---------------------------------------------------------------------------------
Транзакция <2872> Старт. Перевод: 8935 руб. fromAcc: 866 toAcc: 660 
    <Начальные остатки> from: 355175      to: 403434
     <Конечные остатки> from: 346240      to: 412369
Транзакция <2872> Финиш. Время операции: 9,005 сек.
---------------------------------------------------------------------------------
Транзакция <2873> Старт. Перевод: 4295 руб. fromAcc: 295 toAcc: 312 
    <Начальные остатки> from: 454565      to: 378412
     <Конечные остатки> from: 450270      to: 382707
Транзакция <2873> Финиш. Время операции: 9,002 сек.
---------------------------------------------------------------------------------
Транзакция <2874> Старт. Перевод: 8252 руб. fromAcc: 138 toAcc: 961 
    <Начальные остатки> from: 408425      to: 524977
     <Конечные остатки> from: 400173      to: 533229
Транзакция <2874> Финиш. Время операции: 8,999 сек.
---------------------------------------------------------------------------------
Транзакция <2875> Старт. Перевод: 6411 руб. fromAcc: 898 toAcc: 98 
    <Начальные остатки> from: 337406      to: 368438
     <Конечные остатки> from: 330995      to: 374849
Транзакция <2875> Финиш. Время операции: 8,996 сек.
---------------------------------------------------------------------------------
Транзакция <2876> Старт. Перевод: 9424 руб. fromAcc: 929 toAcc: 479 
    <Начальные остатки> from: 329511      to: 416620
     <Конечные остатки> from: 320087      to: 426044
Транзакция <2876> Финиш. Время операции: 8,993 сек.
---------------------------------------------------------------------------------
Транзакция <2877> Старт. Перевод: 5332 руб. fromAcc: 88 toAcc: 292 
    <Начальные остатки> from: 489292      to: 457824
     <Конечные остатки> from: 483960      to: 463156
Транзакция <2877> Финиш. Время операции: 8,991 сек.
---------------------------------------------------------------------------------
Транзакция <2878> Старт. Перевод: 9439 руб. fromAcc: 972 toAcc: 47 
    <Начальные остатки> from: 335999      to: 343996
     <Конечные остатки> from: 326560      to: 353435
Транзакция <2878> Финиш. Время операции: 8,988 сек.
---------------------------------------------------------------------------------
Транзакция <2879> Старт. Перевод: 8122 руб. fromAcc: 750 toAcc: 668 
    <Начальные остатки> from: 456241      to: 332719
     <Конечные остатки> from: 448119      to: 340841
Транзакция <2879> Финиш. Время операции: 8,985 сек.
---------------------------------------------------------------------------------
Транзакция <2880> Старт. Перевод: 1766 руб. fromAcc: 306 toAcc: 558 
    <Начальные остатки> from: 359751      to: 342297
     <Конечные остатки> from: 357985      to: 344063
Транзакция <2880> Финиш. Время операции: 8,982 сек.
---------------------------------------------------------------------------------
Транзакция <2881> Старт. Перевод: 9904 руб. fromAcc: 285 toAcc: 135 
    <Начальные остатки> from: 439649      to: 422713
     <Конечные остатки> from: 429745      to: 432617
Транзакция <2881> Финиш. Время операции: 8,979 сек.
---------------------------------------------------------------------------------
Транзакция <2882> Старт. Перевод: 8523 руб. fromAcc: 717 toAcc: 438 
    <Начальные остатки> from: 375698      to: 533915
     <Конечные остатки> from: 367175      to: 542438
Транзакция <2882> Финиш. Время операции: 8,976 сек.
---------------------------------------------------------------------------------
Транзакция <2883> Старт. Перевод: 5531 руб. fromAcc: 58 toAcc: 913 
    <Начальные остатки> from: 387458      to: 302898
     <Конечные остатки> from: 381927      to: 308429
Транзакция <2883> Финиш. Время операции: 8,973 сек.
---------------------------------------------------------------------------------
Транзакция <2884> Старт. Перевод: 5380 руб. fromAcc: 854 toAcc: 448 
    <Начальные остатки> from: 299491      to: 373813
     <Конечные остатки> from: 294111      to: 379193
Транзакция <2884> Финиш. Время операции: 8,970 сек.
---------------------------------------------------------------------------------
Транзакция <2885> Старт. Перевод: 7995 руб. fromAcc: 765 toAcc: 23 
    <Начальные остатки> from: 488298      to: 501617
     <Конечные остатки> from: 480303      to: 509612
Транзакция <2885> Финиш. Время операции: 8,968 сек.
---------------------------------------------------------------------------------
Транзакция <2886> Старт. Перевод: 312 руб. fromAcc: 319 toAcc: 96 
    <Начальные остатки> from: 507583      to: 416074
     <Конечные остатки> from: 507271      to: 416386
Транзакция <2886> Финиш. Время операции: 8,965 сек.
---------------------------------------------------------------------------------
Транзакция <2887> Старт. Перевод: 944 руб. fromAcc: 624 toAcc: 10 
    <Начальные остатки> from: 428559      to: 434283
     <Конечные остатки> from: 427615      to: 435227
Транзакция <2887> Финиш. Время операции: 8,962 сек.
---------------------------------------------------------------------------------
Транзакция <2888> Старт. Перевод: 9855 руб. fromAcc: 238 toAcc: 210 
    <Начальные остатки> from: 265524      to: 519191
     <Конечные остатки> from: 255669      to: 529046
Транзакция <2888> Финиш. Время операции: 8,960 сек.
---------------------------------------------------------------------------------
Транзакция <2889> Старт. Перевод: 5199 руб. fromAcc: 515 toAcc: 74 
    <Начальные остатки> from: 317076      to: 323906
     <Конечные остатки> from: 311877      to: 329105
Транзакция <2889> Финиш. Время операции: 8,957 сек.
---------------------------------------------------------------------------------
Транзакция <2890> Старт. Перевод: 8985 руб. fromAcc: 80 toAcc: 484 
    <Начальные остатки> from: 310665      to: 389675
     <Конечные остатки> from: 301680      to: 398660
Транзакция <2890> Финиш. Время операции: 8,954 сек.
---------------------------------------------------------------------------------
Транзакция <2891> Старт. Перевод: 1654 руб. fromAcc: 485 toAcc: 43 
    <Начальные остатки> from: 279447      to: 252417
     <Конечные остатки> from: 277793      to: 254071
Транзакция <2891> Финиш. Время операции: 8,951 сек.
---------------------------------------------------------------------------------
Транзакция <2892> Старт. Перевод: 3249 руб. fromAcc: 752 toAcc: 45 
    <Начальные остатки> from: 480039      to: 351175
[ Операция невозможна из-за блокировки счета !!! ]
from: true to: false
     <Конечные остатки> from: 480039      to: 351175
Транзакция <2892> Финиш. Время операции: 8,948 сек.
---------------------------------------------------------------------------------
Транзакция <2893> Старт. Перевод: 5432 руб. fromAcc: 245 toAcc: 849 
    <Начальные остатки> from: 463314      to: 288272
     <Конечные остатки> from: 457882      to: 293704
Транзакция <2893> Финиш. Время операции: 8,945 сек.
---------------------------------------------------------------------------------
Транзакция <2894> Старт. Перевод: 4301 руб. fromAcc: 229 toAcc: 329 
    <Начальные остатки> from: 274464      to: 537676
     <Конечные остатки> from: 270163      to: 541977
Транзакция <2894> Финиш. Время операции: 8,942 сек.
---------------------------------------------------------------------------------
Транзакция <2895> Старт. Перевод: 8694 руб. fromAcc: 571 toAcc: 450 
    <Начальные остатки> from: 472466      to: 456518
     <Конечные остатки> from: 463772      to: 465212
Транзакция <2895> Финиш. Время операции: 8,939 сек.
---------------------------------------------------------------------------------
Транзакция <2896> Старт. Перевод: 2449 руб. fromAcc: 250 toAcc: 833 
    <Начальные остатки> from: 344313      to: 485359
     <Конечные остатки> from: 341864      to: 487808
Транзакция <2896> Финиш. Время операции: 8,937 сек.
---------------------------------------------------------------------------------
Транзакция <2897> Старт. Перевод: 1972 руб. fromAcc: 735 toAcc: 363 
    <Начальные остатки> from: 348077      to: 423355
     <Конечные остатки> from: 346105      to: 425327
Транзакция <2897> Финиш. Время операции: 8,934 сек.
---------------------------------------------------------------------------------
Транзакция <2898> Старт. Перевод: 2371 руб. fromAcc: 843 toAcc: 538 
    <Начальные остатки> from: 436144      to: 517164
     <Конечные остатки> from: 433773      to: 519535
Транзакция <2898> Финиш. Время операции: 8,931 сек.
---------------------------------------------------------------------------------
Транзакция <2899> Старт. Перевод: 6414 руб. fromAcc: 373 toAcc: 236 
    <Начальные остатки> from: 389756      to: 355419
     <Конечные остатки> from: 383342      to: 361833
Транзакция <2899> Финиш. Время операции: 8,928 сек.
---------------------------------------------------------------------------------
Транзакция <2900> Старт. Перевод: 610 руб. fromAcc: 693 toAcc: 50 
    <Начальные остатки> from: 274085      to: 319825
     <Конечные остатки> from: 273475      to: 320435
Транзакция <2900> Финиш. Время операции: 8,925 сек.
---------------------------------------------------------------------------------
Транзакция <2901> Старт. Перевод: 1822 руб. fromAcc: 431 toAcc: 132 
    <Начальные остатки> from: 453143      to: 425756
     <Конечные остатки> from: 451321      to: 427578
Транзакция <2901> Финиш. Время операции: 8,922 сек.
---------------------------------------------------------------------------------
Транзакция <2902> Старт. Перевод: 6003 руб. fromAcc: 640 toAcc: 761 
    <Начальные остатки> from: 371136      to: 436772
     <Конечные остатки> from: 365133      to: 442775
Транзакция <2902> Финиш. Время операции: 8,919 сек.
---------------------------------------------------------------------------------
Транзакция <2903> Старт. Перевод: 7873 руб. fromAcc: 83 toAcc: 462 
    <Начальные остатки> from: 408585      to: 550419
     <Конечные остатки> from: 400712      to: 558292
Транзакция <2903> Финиш. Время операции: 8,916 сек.
---------------------------------------------------------------------------------
Транзакция <2904> Старт. Перевод: 6659 руб. fromAcc: 804 toAcc: 591 
    <Начальные остатки> from: 332064      to: 500214
     <Конечные остатки> from: 325405      to: 506873
Транзакция <2904> Финиш. Время операции: 8,913 сек.
---------------------------------------------------------------------------------
Транзакция <2905> Старт. Перевод: 8387 руб. fromAcc: 766 toAcc: 726 
    <Начальные остатки> from: 464014      to: 434877
     <Конечные остатки> from: 455627      to: 443264
Транзакция <2905> Финиш. Время операции: 8,910 сек.
---------------------------------------------------------------------------------
Транзакция <2906> Старт. Перевод: 9623 руб. fromAcc: 130 toAcc: 92 
    <Начальные остатки> from: 255547      to: 390558
     <Конечные остатки> from: 245924      to: 400181
Транзакция <2906> Финиш. Время операции: 8,908 сек.
---------------------------------------------------------------------------------
Транзакция <2907> Старт. Перевод: 1056 руб. fromAcc: 728 toAcc: 501 
    <Начальные остатки> from: 346948      to: 477787
     <Конечные остатки> from: 345892      to: 478843
Транзакция <2907> Финиш. Время операции: 8,904 сек.
---------------------------------------------------------------------------------
Транзакция <2908> Старт. Перевод: 1873 руб. fromAcc: 346 toAcc: 984 
    <Начальные остатки> from: 479883      to: 431868
     <Конечные остатки> from: 478010      to: 433741
Транзакция <2908> Финиш. Время операции: 8,901 сек.
---------------------------------------------------------------------------------
Транзакция <2909> Старт. Перевод: 7475 руб. fromAcc: 730 toAcc: 348 
    <Начальные остатки> from: 314956      to: 431920
     <Конечные остатки> from: 307481      to: 439395
Транзакция <2909> Финиш. Время операции: 8,898 сек.
---------------------------------------------------------------------------------
Транзакция <2910> Старт. Перевод: 3756 руб. fromAcc: 634 toAcc: 416 
    <Начальные остатки> from: 479959      to: 329494
     <Конечные остатки> from: 476203      to: 333250
Транзакция <2910> Финиш. Время операции: 8,895 сек.
---------------------------------------------------------------------------------
Транзакция <2911> Старт. Перевод: 908 руб. fromAcc: 799 toAcc: 562 
    <Начальные остатки> from: 495085      to: 424273
     <Конечные остатки> from: 494177      to: 425181
Транзакция <2911> Финиш. Время операции: 8,892 сек.
---------------------------------------------------------------------------------
Транзакция <2912> Старт. Перевод: 8525 руб. fromAcc: 502 toAcc: 497 
    <Начальные остатки> from: 454339      to: 298854
     <Конечные остатки> from: 445814      to: 307379
Транзакция <2912> Финиш. Время операции: 8,888 сек.
---------------------------------------------------------------------------------
Транзакция <2913> Старт. Перевод: 1617 руб. fromAcc: 175 toAcc: 936 
    <Начальные остатки> from: 448711      to: 310503
     <Конечные остатки> from: 447094      to: 312120
Транзакция <2913> Финиш. Время операции: 8,885 сек.
---------------------------------------------------------------------------------
Транзакция <2914> Старт. Перевод: 4085 руб. fromAcc: 659 toAcc: 908 
    <Начальные остатки> from: 520834      to: 514991
     <Конечные остатки> from: 516749      to: 519076
Транзакция <2914> Финиш. Время операции: 8,882 сек.
---------------------------------------------------------------------------------
Транзакция <2915> Старт. Перевод: 55000 руб. fromAcc: 854 toAcc: 984 
    <Начальные остатки> from: 294111      to: 433741
     <Конечные остатки> from: 375192      to: 609611
Транзакция <2454> Финиш. Время операции: 11,312 сек.
---------------------------------------------------------------------------------
Транзакция <2916> Старт. Перевод: 4855 руб. fromAcc: 209 toAcc: 877 
    <Начальные остатки> from: 356509      to: 326690
     <Конечные остатки> from: 351654      to: 331545
Транзакция <2916> Финиш. Время операции: 9,871 сек.
---------------------------------------------------------------------------------
Транзакция <2917> Старт. Перевод: 5006 руб. fromAcc: 550 toAcc: 354 
    <Начальные остатки> from: 295576      to: 505795
     <Конечные остатки> from: 290570      to: 510801
Транзакция <2917> Финиш. Время операции: 9,869 сек.
---------------------------------------------------------------------------------
Транзакция <2918> Старт. Перевод: 5332 руб. fromAcc: 761 toAcc: 145 
    <Начальные остатки> from: 442775      to: 385278
     <Конечные остатки> from: 437443      to: 390610
Транзакция <2918> Финиш. Время операции: 9,867 сек.
---------------------------------------------------------------------------------
Транзакция <2919> Старт. Перевод: 10090 руб. fromAcc: 998 toAcc: 623 
    <Начальные остатки> from: 391793      to: 404008
[ Операция невозможна из-за блокировки счета !!! ]
from: false to: true
     <Конечные остатки> from: 391793      to: 404008
Транзакция <2919> Финиш. Время операции: 9,864 сек.
---------------------------------------------------------------------------------
Транзакция <2920> Старт. Перевод: 3242 руб. fromAcc: 806 toAcc: 608 
    <Начальные остатки> from: 287582      to: 420564
     <Конечные остатки> from: 284340      to: 423806
Транзакция <2920> Финиш. Время операции: 9,862 сек.
---------------------------------------------------------------------------------
Транзакция <2921> Старт. Перевод: 1288 руб. fromAcc: 649 toAcc: 206 
    <Начальные остатки> from: 460580      to: 499251
     <Конечные остатки> from: 459292      to: 500539
Транзакция <2921> Финиш. Время операции: 9,860 сек.
---------------------------------------------------------------------------------
Транзакция <2922> Старт. Перевод: 8365 руб. fromAcc: 287 toAcc: 71 
    <Начальные остатки> from: 283780      to: 345787
     <Конечные остатки> from: 275415      to: 354152
Транзакция <2922> Финиш. Время операции: 9,858 сек.
---------------------------------------------------------------------------------
Транзакция <2923> Старт. Перевод: 6923 руб. fromAcc: 809 toAcc: 93 
    <Начальные остатки> from: 302766      to: 417516
     <Конечные остатки> from: 295843      to: 424439
Транзакция <2923> Финиш. Время операции: 9,855 сек.
---------------------------------------------------------------------------------
Транзакция <2924> Старт. Перевод: 7890 руб. fromAcc: 995 toAcc: 91 
    <Начальные остатки> from: 351856      to: 343281
     <Конечные остатки> from: 343966      to: 351171
Транзакция <2924> Финиш. Время операции: 9,852 сек.
---------------------------------------------------------------------------------
Транзакция <2925> Старт. Перевод: 1382 руб. fromAcc: 422 toAcc: 871 
    <Начальные остатки> from: 394052      to: 438133
     <Конечные остатки> from: 392670      to: 439515
Транзакция <2925> Финиш. Время операции: 9,849 сек.
---------------------------------------------------------------------------------
Транзакция <2926> Старт. Перевод: 2755 руб. fromAcc: 411 toAcc: 919 
    <Начальные остатки> from: 388866      to: 488731
[ Операция невозможна из-за блокировки счета !!! ]
from: true to: false
     <Конечные остатки> from: 388866      to: 488731
Транзакция <2926> Финиш. Время операции: 9,846 сек.
---------------------------------------------------------------------------------
Транзакция <2927> Старт. Перевод: 9065 руб. fromAcc: 451 toAcc: 84 
    <Начальные остатки> from: 407149      to: 421594
[ Операция невозможна из-за блокировки счета !!! ]
from: true to: false
     <Конечные остатки> from: 407149      to: 421594
Транзакция <2927> Финиш. Время операции: 9,843 сек.
---------------------------------------------------------------------------------
Транзакция <2928> Старт. Перевод: 7846 руб. fromAcc: 230 toAcc: 818 
    <Начальные остатки> from: 285466      to: 446368
[ Операция невозможна из-за блокировки счета !!! ]
from: false to: true
     <Конечные остатки> from: 285466      to: 446368
Транзакция <2928> Финиш. Время операции: 9,840 сек.
---------------------------------------------------------------------------------
Транзакция <2929> Старт. Перевод: 3537 руб. fromAcc: 783 toAcc: 951 
    <Начальные остатки> from: 426252      to: 300491
[ Операция невозможна из-за блокировки счета !!! ]
from: false to: true
     <Конечные остатки> from: 426252      to: 300491
Транзакция <2929> Финиш. Время операции: 9,837 сек.
---------------------------------------------------------------------------------
Транзакция <2930> Старт. Перевод: 6859 руб. fromAcc: 539 toAcc: 515 
    <Начальные остатки> from: 333292      to: 311877
     <Конечные остатки> from: 326433      to: 318736
Транзакция <2930> Финиш. Время операции: 9,835 сек.
---------------------------------------------------------------------------------
Транзакция <2931> Старт. Перевод: 8945 руб. fromAcc: 254 toAcc: 816 
    <Начальные остатки> from: 465174      to: 311809
     <Конечные остатки> from: 456229      to: 320754
Транзакция <2931> Финиш. Время операции: 9,832 сек.
---------------------------------------------------------------------------------
Транзакция <2932> Старт. Перевод: 5177 руб. fromAcc: 911 toAcc: 830 
    <Начальные остатки> from: 526017      to: 307403
     <Конечные остатки> from: 520840      to: 312580
Транзакция <2932> Финиш. Время операции: 9,829 сек.
---------------------------------------------------------------------------------
Транзакция <2933> Старт. Перевод: 3287 руб. fromAcc: 673 toAcc: 5 
    <Начальные остатки> from: 433543      to: 285192
     <Конечные остатки> from: 430256      to: 288479
Транзакция <2933> Финиш. Время операции: 9,826 сек.
---------------------------------------------------------------------------------
Транзакция <2934> Старт. Перевод: 6544 руб. fromAcc: 885 toAcc: 718 
    <Начальные остатки> from: 540871      to: 347993
     <Конечные остатки> from: 534327      to: 354537
Транзакция <2934> Финиш. Время операции: 9,823 сек.
---------------------------------------------------------------------------------
Транзакция <2935> Старт. Перевод: 5593 руб. fromAcc: 945 toAcc: 956 
    <Начальные остатки> from: 352996      to: 410808
     <Конечные остатки> from: 347403      to: 416401
Транзакция <2935> Финиш. Время операции: 9,820 сек.
---------------------------------------------------------------------------------
Транзакция <2936> Старт. Перевод: 1894 руб. fromAcc: 575 toAcc: 281 
    <Начальные остатки> from: 355515      to: 414357
     <Конечные остатки> from: 353621      to: 416251
Транзакция <2936> Финиш. Время операции: 9,817 сек.
---------------------------------------------------------------------------------
Транзакция <2937> Старт. Перевод: 1590 руб. fromAcc: 667 toAcc: 782 
    <Начальные остатки> from: 484179      to: 414244
     <Конечные остатки> from: 482589      to: 415834
Транзакция <2937> Финиш. Время операции: 9,814 сек.
---------------------------------------------------------------------------------
Транзакция <2938> Старт. Перевод: 1120 руб. fromAcc: 403 toAcc: 483 
    <Начальные остатки> from: 453108      to: 412888
     <Конечные остатки> from: 451988      to: 414008
Транзакция <2938> Финиш. Время операции: 9,812 сек.
---------------------------------------------------------------------------------
Транзакция <2939> Старт. Перевод: 4919 руб. fromAcc: 801 toAcc: 662 
    <Начальные остатки> from: 319777      to: 339880
     <Конечные остатки> from: 314858      to: 344799
Транзакция <2939> Финиш. Время операции: 9,809 сек.
---------------------------------------------------------------------------------
Транзакция <2940> Старт. Перевод: 55000 руб. fromAcc: 179 toAcc: 618 
    <Начальные остатки> from: 471125      to: 444317
СЧЕТ ЗАБЛОКИРОВАН
     <Конечные остатки> from: 464016      to: 425181
Транзакция <2445> Финиш. Время операции: 12,339 сек.
---------------------------------------------------------------------------------
Транзакция <2941> Старт. Перевод: 4144 руб. fromAcc: 104 toAcc: 292 
    <Начальные остатки> from: 340955      to: 463156
     <Конечные остатки> from: 336811      to: 467300
Транзакция <2941> Финиш. Время операции: 10,791 сек.
---------------------------------------------------------------------------------
Транзакция <2942> Старт. Перевод: 396 руб. fromAcc: 339 toAcc: 40 
    <Начальные остатки> from: 385453      to: 405607
     <Конечные остатки> from: 385057      to: 406003
Транзакция <2942> Финиш. Время операции: 10,789 сек.
---------------------------------------------------------------------------------
Транзакция <2943> Старт. Перевод: 5164 руб. fromAcc: 593 toAcc: 749 
    <Начальные остатки> from: 332222      to: 333618
     <Конечные остатки> from: 327058      to: 338782
Транзакция <2943> Финиш. Время операции: 10,787 сек.
---------------------------------------------------------------------------------
Транзакция <2944> Старт. Перевод: 1935 руб. fromAcc: 290 toAcc: 956 
    <Начальные остатки> from: 417068      to: 416401
     <Конечные остатки> from: 415133      to: 418336
Транзакция <2944> Финиш. Время операции: 10,784 сек.
---------------------------------------------------------------------------------
Транзакция <2945> Старт. Перевод: 55000 руб. fromAcc: 751 toAcc: 542 
    <Начальные остатки> from: 384324      to: 452673
СЧЕТ ЗАБЛОКИРОВАН
     <Конечные остатки> from: 318151      to: 511762
Транзакция <2414> Финиш. Время операции: 13,432 сек.
---------------------------------------------------------------------------------
Транзакция <2946> Старт. Перевод: 8978 руб. fromAcc: 843 toAcc: 216 
    <Начальные остатки> from: 433773      to: 296511
[ Операция невозможна из-за блокировки счета !!! ]
from: true to: false
     <Конечные остатки> from: 433773      to: 296511
Транзакция <2946> Финиш. Время операции: 11,775 сек.
---------------------------------------------------------------------------------
Транзакция <2947> Старт. Перевод: 351 руб. fromAcc: 625 toAcc: 717 
    <Начальные остатки> from: 481215      to: 367175
     <Конечные остатки> from: 480864      to: 367526
Транзакция <2947> Финиш. Время операции: 11,772 сек.
---------------------------------------------------------------------------------
Транзакция <2948> Старт. Перевод: 5671 руб. fromAcc: 601 toAcc: 724 
    <Начальные остатки> from: 496778      to: 289746
     <Конечные остатки> from: 491107      to: 295417
Транзакция <2948> Финиш. Время операции: 11,770 сек.
---------------------------------------------------------------------------------
Транзакция <2949> Старт. Перевод: 3933 руб. fromAcc: 371 toAcc: 219 
    <Начальные остатки> from: 320292      to: 361316
     <Конечные остатки> from: 316359      to: 365249
Транзакция <2949> Финиш. Время операции: 11,767 сек.
---------------------------------------------------------------------------------
Транзакция <2950> Старт. Перевод: 5407 руб. fromAcc: 352 toAcc: 399 
    <Начальные остатки> from: 335828      to: 423262
[ Операция невозможна из-за блокировки счета !!! ]
from: true to: false
     <Конечные остатки> from: 335828      to: 423262
Транзакция <2950> Финиш. Время операции: 11,765 сек.
---------------------------------------------------------------------------------
Транзакция <2951> Старт. Перевод: 6649 руб. fromAcc: 227 toAcc: 254 
    <Начальные остатки> from: 468565      to: 456229
     <Конечные остатки> from: 461916      to: 462878
Транзакция <2951> Финиш. Время операции: 11,763 сек.
---------------------------------------------------------------------------------
Транзакция <2952> Старт. Перевод: 7132 руб. fromAcc: 96 toAcc: 111 
    <Начальные остатки> from: 416386      to: 443885
     <Конечные остатки> from: 409254      to: 451017
Транзакция <2952> Финиш. Время операции: 11,760 сек.
---------------------------------------------------------------------------------
Транзакция <2953> Старт. Перевод: 8963 руб. fromAcc: 496 toAcc: 628 
    <Начальные остатки> from: 446951      to: 404590
     <Конечные остатки> from: 437988      to: 413553
Транзакция <2953> Финиш. Время операции: 11,757 сек.
---------------------------------------------------------------------------------
Транзакция <2954> Старт. Перевод: 4115 руб. fromAcc: 345 toAcc: 818 
    <Начальные остатки> from: 360516      to: 446368
     <Конечные остатки> from: 356401      to: 450483
Транзакция <2954> Финиш. Время операции: 11,754 сек.
---------------------------------------------------------------------------------
Транзакция <2955> Старт. Перевод: 8064 руб. fromAcc: 287 toAcc: 455 
    <Начальные остатки> from: 275415      to: 291826
     <Конечные остатки> from: 267351      to: 299890
Транзакция <2955> Финиш. Время операции: 11,752 сек.
---------------------------------------------------------------------------------
Транзакция <2956> Старт. Перевод: 4820 руб. fromAcc: 658 toAcc: 585 
    <Начальные остатки> from: 359510      to: 435465
     <Конечные остатки> from: 354690      to: 440285
Транзакция <2956> Финиш. Время операции: 11,749 сек.
---------------------------------------------------------------------------------
Транзакция <2957> Старт. Перевод: 5955 руб. fromAcc: 457 toAcc: 940 
    <Начальные остатки> from: 306668      to: 344611
     <Конечные остатки> from: 300713      to: 350566
Транзакция <2957> Финиш. Время операции: 11,746 сек.
---------------------------------------------------------------------------------
Транзакция <2958> Старт. Перевод: 5425 руб. fromAcc: 328 toAcc: 777 
    <Начальные остатки> from: 361219      to: 452345
     <Конечные остатки> from: 355794      to: 457770
Транзакция <2958> Финиш. Время операции: 11,745 сек.
---------------------------------------------------------------------------------
Транзакция <2959> Старт. Перевод: 2716 руб. fromAcc: 507 toAcc: 19 
    <Начальные остатки> from: 250376      to: 410839
     <Конечные остатки> from: 247660      to: 413555
Транзакция <2959> Финиш. Время операции: 11,744 сек.
---------------------------------------------------------------------------------
Транзакция <2960> Старт. Перевод: 9202 руб. fromAcc: 116 toAcc: 615 
    <Начальные остатки> from: 396727      to: 479811
[ Операция невозможна из-за блокировки счета !!! ]
from: true to: false
     <Конечные остатки> from: 396727      to: 479811
Транзакция <2960> Финиш. Время операции: 11,743 сек.
---------------------------------------------------------------------------------
Транзакция <2961> Старт. Перевод: 6417 руб. fromAcc: 964 toAcc: 711 
    <Начальные остатки> from: 363057      to: 467300
     <Конечные остатки> from: 356640      to: 473717
Транзакция <2961> Финиш. Время операции: 11,742 сек.
---------------------------------------------------------------------------------
Транзакция <2962> Старт. Перевод: 448 руб. fromAcc: 236 toAcc: 579 
    <Начальные остатки> from: 361833      to: 445440
     <Конечные остатки> from: 361385      to: 445888
Транзакция <2962> Финиш. Время операции: 11,741 сек.
---------------------------------------------------------------------------------
Транзакция <2963> Старт. Перевод: 3611 руб. fromAcc: 64 toAcc: 236 
    <Начальные остатки> from: 477663      to: 361385
     <Конечные остатки> from: 474052      to: 364996
Транзакция <2963> Финиш. Время операции: 11,741 сек.
---------------------------------------------------------------------------------
Транзакция <2964> Старт. Перевод: 3154 руб. fromAcc: 994 toAcc: 339 
    <Начальные остатки> from: 309797      to: 385057
     <Конечные остатки> from: 306643      to: 388211
Транзакция <2964> Финиш. Время операции: 11,740 сек.
---------------------------------------------------------------------------------
Транзакция <2965> Старт. Перевод: 55000 руб. fromAcc: 778 toAcc: 258 
    <Начальные остатки> from: 473588      to: 343417
СЧЕТ ЗАБЛОКИРОВАН
     <Конечные остатки> from: 299071      to: 500436
Транзакция <2411> Финиш. Время операции: 14,444 сек.
---------------------------------------------------------------------------------
Транзакция <2966> Старт. Перевод: 5431 руб. fromAcc: 677 toAcc: 778 
    <Начальные остатки> from: 322517      to: 418588
     <Конечные остатки> from: 317086      to: 424019
Транзакция <2966> Финиш. Время операции: 12,733 сек.
---------------------------------------------------------------------------------
Транзакция <2967> Старт. Перевод: 1553 руб. fromAcc: 702 toAcc: 484 
    <Начальные остатки> from: 427705      to: 398660
     <Конечные остатки> from: 426152      to: 400213
Транзакция <2967> Финиш. Время операции: 12,732 сек.
---------------------------------------------------------------------------------
Транзакция <2968> Старт. Перевод: 8280 руб. fromAcc: 813 toAcc: 305 
    <Начальные остатки> from: 347478      to: 415422
     <Конечные остатки> from: 339198      to: 423702
Транзакция <2968> Финиш. Время операции: 12,731 сек.
---------------------------------------------------------------------------------
Транзакция <2969> Старт. Перевод: 385 руб. fromAcc: 658 toAcc: 841 
    <Начальные остатки> from: 354690      to: 400237
     <Конечные остатки> from: 354305      to: 400622
Транзакция <2969> Финиш. Время операции: 12,730 сек.
---------------------------------------------------------------------------------
Транзакция <2970> Старт. Перевод: 1864 руб. fromAcc: 11 toAcc: 313 
    <Начальные остатки> from: 404164      to: 508934
     <Конечные остатки> from: 402300      to: 510798
Транзакция <2970> Финиш. Время операции: 12,729 сек.
---------------------------------------------------------------------------------
Транзакция <2971> Старт. Перевод: 7161 руб. fromAcc: 972 toAcc: 658 
    <Начальные остатки> from: 326560      to: 354305
     <Конечные остатки> from: 319399      to: 361466
Транзакция <2971> Финиш. Время операции: 12,728 сек.
---------------------------------------------------------------------------------
Транзакция <2972> Старт. Перевод: 937 руб. fromAcc: 790 toAcc: 122 
    <Начальные остатки> from: 450194      to: 322473
     <Конечные остатки> from: 449257      to: 323410
Транзакция <2972> Финиш. Время операции: 12,728 сек.
---------------------------------------------------------------------------------
Транзакция <2973> Старт. Перевод: 425 руб. fromAcc: 765 toAcc: 808 
    <Начальные остатки> from: 480303      to: 365946
     <Конечные остатки> from: 479878      to: 366371
Транзакция <2973> Финиш. Время операции: 12,727 сек.
---------------------------------------------------------------------------------
Транзакция <2974> Старт. Перевод: 6084 руб. fromAcc: 948 toAcc: 738 
    <Начальные остатки> from: 395113      to: 478497
     <Конечные остатки> from: 389029      to: 484581
Транзакция <2974> Финиш. Время операции: 12,726 сек.
---------------------------------------------------------------------------------
Транзакция <2975> Старт. Перевод: 6873 руб. fromAcc: 761 toAcc: 503 
    <Начальные остатки> from: 437443      to: 325372
     <Конечные остатки> from: 430570      to: 332245
Транзакция <2975> Финиш. Время операции: 12,725 сек.
---------------------------------------------------------------------------------
Транзакция <2976> Старт. Перевод: 6253 руб. fromAcc: 252 toAcc: 419 
    <Начальные остатки> from: 474009      to: 372193
     <Конечные остатки> from: 467756      to: 378446
Транзакция <2976> Финиш. Время операции: 12,724 сек.
---------------------------------------------------------------------------------
Транзакция <2977> Старт. Перевод: 3794 руб. fromAcc: 418 toAcc: 458 
    <Начальные остатки> from: 491870      to: 471438
     <Конечные остатки> from: 488076      to: 475232
Транзакция <2977> Финиш. Время операции: 12,723 сек.
---------------------------------------------------------------------------------
Транзакция <2978> Старт. Перевод: 5136 руб. fromAcc: 935 toAcc: 899 
    <Начальные остатки> from: 455995      to: 337404
     <Конечные остатки> from: 450859      to: 342540
Транзакция <2978> Финиш. Время операции: 12,722 сек.
---------------------------------------------------------------------------------
Транзакция <2979> Старт. Перевод: 9982 руб. fromAcc: 652 toAcc: 767 
    <Начальные остатки> from: 454238      to: 362272
     <Конечные остатки> from: 444256      to: 372254
Транзакция <2979> Финиш. Время операции: 12,721 сек.
---------------------------------------------------------------------------------
Транзакция <2980> Старт. Перевод: 3770 руб. fromAcc: 424 toAcc: 670 
    <Начальные остатки> from: 345840      to: 443947
     <Конечные остатки> from: 342070      to: 447717
Транзакция <2980> Финиш. Время операции: 12,721 сек.
---------------------------------------------------------------------------------
Транзакция <2981> Старт. Перевод: 3746 руб. fromAcc: 215 toAcc: 520 
    <Начальные остатки> from: 458796      to: 482226
     <Конечные остатки> from: 455050      to: 485972
Транзакция <2981> Финиш. Время операции: 12,720 сек.
---------------------------------------------------------------------------------
Транзакция <2982> Старт. Перевод: 4243 руб. fromAcc: 912 toAcc: 20 
    <Начальные остатки> from: 514360      to: 373391
     <Конечные остатки> from: 510117      to: 377634
Транзакция <2982> Финиш. Время операции: 12,719 сек.
---------------------------------------------------------------------------------
Транзакция <2983> Старт. Перевод: 9164 руб. fromAcc: 951 toAcc: 483 
    <Начальные остатки> from: 300491      to: 414008
     <Конечные остатки> from: 291327      to: 423172
Транзакция <2983> Финиш. Время операции: 12,718 сек.
---------------------------------------------------------------------------------
Транзакция <2984> Старт. Перевод: 1897 руб. fromAcc: 696 toAcc: 734 
    <Начальные остатки> from: 299003      to: 414490
     <Конечные остатки> from: 297106      to: 416387
Транзакция <2984> Финиш. Время операции: 12,717 сек.
---------------------------------------------------------------------------------
Транзакция <2985> Старт. Перевод: 4193 руб. fromAcc: 487 toAcc: 375 
    <Начальные остатки> from: 369509      to: 362891
     <Конечные остатки> from: 365316      to: 367084
Транзакция <2985> Финиш. Время операции: 12,716 сек.
---------------------------------------------------------------------------------
Транзакция <2986> Старт. Перевод: 5890 руб. fromAcc: 404 toAcc: 653 
    <Начальные остатки> from: 328276      to: 461219
     <Конечные остатки> from: 322386      to: 467109
Транзакция <2986> Финиш. Время операции: 12,715 сек.
---------------------------------------------------------------------------------
Транзакция <2987> Старт. Перевод: 6796 руб. fromAcc: 105 toAcc: 555 
    <Начальные остатки> from: 390894      to: 377701
     <Конечные остатки> from: 384098      to: 384497
Транзакция <2987> Финиш. Время операции: 12,714 сек.
---------------------------------------------------------------------------------
Транзакция <2988> Старт. Перевод: 55000 руб. fromAcc: 521 toAcc: 497 
    <Начальные остатки> from: 407257      to: 307379
     <Конечные остатки> from: 430570      to: 541795
Транзакция <2407> Финиш. Время операции: 15,456 сек.
---------------------------------------------------------------------------------
Транзакция <2989> Старт. Перевод: 3018 руб. fromAcc: 44 toAcc: 829 
    <Начальные остатки> from: 309361      to: 334907
     <Конечные остатки> from: 306343      to: 337925
Транзакция <2989> Финиш. Время операции: 13,710 сек.
---------------------------------------------------------------------------------
Транзакция <2990> Старт. Перевод: 5541 руб. fromAcc: 759 toAcc: 851 
    <Начальные остатки> from: 457939      to: 478297
     <Конечные остатки> from: 452398      to: 483838
Транзакция <2990> Финиш. Время операции: 13,709 сек.
---------------------------------------------------------------------------------
Транзакция <2991> Старт. Перевод: 55000 руб. fromAcc: 214 toAcc: 985 
    <Начальные остатки> from: 335940      to: 411413
     <Конечные остатки> from: 386197      to: 451972
Транзакция <2383> Финиш. Время операции: 16,528 сек.
---------------------------------------------------------------------------------
Транзакция <2992> Старт. Перевод: 7983 руб. fromAcc: 631 toAcc: 75 
    <Начальные остатки> from: 339369      to: 343791
     <Конечные остатки> from: 331386      to: 351774
Транзакция <2992> Финиш. Время операции: 14,707 сек.
---------------------------------------------------------------------------------
Транзакция <2993> Старт. Перевод: 7921 руб. fromAcc: 421 toAcc: 941 
    <Начальные остатки> from: 416935      to: 503895
     <Конечные остатки> from: 409014      to: 511816
Транзакция <2993> Финиш. Время операции: 14,706 сек.
---------------------------------------------------------------------------------
Транзакция <2994> Старт. Перевод: 6401 руб. fromAcc: 426 toAcc: 537 
    <Начальные остатки> from: 489976      to: 350498
     <Конечные остатки> from: 483575      to: 356899
Транзакция <2994> Финиш. Время операции: 14,705 сек.
---------------------------------------------------------------------------------
Транзакция <2995> Старт. Перевод: 3729 руб. fromAcc: 169 toAcc: 573 
    <Начальные остатки> from: 458215      to: 311328
     <Конечные остатки> from: 454486      to: 315057
Транзакция <2995> Финиш. Время операции: 14,704 сек.
---------------------------------------------------------------------------------
Транзакция <2996> Старт. Перевод: 792 руб. fromAcc: 641 toAcc: 526 
    <Начальные остатки> from: 330496      to: 299071
[ Операция невозможна из-за блокировки счета !!! ]
from: true to: false
     <Конечные остатки> from: 330496      to: 299071
Транзакция <2996> Финиш. Время операции: 14,704 сек.
---------------------------------------------------------------------------------
Транзакция <2997> Старт. Перевод: 2951 руб. fromAcc: 833 toAcc: 773 
    <Начальные остатки> from: 487808      to: 456445
     <Конечные остатки> from: 484857      to: 459396
Транзакция <2997> Финиш. Время операции: 14,703 сек.
---------------------------------------------------------------------------------
Транзакция <2998> Старт. Перевод: 5417 руб. fromAcc: 660 toAcc: 450 
    <Начальные остатки> from: 412369      to: 465212
     <Конечные остатки> from: 406952      to: 470629
Транзакция <2998> Финиш. Время операции: 14,702 сек.
---------------------------------------------------------------------------------
Транзакция <2999> Старт. Перевод: 6795 руб. fromAcc: 530 toAcc: 355 
    <Начальные остатки> from: 424169      to: 321928
     <Конечные остатки> from: 417374      to: 328723
Транзакция <2999> Финиш. Время операции: 14,701 сек.
---------------------------------------------------------------------------------
Транзакция <3000> Старт. Перевод: 3930 руб. fromAcc: 476 toAcc: 33 
    <Начальные остатки> from: 321076      to: 419170
     <Конечные остатки> from: 317146      to: 423100
Транзакция <3000> Финиш. Время операции: 14,700 сек.
---------------------------------------------------------------------------------
Транзакция <3001> Старт. Перевод: 1708 руб. fromAcc: 998 toAcc: 871 
    <Начальные остатки> from: 391793      to: 439515
[ Операция невозможна из-за блокировки счета !!! ]
from: false to: true
     <Конечные остатки> from: 391793      to: 439515
Транзакция <3001> Финиш. Время операции: 14,699 сек.
---------------------------------------------------------------------------------
Транзакция <3002> Старт. Перевод: 6034 руб. fromAcc: 728 toAcc: 704 
    <Начальные остатки> from: 345892      to: 464538
     <Конечные остатки> from: 339858      to: 470572
Транзакция <3002> Финиш. Время операции: 14,698 сек.
---------------------------------------------------------------------------------
Транзакция <3003> Старт. Перевод: 6873 руб. fromAcc: 630 toAcc: 943 
    <Начальные остатки> from: 514484      to: 382172
     <Конечные остатки> from: 507611      to: 389045
Транзакция <3003> Финиш. Время операции: 14,698 сек.
---------------------------------------------------------------------------------
Транзакция <3004> Старт. Перевод: 932 руб. fromAcc: 650 toAcc: 679 
    <Начальные остатки> from: 335191      to: 448016
     <Конечные остатки> from: 334259      to: 448948
Транзакция <3004> Финиш. Время операции: 14,697 сек.
---------------------------------------------------------------------------------
Транзакция <3005> Старт. Перевод: 315 руб. fromAcc: 686 toAcc: 581 
    <Начальные остатки> from: 401855      to: 447371
     <Конечные остатки> from: 401540      to: 447686
Транзакция <3005> Финиш. Время операции: 14,696 сек.
---------------------------------------------------------------------------------
Транзакция <3006> Старт. Перевод: 4350 руб. fromAcc: 278 toAcc: 633 
    <Начальные остатки> from: 520786      to: 414695
     <Конечные остатки> from: 516436      to: 419045
Транзакция <3006> Финиш. Время операции: 14,695 сек.
---------------------------------------------------------------------------------
Транзакция <3007> Старт. Перевод: 6637 руб. fromAcc: 634 toAcc: 965 
    <Начальные остатки> from: 476203      to: 443446
     <Конечные остатки> from: 469566      to: 450083
Транзакция <3007> Финиш. Время операции: 14,694 сек.
---------------------------------------------------------------------------------
Транзакция <3008> Старт. Перевод: 8360 руб. fromAcc: 492 toAcc: 32 
    <Начальные остатки> from: 349718      to: 441112
     <Конечные остатки> from: 341358      to: 449472
Транзакция <3008> Финиш. Время операции: 14,693 сек.
---------------------------------------------------------------------------------
Транзакция <3009> Старт. Перевод: 1885 руб. fromAcc: 846 toAcc: 439 
    <Начальные остатки> from: 502604      to: 355377
     <Конечные остатки> from: 500719      to: 357262
Транзакция <3009> Финиш. Время операции: 14,692 сек.
---------------------------------------------------------------------------------
Транзакция <3010> Старт. Перевод: 5787 руб. fromAcc: 724 toAcc: 532 
    <Начальные остатки> from: 295417      to: 488089
     <Конечные остатки> from: 289630      to: 493876
Транзакция <3010> Финиш. Время операции: 14,691 сек.
---------------------------------------------------------------------------------
Транзакция <3011> Старт. Перевод: 3553 руб. fromAcc: 92 toAcc: 702 
    <Начальные остатки> from: 400181      to: 426152
     <Конечные остатки> from: 396628      to: 429705
Транзакция <3011> Финиш. Время операции: 14,690 сек.
---------------------------------------------------------------------------------
Транзакция <3012> Старт. Перевод: 3443 руб. fromAcc: 409 toAcc: 21 
    <Начальные остатки> from: 386197      to: 378524
     <Конечные остатки> from: 382754      to: 381967
Транзакция <3012> Финиш. Время операции: 14,689 сек.
---------------------------------------------------------------------------------
Транзакция <3013> Старт. Перевод: 6238 руб. fromAcc: 540 toAcc: 429 
    <Начальные остатки> from: 484326      to: 346588
     <Конечные остатки> from: 478088      to: 352826
Транзакция <3013> Финиш. Время операции: 14,689 сек.
---------------------------------------------------------------------------------
Транзакция <3014> Старт. Перевод: 949 руб. fromAcc: 531 toAcc: 197 
    <Начальные остатки> from: 435866      to: 421137
     <Конечные остатки> from: 434917      to: 422086
Транзакция <3014> Финиш. Время операции: 14,688 сек.
---------------------------------------------------------------------------------
Транзакция <3015> Старт. Перевод: 5945 руб. fromAcc: 226 toAcc: 819 
    <Начальные остатки> from: 344085      to: 427434
     <Конечные остатки> from: 338140      to: 433379
Транзакция <3015> Финиш. Время операции: 14,687 сек.
---------------------------------------------------------------------------------
Транзакция <3016> Старт. Перевод: 4409 руб. fromAcc: 815 toAcc: 769 
    <Начальные остатки> from: 483888      to: 298469
     <Конечные остатки> from: 479479      to: 302878
Транзакция <3016> Финиш. Время операции: 14,686 сек.
---------------------------------------------------------------------------------
Транзакция <3017> Старт. Перевод: 8563 руб. fromAcc: 191 toAcc: 810 
    <Начальные остатки> from: 494121      to: 374762
     <Конечные остатки> from: 485558      to: 383325
Транзакция <3017> Финиш. Время операции: 14,685 сек.
---------------------------------------------------------------------------------
Транзакция <3018> Старт. Перевод: 6678 руб. fromAcc: 426 toAcc: 671 
    <Начальные остатки> from: 483575      to: 363805
     <Конечные остатки> from: 476897      to: 370483
Транзакция <3018> Финиш. Время операции: 14,684 сек.
---------------------------------------------------------------------------------
Транзакция <3019> Старт. Перевод: 504 руб. fromAcc: 756 toAcc: 929 
    <Начальные остатки> from: 413010      to: 320087
     <Конечные остатки> from: 412506      to: 320591
Транзакция <3019> Финиш. Время операции: 14,683 сек.
---------------------------------------------------------------------------------
Транзакция <3020> Старт. Перевод: 8508 руб. fromAcc: 240 toAcc: 878 
    <Начальные остатки> from: 339017      to: 399543
     <Конечные остатки> from: 330509      to: 408051
Транзакция <3020> Финиш. Время операции: 14,682 сек.
---------------------------------------------------------------------------------
Транзакция <3021> Старт. Перевод: 2026 руб. fromAcc: 623 toAcc: 44 
    <Начальные остатки> from: 404008      to: 306343
     <Конечные остатки> from: 401982      to: 308369
Транзакция <3021> Финиш. Время операции: 14,681 сек.
---------------------------------------------------------------------------------
Транзакция <3022> Старт. Перевод: 7299 руб. fromAcc: 25 toAcc: 703 
    <Начальные остатки> from: 251658      to: 401104
     <Конечные остатки> from: 244359      to: 408403
Транзакция <3022> Финиш. Время операции: 14,680 сек.
---------------------------------------------------------------------------------
Транзакция <3023> Старт. Перевод: 6240 руб. fromAcc: 781 toAcc: 488 
    <Начальные остатки> from: 465738      to: 393135
     <Конечные остатки> from: 459498      to: 399375
Транзакция <3023> Финиш. Время операции: 14,680 сек.
---------------------------------------------------------------------------------
Транзакция <3024> Старт. Перевод: 2738 руб. fromAcc: 115 toAcc: 680 
    <Начальные остатки> from: 348692      to: 529278
     <Конечные остатки> from: 345954      to: 532016
Транзакция <3024> Финиш. Время операции: 14,679 сек.
---------------------------------------------------------------------------------
Транзакция <3025> Старт. Перевод: 9317 руб. fromAcc: 404 toAcc: 291 
    <Начальные остатки> from: 322386      to: 477738
     <Конечные остатки> from: 313069      to: 487055
Транзакция <3025> Финиш. Время операции: 14,678 сек.
---------------------------------------------------------------------------------
Транзакция <3026> Старт. Перевод: 1068 руб. fromAcc: 401 toAcc: 404 
    <Начальные остатки> from: 447389      to: 313069
     <Конечные остатки> from: 446321      to: 314137
Транзакция <3026> Финиш. Время операции: 14,677 сек.
---------------------------------------------------------------------------------
Транзакция <3027> Старт. Перевод: 9885 руб. fromAcc: 212 toAcc: 528 
    <Начальные остатки> from: 390162      to: 391034
     <Конечные остатки> from: 380277      to: 400919
Транзакция <3027> Финиш. Время операции: 14,676 сек.
---------------------------------------------------------------------------------
Транзакция <3028> Старт. Перевод: 2257 руб. fromAcc: 735 toAcc: 932 
    <Начальные остатки> from: 346105      to: 329537
     <Конечные остатки> from: 343848      to: 331794
Транзакция <3028> Финиш. Время операции: 14,675 сек.
---------------------------------------------------------------------------------
Транзакция <3029> Старт. Перевод: 8152 руб. fromAcc: 994 toAcc: 993 
    <Начальные остатки> from: 306643      to: 432459
     <Конечные остатки> from: 298491      to: 440611
Транзакция <3029> Финиш. Время операции: 14,674 сек.
---------------------------------------------------------------------------------
Транзакция <3030> Старт. Перевод: 6812 руб. fromAcc: 63 toAcc: 618 
    <Начальные остатки> from: 367261      to: 499317
     <Конечные остатки> from: 360449      to: 506129
Транзакция <3030> Финиш. Время операции: 14,673 сек.
---------------------------------------------------------------------------------
Транзакция <3031> Старт. Перевод: 7733 руб. fromAcc: 255 toAcc: 716 
    <Начальные остатки> from: 413204      to: 443482
     <Конечные остатки> from: 405471      to: 451215
Транзакция <3031> Финиш. Время операции: 14,672 сек.
---------------------------------------------------------------------------------
Транзакция <3032> Старт. Перевод: 1502 руб. fromAcc: 888 toAcc: 484 
    <Начальные остатки> from: 436667      to: 400213
     <Конечные остатки> from: 435165      to: 401715
Транзакция <3032> Финиш. Время операции: 14,671 сек.
---------------------------------------------------------------------------------
Транзакция <3033> Старт. Перевод: 5713 руб. fromAcc: 190 toAcc: 38 
    <Начальные остатки> from: 414587      to: 358637
     <Конечные остатки> from: 408874      to: 364350
Транзакция <3033> Финиш. Время операции: 14,670 сек.
---------------------------------------------------------------------------------
Транзакция <3034> Старт. Перевод: 5760 руб. fromAcc: 870 toAcc: 501 
    <Начальные остатки> from: 501426      to: 478843
     <Конечные остатки> from: 495666      to: 484603
Транзакция <3034> Финиш. Время операции: 14,670 сек.
---------------------------------------------------------------------------------
Транзакция <3035> Старт. Перевод: 8936 руб. fromAcc: 443 toAcc: 246 
    <Начальные остатки> from: 317892      to: 468824
     <Конечные остатки> from: 308956      to: 477760
Транзакция <3035> Финиш. Время операции: 14,669 сек.
---------------------------------------------------------------------------------
Транзакция <3036> Старт. Перевод: 2990 руб. fromAcc: 673 toAcc: 389 
    <Начальные остатки> from: 430256      to: 342180
     <Конечные остатки> from: 427266      to: 345170
Транзакция <3036> Финиш. Время операции: 14,668 сек.
---------------------------------------------------------------------------------
Транзакция <3037> Старт. Перевод: 7038 руб. fromAcc: 368 toAcc: 6 
    <Начальные остатки> from: 380449      to: 407858
     <Конечные остатки> from: 373411      to: 414896
Транзакция <3037> Финиш. Время операции: 14,667 сек.
---------------------------------------------------------------------------------
Транзакция <3038> Старт. Перевод: 3578 руб. fromAcc: 367 toAcc: 797 
    <Начальные остатки> from: 376190      to: 458094
     <Конечные остатки> from: 372612      to: 461672
Транзакция <3038> Финиш. Время операции: 14,666 сек.
---------------------------------------------------------------------------------
Транзакция <3039> Старт. Перевод: 5234 руб. fromAcc: 722 toAcc: 67 
    <Начальные остатки> from: 434470      to: 442851
     <Конечные остатки> from: 429236      to: 448085
Транзакция <3039> Финиш. Время операции: 14,665 сек.
---------------------------------------------------------------------------------
Транзакция <3040> Старт. Перевод: 8824 руб. fromAcc: 984 toAcc: 979 
    <Начальные остатки> from: 488741      to: 297965
     <Конечные остатки> from: 479917      to: 306789
Транзакция <3040> Финиш. Время операции: 14,664 сек.
---------------------------------------------------------------------------------
Транзакция <3041> Старт. Перевод: 2351 руб. fromAcc: 35 toAcc: 1000 
Транзакция <3042> Старт. Перевод: 7591 руб. fromAcc: 50 toAcc: 332 
    <Начальные остатки> from: 320435      to: 444463
     <Конечные остатки> from: 312844      to: 452054
Транзакция <3042> Финиш. Время операции: 14,663 сек.
---------------------------------------------------------------------------------
Транзакция <3043> Старт. Перевод: 2138 руб. fromAcc: 81 toAcc: 935 
    <Начальные остатки> from: 388822      to: 450859
[ Операция невозможна из-за блокировки счета !!! ]
from: false to: true
     <Конечные остатки> from: 388822      to: 450859
Транзакция <3043> Финиш. Время операции: 14,662 сек.
---------------------------------------------------------------------------------
Транзакция <3044> Старт. Перевод: 9893 руб. fromAcc: 177 toAcc: 397 
    <Начальные остатки> from: 415558      to: 344346
[ Операция невозможна из-за блокировки счета !!! ]
from: true to: false
     <Конечные остатки> from: 415558      to: 344346
Транзакция <3044> Финиш. Время операции: 14,661 сек.
---------------------------------------------------------------------------------
Транзакция <3045> Старт. Перевод: 8340 руб. fromAcc: 175 toAcc: 552 
    <Начальные остатки> from: 447094      to: 320288
     <Конечные остатки> from: 438754      to: 328628
Транзакция <3045> Финиш. Время операции: 14,660 сек.
---------------------------------------------------------------------------------
Транзакция <3046> Старт. Перевод: 4208 руб. fromAcc: 53 toAcc: 210 
    <Начальные остатки> from: 552921      to: 529046
     <Конечные остатки> from: 548713      to: 533254
Транзакция <3046> Финиш. Время операции: 14,659 сек.
---------------------------------------------------------------------------------
Транзакция <3047> Старт. Перевод: 6556 руб. fromAcc: 246 toAcc: 807 
    <Начальные остатки> from: 477760      to: 350524
     <Конечные остатки> from: 471204      to: 357080
Транзакция <3047> Финиш. Время операции: 14,658 сек.
---------------------------------------------------------------------------------
Транзакция <3048> Старт. Перевод: 7761 руб. fromAcc: 404 toAcc: 83 
    <Начальные остатки> from: 314137      to: 400712
     <Конечные остатки> from: 306376      to: 408473
Транзакция <3048> Финиш. Время операции: 14,657 сек.
---------------------------------------------------------------------------------
Транзакция <3049> Старт. Перевод: 8386 руб. fromAcc: 897 toAcc: 123 
    <Начальные остатки> from: 313378      to: 401059
     <Конечные остатки> from: 304992      to: 409445
Транзакция <3049> Финиш. Время операции: 14,657 сек.
---------------------------------------------------------------------------------
Транзакция <3050> Старт. Перевод: 1533 руб. fromAcc: 762 toAcc: 216 
    <Начальные остатки> from: 454589      to: 296511
[ Операция невозможна из-за блокировки счета !!! ]
from: true to: false
     <Конечные остатки> from: 454589      to: 296511
Транзакция <3050> Финиш. Время операции: 14,656 сек.
---------------------------------------------------------------------------------
Транзакция <3051> Старт. Перевод: 5867 руб. fromAcc: 908 toAcc: 59 
    <Начальные остатки> from: 519076      to: 434410
     <Конечные остатки> from: 513209      to: 440277
Транзакция <3051> Финиш. Время операции: 14,655 сек.
---------------------------------------------------------------------------------
Транзакция <3052> Старт. Перевод: 4260 руб. fromAcc: 130 toAcc: 719 
    <Начальные остатки> from: 245924      to: 311370
     <Конечные остатки> from: 241664      to: 315630
Транзакция <3052> Финиш. Время операции: 14,654 сек.
---------------------------------------------------------------------------------
Транзакция <3053> Старт. Перевод: 6726 руб. fromAcc: 885 toAcc: 667 
    <Начальные остатки> from: 534327      to: 482589
     <Конечные остатки> from: 527601      to: 489315
Транзакция <3053> Финиш. Время операции: 14,653 сек.
---------------------------------------------------------------------------------
Транзакция <3054> Старт. Перевод: 2180 руб. fromAcc: 856 toAcc: 928 
    <Начальные остатки> from: 328028      to: 349096
     <Конечные остатки> from: 325848      to: 351276
Транзакция <3054> Финиш. Время операции: 14,652 сек.
---------------------------------------------------------------------------------
Транзакция <3055> Старт. Перевод: 3432 руб. fromAcc: 17 toAcc: 42 
    <Начальные остатки> from: 479288      to: 364915
[ Операция невозможна из-за блокировки счета !!! ]
from: true to: false
     <Конечные остатки> from: 479288      to: 364915
Транзакция <3055> Финиш. Время операции: 14,652 сек.
---------------------------------------------------------------------------------
Транзакция <3056> Старт. Перевод: 55000 руб. fromAcc: 324 toAcc: 129 
    <Начальные остатки> from: 487216      to: 343704
СЧЕТ ЗАБЛОКИРОВАН
     <Конечные остатки> from: 423702      to: 468572
Транзакция <2378> Финиш. Время операции: 17,544 сек.
---------------------------------------------------------------------------------
Транзакция <3057> Старт. Перевод: 6557 руб. fromAcc: 368 toAcc: 148 
    <Начальные остатки> from: 373411      to: 288016
     <Конечные остатки> from: 366854      to: 294573
Транзакция <3057> Финиш. Время операции: 15,643 сек.
---------------------------------------------------------------------------------
Транзакция <3058> Старт. Перевод: 55000 руб. fromAcc: 148 toAcc: 272 
    <Начальные остатки> from: 294573      to: 313989
     <Конечные остатки> from: 373742      to: 519535
Транзакция <2349> Финиш. Время операции: 18,636 сек.
---------------------------------------------------------------------------------
Транзакция <3059> Старт. Перевод: 4743 руб. fromAcc: 283 toAcc: 119 
    <Начальные остатки> from: 362317      to: 377377
     <Конечные остатки> from: 357574      to: 382120
Транзакция <3059> Финиш. Время операции: 16,641 сек.
---------------------------------------------------------------------------------
Транзакция <3060> Старт. Перевод: 6537 руб. fromAcc: 518 toAcc: 546 
    <Начальные остатки> from: 341097      to: 372349
     <Конечные остатки> from: 334560      to: 378886
Транзакция <3060> Финиш. Время операции: 16,640 сек.
---------------------------------------------------------------------------------
Транзакция <3061> Старт. Перевод: 344 руб. fromAcc: 959 toAcc: 312 
    <Начальные остатки> from: 391817      to: 382707
     <Конечные остатки> from: 391473      to: 383051
Транзакция <3061> Финиш. Время операции: 16,639 сек.
---------------------------------------------------------------------------------
Транзакция <3062> Старт. Перевод: 3644 руб. fromAcc: 464 toAcc: 207 
    <Начальные остатки> from: 318706      to: 409469
     <Конечные остатки> from: 315062      to: 413113
Транзакция <3062> Финиш. Время операции: 16,638 сек.
---------------------------------------------------------------------------------
Транзакция <3063> Старт. Перевод: 1202 руб. fromAcc: 922 toAcc: 459 
    <Начальные остатки> from: 516263      to: 375444
     <Конечные остатки> from: 515061      to: 376646
Транзакция <3063> Финиш. Время операции: 16,637 сек.
---------------------------------------------------------------------------------
Транзакция <3064> Старт. Перевод: 4197 руб. fromAcc: 450 toAcc: 482 
    <Начальные остатки> from: 470629      to: 287897
     <Конечные остатки> from: 466432      to: 292094
Транзакция <3064> Финиш. Время операции: 16,636 сек.
---------------------------------------------------------------------------------
Транзакция <3065> Старт. Перевод: 5765 руб. fromAcc: 215 toAcc: 461 
    <Начальные остатки> from: 455050      to: 477429
     <Конечные остатки> from: 449285      to: 483194
Транзакция <3065> Финиш. Время операции: 16,636 сек.
---------------------------------------------------------------------------------
Транзакция <3066> Старт. Перевод: 895 руб. fromAcc: 557 toAcc: 469 
    <Начальные остатки> from: 373742      to: 307049
     <Конечные остатки> from: 372847      to: 307944
Транзакция <3066> Финиш. Время операции: 16,635 сек.
---------------------------------------------------------------------------------
Транзакция <3067> Старт. Перевод: 3984 руб. fromAcc: 741 toAcc: 226 
    <Начальные остатки> from: 425963      to: 338140
     <Конечные остатки> from: 421979      to: 342124
Транзакция <3067> Финиш. Время операции: 16,634 сек.
---------------------------------------------------------------------------------
Транзакция <3068> Старт. Перевод: 1755 руб. fromAcc: 438 toAcc: 526 
    <Начальные остатки> from: 542438      to: 299071
[ Операция невозможна из-за блокировки счета !!! ]
from: true to: false
     <Конечные остатки> from: 542438      to: 299071
Транзакция <3068> Финиш. Время операции: 16,633 сек.
---------------------------------------------------------------------------------
Транзакция <3069> Старт. Перевод: 2744 руб. fromAcc: 12 toAcc: 585 
    <Начальные остатки> from: 425976      to: 440285
[ Операция невозможна из-за блокировки счета !!! ]
from: false to: true
     <Конечные остатки> from: 425976      to: 440285
Транзакция <3069> Финиш. Время операции: 16,632 сек.
---------------------------------------------------------------------------------
Транзакция <3070> Старт. Перевод: 7131 руб. fromAcc: 771 toAcc: 261 
    <Начальные остатки> from: 449469      to: 423447
     <Конечные остатки> from: 442338      to: 430578
Транзакция <3070> Финиш. Время операции: 16,631 сек.
---------------------------------------------------------------------------------
Транзакция <3071> Старт. Перевод: 2242 руб. fromAcc: 621 toAcc: 188 
    <Начальные остатки> from: 316366      to: 440691
     <Конечные остатки> from: 314124      to: 442933
Транзакция <3071> Финиш. Время операции: 16,630 сек.
---------------------------------------------------------------------------------
Транзакция <3072> Старт. Перевод: 9808 руб. fromAcc: 972 toAcc: 318 
    <Начальные остатки> from: 319399      to: 401135
     <Конечные остатки> from: 309591      to: 410943
Транзакция <3072> Финиш. Время операции: 16,630 сек.
---------------------------------------------------------------------------------
Транзакция <3073> Старт. Перевод: 706 руб. fromAcc: 322 toAcc: 316 
    <Начальные остатки> from: 337904      to: 410718
     <Конечные остатки> from: 337198      to: 411424
Транзакция <3073> Финиш. Время операции: 16,629 сек.
---------------------------------------------------------------------------------
Транзакция <3074> Старт. Перевод: 1807 руб. fromAcc: 681 toAcc: 498 
    <Начальные остатки> from: 450805      to: 345456
     <Конечные остатки> from: 448998      to: 347263
Транзакция <3074> Финиш. Время операции: 16,628 сек.
---------------------------------------------------------------------------------
Транзакция <3075> Старт. Перевод: 7322 руб. fromAcc: 871 toAcc: 761 
    <Начальные остатки> from: 439515      to: 430570
     <Конечные остатки> from: 432193      to: 437892
Транзакция <3075> Финиш. Время операции: 16,627 сек.
---------------------------------------------------------------------------------
Транзакция <3076> Старт. Перевод: 4037 руб. fromAcc: 805 toAcc: 20 
    <Начальные остатки> from: 386070      to: 377634
     <Конечные остатки> from: 382033      to: 381671
Транзакция <3076> Финиш. Время операции: 16,626 сек.
---------------------------------------------------------------------------------
Транзакция <3077> Старт. Перевод: 5767 руб. fromAcc: 19 toAcc: 228 
    <Начальные остатки> from: 413555      to: 447064
     <Конечные остатки> from: 407788      to: 452831
Транзакция <3077> Финиш. Время операции: 16,625 сек.
---------------------------------------------------------------------------------
Транзакция <3078> Старт. Перевод: 7423 руб. fromAcc: 121 toAcc: 968 
    <Начальные остатки> from: 412603      to: 488572
     <Конечные остатки> from: 405180      to: 495995
Транзакция <3078> Финиш. Время операции: 16,624 сек.
---------------------------------------------------------------------------------
Транзакция <3079> Старт. Перевод: 3216 руб. fromAcc: 298 toAcc: 911 
    <Начальные остатки> from: 300437      to: 520840
     <Конечные остатки> from: 297221      to: 524056
Транзакция <3079> Финиш. Время операции: 16,623 сек.
---------------------------------------------------------------------------------
Транзакция <3080> Старт. Перевод: 6646 руб. fromAcc: 724 toAcc: 236 
    <Начальные остатки> from: 289630      to: 364996
     <Конечные остатки> from: 282984      to: 371642
Транзакция <3080> Финиш. Время операции: 16,622 сек.
---------------------------------------------------------------------------------
Транзакция <3081> Старт. Перевод: 2223 руб. fromAcc: 507 toAcc: 182 
    <Начальные остатки> from: 247660      to: 394358
     <Конечные остатки> from: 245437      to: 396581
Транзакция <3081> Финиш. Время операции: 16,622 сек.
---------------------------------------------------------------------------------
Транзакция <3082> Старт. Перевод: 122 руб. fromAcc: 827 toAcc: 508 
    <Начальные остатки> from: 449683      to: 473109
     <Конечные остатки> from: 449561      to: 473231
Транзакция <3082> Финиш. Время операции: 16,621 сек.
---------------------------------------------------------------------------------
Транзакция <3083> Старт. Перевод: 5339 руб. fromAcc: 21 toAcc: 568 
    <Начальные остатки> from: 381967      to: 323593
     <Конечные остатки> from: 376628      to: 328932
Транзакция <3083> Финиш. Время операции: 16,621 сек.
---------------------------------------------------------------------------------
Транзакция <3084> Старт. Перевод: 2367 руб. fromAcc: 689 toAcc: 81 
    <Начальные остатки> from: 347589      to: 388822
[ Операция невозможна из-за блокировки счета !!! ]
from: true to: false
     <Конечные остатки> from: 347589      to: 388822
Транзакция <3084> Финиш. Время операции: 16,621 сек.
---------------------------------------------------------------------------------
Транзакция <3085> Старт. Перевод: 4865 руб. fromAcc: 342 toAcc: 437 
    <Начальные остатки> from: 419772      to: 431873
     <Конечные остатки> from: 414907      to: 436738
Транзакция <3085> Финиш. Время операции: 16,620 сек.
---------------------------------------------------------------------------------
Транзакция <3086> Старт. Перевод: 55000 руб. fromAcc: 694 toAcc: 582 
    <Начальные остатки> from: 369013      to: 372485
СЧЕТ ЗАБЛОКИРОВАН
     <Конечные остатки> from: 356640      to: 375764
Транзакция <2296> Финиш. Время операции: 19,802 сек.
---------------------------------------------------------------------------------
Транзакция <3087> Старт. Перевод: 9813 руб. fromAcc: 726 toAcc: 518 
    <Начальные остатки> from: 443264      to: 334560
     <Конечные остатки> from: 433451      to: 344373
Транзакция <3087> Финиш. Время операции: 17,615 сек.
---------------------------------------------------------------------------------
Транзакция <3088> Старт. Перевод: 9624 руб. fromAcc: 252 toAcc: 835 
    <Начальные остатки> from: 467756      to: 356914
     <Конечные остатки> from: 458132      to: 366538
Транзакция <3088> Финиш. Время операции: 17,614 сек.
---------------------------------------------------------------------------------
Транзакция <3089> Старт. Перевод: 55000 руб. fromAcc: 395 toAcc: 336 
    <Начальные остатки> from: 425865      to: 452494
СЧЕТ ЗАБЛОКИРОВАН
     <Конечные остатки> from: 375805      to: 378678
Транзакция <2286> Финиш. Время операции: 20,837 сек.
---------------------------------------------------------------------------------
Транзакция <3090> Старт. Перевод: 7542 руб. fromAcc: 736 toAcc: 700 
    <Начальные остатки> from: 450134      to: 456452
     <Конечные остатки> from: 442592      to: 463994
Транзакция <3090> Финиш. Время операции: 18,611 сек.
---------------------------------------------------------------------------------
Транзакция <3091> Старт. Перевод: 1139 руб. fromAcc: 826 toAcc: 755 
    <Начальные остатки> from: 350291      to: 351622
     <Конечные остатки> from: 349152      to: 352761
Транзакция <3091> Финиш. Время операции: 18,611 сек.
---------------------------------------------------------------------------------
Транзакция <3092> Старт. Перевод: 434 руб. fromAcc: 97 toAcc: 782 
    <Начальные остатки> from: 375764      to: 415834
[ Операция невозможна из-за блокировки счета !!! ]
from: false to: true
     <Конечные остатки> from: 375764      to: 415834
Транзакция <3092> Финиш. Время операции: 18,610 сек.
---------------------------------------------------------------------------------
Транзакция <3093> Старт. Перевод: 9854 руб. fromAcc: 696 toAcc: 270 
    <Начальные остатки> from: 297106      to: 340420
     <Конечные остатки> from: 287252      to: 350274
Транзакция <3093> Финиш. Время операции: 18,609 сек.
---------------------------------------------------------------------------------
Транзакция <3094> Старт. Перевод: 5139 руб. fromAcc: 434 toAcc: 981 
    <Начальные остатки> from: 484042      to: 500597
     <Конечные остатки> from: 478903      to: 505736
Транзакция <3094> Финиш. Время операции: 18,608 сек.
---------------------------------------------------------------------------------
Транзакция <3095> Старт. Перевод: 7186 руб. fromAcc: 177 toAcc: 724 
    <Начальные остатки> from: 415558      to: 282984
     <Конечные остатки> from: 408372      to: 290170
Транзакция <3095> Финиш. Время операции: 18,607 сек.
---------------------------------------------------------------------------------
Транзакция <3096> Старт. Перевод: 5069 руб. fromAcc: 746 toAcc: 165 
    <Начальные остатки> from: 499253      to: 450666
     <Конечные остатки> from: 494184      to: 455735
Транзакция <3096> Финиш. Время операции: 18,607 сек.
---------------------------------------------------------------------------------
Транзакция <3097> Старт. Перевод: 6045 руб. fromAcc: 426 toAcc: 760 
    <Начальные остатки> from: 476897      to: 349788
     <Конечные остатки> from: 470852      to: 355833
Транзакция <3097> Финиш. Время операции: 18,606 сек.
---------------------------------------------------------------------------------
Транзакция <3098> Старт. Перевод: 902 руб. fromAcc: 464 toAcc: 649 
    <Начальные остатки> from: 315062      to: 459292
     <Конечные остатки> from: 314160      to: 460194
Транзакция <3098> Финиш. Время операции: 18,605 сек.
---------------------------------------------------------------------------------
Транзакция <3099> Старт. Перевод: 7560 руб. fromAcc: 907 toAcc: 948 
    <Начальные остатки> from: 449018      to: 389029
     <Конечные остатки> from: 441458      to: 396589
Транзакция <3099> Финиш. Время операции: 18,604 сек.
---------------------------------------------------------------------------------
Транзакция <3100> Старт. Перевод: 4472 руб. fromAcc: 669 toAcc: 426 
    <Начальные остатки> from: 337256      to: 470852
     <Конечные остатки> from: 332784      to: 475324
Транзакция <3100> Финиш. Время операции: 18,603 сек.
---------------------------------------------------------------------------------
Транзакция <3101> Старт. Перевод: 8128 руб. fromAcc: 4 toAcc: 2 
    <Начальные остатки> from: 299523      to: 398771
     <Конечные остатки> from: 291395      to: 406899
Транзакция <3101> Финиш. Время операции: 18,603 сек.
---------------------------------------------------------------------------------
Транзакция <3102> Старт. Перевод: 5649 руб. fromAcc: 443 toAcc: 830 
    <Начальные остатки> from: 308956      to: 312580
     <Конечные остатки> from: 303307      to: 318229
Транзакция <3102> Финиш. Время операции: 18,602 сек.
---------------------------------------------------------------------------------
Транзакция <3103> Старт. Перевод: 4383 руб. fromAcc: 829 toAcc: 6 
    <Начальные остатки> from: 337925      to: 414896
     <Конечные остатки> from: 333542      to: 419279
Транзакция <3103> Финиш. Время операции: 18,601 сек.
---------------------------------------------------------------------------------
Транзакция <3104> Старт. Перевод: 5219 руб. fromAcc: 278 toAcc: 98 
    <Начальные остатки> from: 516436      to: 374849
     <Конечные остатки> from: 511217      to: 380068
Транзакция <3104> Финиш. Время операции: 18,600 сек.
---------------------------------------------------------------------------------
Транзакция <3105> Старт. Перевод: 5362 руб. fromAcc: 797 toAcc: 747 
    <Начальные остатки> from: 461672      to: 356837
     <Конечные остатки> from: 456310      to: 362199
Транзакция <3105> Финиш. Время операции: 18,599 сек.
---------------------------------------------------------------------------------
Транзакция <3106> Старт. Перевод: 9274 руб. fromAcc: 778 toAcc: 581 
    <Начальные остатки> from: 424019      to: 447686
     <Конечные остатки> from: 414745      to: 456960
Транзакция <3106> Финиш. Время операции: 18,598 сек.
---------------------------------------------------------------------------------
Транзакция <3107> Старт. Перевод: 3615 руб. fromAcc: 815 toAcc: 551 
    <Начальные остатки> from: 479479      to: 372756
     <Конечные остатки> from: 475864      to: 376371
Транзакция <3107> Финиш. Время операции: 18,598 сек.
---------------------------------------------------------------------------------
Транзакция <3108> Старт. Перевод: 3110 руб. fromAcc: 97 toAcc: 592 
    <Начальные остатки> from: 375764      to: 379711
[ Операция невозможна из-за блокировки счета !!! ]
from: false to: true
     <Конечные остатки> from: 375764      to: 379711
Транзакция <3108> Финиш. Время операции: 18,597 сек.
---------------------------------------------------------------------------------
Транзакция <3109> Старт. Перевод: 9525 руб. fromAcc: 147 toAcc: 200 
    <Начальные остатки> from: 528987      to: 424861
     <Конечные остатки> from: 519462      to: 434386
Транзакция <3109> Финиш. Время операции: 18,596 сек.
---------------------------------------------------------------------------------
Транзакция <3110> Старт. Перевод: 5155 руб. fromAcc: 821 toAcc: 118 
    <Начальные остатки> from: 552529      to: 350544
     <Конечные остатки> from: 547374      to: 355699
Транзакция <3110> Финиш. Время операции: 18,595 сек.
---------------------------------------------------------------------------------
Транзакция <3111> Старт. Перевод: 55000 руб. fromAcc: 302 toAcc: 818 
    <Начальные остатки> from: 364828      to: 450483
     <Конечные остатки> from: 364644      to: 459650
Транзакция <2269> Финиш. Время операции: 21,890 сек.
---------------------------------------------------------------------------------
Транзакция <3112> Старт. Перевод: 7867 руб. fromAcc: 550 toAcc: 259 
    <Начальные остатки> from: 290570      to: 479272
     <Конечные остатки> from: 282703      to: 487139
Транзакция <3112> Финиш. Время операции: 19,589 сек.
---------------------------------------------------------------------------------
Транзакция <3113> Старт. Перевод: 2000 руб. fromAcc: 383 toAcc: 524 
    <Начальные остатки> from: 491867      to: 356491
     <Конечные остатки> from: 489867      to: 358491
Транзакция <3113> Финиш. Время операции: 19,588 сек.
---------------------------------------------------------------------------------
Транзакция <3114> Старт. Перевод: 9869 руб. fromAcc: 984 toAcc: 336 
    <Начальные остатки> from: 479917      to: 507494
     <Конечные остатки> from: 470048      to: 517363
Транзакция <3114> Финиш. Время операции: 19,587 сек.
---------------------------------------------------------------------------------
Транзакция <3115> Старт. Перевод: 4723 руб. fromAcc: 341 toAcc: 714 
    <Начальные остатки> from: 481323      to: 394242
[ Операция невозможна из-за блокировки счета !!! ]
from: false to: true
     <Конечные остатки> from: 481323      to: 394242
Транзакция <3115> Финиш. Время операции: 19,586 сек.
---------------------------------------------------------------------------------
Транзакция <3116> Старт. Перевод: 4481 руб. fromAcc: 68 toAcc: 559 
    <Начальные остатки> from: 355359      to: 399876
     <Конечные остатки> from: 350878      to: 404357
Транзакция <3116> Финиш. Время операции: 19,585 сек.
---------------------------------------------------------------------------------
Транзакция <3117> Старт. Перевод: 7764 руб. fromAcc: 551 toAcc: 858 
    <Начальные остатки> from: 376371      to: 517492
     <Конечные остатки> from: 368607      to: 525256
Транзакция <3117> Финиш. Время операции: 19,584 сек.
---------------------------------------------------------------------------------
Транзакция <3118> Старт. Перевод: 7813 руб. fromAcc: 606 toAcc: 756 
    <Начальные остатки> from: 500772      to: 412506
     <Конечные остатки> from: 492959      to: 420319
Транзакция <3118> Финиш. Время операции: 19,584 сек.
---------------------------------------------------------------------------------
Транзакция <3119> Старт. Перевод: 2215 руб. fromAcc: 855 toAcc: 318 
    <Начальные остатки> from: 304691      to: 410943
     <Конечные остатки> from: 302476      to: 413158
Транзакция <3119> Финиш. Время операции: 19,583 сек.
---------------------------------------------------------------------------------
Транзакция <3120> Старт. Перевод: 5529 руб. fromAcc: 558 toAcc: 546 
    <Начальные остатки> from: 344063      to: 378886
     <Конечные остатки> from: 338534      to: 384415
Транзакция <3120> Финиш. Время операции: 19,582 сек.
---------------------------------------------------------------------------------
Транзакция <3121> Старт. Перевод: 2690 руб. fromAcc: 682 toAcc: 536 
    <Начальные остатки> from: 512963      to: 466026
     <Конечные остатки> from: 510273      to: 468716
Транзакция <3121> Финиш. Время операции: 19,581 сек.
---------------------------------------------------------------------------------
Транзакция <3122> Старт. Перевод: 3337 руб. fromAcc: 333 toAcc: 748 
    <Начальные остатки> from: 295642      to: 408516
     <Конечные остатки> from: 292305      to: 411853
Транзакция <3122> Финиш. Время операции: 19,580 сек.
---------------------------------------------------------------------------------
Транзакция <3123> Старт. Перевод: 1149 руб. fromAcc: 519 toAcc: 4 
    <Начальные остатки> from: 323361      to: 291395
     <Конечные остатки> from: 322212      to: 292544
Транзакция <3123> Финиш. Время операции: 19,579 сек.
---------------------------------------------------------------------------------
Транзакция <3124> Старт. Перевод: 7640 руб. fromAcc: 391 toAcc: 182 
    <Начальные остатки> from: 427077      to: 396581
     <Конечные остатки> from: 419437      to: 404221
Транзакция <3124> Финиш. Время операции: 19,578 сек.
---------------------------------------------------------------------------------
Транзакция <3125> Старт. Перевод: 6935 руб. fromAcc: 743 toAcc: 582 
    <Начальные остатки> from: 272001      to: 427485
     <Конечные остатки> from: 265066      to: 434420
Транзакция <3125> Финиш. Время операции: 19,577 сек.
---------------------------------------------------------------------------------
Транзакция <3126> Старт. Перевод: 6563 руб. fromAcc: 564 toAcc: 577 
    <Начальные остатки> from: 393852      to: 485779
     <Конечные остатки> from: 387289      to: 492342
Транзакция <3126> Финиш. Время операции: 19,576 сек.
---------------------------------------------------------------------------------
Транзакция <3127> Старт. Перевод: 55000 руб. fromAcc: 858 toAcc: 482 
    <Начальные остатки> from: 525256      to: 292094
     <Конечные остатки> from: 313385      to: 352593
Транзакция <2266> Финиш. Время операции: 22,899 сек.
---------------------------------------------------------------------------------
Транзакция <3128> Старт. Перевод: 6447 руб. fromAcc: 936 toAcc: 788 
    <Начальные остатки> from: 312120      to: 469120
     <Конечные остатки> from: 305673      to: 475567
Транзакция <3128> Финиш. Время операции: 20,573 сек.
---------------------------------------------------------------------------------
Транзакция <3129> Старт. Перевод: 5278 руб. fromAcc: 395 toAcc: 443 
    <Начальные остатки> from: 370865      to: 303307
     <Конечные остатки> from: 365587      to: 308585
Транзакция <3129> Финиш. Время операции: 20,572 сек.
---------------------------------------------------------------------------------
Транзакция <3130> Старт. Перевод: 4260 руб. fromAcc: 240 toAcc: 155 
    <Начальные остатки> from: 330509      to: 264889
     <Конечные остатки> from: 326249      to: 269149
Транзакция <3130> Финиш. Время операции: 20,572 сек.
---------------------------------------------------------------------------------
Транзакция <3131> Старт. Перевод: 4698 руб. fromAcc: 208 toAcc: 363 
    <Начальные остатки> from: 475756      to: 425327
     <Конечные остатки> from: 471058      to: 430025
Транзакция <3131> Финиш. Время операции: 20,571 сек.
---------------------------------------------------------------------------------
Транзакция <3132> Старт. Перевод: 55000 руб. fromAcc: 141 toAcc: 476 
    <Начальные остатки> from: 460526      to: 317146
[ Операция невозможна из-за блокировки счета !!! ]
from: false to: true
     <Конечные остатки> from: 460526      to: 317146
Транзакция <3132> Финиш. Время операции: 20,570 сек.
---------------------------------------------------------------------------------
Транзакция <3133> Старт. Перевод: 55000 руб. fromAcc: 169 toAcc: 944 
    <Начальные остатки> from: 454486      to: 347148
СЧЕТ ЗАБЛОКИРОВАН
     <Конечные остатки> from: 364972      to: 427104
Транзакция <2250> Финиш. Время операции: 23,947 сек.
---------------------------------------------------------------------------------
Транзакция <3134> Старт. Перевод: 7780 руб. fromAcc: 376 toAcc: 552 
    <Начальные остатки> from: 409161      to: 328628
     <Конечные остатки> from: 401381      to: 336408
Транзакция <3134> Финиш. Время операции: 21,568 сек.
---------------------------------------------------------------------------------
Транзакция <3135> Старт. Перевод: 8136 руб. fromAcc: 575 toAcc: 740 
    <Начальные остатки> from: 353621      to: 440360
     <Конечные остатки> from: 345485      to: 448496
Транзакция <3135> Финиш. Время операции: 21,567 сек.
---------------------------------------------------------------------------------
Транзакция <3136> Старт. Перевод: 3653 руб. fromAcc: 998 toAcc: 829 
    <Начальные остатки> from: 391793      to: 333542
[ Операция невозможна из-за блокировки счета !!! ]
from: false to: true
     <Конечные остатки> from: 391793      to: 333542
Транзакция <3136> Финиш. Время операции: 21,567 сек.
---------------------------------------------------------------------------------
Транзакция <3137> Старт. Перевод: 7585 руб. fromAcc: 800 toAcc: 785 
    <Начальные остатки> from: 456855      to: 459368
     <Конечные остатки> from: 449270      to: 466953
Транзакция <3137> Финиш. Время операции: 21,566 сек.
---------------------------------------------------------------------------------
Транзакция <3138> Старт. Перевод: 5012 руб. fromAcc: 437 toAcc: 331 
    <Начальные остатки> from: 436738      to: 395290
     <Конечные остатки> from: 431726      to: 400302
Транзакция <3138> Финиш. Время операции: 21,566 сек.
---------------------------------------------------------------------------------
Транзакция <3139> Старт. Перевод: 55000 руб. fromAcc: 741 toAcc: 709 
    <Начальные остатки> from: 421979      to: 454581
СЧЕТ ЗАБЛОКИРОВАН
     <Конечные остатки> from: 366979      to: 509581
Транзакция <3139> Финиш. Время операции: 22,565 сек.
---------------------------------------------------------------------------------
Транзакция <3140> Старт. Перевод: 8421 руб. fromAcc: 426 toAcc: 385 
    <Начальные остатки> from: 475324      to: 479196
     <Конечные остатки> from: 466903      to: 487617
Транзакция <3140> Финиш. Время операции: 22,564 сек.
---------------------------------------------------------------------------------
Транзакция <3141> Старт. Перевод: 10070 руб. fromAcc: 697 toAcc: 426 
    <Начальные остатки> from: 459776      to: 466903
     <Конечные остатки> from: 449706      to: 476973
Транзакция <3141> Финиш. Время операции: 22,563 сек.
---------------------------------------------------------------------------------
Транзакция <3142> Старт. Перевод: 4211 руб. fromAcc: 393 toAcc: 81 
    <Начальные остатки> from: 429011      to: 388822
[ Операция невозможна из-за блокировки счета !!! ]
from: true to: false
     <Конечные остатки> from: 429011      to: 388822
Транзакция <3142> Финиш. Время операции: 22,562 сек.
---------------------------------------------------------------------------------
Транзакция <3143> Старт. Перевод: 1061 руб. fromAcc: 226 toAcc: 69 
    <Начальные остатки> from: 342124      to: 333918
     <Конечные остатки> from: 341063      to: 334979
Транзакция <3143> Финиш. Время операции: 22,561 сек.
---------------------------------------------------------------------------------
Транзакция <3144> Старт. Перевод: 7967 руб. fromAcc: 547 toAcc: 651 
    <Начальные остатки> from: 424255      to: 362566
     <Конечные остатки> from: 416288      to: 370533
Транзакция <3144> Финиш. Время операции: 22,560 сек.
---------------------------------------------------------------------------------
Транзакция <3145> Старт. Перевод: 8114 руб. fromAcc: 345 toAcc: 962 
    <Начальные остатки> from: 356401      to: 290442
     <Конечные остатки> from: 348287      to: 298556
Транзакция <3145> Финиш. Время операции: 22,560 сек.
---------------------------------------------------------------------------------
Транзакция <3146> Старт. Перевод: 6671 руб. fromAcc: 572 toAcc: 359 
    <Начальные остатки> from: 386995      to: 375519
     <Конечные остатки> from: 380324      to: 382190
Транзакция <3146> Финиш. Время операции: 22,559 сек.
---------------------------------------------------------------------------------
Транзакция <3147> Старт. Перевод: 8851 руб. fromAcc: 344 toAcc: 289 
    <Начальные остатки> from: 413935      to: 546144
     <Конечные остатки> from: 405084      to: 554995
Транзакция <3147> Финиш. Время операции: 22,558 сек.
---------------------------------------------------------------------------------
Транзакция <3148> Старт. Перевод: 5733 руб. fromAcc: 54 toAcc: 600 
    <Начальные остатки> from: 418730      to: 486757
     <Конечные остатки> from: 412997      to: 492490
Транзакция <3148> Финиш. Время операции: 22,557 сек.
---------------------------------------------------------------------------------
Транзакция <3149> Старт. Перевод: 6625 руб. fromAcc: 455 toAcc: 327 
    <Начальные остатки> from: 299890      to: 439770
     <Конечные остатки> from: 293265      to: 446395
Транзакция <3149> Финиш. Время операции: 22,556 сек.
---------------------------------------------------------------------------------
Транзакция <3150> Старт. Перевод: 1267 руб. fromAcc: 70 toAcc: 726 
    <Начальные остатки> from: 502233      to: 433451
     <Конечные остатки> from: 500966      to: 434718
Транзакция <3150> Финиш. Время операции: 22,555 сек.
---------------------------------------------------------------------------------
Транзакция <3151> Старт. Перевод: 1211 руб. fromAcc: 117 toAcc: 724 
    <Начальные остатки> from: 335965      to: 290170
     <Конечные остатки> from: 334754      to: 291381
Транзакция <3151> Финиш. Время операции: 22,554 сек.
---------------------------------------------------------------------------------
Транзакция <3152> Старт. Перевод: 7371 руб. fromAcc: 282 toAcc: 26 
    <Начальные остатки> from: 474634      to: 394815
     <Конечные остатки> from: 467263      to: 402186
Транзакция <3152> Финиш. Время операции: 22,553 сек.
---------------------------------------------------------------------------------
Транзакция <3153> Старт. Перевод: 9904 руб. fromAcc: 241 toAcc: 826 
    <Начальные остатки> from: 422367      to: 349152
     <Конечные остатки> from: 412463      to: 359056
Транзакция <3153> Финиш. Время операции: 22,552 сек.
---------------------------------------------------------------------------------
Транзакция <3154> Старт. Перевод: 7344 руб. fromAcc: 867 toAcc: 448 
    <Начальные остатки> from: 464730      to: 379193
     <Конечные остатки> from: 457386      to: 386537
Транзакция <3154> Финиш. Время операции: 22,551 сек.
---------------------------------------------------------------------------------
Транзакция <3155> Старт. Перевод: 4223 руб. fromAcc: 417 toAcc: 259 
    <Начальные остатки> from: 464454      to: 487139
     <Конечные остатки> from: 460231      to: 491362
Транзакция <3155> Финиш. Время операции: 22,551 сек.
---------------------------------------------------------------------------------
Транзакция <3156> Старт. Перевод: 296 руб. fromAcc: 797 toAcc: 900 
    <Начальные остатки> from: 456310      to: 366009
     <Конечные остатки> from: 456014      to: 366305
Транзакция <3156> Финиш. Время операции: 22,550 сек.
---------------------------------------------------------------------------------
Транзакция <3157> Старт. Перевод: 9912 руб. fromAcc: 241 toAcc: 206 
    <Начальные остатки> from: 412463      to: 500539
     <Конечные остатки> from: 402551      to: 510451
Транзакция <3157> Финиш. Время операции: 22,549 сек.
---------------------------------------------------------------------------------
Транзакция <3158> Старт. Перевод: 7094 руб. fromAcc: 308 toAcc: 191 
    <Начальные остатки> from: 400144      to: 485558
     <Конечные остатки> from: 393050      to: 492652
Транзакция <3158> Финиш. Время операции: 22,548 сек.
---------------------------------------------------------------------------------
Транзакция <3159> Старт. Перевод: 437 руб. fromAcc: 173 toAcc: 114 
    <Начальные остатки> from: 392197      to: 315495
     <Конечные остатки> from: 391760      to: 315932
Транзакция <3159> Финиш. Время операции: 22,547 сек.
---------------------------------------------------------------------------------
Транзакция <3160> Старт. Перевод: 2080 руб. fromAcc: 573 toAcc: 980 
    <Начальные остатки> from: 315057      to: 432108
     <Конечные остатки> from: 312977      to: 434188
Транзакция <3160> Финиш. Время операции: 22,546 сек.
---------------------------------------------------------------------------------
Транзакция <3161> Старт. Перевод: 6671 руб. fromAcc: 614 toAcc: 762 
    <Начальные остатки> from: 452288      to: 454589
     <Конечные остатки> from: 445617      to: 461260
Транзакция <3161> Финиш. Время операции: 22,545 сек.
---------------------------------------------------------------------------------
Транзакция <3162> Старт. Перевод: 9523 руб. fromAcc: 909 toAcc: 276 
    <Начальные остатки> from: 348887      to: 352593
     <Конечные остатки> from: 339364      to: 362116
Транзакция <3162> Финиш. Время операции: 22,544 сек.
---------------------------------------------------------------------------------
Транзакция <3163> Старт. Перевод: 7963 руб. fromAcc: 120 toAcc: 912 
    <Начальные остатки> from: 431083      to: 510117
     <Конечные остатки> from: 423120      to: 518080
Транзакция <3163> Финиш. Время операции: 22,543 сек.
---------------------------------------------------------------------------------
Транзакция <3164> Старт. Перевод: 6233 руб. fromAcc: 55 toAcc: 349 
    <Начальные остатки> from: 408924      to: 345388
     <Конечные остатки> from: 402691      to: 351621
Транзакция <3164> Финиш. Время операции: 22,542 сек.
---------------------------------------------------------------------------------
Транзакция <3165> Старт. Перевод: 2290 руб. fromAcc: 941 toAcc: 996 
    <Начальные остатки> from: 511816      to: 361474
     <Конечные остатки> from: 509526      to: 363764
Транзакция <3165> Финиш. Время операции: 22,542 сек.
---------------------------------------------------------------------------------
Транзакция <3166> Старт. Перевод: 4293 руб. fromAcc: 314 toAcc: 120 
    <Начальные остатки> from: 446745      to: 423120
     <Конечные остатки> from: 442452      to: 427413
Транзакция <3166> Финиш. Время операции: 22,541 сек.
---------------------------------------------------------------------------------
Транзакция <3167> Старт. Перевод: 5685 руб. fromAcc: 293 toAcc: 548 
    <Начальные остатки> from: 299680      to: 454938
     <Конечные остатки> from: 293995      to: 460623
Транзакция <3167> Финиш. Время операции: 22,539 сек.
---------------------------------------------------------------------------------
Транзакция <3168> Старт. Перевод: 358 руб. fromAcc: 631 toAcc: 372 
    <Начальные остатки> from: 331386      to: 397287
     <Конечные остатки> from: 331028      to: 397645
Транзакция <3168> Финиш. Время операции: 22,538 сек.
---------------------------------------------------------------------------------
Транзакция <3169> Старт. Перевод: 3630 руб. fromAcc: 56 toAcc: 328 
    <Начальные остатки> from: 479705      to: 355794
     <Конечные остатки> from: 476075      to: 359424
Транзакция <3169> Финиш. Время операции: 22,537 сек.
---------------------------------------------------------------------------------
Транзакция <3170> Старт. Перевод: 55000 руб. fromAcc: 889 toAcc: 349 
    <Начальные остатки> from: 388205      to: 351621
СЧЕТ ЗАБЛОКИРОВАН
     <Конечные остатки> from: 259095      to: 380027
Транзакция <2230> Финиш. Время операции: 26,010 сек.
---------------------------------------------------------------------------------
Транзакция <3171> Старт. Перевод: 7969 руб. fromAcc: 35 toAcc: 811 
    <Начальные остатки> from: 427929      to: 453419
     <Конечные остатки> from: 419960      to: 461388
Транзакция <3171> Финиш. Время операции: 23,532 сек.
---------------------------------------------------------------------------------
Транзакция <3172> Старт. Перевод: 4380 руб. fromAcc: 953 toAcc: 983 
    <Начальные остатки> from: 452707      to: 325043
     <Конечные остатки> from: 448327      to: 329423
Транзакция <3172> Финиш. Время операции: 23,531 сек.
---------------------------------------------------------------------------------
Транзакция <3173> Старт. Перевод: 7113 руб. fromAcc: 161 toAcc: 397 
    <Начальные остатки> from: 377381      to: 344346
[ Операция невозможна из-за блокировки счета !!! ]
from: true to: false
     <Конечные остатки> from: 377381      to: 344346
Транзакция <3173> Финиш. Время операции: 23,530 сек.
---------------------------------------------------------------------------------
Транзакция <3174> Старт. Перевод: 5597 руб. fromAcc: 850 toAcc: 470 
    <Начальные остатки> from: 429580      to: 368833
     <Конечные остатки> from: 423983      to: 374430
Транзакция <3174> Финиш. Время операции: 23,529 сек.
---------------------------------------------------------------------------------
Транзакция <3175> Старт. Перевод: 5049 руб. fromAcc: 493 toAcc: 418 
    <Начальные остатки> from: 405754      to: 488076
     <Конечные остатки> from: 400705      to: 493125
Транзакция <3175> Финиш. Время операции: 23,528 сек.
---------------------------------------------------------------------------------
Транзакция <3176> Старт. Перевод: 55000 руб. fromAcc: 532 toAcc: 845 
    <Начальные остатки> from: 493876      to: 320675
     <Конечные остатки> from: 374262      to: 519462
Транзакция <2218> Финиш. Время операции: 27,046 сек.
---------------------------------------------------------------------------------
Транзакция <3177> Старт. Перевод: 1671 руб. fromAcc: 502 toAcc: 498 
    <Начальные остатки> from: 445814      to: 347263
     <Конечные остатки> from: 444143      to: 348934
Транзакция <3177> Финиш. Время операции: 24,527 сек.
---------------------------------------------------------------------------------
Транзакция <3178> Старт. Перевод: 9058 руб. fromAcc: 743 toAcc: 98 
    <Начальные остатки> from: 265066      to: 380068
     <Конечные остатки> from: 256008      to: 389126
Транзакция <3178> Финиш. Время операции: 24,527 сек.
---------------------------------------------------------------------------------
Транзакция <3179> Старт. Перевод: 2989 руб. fromAcc: 12 toAcc: 645 
    <Начальные остатки> from: 425976      to: 489224
[ Операция невозможна из-за блокировки счета !!! ]
from: false to: true
     <Конечные остатки> from: 425976      to: 489224
Транзакция <3179> Финиш. Время операции: 24,526 сек.
---------------------------------------------------------------------------------
Транзакция <3180> Старт. Перевод: 4556 руб. fromAcc: 724 toAcc: 184 
    <Начальные остатки> from: 291381      to: 508662
     <Конечные остатки> from: 286825      to: 513218
Транзакция <3180> Финиш. Время операции: 24,526 сек.
---------------------------------------------------------------------------------
Транзакция <3181> Старт. Перевод: 1792 руб. fromAcc: 622 toAcc: 807 
    <Начальные остатки> from: 335536      to: 357080
     <Конечные остатки> from: 333744      to: 358872
Транзакция <3181> Финиш. Время операции: 24,526 сек.
---------------------------------------------------------------------------------
Транзакция <3182> Старт. Перевод: 9836 руб. fromAcc: 287 toAcc: 939 
    <Начальные остатки> from: 267351      to: 452788
     <Конечные остатки> from: 257515      to: 462624
Транзакция <3182> Финиш. Время операции: 24,525 сек.
---------------------------------------------------------------------------------
Транзакция <3183> Старт. Перевод: 824 руб. fromAcc: 545 toAcc: 830 
    <Начальные остатки> from: 299086      to: 318229
     <Конечные остатки> from: 298262      to: 319053
Транзакция <3183> Финиш. Время операции: 24,525 сек.
---------------------------------------------------------------------------------
Транзакция <3184> Старт. Перевод: 9902 руб. fromAcc: 670 toAcc: 96 
    <Начальные остатки> from: 447717      to: 409254
     <Конечные остатки> from: 437815      to: 419156
Транзакция <3184> Финиш. Время операции: 24,525 сек.
---------------------------------------------------------------------------------
Транзакция <3185> Старт. Перевод: 932 руб. fromAcc: 66 toAcc: 914 
    <Начальные остатки> from: 322297      to: 313923
     <Конечные остатки> from: 321365      to: 314855
Транзакция <3185> Финиш. Время операции: 24,524 сек.
---------------------------------------------------------------------------------
Транзакция <3186> Старт. Перевод: 9176 руб. fromAcc: 757 toAcc: 388 
    <Начальные остатки> from: 321357      to: 403476
     <Конечные остатки> from: 312181      to: 412652
Транзакция <3186> Финиш. Время операции: 24,523 сек.
---------------------------------------------------------------------------------
Транзакция <3187> Старт. Перевод: 8528 руб. fromAcc: 588 toAcc: 699 
    <Начальные остатки> from: 359739      to: 328030
     <Конечные остатки> from: 351211      to: 336558
Транзакция <3187> Финиш. Время операции: 24,522 сек.
---------------------------------------------------------------------------------
Транзакция <3188> Старт. Перевод: 7711 руб. fromAcc: 510 toAcc: 843 
    <Начальные остатки> from: 303453      to: 433773
[ Операция невозможна из-за блокировки счета !!! ]
from: false to: true
     <Конечные остатки> from: 303453      to: 433773
Транзакция <3188> Финиш. Время операции: 24,522 сек.
---------------------------------------------------------------------------------
Транзакция <3189> Старт. Перевод: 3258 руб. fromAcc: 702 toAcc: 207 
    <Начальные остатки> from: 429705      to: 413113
     <Конечные остатки> from: 426447      to: 416371
Транзакция <3189> Финиш. Время операции: 24,521 сек.
---------------------------------------------------------------------------------
Транзакция <3190> Старт. Перевод: 7078 руб. fromAcc: 572 toAcc: 716 
    <Начальные остатки> from: 380324      to: 451215
     <Конечные остатки> from: 373246      to: 458293
Транзакция <3190> Финиш. Время операции: 24,520 сек.
---------------------------------------------------------------------------------
Транзакция <3191> Старт. Перевод: 2933 руб. fromAcc: 875 toAcc: 27 
    <Начальные остатки> from: 343820      to: 372959
     <Конечные остатки> from: 340887      to: 375892
Транзакция <3191> Финиш. Время операции: 24,519 сек.
---------------------------------------------------------------------------------
Транзакция <3192> Старт. Перевод: 9244 руб. fromAcc: 266 toAcc: 88 
    <Начальные остатки> from: 422283      to: 483960
     <Конечные остатки> from: 413039      to: 493204
Транзакция <3192> Финиш. Время операции: 24,518 сек.
---------------------------------------------------------------------------------
Транзакция <3193> Старт. Перевод: 5317 руб. fromAcc: 640 toAcc: 387 
    <Начальные остатки> from: 365133      to: 479571
     <Конечные остатки> from: 359816      to: 484888
Транзакция <3193> Финиш. Время операции: 24,517 сек.
---------------------------------------------------------------------------------
Транзакция <3194> Старт. Перевод: 4278 руб. fromAcc: 492 toAcc: 394 
    <Начальные остатки> from: 341358      to: 406004
     <Конечные остатки> from: 337080      to: 410282
Транзакция <3194> Финиш. Время операции: 24,516 сек.
---------------------------------------------------------------------------------
Транзакция <3195> Старт. Перевод: 8821 руб. fromAcc: 379 toAcc: 20 
    <Начальные остатки> from: 524577      to: 381671
     <Конечные остатки> from: 515756      to: 390492
Транзакция <3195> Финиш. Время операции: 24,515 сек.
---------------------------------------------------------------------------------
Транзакция <3196> Старт. Перевод: 5180 руб. fromAcc: 250 toAcc: 400 
    <Начальные остатки> from: 341864      to: 377671
     <Конечные остатки> from: 336684      to: 382851
Транзакция <3196> Финиш. Время операции: 24,514 сек.
---------------------------------------------------------------------------------
Транзакция <3197> Старт. Перевод: 6681 руб. fromAcc: 87 toAcc: 948 
    <Начальные остатки> from: 422928      to: 396589
     <Конечные остатки> from: 416247      to: 403270
Транзакция <3197> Финиш. Время операции: 24,513 сек.
---------------------------------------------------------------------------------
Транзакция <3198> Старт. Перевод: 677 руб. fromAcc: 787 toAcc: 406 
    <Начальные остатки> from: 428707      to: 443527
     <Конечные остатки> from: 428030      to: 444204
Транзакция <3198> Финиш. Время операции: 24,513 сек.
---------------------------------------------------------------------------------
Транзакция <3199> Старт. Перевод: 1700 руб. fromAcc: 707 toAcc: 602 
    <Начальные остатки> from: 449721      to: 469557
     <Конечные остатки> from: 448021      to: 471257
Транзакция <3199> Финиш. Время операции: 24,512 сек.
---------------------------------------------------------------------------------
Транзакция <3200> Старт. Перевод: 9294 руб. fromAcc: 592 toAcc: 682 
    <Начальные остатки> from: 379711      to: 510273
     <Конечные остатки> from: 370417      to: 519567
Транзакция <3200> Финиш. Время операции: 24,511 сек.
---------------------------------------------------------------------------------
Транзакция <3201> Старт. Перевод: 1100 руб. fromAcc: 913 toAcc: 899 
    <Начальные остатки> from: 308429      to: 342540
     <Конечные остатки> from: 307329      to: 343640
Транзакция <3201> Финиш. Время операции: 24,510 сек.
---------------------------------------------------------------------------------
Транзакция <3202> Старт. Перевод: 55000 руб. fromAcc: 747 toAcc: 418 
    <Начальные остатки> from: 362199      to: 493125
     <Конечные остатки> from: 299876      to: 440021
Транзакция <2210> Финиш. Время операции: 28,071 сек.
---------------------------------------------------------------------------------
Транзакция <3203> Старт. Перевод: 7088 руб. fromAcc: 43 toAcc: 456 
    <Начальные остатки> from: 254071      to: 415402
     <Конечные остатки> from: 246983      to: 422490
Транзакция <3203> Финиш. Время операции: 25,502 сек.
---------------------------------------------------------------------------------
Транзакция <3204> Старт. Перевод: 5825 руб. fromAcc: 349 toAcc: 350 
    <Начальные остатки> from: 406621      to: 255884
[ Операция невозможна из-за блокировки счета !!! ]
from: true to: false
     <Конечные остатки> from: 406621      to: 255884
Транзакция <3204> Финиш. Время операции: 25,501 сек.
---------------------------------------------------------------------------------
Транзакция <3205> Старт. Перевод: 4905 руб. fromAcc: 131 toAcc: 421 
    <Начальные остатки> from: 381921      to: 409014
     <Конечные остатки> from: 377016      to: 413919
Транзакция <3205> Финиш. Время операции: 25,501 сек.
---------------------------------------------------------------------------------
Транзакция <3206> Старт. Перевод: 5514 руб. fromAcc: 307 toAcc: 19 
    <Начальные остатки> from: 527907      to: 407788
     <Конечные остатки> from: 522393      to: 413302
Транзакция <3206> Финиш. Время операции: 25,500 сек.
---------------------------------------------------------------------------------
Транзакция <3207> Старт. Перевод: 1083 руб. fromAcc: 927 toAcc: 27 
    <Начальные остатки> from: 351522      to: 375892
     <Конечные остатки> from: 350439      to: 376975
Транзакция <3207> Финиш. Время операции: 25,499 сек.
---------------------------------------------------------------------------------
Транзакция <3208> Старт. Перевод: 8084 руб. fromAcc: 670 toAcc: 700 
    <Начальные остатки> from: 437815      to: 463994
     <Конечные остатки> from: 429731      to: 472078
Транзакция <3208> Финиш. Время операции: 25,498 сек.
---------------------------------------------------------------------------------
Транзакция <3209> Старт. Перевод: 7418 руб. fromAcc: 448 toAcc: 823 
    <Начальные остатки> from: 386537      to: 340248
     <Конечные остатки> from: 379119      to: 347666
Транзакция <3209> Финиш. Время операции: 25,497 сек.
---------------------------------------------------------------------------------
Транзакция <3210> Старт. Перевод: 3238 руб. fromAcc: 537 toAcc: 276 
    <Начальные остатки> from: 356899      to: 362116
     <Конечные остатки> from: 353661      to: 365354
Транзакция <3210> Финиш. Время операции: 25,496 сек.
---------------------------------------------------------------------------------
Транзакция <3211> Старт. Перевод: 7493 руб. fromAcc: 765 toAcc: 390 
    <Начальные остатки> from: 479878      to: 484986
     <Конечные остатки> from: 472385      to: 492479
Транзакция <3211> Финиш. Время операции: 25,496 сек.
---------------------------------------------------------------------------------
Транзакция <3212> Старт. Перевод: 3988 руб. fromAcc: 64 toAcc: 712 
    <Начальные остатки> from: 474052      to: 330293
     <Конечные остатки> from: 470064      to: 334281
Транзакция <3212> Финиш. Время операции: 25,495 сек.
---------------------------------------------------------------------------------
Транзакция <3213> Старт. Перевод: 5377 руб. fromAcc: 146 toAcc: 928 
    <Начальные остатки> from: 382353      to: 351276
     <Конечные остатки> from: 376976      to: 356653
Транзакция <3213> Финиш. Время операции: 25,494 сек.
---------------------------------------------------------------------------------
Транзакция <3214> Старт. Перевод: 10085 руб. fromAcc: 121 toAcc: 723 
    <Начальные остатки> from: 405180      to: 269909
     <Конечные остатки> from: 395095      to: 279994
Транзакция <3214> Финиш. Время операции: 25,493 сек.
---------------------------------------------------------------------------------
Транзакция <3215> Старт. Перевод: 3926 руб. fromAcc: 657 toAcc: 314 
    <Начальные остатки> from: 400374      to: 442452
     <Конечные остатки> from: 396448      to: 446378
Транзакция <3215> Финиш. Время операции: 25,492 сек.
---------------------------------------------------------------------------------
Транзакция <3216> Старт. Перевод: 2889 руб. fromAcc: 664 toAcc: 208 
    <Начальные остатки> from: 348080      to: 471058
     <Конечные остатки> from: 345191      to: 473947
Транзакция <3216> Финиш. Время операции: 25,491 сек.
---------------------------------------------------------------------------------
Транзакция <3217> Старт. Перевод: 9460 руб. fromAcc: 542 toAcc: 532 
    <Начальные остатки> from: 507673      to: 438876
     <Конечные остатки> from: 498213      to: 448336
Транзакция <3217> Финиш. Время операции: 25,490 сек.
---------------------------------------------------------------------------------
Транзакция <3218> Старт. Перевод: 4668 руб. fromAcc: 773 toAcc: 929 
    <Начальные остатки> from: 459396      to: 320591
     <Конечные остатки> from: 454728      to: 325259
Транзакция <3218> Финиш. Время операции: 25,489 сек.
---------------------------------------------------------------------------------
Транзакция <3219> Старт. Перевод: 2068 руб. fromAcc: 972 toAcc: 548 
    <Начальные остатки> from: 309591      to: 460623
     <Конечные остатки> from: 307523      to: 462691
Транзакция <3219> Финиш. Время операции: 25,488 сек.
---------------------------------------------------------------------------------
Транзакция <3220> Старт. Перевод: 7841 руб. fromAcc: 571 toAcc: 192 
    <Начальные остатки> from: 463772      to: 364644
     <Конечные остатки> from: 455931      to: 372485
Транзакция <3220> Финиш. Время операции: 25,487 сек.
---------------------------------------------------------------------------------
Транзакция <3221> Старт. Перевод: 3293 руб. fromAcc: 991 toAcc: 20 
    <Начальные остатки> from: 411195      to: 390492
     <Конечные остатки> from: 407902      to: 393785
Транзакция <3221> Финиш. Время операции: 25,487 сек.
---------------------------------------------------------------------------------
Транзакция <3222> Старт. Перевод: 2180 руб. fromAcc: 467 toAcc: 492 
    <Начальные остатки> from: 328552      to: 337080
     <Конечные остатки> from: 326372      to: 339260
Транзакция <3222> Финиш. Время операции: 25,486 сек.
---------------------------------------------------------------------------------
Транзакция <3223> Старт. Перевод: 5473 руб. fromAcc: 742 toAcc: 458 
    <Начальные остатки> from: 455677      to: 475232
     <Конечные остатки> from: 450204      to: 480705
Транзакция <3223> Финиш. Время операции: 25,485 сек.
---------------------------------------------------------------------------------
Транзакция <3224> Старт. Перевод: 468 руб. fromAcc: 444 toAcc: 380 
    <Начальные остатки> from: 407300      to: 389116
     <Конечные остатки> from: 406832      to: 389584
Транзакция <3224> Финиш. Время операции: 25,484 сек.
---------------------------------------------------------------------------------
Транзакция <3225> Старт. Перевод: 9466 руб. fromAcc: 308 toAcc: 668 
    <Начальные остатки> from: 393050      to: 340841
     <Конечные остатки> from: 383584      to: 350307
Транзакция <3225> Финиш. Время операции: 25,483 сек.
---------------------------------------------------------------------------------
Транзакция <3226> Старт. Перевод: 5621 руб. fromAcc: 350 toAcc: 39 
    <Начальные остатки> from: 255884      to: 444148
[ Операция невозможна из-за блокировки счета !!! ]
from: false to: true
     <Конечные остатки> from: 255884      to: 444148
Транзакция <3226> Финиш. Время операции: 25,482 сек.
---------------------------------------------------------------------------------
Транзакция <3227> Старт. Перевод: 10052 руб. fromAcc: 740 toAcc: 631 
    <Начальные остатки> from: 448496      to: 331028
     <Конечные остатки> from: 438444      to: 341080
Транзакция <3227> Финиш. Время операции: 25,481 сек.
---------------------------------------------------------------------------------
Транзакция <3228> Старт. Перевод: 55000 руб. fromAcc: 377 toAcc: 294 
    <Начальные остатки> from: 404142      to: 474557
СЧЕТ ЗАБЛОКИРОВАН
     <Конечные остатки> from: 430578      to: 412740
Транзакция <2197> Финиш. Время операции: 29,111 сек.
---------------------------------------------------------------------------------
Транзакция <3229> Старт. Перевод: 6721 руб. fromAcc: 470 toAcc: 120 
    <Начальные остатки> from: 374430      to: 427413
     <Конечные остатки> from: 367709      to: 434134
Транзакция <3229> Финиш. Время операции: 26,476 сек.
---------------------------------------------------------------------------------
Транзакция <3230> Старт. Перевод: 3896 руб. fromAcc: 64 toAcc: 219 
    <Начальные остатки> from: 470064      to: 365249
     <Конечные остатки> from: 466168      to: 369145
Транзакция <3230> Финиш. Время операции: 26,475 сек.
---------------------------------------------------------------------------------
Транзакция <3231> Старт. Перевод: 7851 руб. fromAcc: 836 toAcc: 726 
    <Начальные остатки> from: 403280      to: 434718
     <Конечные остатки> from: 395429      to: 442569
Транзакция <3231> Финиш. Время операции: 26,474 сек.
---------------------------------------------------------------------------------
Транзакция <3232> Старт. Перевод: 5491 руб. fromAcc: 216 toAcc: 584 
    <Начальные остатки> from: 296511      to: 312295
[ Операция невозможна из-за блокировки счета !!! ]
from: false to: true
     <Конечные остатки> from: 296511      to: 312295
Транзакция <3232> Финиш. Время операции: 26,473 сек.
---------------------------------------------------------------------------------
Транзакция <3233> Старт. Перевод: 1591 руб. fromAcc: 489 toAcc: 639 
    <Начальные остатки> from: 295594      to: 312610
     <Конечные остатки> from: 294003      to: 314201
Транзакция <3233> Финиш. Время операции: 26,472 сек.
---------------------------------------------------------------------------------
Транзакция <3234> Старт. Перевод: 517 руб. fromAcc: 136 toAcc: 40 
    <Начальные остатки> from: 359843      to: 406003
     <Конечные остатки> from: 359326      to: 406520
Транзакция <3234> Финиш. Время операции: 26,471 сек.
---------------------------------------------------------------------------------
Транзакция <3235> Старт. Перевод: 2162 руб. fromAcc: 362 toAcc: 373 
    <Начальные остатки> from: 375825      to: 383342
     <Конечные остатки> from: 373663      to: 385504
Транзакция <3235> Финиш. Время операции: 26,470 сек.
---------------------------------------------------------------------------------
Транзакция <3236> Старт. Перевод: 8988 руб. fromAcc: 985 toAcc: 385 
    <Начальные остатки> from: 466413      to: 487617
     <Конечные остатки> from: 457425      to: 496605
Транзакция <3236> Финиш. Время операции: 26,469 сек.
---------------------------------------------------------------------------------
Транзакция <3237> Старт. Перевод: 9958 руб. fromAcc: 198 toAcc: 359 
    <Начальные остатки> from: 389827      to: 382190
     <Конечные остатки> from: 379869      to: 392148
Транзакция <3237> Финиш. Время операции: 26,468 сек.
---------------------------------------------------------------------------------
Транзакция <3238> Старт. Перевод: 7539 руб. fromAcc: 404 toAcc: 18 
    <Начальные остатки> from: 306376      to: 318223
     <Конечные остатки> from: 298837      to: 325762
Транзакция <3238> Финиш. Время операции: 26,467 сек.
---------------------------------------------------------------------------------
Транзакция <3239> Старт. Перевод: 6013 руб. fromAcc: 450 toAcc: 367 
    <Начальные остатки> from: 466432      to: 372612
     <Конечные остатки> from: 460419      to: 378625
Транзакция <3239> Финиш. Время операции: 26,466 сек.
---------------------------------------------------------------------------------
Транзакция <3240> Старт. Перевод: 2850 руб. fromAcc: 89 toAcc: 991 
    <Начальные остатки> from: 457394      to: 407902
     <Конечные остатки> from: 454544      to: 410752
Транзакция <3240> Финиш. Время операции: 26,465 сек.
---------------------------------------------------------------------------------
Транзакция <3241> Старт. Перевод: 10053 руб. fromAcc: 452 toAcc: 189 
    <Начальные остатки> from: 357590      to: 492083
     <Конечные остатки> from: 347537      to: 502136
Транзакция <3241> Финиш. Время операции: 26,464 сек.
---------------------------------------------------------------------------------
Транзакция <3242> Старт. Перевод: 9067 руб. fromAcc: 617 toAcc: 727 
    <Начальные остатки> from: 336649      to: 416236
     <Конечные остатки> from: 327582      to: 425303
Транзакция <3242> Финиш. Время операции: 26,463 сек.
---------------------------------------------------------------------------------
Транзакция <3243> Старт. Перевод: 1088 руб. fromAcc: 129 toAcc: 184 
    <Начальные остатки> from: 398704      to: 513218
     <Конечные остатки> from: 397616      to: 514306
Транзакция <3243> Финиш. Время операции: 26,463 сек.
---------------------------------------------------------------------------------
Транзакция <3244> Старт. Перевод: 4430 руб. fromAcc: 439 toAcc: 589 
    <Начальные остатки> from: 357262      to: 389631
     <Конечные остатки> from: 352832      to: 394061
Транзакция <3244> Финиш. Время операции: 26,462 сек.
---------------------------------------------------------------------------------
Транзакция <3245> Старт. Перевод: 1991 руб. fromAcc: 818 toAcc: 498 
    <Начальные остатки> from: 505483      to: 348934
     <Конечные остатки> from: 503492      to: 350925
Транзакция <3245> Финиш. Время операции: 26,461 сек.
---------------------------------------------------------------------------------
Транзакция <3246> Старт. Перевод: 4782 руб. fromAcc: 223 toAcc: 775 
    <Начальные остатки> from: 500436      to: 462694
[ Операция невозможна из-за блокировки счета !!! ]
from: false to: false
     <Конечные остатки> from: 500436      to: 462694
Транзакция <3246> Финиш. Время операции: 26,460 сек.
---------------------------------------------------------------------------------
Транзакция <3247> Старт. Перевод: 1999 руб. fromAcc: 989 toAcc: 45 
    <Начальные остатки> from: 440396      to: 351175
[ Операция невозможна из-за блокировки счета !!! ]
from: true to: false
     <Конечные остатки> from: 440396      to: 351175
Транзакция <3247> Финиш. Время операции: 26,459 сек.
---------------------------------------------------------------------------------
Транзакция <3248> Старт. Перевод: 4177 руб. fromAcc: 970 toAcc: 228 
    <Начальные остатки> from: 400166      to: 452831
     <Конечные остатки> from: 395989      to: 457008
Транзакция <3248> Финиш. Время операции: 26,458 сек.
---------------------------------------------------------------------------------
Транзакция <3249> Старт. Перевод: 3590 руб. fromAcc: 928 toAcc: 597 
    <Начальные остатки> from: 356653      to: 385074
     <Конечные остатки> from: 353063      to: 388664
Транзакция <3249> Финиш. Время операции: 26,457 сек.
---------------------------------------------------------------------------------
Транзакция <3250> Старт. Перевод: 5261 руб. fromAcc: 582 toAcc: 536 
    <Начальные остатки> from: 434420      to: 468716
     <Конечные остатки> from: 429159      to: 473977
Транзакция <3250> Финиш. Время операции: 26,456 сек.
---------------------------------------------------------------------------------
Транзакция <3251> Старт. Перевод: 2677 руб. fromAcc: 667 toAcc: 538 
    <Начальные остатки> from: 489315      to: 519535
     <Конечные остатки> from: 486638      to: 522212
Транзакция <3251> Финиш. Время операции: 26,455 сек.
---------------------------------------------------------------------------------
Транзакция <3252> Старт. Перевод: 4643 руб. fromAcc: 802 toAcc: 11 
    <Начальные остатки> from: 324633      to: 402300
     <Конечные остатки> from: 319990      to: 406943
Транзакция <3252> Финиш. Время операции: 26,454 сек.
---------------------------------------------------------------------------------
Транзакция <3253> Старт. Перевод: 55000 руб. fromAcc: 729 toAcc: 141 
    <Начальные остатки> from: 398235      to: 460526
[ Операция невозможна из-за блокировки счета !!! ]
from: true to: false
     <Конечные остатки> from: 398235      to: 460526
Транзакция <3253> Финиш. Время операции: 26,454 сек.
---------------------------------------------------------------------------------
Транзакция <3254> Старт. Перевод: 3662 руб. fromAcc: 347 toAcc: 708 
    <Начальные остатки> from: 324052      to: 459164
[ Операция невозможна из-за блокировки счета !!! ]
from: false to: true
     <Конечные остатки> from: 324052      to: 459164
Транзакция <3254> Финиш. Время операции: 26,455 сек.
---------------------------------------------------------------------------------
Транзакция <3255> Старт. Перевод: 1707 руб. fromAcc: 83 toAcc: 478 
    <Начальные остатки> from: 408473      to: 331105
     <Конечные остатки> from: 406766      to: 332812
Транзакция <3255> Финиш. Время операции: 26,455 сек.
---------------------------------------------------------------------------------
Транзакция <3256> Старт. Перевод: 7459 руб. fromAcc: 254 toAcc: 182 
    <Начальные остатки> from: 462878      to: 404221
     <Конечные остатки> from: 455419      to: 411680
Транзакция <3256> Финиш. Время операции: 26,454 сек.
---------------------------------------------------------------------------------
Транзакция <3257> Старт. Перевод: 195 руб. fromAcc: 553 toAcc: 126 
    <Начальные остатки> from: 468294      to: 390216
     <Конечные остатки> from: 468099      to: 390411
Транзакция <3257> Финиш. Время операции: 26,453 сек.
---------------------------------------------------------------------------------
Транзакция <3258> Старт. Перевод: 3319 руб. fromAcc: 703 toAcc: 30 
    <Начальные остатки> from: 408403      to: 345558
     <Конечные остатки> from: 405084      to: 348877
Транзакция <3258> Финиш. Время операции: 26,452 сек.
---------------------------------------------------------------------------------
Транзакция <3259> Старт. Перевод: 6010 руб. fromAcc: 954 toAcc: 700 
    <Начальные остатки> from: 351762      to: 472078
     <Конечные остатки> from: 345752      to: 478088
Транзакция <3259> Финиш. Время операции: 26,451 сек.
---------------------------------------------------------------------------------
Транзакция <3260> Старт. Перевод: 9876 руб. fromAcc: 802 toAcc: 684 
    <Начальные остатки> from: 319990      to: 259095
[ Операция невозможна из-за блокировки счета !!! ]
from: true to: false
     <Конечные остатки> from: 319990      to: 259095
Транзакция <3260> Финиш. Время операции: 26,450 сек.
---------------------------------------------------------------------------------
Транзакция <3261> Старт. Перевод: 7901 руб. fromAcc: 36 toAcc: 521 
    <Начальные остатки> from: 300274      to: 352257
     <Конечные остатки> from: 292373      to: 360158
Транзакция <3261> Финиш. Время операции: 26,449 сек.
---------------------------------------------------------------------------------
Транзакция <3262> Старт. Перевод: 8374 руб. fromAcc: 883 toAcc: 660 
    <Начальные остатки> from: 311720      to: 406952
     <Конечные остатки> from: 303346      to: 415326
Транзакция <3262> Финиш. Время операции: 26,449 сек.
---------------------------------------------------------------------------------
Транзакция <3263> Старт. Перевод: 882 руб. fromAcc: 780 toAcc: 991 
    <Начальные остатки> from: 396648      to: 410752
[ Операция невозможна из-за блокировки счета !!! ]
from: false to: true
     <Конечные остатки> from: 396648      to: 410752
Транзакция <3263> Финиш. Время операции: 26,448 сек.
---------------------------------------------------------------------------------
Транзакция <3264> Старт. Перевод: 4951 руб. fromAcc: 302 toAcc: 186 
    <Начальные остатки> from: 309828      to: 484328
     <Конечные остатки> from: 304877      to: 489279
Транзакция <3264> Финиш. Время операции: 26,447 сек.
---------------------------------------------------------------------------------
Транзакция <3265> Старт. Перевод: 4469 руб. fromAcc: 829 toAcc: 744 
    <Начальные остатки> from: 333542      to: 451972
     <Конечные остатки> from: 329073      to: 456441
Транзакция <3265> Финиш. Время операции: 26,446 сек.
---------------------------------------------------------------------------------
Транзакция <3266> Старт. Перевод: 2622 руб. fromAcc: 830 toAcc: 699 
    <Начальные остатки> from: 319053      to: 336558
     <Конечные остатки> from: 316431      to: 339180
Транзакция <3266> Финиш. Время операции: 26,445 сек.
---------------------------------------------------------------------------------
Транзакция <3267> Старт. Перевод: 2763 руб. fromAcc: 60 toAcc: 458 
    <Начальные остатки> from: 299611      to: 480705
     <Конечные остатки> from: 296848      to: 483468
Транзакция <3267> Финиш. Время операции: 26,444 сек.
---------------------------------------------------------------------------------
Транзакция <3268> Старт. Перевод: 359 руб. fromAcc: 524 toAcc: 112 
    <Начальные остатки> from: 358491      to: 299876
     <Конечные остатки> from: 358132      to: 300235
Транзакция <3268> Финиш. Время операции: 26,443 сек.
---------------------------------------------------------------------------------
Транзакция <3269> Старт. Перевод: 9980 руб. fromAcc: 805 toAcc: 880 
    <Начальные остатки> from: 382033      to: 483149
     <Конечные остатки> from: 372053      to: 493129
Транзакция <3269> Финиш. Время операции: 26,442 сек.
---------------------------------------------------------------------------------
Транзакция <3270> Старт. Перевод: 9116 руб. fromAcc: 243 toAcc: 48 
    <Начальные остатки> from: 418424      to: 394917
     <Конечные остатки> from: 409308      to: 404033
Транзакция <3270> Финиш. Время операции: 26,441 сек.
---------------------------------------------------------------------------------
Транзакция <3271> Старт. Перевод: 7585 руб. fromAcc: 494 toAcc: 869 
    <Начальные остатки> from: 421954      to: 463866
     <Конечные остатки> from: 414369      to: 471451
Транзакция <3271> Финиш. Время операции: 26,440 сек.
---------------------------------------------------------------------------------
Транзакция <3272> Старт. Перевод: 55000 руб. fromAcc: 183 toAcc: 448 
    <Начальные остатки> from: 389689      to: 379119
СЧЕТ ЗАБЛОКИРОВАН
     <Конечные остатки> from: 284651      to: 507611
Транзакция <2183> Финиш. Время операции: 30,153 сек.
---------------------------------------------------------------------------------
Транзакция <3273> Старт. Перевод: 8266 руб. fromAcc: 713 toAcc: 751 
    <Начальные остатки> from: 309338      to: 329324
     <Конечные остатки> from: 301072      to: 337590
Транзакция <3273> Финиш. Время операции: 27,431 сек.
---------------------------------------------------------------------------------
Транзакция <3274> Старт. Перевод: 2943 руб. fromAcc: 156 toAcc: 84 
    <Начальные остатки> from: 436845      to: 421594
[ Операция невозможна из-за блокировки счета !!! ]
from: false to: false
     <Конечные остатки> from: 436845      to: 421594
Транзакция <3274> Финиш. Время операции: 27,430 сек.
---------------------------------------------------------------------------------
Транзакция <3275> Старт. Перевод: 9739 руб. fromAcc: 990 toAcc: 189 
    <Начальные остатки> from: 393816      to: 502136
     <Конечные остатки> from: 384077      to: 511875
Транзакция <3275> Финиш. Время операции: 27,429 сек.
---------------------------------------------------------------------------------
Транзакция <3276> Старт. Перевод: 55000 руб. fromAcc: 149 toAcc: 9 
    <Начальные остатки> from: 367847      to: 541795
     <Конечные остатки> from: 246983      to: 487055
Транзакция <2165> Финиш. Время операции: 31,207 сек.
---------------------------------------------------------------------------------
Транзакция <3277> Старт. Перевод: 7530 руб. fromAcc: 84 toAcc: 88 
    <Начальные остатки> from: 421594      to: 493204
[ Операция невозможна из-за блокировки счета !!! ]
from: false to: true
     <Конечные остатки> from: 421594      to: 493204
Транзакция <3277> Финиш. Время операции: 28,427 сек.
---------------------------------------------------------------------------------
Транзакция <3278> Старт. Перевод: 8333 руб. fromAcc: 201 toAcc: 373 
    <Начальные остатки> from: 296143      to: 385504
     <Конечные остатки> from: 287810      to: 393837
Транзакция <3278> Финиш. Время операции: 28,426 сек.
---------------------------------------------------------------------------------
Транзакция <3279> Старт. Перевод: 1979 руб. fromAcc: 283 toAcc: 455 
    <Начальные остатки> from: 357574      to: 293265
     <Конечные остатки> from: 355595      to: 295244
Транзакция <3279> Финиш. Время операции: 28,425 сек.
---------------------------------------------------------------------------------
Транзакция <3280> Старт. Перевод: 5717 руб. fromAcc: 623 toAcc: 660 
    <Начальные остатки> from: 401982      to: 415326
     <Конечные остатки> from: 396265      to: 421043
Транзакция <3280> Финиш. Время операции: 28,424 сек.
---------------------------------------------------------------------------------
Транзакция <3281> Старт. Перевод: 8973 руб. fromAcc: 370 toAcc: 294 
    <Начальные остатки> from: 431710      to: 529557
[ Операция невозможна из-за блокировки счета !!! ]
from: false to: true
     <Конечные остатки> from: 431710      to: 529557
Транзакция <3281> Финиш. Время операции: 28,423 сек.
---------------------------------------------------------------------------------
Транзакция <3282> Старт. Перевод: 6914 руб. fromAcc: 559 toAcc: 489 
    <Начальные остатки> from: 404357      to: 294003
     <Конечные остатки> from: 397443      to: 300917
Транзакция <3282> Финиш. Время операции: 28,423 сек.
---------------------------------------------------------------------------------
Транзакция <3283> Старт. Перевод: 8773 руб. fromAcc: 195 toAcc: 103 
    <Начальные остатки> from: 417973      to: 340084
     <Конечные остатки> from: 409200      to: 348857
Транзакция <3283> Финиш. Время операции: 28,422 сек.
---------------------------------------------------------------------------------
Транзакция <3284> Старт. Перевод: 212 руб. fromAcc: 346 toAcc: 539 
    <Начальные остатки> from: 478010      to: 326433
     <Конечные остатки> from: 477798      to: 326645
Транзакция <3284> Финиш. Время операции: 28,421 сек.
---------------------------------------------------------------------------------
Транзакция <3285> Старт. Перевод: 7075 руб. fromAcc: 226 toAcc: 824 
    <Начальные остатки> from: 341063      to: 456602
     <Конечные остатки> from: 333988      to: 463677
Транзакция <3285> Финиш. Время операции: 28,419 сек.
---------------------------------------------------------------------------------
Транзакция <3286> Старт. Перевод: 9906 руб. fromAcc: 920 toAcc: 682 
    <Начальные остатки> from: 383801      to: 519567
     <Конечные остатки> from: 373895      to: 529473
Транзакция <3286> Финиш. Время операции: 28,418 сек.
---------------------------------------------------------------------------------
Транзакция <3287> Старт. Перевод: 4806 руб. fromAcc: 757 toAcc: 595 
    <Начальные остатки> from: 312181      to: 491884
     <Конечные остатки> from: 307375      to: 496690
Транзакция <3287> Финиш. Время операции: 28,417 сек.
---------------------------------------------------------------------------------
Транзакция <3288> Старт. Перевод: 6354 руб. fromAcc: 325 toAcc: 60 
    <Начальные остатки> from: 375003      to: 296848
     <Конечные остатки> from: 368649      to: 303202
Транзакция <3288> Финиш. Время операции: 28,416 сек.
---------------------------------------------------------------------------------
Транзакция <3289> Старт. Перевод: 2631 руб. fromAcc: 787 toAcc: 351 
    <Начальные остатки> from: 428030      to: 326223
     <Конечные остатки> from: 425399      to: 328854
Транзакция <3289> Финиш. Время операции: 28,415 сек.
---------------------------------------------------------------------------------
Транзакция <3290> Старт. Перевод: 684 руб. fromAcc: 447 toAcc: 74 
    <Начальные остатки> from: 326608      to: 329105
     <Конечные остатки> from: 325924      to: 329789
Транзакция <3290> Финиш. Время операции: 28,414 сек.
---------------------------------------------------------------------------------
Транзакция <3291> Старт. Перевод: 3175 руб. fromAcc: 512 toAcc: 746 
    <Начальные остатки> from: 441445      to: 494184
     <Конечные остатки> from: 438270      to: 497359
Транзакция <3291> Финиш. Время операции: 28,413 сек.
---------------------------------------------------------------------------------
Транзакция <3292> Старт. Перевод: 3411 руб. fromAcc: 572 toAcc: 425 
    <Начальные остатки> from: 373246      to: 305594
     <Конечные остатки> from: 369835      to: 309005
Транзакция <3292> Финиш. Время операции: 28,412 сек.
---------------------------------------------------------------------------------
Транзакция <3293> Старт. Перевод: 6471 руб. fromAcc: 657 toAcc: 147 
    <Начальные остатки> from: 396448      to: 519462
     <Конечные остатки> from: 389977      to: 525933
Транзакция <3293> Финиш. Время операции: 28,412 сек.
---------------------------------------------------------------------------------
Транзакция <3294> Старт. Перевод: 8719 руб. fromAcc: 599 toAcc: 559 
    <Начальные остатки> from: 347989      to: 397443
     <Конечные остатки> from: 339270      to: 406162
Транзакция <3294> Финиш. Время операции: 28,411 сек.
---------------------------------------------------------------------------------
Транзакция <3295> Старт. Перевод: 55000 руб. fromAcc: 87 toAcc: 679 
    <Начальные остатки> from: 416247      to: 448948
     <Конечные остатки> from: 257515      to: 541977
Транзакция <2142> Финиш. Время операции: 32,276 сек.
---------------------------------------------------------------------------------
Транзакция <3296> Старт. Перевод: 4701 руб. fromAcc: 655 toAcc: 979 
    <Начальные остатки> from: 457142      to: 306789
     <Конечные остатки> from: 452441      to: 311490
Транзакция <3296> Финиш. Время операции: 29,407 сек.
---------------------------------------------------------------------------------
Транзакция <3297> Старт. Перевод: 3304 руб. fromAcc: 858 toAcc: 409 
    <Начальные остатки> from: 470256      to: 382754
     <Конечные остатки> from: 466952      to: 386058
Транзакция <3297> Финиш. Время операции: 29,407 сек.
---------------------------------------------------------------------------------
Транзакция <3298> Старт. Перевод: 2334 руб. fromAcc: 25 toAcc: 722 
    <Начальные остатки> from: 244359      to: 429236
     <Конечные остатки> from: 242025      to: 431570
Транзакция <3298> Финиш. Время операции: 29,406 сек.
---------------------------------------------------------------------------------
Транзакция <3299> Старт. Перевод: 7050 руб. fromAcc: 401 toAcc: 533 
    <Начальные остатки> from: 446321      to: 398538
     <Конечные остатки> from: 439271      to: 405588
Транзакция <3299> Финиш. Время операции: 29,405 сек.
---------------------------------------------------------------------------------
Транзакция <3300> Старт. Перевод: 1513 руб. fromAcc: 980 toAcc: 55 
    <Начальные остатки> from: 434188      to: 402691
     <Конечные остатки> from: 432675      to: 404204
Транзакция <3300> Финиш. Время операции: 29,405 сек.
---------------------------------------------------------------------------------
Транзакция <3301> Старт. Перевод: 4700 руб. fromAcc: 136 toAcc: 378 
    <Начальные остатки> from: 359326      to: 311715
     <Конечные остатки> from: 354626      to: 316415
Транзакция <3301> Финиш. Время операции: 29,404 сек.
---------------------------------------------------------------------------------
Транзакция <3302> Старт. Перевод: 6722 руб. fromAcc: 665 toAcc: 555 
    <Начальные остатки> from: 397845      to: 384497
     <Конечные остатки> from: 391123      to: 391219
Транзакция <3302> Финиш. Время операции: 29,403 сек.
---------------------------------------------------------------------------------
Транзакция <3303> Старт. Перевод: 9479 руб. fromAcc: 720 toAcc: 206 
    <Начальные остатки> from: 382295      to: 510451
     <Конечные остатки> from: 372816      to: 519930
Транзакция <3303> Финиш. Время операции: 29,402 сек.
---------------------------------------------------------------------------------
Транзакция <3304> Старт. Перевод: 8076 руб. fromAcc: 308 toAcc: 843 
    <Начальные остатки> from: 383584      to: 433773
     <Конечные остатки> from: 375508      to: 441849
Транзакция <3304> Финиш. Время операции: 29,401 сек.
---------------------------------------------------------------------------------
Транзакция <3305> Старт. Перевод: 2909 руб. fromAcc: 472 toAcc: 263 
    <Начальные остатки> from: 383370      to: 490551
     <Конечные остатки> from: 380461      to: 493460
Транзакция <3305> Финиш. Время операции: 29,400 сек.
---------------------------------------------------------------------------------
Транзакция <3306> Старт. Перевод: 7446 руб. fromAcc: 263 toAcc: 176 
    <Начальные остатки> from: 493460      to: 306779
     <Конечные остатки> from: 486014      to: 314225
Транзакция <3306> Финиш. Время операции: 29,399 сек.
---------------------------------------------------------------------------------
Транзакция <3307> Старт. Перевод: 3416 руб. fromAcc: 892 toAcc: 706 
    <Начальные остатки> from: 381414      to: 357658
     <Конечные остатки> from: 377998      to: 361074
Транзакция <3307> Финиш. Время операции: 29,398 сек.
---------------------------------------------------------------------------------
Транзакция <3308> Старт. Перевод: 3370 руб. fromAcc: 237 toAcc: 506 
    <Начальные остатки> from: 403103      to: 358889
     <Конечные остатки> from: 399733      to: 362259
Транзакция <3308> Финиш. Время операции: 29,397 сек.
---------------------------------------------------------------------------------
Транзакция <3309> Старт. Перевод: 402 руб. fromAcc: 981 toAcc: 19 
    <Начальные остатки> from: 505736      to: 413302
     <Конечные остатки> from: 505334      to: 413704
Транзакция <3309> Финиш. Время операции: 29,396 сек.
---------------------------------------------------------------------------------
Транзакция <3310> Старт. Перевод: 6191 руб. fromAcc: 246 toAcc: 860 
    <Начальные остатки> from: 471204      to: 471790
     <Конечные остатки> from: 465013      to: 477981
Транзакция <3310> Финиш. Время операции: 29,396 сек.
---------------------------------------------------------------------------------
Транзакция <3311> Старт. Перевод: 1446 руб. fromAcc: 528 toAcc: 360 
    <Начальные остатки> from: 400919      to: 326877
     <Конечные остатки> from: 399473      to: 328323
Транзакция <3311> Финиш. Время операции: 29,395 сек.
---------------------------------------------------------------------------------
Транзакция <3312> Старт. Перевод: 7379 руб. fromAcc: 93 toAcc: 92 
    <Начальные остатки> from: 424439      to: 396628
     <Конечные остатки> from: 417060      to: 404007
Транзакция <3312> Финиш. Время операции: 29,394 сек.
---------------------------------------------------------------------------------
Транзакция <3313> Старт. Перевод: 2849 руб. fromAcc: 800 toAcc: 566 
    <Начальные остатки> from: 449270      to: 331905
     <Конечные остатки> from: 446421      to: 334754
Транзакция <3313> Финиш. Время операции: 29,392 сек.
---------------------------------------------------------------------------------
Транзакция <3314> Старт. Перевод: 9476 руб. fromAcc: 437 toAcc: 374 
    <Начальные остатки> from: 431726      to: 380152
     <Конечные остатки> from: 422250      to: 389628
Транзакция <3314> Финиш. Время операции: 29,391 сек.
---------------------------------------------------------------------------------
Транзакция <3315> Старт. Перевод: 6214 руб. fromAcc: 308 toAcc: 761 
    <Начальные остатки> from: 375508      to: 437892
     <Конечные остатки> from: 369294      to: 444106
Транзакция <3315> Финиш. Время операции: 29,388 сек.
---------------------------------------------------------------------------------
Транзакция <3316> Старт. Перевод: 5601 руб. fromAcc: 733 toAcc: 975 
    <Начальные остатки> from: 392593      to: 442077
     <Конечные остатки> from: 386992      to: 447678
Транзакция <3316> Финиш. Время операции: 29,387 сек.
---------------------------------------------------------------------------------
Транзакция <3317> Старт. Перевод: 6249 руб. fromAcc: 566 toAcc: 779 
    <Начальные остатки> from: 334754      to: 464273
     <Конечные остатки> from: 328505      to: 470522
Транзакция <3317> Финиш. Время операции: 29,386 сек.
---------------------------------------------------------------------------------
Транзакция <3318> Старт. Перевод: 9982 руб. fromAcc: 611 toAcc: 190 
    <Начальные остатки> from: 409926      to: 408874
     <Конечные остатки> from: 399944      to: 418856
Транзакция <3318> Финиш. Время операции: 29,385 сек.
---------------------------------------------------------------------------------
Транзакция <3319> Старт. Перевод: 7501 руб. fromAcc: 35 toAcc: 856 
    <Начальные остатки> from: 419960      to: 325848
     <Конечные остатки> from: 412459      to: 333349
Транзакция <3319> Финиш. Время операции: 29,384 сек.
---------------------------------------------------------------------------------
Транзакция <3320> Старт. Перевод: 3435 руб. fromAcc: 487 toAcc: 472 
    <Начальные остатки> from: 365316      to: 380461
     <Конечные остатки> from: 361881      to: 383896
Транзакция <3320> Финиш. Время операции: 29,384 сек.
---------------------------------------------------------------------------------
Транзакция <3321> Старт. Перевод: 203 руб. fromAcc: 662 toAcc: 297 
    <Начальные остатки> from: 344799      to: 323362
     <Конечные остатки> from: 344596      to: 323565
Транзакция <3321> Финиш. Время операции: 29,383 сек.
---------------------------------------------------------------------------------
Транзакция <3322> Старт. Перевод: 256 руб. fromAcc: 454 toAcc: 128 
    <Начальные остатки> from: 331162      to: 441809
     <Конечные остатки> from: 330906      to: 442065
Транзакция <3322> Финиш. Время операции: 29,382 сек.
---------------------------------------------------------------------------------
Транзакция <3323> Старт. Перевод: 7937 руб. fromAcc: 702 toAcc: 84 
    <Начальные остатки> from: 426447      to: 421594
[ Операция невозможна из-за блокировки счета !!! ]
from: true to: false
     <Конечные остатки> from: 426447      to: 421594
Транзакция <3323> Финиш. Время операции: 29,381 сек.
---------------------------------------------------------------------------------
Транзакция <3324> Старт. Перевод: 5458 руб. fromAcc: 757 toAcc: 135 
    <Начальные остатки> from: 307375      to: 432617
     <Конечные остатки> from: 301917      to: 438075
Транзакция <3324> Финиш. Время операции: 29,381 сек.
---------------------------------------------------------------------------------
Транзакция <3325> Старт. Перевод: 2311 руб. fromAcc: 737 toAcc: 620 
    <Начальные остатки> from: 421532      to: 439660
     <Конечные остатки> from: 419221      to: 441971
Транзакция <3325> Финиш. Время операции: 29,380 сек.
---------------------------------------------------------------------------------
Транзакция <3326> Старт. Перевод: 3804 руб. fromAcc: 410 toAcc: 925 
    <Начальные остатки> from: 314596      to: 474187
     <Конечные остатки> from: 310792      to: 477991
Транзакция <3326> Финиш. Время операции: 29,379 сек.
---------------------------------------------------------------------------------
Транзакция <3327> Старт. Перевод: 2338 руб. fromAcc: 82 toAcc: 69 
    <Начальные остатки> from: 448308      to: 334979
     <Конечные остатки> from: 445970      to: 337317
Транзакция <3327> Финиш. Время операции: 29,378 сек.
---------------------------------------------------------------------------------
Транзакция <3328> Старт. Перевод: 4582 руб. fromAcc: 743 toAcc: 217 
    <Начальные остатки> from: 256008      to: 474485
     <Конечные остатки> from: 251426      to: 479067
Транзакция <3328> Финиш. Время операции: 29,377 сек.
---------------------------------------------------------------------------------
Транзакция <3329> Старт. Перевод: 8712 руб. fromAcc: 991 toAcc: 12 
    <Начальные остатки> from: 410752      to: 425976
[ Операция невозможна из-за блокировки счета !!! ]
from: true to: false
     <Конечные остатки> from: 410752      to: 425976
Транзакция <3329> Финиш. Время операции: 29,376 сек.
---------------------------------------------------------------------------------
Транзакция <3330> Старт. Перевод: 8562 руб. fromAcc: 933 toAcc: 223 
    <Начальные остатки> from: 475820      to: 500436
[ Операция невозможна из-за блокировки счета !!! ]
from: true to: false
     <Конечные остатки> from: 475820      to: 500436
Транзакция <3330> Финиш. Время операции: 29,375 сек.
---------------------------------------------------------------------------------
Транзакция <3331> Старт. Перевод: 5686 руб. fromAcc: 340 toAcc: 355 
    <Начальные остатки> from: 318745      to: 328723
     <Конечные остатки> from: 313059      to: 334409
Транзакция <3331> Финиш. Время операции: 29,374 сек.
---------------------------------------------------------------------------------
Транзакция <3332> Старт. Перевод: 6091 руб. fromAcc: 829 toAcc: 818 
    <Начальные остатки> from: 329073      to: 503492
     <Конечные остатки> from: 322982      to: 509583
Транзакция <3332> Финиш. Время операции: 29,373 сек.
---------------------------------------------------------------------------------
Транзакция <3333> Старт. Перевод: 5740 руб. fromAcc: 731 toAcc: 709 
    <Начальные остатки> from: 317368      to: 509581
[ Операция невозможна из-за блокировки счета !!! ]
from: true to: false
     <Конечные остатки> from: 317368      to: 509581
Транзакция <3333> Финиш. Время операции: 29,373 сек.
---------------------------------------------------------------------------------
Транзакция <3334> Старт. Перевод: 7755 руб. fromAcc: 616 toAcc: 495 
    <Начальные остатки> from: 423735      to: 429523
     <Конечные остатки> from: 415980      to: 437278
Транзакция <3334> Финиш. Время операции: 29,372 сек.
---------------------------------------------------------------------------------
Транзакция <3335> Старт. Перевод: 4733 руб. fromAcc: 158 toAcc: 700 
    <Начальные остатки> from: 441080      to: 478088
     <Конечные остатки> from: 436347      to: 482821
Транзакция <3335> Финиш. Время операции: 29,371 сек.
---------------------------------------------------------------------------------
Транзакция <3336> Старт. Перевод: 1568 руб. fromAcc: 107 toAcc: 204 
    <Начальные остатки> from: 419155      to: 555804
     <Конечные остатки> from: 417587      to: 557372
Транзакция <3336> Финиш. Время операции: 29,370 сек.
---------------------------------------------------------------------------------
Транзакция <3337> Старт. Перевод: 7735 руб. fromAcc: 700 toAcc: 913 
    <Начальные остатки> from: 482821      to: 307329
     <Конечные остатки> from: 475086      to: 315064
Транзакция <3337> Финиш. Время операции: 29,369 сек.
---------------------------------------------------------------------------------
Транзакция <3338> Старт. Перевод: 3131 руб. fromAcc: 736 toAcc: 385 
    <Начальные остатки> from: 442592      to: 496605
     <Конечные остатки> from: 439461      to: 499736
Транзакция <3338> Финиш. Время операции: 29,368 сек.
---------------------------------------------------------------------------------
Транзакция <3339> Старт. Перевод: 8245 руб. fromAcc: 885 toAcc: 420 
    <Начальные остатки> from: 527601      to: 369007
     <Конечные остатки> from: 519356      to: 377252
Транзакция <3339> Финиш. Время операции: 29,367 сек.
---------------------------------------------------------------------------------
Транзакция <3340> Старт. Перевод: 7695 руб. fromAcc: 541 toAcc: 802 
    <Начальные остатки> from: 317385      to: 319990
     <Конечные остатки> from: 309690      to: 327685
Транзакция <3340> Финиш. Время операции: 29,366 сек.
---------------------------------------------------------------------------------
Транзакция <3341> Старт. Перевод: 5968 руб. fromAcc: 671 toAcc: 110 
    <Начальные остатки> from: 370483      to: 448435
     <Конечные остатки> from: 364515      to: 454403
Транзакция <3341> Финиш. Время операции: 29,365 сек.
---------------------------------------------------------------------------------
Транзакция <3342> Старт. Перевод: 55000 руб. fromAcc: 676 toAcc: 981 
    <Начальные остатки> from: 446120      to: 505334
СЧЕТ ЗАБЛОКИРОВАН
     <Конечные остатки> from: 388822      to: 400302
Транзакция <2130> Финиш. Время операции: 33,312 сек.
---------------------------------------------------------------------------------
Транзакция <3343> Старт. Перевод: 8316 руб. fromAcc: 549 toAcc: 207 
    <Начальные остатки> from: 368193      to: 416371
     <Конечные остатки> from: 359877      to: 424687
Транзакция <3343> Финиш. Время операции: 30,357 сек.
---------------------------------------------------------------------------------
Транзакция <3344> Старт. Перевод: 9172 руб. fromAcc: 78 toAcc: 285 
    <Начальные остатки> from: 309625      to: 429745
     <Конечные остатки> from: 300453      to: 438917
Транзакция <3344> Финиш. Время операции: 30,356 сек.
---------------------------------------------------------------------------------
Транзакция <3345> Старт. Перевод: 5273 руб. fromAcc: 485 toAcc: 812 
    <Начальные остатки> from: 277793      to: 403839
     <Конечные остатки> from: 272520      to: 409112
Транзакция <3345> Финиш. Время операции: 30,355 сек.
---------------------------------------------------------------------------------
Транзакция <3346> Старт. Перевод: 9049 руб. fromAcc: 361 toAcc: 749 
    <Начальные остатки> from: 424569      to: 338782
     <Конечные остатки> from: 415520      to: 347831
Транзакция <3346> Финиш. Время операции: 30,354 сек.
---------------------------------------------------------------------------------
Транзакция <3347> Старт. Перевод: 8166 руб. fromAcc: 808 toAcc: 831 
    <Начальные остатки> from: 366371      to: 415934
     <Конечные остатки> from: 358205      to: 424100
Транзакция <3347> Финиш. Время операции: 30,353 сек.
---------------------------------------------------------------------------------
Транзакция <3348> Старт. Перевод: 8153 руб. fromAcc: 557 toAcc: 641 
    <Начальные остатки> from: 372847      to: 330496
     <Конечные остатки> from: 364694      to: 338649
Транзакция <3348> Финиш. Время операции: 30,352 сек.
---------------------------------------------------------------------------------
Транзакция <3349> Старт. Перевод: 8842 руб. fromAcc: 105 toAcc: 318 
    <Начальные остатки> from: 384098      to: 413158
     <Конечные остатки> from: 375256      to: 422000
Транзакция <3349> Финиш. Время операции: 30,351 сек.
---------------------------------------------------------------------------------
Транзакция <3350> Старт. Перевод: 5001 руб. fromAcc: 232 toAcc: 918 
    <Начальные остатки> from: 463185      to: 423192
     <Конечные остатки> from: 458184      to: 428193
Транзакция <3350> Финиш. Время операции: 30,350 сек.
---------------------------------------------------------------------------------
Транзакция <3351> Старт. Перевод: 4341 руб. fromAcc: 639 toAcc: 694 
    <Начальные остатки> from: 314201      to: 314013
     <Конечные остатки> from: 309860      to: 318354
Транзакция <3351> Финиш. Время операции: 30,350 сек.
---------------------------------------------------------------------------------
Транзакция <3352> Старт. Перевод: 8078 руб. fromAcc: 10 toAcc: 159 
    <Начальные остатки> from: 435227      to: 397126
     <Конечные остатки> from: 427149      to: 405204
Транзакция <3352> Финиш. Время операции: 30,349 сек.
---------------------------------------------------------------------------------
Транзакция <3353> Старт. Перевод: 140 руб. fromAcc: 486 toAcc: 823 
    <Начальные остатки> from: 375887      to: 347666
     <Конечные остатки> from: 375747      to: 347806
Транзакция <3353> Финиш. Время операции: 30,348 сек.
---------------------------------------------------------------------------------
Транзакция <3354> Старт. Перевод: 1217 руб. fromAcc: 399 toAcc: 905 
    <Начальные остатки> from: 423262      to: 296453
[ Операция невозможна из-за блокировки счета !!! ]
from: false to: true
     <Конечные остатки> from: 423262      to: 296453
Транзакция <3354> Финиш. Время операции: 30,347 сек.
---------------------------------------------------------------------------------
Транзакция <3355> Старт. Перевод: 2938 руб. fromAcc: 131 toAcc: 187 
    <Начальные остатки> from: 377016      to: 412590
     <Конечные остатки> from: 374078      to: 415528
Транзакция <3355> Финиш. Время операции: 30,346 сек.
---------------------------------------------------------------------------------
Транзакция <3356> Старт. Перевод: 5633 руб. fromAcc: 124 toAcc: 385 
    <Начальные остатки> from: 377979      to: 499736
     <Конечные остатки> from: 372346      to: 505369
Транзакция <3356> Финиш. Время операции: 30,345 сек.
---------------------------------------------------------------------------------
Транзакция <3357> Старт. Перевод: 371 руб. fromAcc: 406 toAcc: 64 
    <Начальные остатки> from: 444204      to: 466168
     <Конечные остатки> from: 443833      to: 466539
Транзакция <3357> Финиш. Время операции: 30,344 сек.
---------------------------------------------------------------------------------
Транзакция <3358> Старт. Перевод: 2284 руб. fromAcc: 461 toAcc: 200 
    <Начальные остатки> from: 483194      to: 434386
     <Конечные остатки> from: 480910      to: 436670
Транзакция <3358> Финиш. Время операции: 30,343 сек.
---------------------------------------------------------------------------------
Транзакция <3359> Старт. Перевод: 7528 руб. fromAcc: 921 toAcc: 906 
    <Начальные остатки> from: 299632      to: 320740
     <Конечные остатки> from: 292104      to: 328268
Транзакция <3359> Финиш. Время операции: 30,342 сек.
---------------------------------------------------------------------------------
Транзакция <3360> Старт. Перевод: 654 руб. fromAcc: 360 toAcc: 751 
    <Начальные остатки> from: 328323      to: 337590
     <Конечные остатки> from: 327669      to: 338244
Транзакция <3360> Финиш. Время операции: 30,341 сек.
---------------------------------------------------------------------------------
Транзакция <3361> Старт. Перевод: 2672 руб. fromAcc: 383 toAcc: 332 
    <Начальные остатки> from: 489867      to: 452054
     <Конечные остатки> from: 487195      to: 454726
Транзакция <3361> Финиш. Время операции: 30,341 сек.
---------------------------------------------------------------------------------
Транзакция <3362> Старт. Перевод: 2614 руб. fromAcc: 373 toAcc: 463 
    <Начальные остатки> from: 393837      to: 514845
     <Конечные остатки> from: 391223      to: 517459
Транзакция <3362> Финиш. Время операции: 30,340 сек.
---------------------------------------------------------------------------------
Транзакция <3363> Старт. Перевод: 7026 руб. fromAcc: 445 toAcc: 413 
    <Начальные остатки> from: 501054      to: 474149
     <Конечные остатки> from: 494028      to: 481175
Транзакция <3363> Финиш. Время операции: 30,339 сек.
---------------------------------------------------------------------------------
Транзакция <3364> Старт. Перевод: 55000 руб. fromAcc: 649 toAcc: 116 
    <Начальные остатки> from: 460194      to: 396727
СЧЕТ ЗАБЛОКИРОВАН
     <Конечные остатки> from: 345427      to: 363946
Транзакция <2098> Финиш. Время операции: 34,422 сек.
---------------------------------------------------------------------------------
Транзакция <3365> Старт. Перевод: 8480 руб. fromAcc: 240 toAcc: 981 
    <Начальные остатки> from: 326249      to: 560334
     <Конечные остатки> from: 317769      to: 568814
Транзакция <3365> Финиш. Время операции: 31,334 сек.
---------------------------------------------------------------------------------
Транзакция <3366> Старт. Перевод: 758 руб. fromAcc: 593 toAcc: 524 
    <Начальные остатки> from: 327058      to: 358132
     <Конечные остатки> from: 326300      to: 358890
Транзакция <3366> Финиш. Время операции: 31,333 сек.
---------------------------------------------------------------------------------
Транзакция <3367> Старт. Перевод: 9983 руб. fromAcc: 687 toAcc: 930 
    <Начальные остатки> from: 412755      to: 482877
     <Конечные остатки> from: 402772      to: 492860
Транзакция <3367> Финиш. Время операции: 31,332 сек.
---------------------------------------------------------------------------------
Транзакция <3368> Старт. Перевод: 8133 руб. fromAcc: 180 toAcc: 469 
    <Начальные остатки> from: 462302      to: 307944
[ Операция невозможна из-за блокировки счета !!! ]
from: false to: true
     <Конечные остатки> from: 462302      to: 307944
Транзакция <3368> Финиш. Время операции: 31,331 сек.
---------------------------------------------------------------------------------
Транзакция <3369> Старт. Перевод: 7548 руб. fromAcc: 85 toAcc: 108 
    <Начальные остатки> from: 367844      to: 323354
[ Операция невозможна из-за блокировки счета !!! ]
from: false to: true
     <Конечные остатки> from: 367844      to: 323354
Транзакция <3369> Финиш. Время операции: 31,330 сек.
---------------------------------------------------------------------------------
Транзакция <3370> Старт. Перевод: 8547 руб. fromAcc: 988 toAcc: 420 
    <Начальные остатки> from: 314180      to: 377252
     <Конечные остатки> from: 305633      to: 385799
Транзакция <3370> Финиш. Время операции: 31,330 сек.
---------------------------------------------------------------------------------
Транзакция <3371> Старт. Перевод: 7988 руб. fromAcc: 794 toAcc: 625 
    <Начальные остатки> from: 457530      to: 480864
     <Конечные остатки> from: 449542      to: 488852
Транзакция <3371> Финиш. Время операции: 31,329 сек.
---------------------------------------------------------------------------------
Транзакция <3372> Старт. Перевод: 4425 руб. fromAcc: 355 toAcc: 764 
    <Начальные остатки> from: 334409      to: 413922
     <Конечные остатки> from: 329984      to: 418347
Транзакция <3372> Финиш. Время операции: 31,328 сек.
---------------------------------------------------------------------------------
Транзакция <3373> Старт. Перевод: 3288 руб. fromAcc: 666 toAcc: 808 
    <Начальные остатки> from: 376092      to: 358205
     <Конечные остатки> from: 372804      to: 361493
Транзакция <3373> Финиш. Время операции: 31,327 сек.
---------------------------------------------------------------------------------
Транзакция <3374> Старт. Перевод: 9862 руб. fromAcc: 511 toAcc: 484 
    <Начальные остатки> from: 444494      to: 401715
     <Конечные остатки> from: 434632      to: 411577
Транзакция <3374> Финиш. Время операции: 31,326 сек.
---------------------------------------------------------------------------------
Транзакция <3375> Старт. Перевод: 8756 руб. fromAcc: 602 toAcc: 770 
    <Начальные остатки> from: 471257      to: 406486
     <Конечные остатки> from: 462501      to: 415242
Транзакция <3375> Финиш. Время операции: 31,325 сек.
---------------------------------------------------------------------------------
Транзакция <3376> Старт. Перевод: 5992 руб. fromAcc: 260 toAcc: 250 
    <Начальные остатки> from: 418333      to: 336684
     <Конечные остатки> from: 412341      to: 342676
Транзакция <3376> Финиш. Время операции: 31,324 сек.
---------------------------------------------------------------------------------
Транзакция <3377> Старт. Перевод: 3933 руб. fromAcc: 660 toAcc: 29 
    <Начальные остатки> from: 421043      to: 468541
     <Конечные остатки> from: 417110      to: 472474
Транзакция <3377> Финиш. Время операции: 31,323 сек.
---------------------------------------------------------------------------------
Транзакция <3378> Старт. Перевод: 9813 руб. fromAcc: 479 toAcc: 469 
    <Начальные остатки> from: 426044      to: 307944
     <Конечные остатки> from: 416231      to: 317757
Транзакция <3378> Финиш. Время операции: 31,322 сек.
---------------------------------------------------------------------------------
Транзакция <3379> Старт. Перевод: 5806 руб. fromAcc: 575 toAcc: 801 
    <Начальные остатки> from: 345485      to: 314858
     <Конечные остатки> from: 339679      to: 320664
Транзакция <3379> Финиш. Время операции: 31,321 сек.
---------------------------------------------------------------------------------
Транзакция <3380> Старт. Перевод: 2314 руб. fromAcc: 941 toAcc: 561 
    <Начальные остатки> from: 509526      to: 415276
     <Конечные остатки> from: 507212      to: 417590
Транзакция <3380> Финиш. Время операции: 31,321 сек.
---------------------------------------------------------------------------------
Транзакция <3381> Старт. Перевод: 6403 руб. fromAcc: 809 toAcc: 892 
    <Начальные остатки> from: 295843      to: 377998
     <Конечные остатки> from: 289440      to: 384401
Транзакция <3381> Финиш. Время операции: 31,320 сек.
---------------------------------------------------------------------------------
Транзакция <3382> Старт. Перевод: 4186 руб. fromAcc: 178 toAcc: 983 
    <Начальные остатки> from: 345427      to: 329423
[ Операция невозможна из-за блокировки счета !!! ]
from: false to: true
     <Конечные остатки> from: 345427      to: 329423
Транзакция <3382> Финиш. Время операции: 31,319 сек.
---------------------------------------------------------------------------------
Транзакция <3383> Старт. Перевод: 9347 руб. fromAcc: 488 toAcc: 297 
    <Начальные остатки> from: 399375      to: 323565
     <Конечные остатки> from: 390028      to: 332912
Транзакция <3383> Финиш. Время операции: 31,318 сек.
---------------------------------------------------------------------------------
Транзакция <3384> Старт. Перевод: 9979 руб. fromAcc: 396 toAcc: 775 
    <Начальные остатки> from: 346043      to: 462694
[ Операция невозможна из-за блокировки счета !!! ]
from: true to: false
     <Конечные остатки> from: 346043      to: 462694
Транзакция <3384> Финиш. Время операции: 31,317 сек.
---------------------------------------------------------------------------------
Транзакция <3385> Старт. Перевод: 2433 руб. fromAcc: 843 toAcc: 939 
    <Начальные остатки> from: 441849      to: 462624
     <Конечные остатки> from: 439416      to: 465057
Транзакция <3385> Финиш. Время операции: 31,316 сек.
---------------------------------------------------------------------------------
Транзакция <3386> Старт. Перевод: 3989 руб. fromAcc: 662 toAcc: 632 
    <Начальные остатки> from: 344596      to: 414314
     <Конечные остатки> from: 340607      to: 418303
Транзакция <3386> Финиш. Время операции: 31,315 сек.
---------------------------------------------------------------------------------
Транзакция <3387> Старт. Перевод: 5790 руб. fromAcc: 19 toAcc: 160 
    <Начальные остатки> from: 413704      to: 438198
     <Конечные остатки> from: 407914      to: 443988
Транзакция <3387> Финиш. Время операции: 31,314 сек.
---------------------------------------------------------------------------------
Транзакция <3388> Старт. Перевод: 3724 руб. fromAcc: 858 toAcc: 796 
    <Начальные остатки> from: 466952      to: 427376
     <Конечные остатки> from: 463228      to: 431100
Транзакция <3388> Финиш. Время операции: 31,313 сек.
---------------------------------------------------------------------------------
Транзакция <3389> Старт. Перевод: 7720 руб. fromAcc: 360 toAcc: 877 
    <Начальные остатки> from: 327669      to: 331545
     <Конечные остатки> from: 319949      to: 339265
Транзакция <3389> Финиш. Время операции: 31,312 сек.
---------------------------------------------------------------------------------
Транзакция <3390> Старт. Перевод: 9250 руб. fromAcc: 141 toAcc: 266 
    <Начальные остатки> from: 460526      to: 413039
[ Операция невозможна из-за блокировки счета !!! ]
from: false to: true
     <Конечные остатки> from: 460526      to: 413039
Транзакция <3390> Финиш. Время операции: 31,312 сек.
---------------------------------------------------------------------------------
Транзакция <3391> Старт. Перевод: 2765 руб. fromAcc: 541 toAcc: 542 
    <Начальные остатки> from: 309690      to: 498213
     <Конечные остатки> from: 306925      to: 500978
Транзакция <3391> Финиш. Время операции: 31,311 сек.
---------------------------------------------------------------------------------
Транзакция <3392> Старт. Перевод: 9244 руб. fromAcc: 901 toAcc: 102 
    <Начальные остатки> from: 347398      to: 496495
     <Конечные остатки> from: 338154      to: 505739
Транзакция <3392> Финиш. Время операции: 31,310 сек.
---------------------------------------------------------------------------------
Транзакция <3393> Старт. Перевод: 9075 руб. fromAcc: 157 toAcc: 301 
    <Начальные остатки> from: 427146      to: 479396
     <Конечные остатки> from: 418071      to: 488471
Транзакция <3393> Финиш. Время операции: 31,309 сек.
---------------------------------------------------------------------------------
Транзакция <3394> Старт. Перевод: 55000 руб. fromAcc: 441 toAcc: 851 
    <Начальные остатки> from: 263356      to: 483838
cancel non-finished tasks
java.lang.InterruptedException: sleep interrupted
	at java.base/java.lang.Thread.sleep(Native Method)
	at Bank.isFraud(Bank.java:33)
	at Bank.transfer(Bank.java:55)
	at TransferMaker.run(TransferMaker.java:23)
	at java.base/java.util.concurrent.Executors$RunnableAdapter.call(Executors.java:515)
	at java.base/java.util.concurrent.FutureTask.run(FutureTask.java:264)
	at java.base/java.util.concurrent.ThreadPoolExecutor.runWorker(ThreadPoolExecutor.java:1128)
	at java.base/java.util.concurrent.ThreadPoolExecutor$Worker.run(ThreadPoolExecutor.java:628)
	at java.base/java.lang.Thread.run(Thread.java:835)
java.lang.InterruptedException: sleep interrupted
	at java.base/java.lang.Thread.sleep(Native Method)
	at Bank.isFraud(Bank.java:33)
	at Bank.transfer(Bank.java:55)
	at TransferMaker.run(TransferMaker.java:23)
	at java.base/java.util.concurrent.Executors$RunnableAdapter.call(Executors.java:515)
	at java.base/java.util.concurrent.FutureTask.run(FutureTask.java:264)
	at java.base/java.util.concurrent.ThreadPoolExecutor.runWorker(ThreadPoolExecutor.java:1128)
	at java.base/java.util.concurrent.ThreadPoolExecutor$Worker.run(ThreadPoolExecutor.java:628)
	at java.base/java.lang.Thread.run(Thread.java:835)
<<<<<<< Executor остановлен >>>>>>>
     <Конечные остатки> from: 298262      to: 358890
Транзакция <2086> Финиш. Время операции: 34,841 сек.
---------------------------------------------------------------------------------
     <Конечные остатки> from: 339679   java.lang.InterruptedException: sleep interrupted
	at java.base/java.lang.Thread.sleep(Native Method)
	at Bank.isFraud(Bank.java:33)
	at Bank.transfer(Bank.java:55)
	at TransferMaker.run(TransferMaker.java:23)
	at java.base/java.util.concurrent.Executors$RunnableAdapter.call(Executors.java:515)
	at java.base/java.util.concurrent.FutureTask.run(FutureTask.java:264)
	at java.base/java.util.concurrent.ThreadPoolExecutor.runWorker(ThreadPoolExecutor.java:1128)
	at java.base/java.util.concurrent.ThreadPoolExecutor$Worker.run(ThreadPoolExecutor.java:628)
	at java.base/java.lang.Thread.run(Thread.java:835)
java.lang.InterruptedException: sleep interrupted
	at java.base/java.lang.Thread.sleep(Native Method)
   to: 405050
Транзакция <2068> Финиш. Время операции: 34,897 сек.
---------------------------------------------------------------------------------
	at Bank.isFraud(Bank.java:33)
	at Bank.transfer(Bank.java:55)
	at TransferMaker.run(TransferMaker.java:23)
	at java.base/java.util.concurrent.Executors$RunnableAdapter.call(Executors.java:515)
	at java.base/java.util.concurrent.FutureTask.run(FutureTask.java:264)
	at java.base/java.util.concurrent.ThreadPoolExecutor.runWorker(ThreadPoolExecutor.java:1128)
	at java.base/java.util.concurrent.ThreadPoolExecutor$Worker.run(ThreadPoolExecutor.java:628)
	at java.base/java.lang.Thread.run(Thread.java:835)
     <Конечные остатки> from: 375078      to: 513835
Транзакция <1818> Финиш. Время операции: 35,658 сек.
---------------------------------------------------------------------------------
     <Конечные остатки> from: 298760      to: 359424
Транзакция <2012> Финиш. Время операции: 35,069 сек.
---------------------------------------------------------------------------------
java.lang.InterruptedException: sleep interrupted
     <Конечные остатки> from: 268123      to: 424100
Транзакция <1781> Финиш. Время операции: 35,776 сек.
---------------------------------------------------------------------------------
	at java.base/java.lang.Thread.sleep(Native Method)
	at Bank.isFraud(Bank.java:33)
	at Bank.transfer(Bank.java:55)
	at TransferMaker.run(TransferMaker.java:23)
	at java.base/java.util.concurrent.Executors$RunnableAdapter.call(Executors.java:515)
	at java.base/java.util.concurrent.FutureTask.run(FutureTask.java:264)
	at java.base/java.util.concurrent.ThreadPoolExecutor.runWorker(ThreadPoolExecutor.java:1128)
	at java.base/java.util.concurrent.ThreadPoolExecutor$Worker.run(ThreadPoolExecutor.java:628)
	at java.base/java.lang.Thread.run(Thread.java:835)
java.lang.InterruptedException: sleep interrupted
	at java.base/java.lang.Thread.sleep(Native Method)
	at Bank.isFraud(Bank.java:33)
	at Bank.transfer(Bank.java:55)
	at TransferMaker.run(TransferMaker.java:23)
	at java.base/java.util.concurrent.Executors$RunnableAdapter.call(Executors.java:515)
	at java.base/java.util.concurrent.FutureTask.run(FutureTask.java:264)
	at java.base/java.util.concurrent.ThreadPoolExecutor.runWorker(ThreadPoolExecutor.java:1128)
	at java.base/java.util.concurrent.ThreadPoolExecutor$Worker.run(ThreadPoolExecutor.java:628)
	at java.base/java.lang.Thread.run(Thread.java:835)
     <Конечные остатки> from: 443833      to: 405084
Транзакция <1709> Финиш. Время операции: 35,998 сек.
---------------------------------------------------------------------------------
java.lang.InterruptedException: sleep interrupted
	at java.base/java.lang.Thread.sleep(Native Method)
	at Bank.isFraud(Bank.java:33)
	at Bank.transfer(Bank.java:55)
	at TransferMaker.run(TransferMaker.java:23)
	at java.base/java.util.concurrent.Executors$RunnableAdapter.call(Executors.java:515)
	at java.base/java.util.concurrent.FutureTask.run(FutureTask.java:264)
	at java.base/java.util.concurrent.ThreadPoolExecutor.runWorker(ThreadPoolExecutor.java:1128)
	at java.base/java.util.concurrent.ThreadPoolExecutor$Worker.run(ThreadPoolExecutor.java:628)
	at java.base/java.lang.Thread.run(Thread.java:835)
java.lang.InterruptedException: sleep interrupted     <Конечные остатки> from: 398235      to: 497359
Транзакция <1702> Финиш. Время операции: 
36,028 сек.
---------------------------------------------------------------------------------
	at java.base/java.lang.Thread.sleep(Native Method)
	at Bank.isFraud(Bank.java:33)
	at Bank.transfer(Bank.java:55)
	at TransferMaker.run(TransferMaker.java:23)
	at java.base/java.util.concurrent.Executors$RunnableAdapter.call(Executors.java:515)
	at java.base/java.util.concurrent.FutureTask.run(FutureTask.java:264)
	at java.base/java.util.concurrent.ThreadPoolExecutor.runWorker(ThreadPoolExecutor.java:1128)
	at java.base/java.util.concurrent.ThreadPoolExecutor$Worker.run(ThreadPoolExecutor.java:628)
	at java.base/java.lang.Thread.run(Thread.java:835)
     <Конечные остатки> from: 389584java.lang.InterruptedException: sleep interrupted 
     to: 	at java.base/java.lang.Thread.sleep(Native Method)396265

	at Bank.isFraud(Bank.java:33)Транзакция <
1677	at Bank.transfer(Bank.java:55)> Финиш. Время операции: 
36,117	at TransferMaker.run(TransferMaker.java:23)
 сек.
	at java.base/java.util.concurrent.Executors$RunnableAdapter.call(Executors.java:515)
---------------------------------------------------------------------------------
	at java.base/java.util.concurrent.FutureTask.run(FutureTask.java:264)
	at java.base/java.util.concurrent.ThreadPoolExecutor.runWorker(ThreadPoolExecutor.java:1128)
	at java.base/java.util.concurrent.ThreadPoolExecutor$Worker.run(ThreadPoolExecutor.java:628)
	at java.base/java.lang.Thread.run(Thread.java:835)
     <Конечные остатки> from: 297221      to: 542438
java.lang.InterruptedException: sleep interrupted
Транзакция <1649> Финиш. Время операции: 36,202	at java.base/java.lang.Thread.sleep(Native Method)
	at Bank.isFraud(Bank.java:33)
	at Bank.transfer(Bank.java:55)
	at TransferMaker.run(TransferMaker.java:23)
	at java.base/java.util.concurrent.Executors$RunnableAdapter.call(Executors.java:515)
	at java.base/java.util.concurrent.FutureTask.run(FutureTask.java:264)
	at java.base/java.util.concurrent.ThreadPoolExecutor.runWorker(ThreadPoolExecutor.java:1128)
 сек.
---------------------------------------------------------------------------------
	at java.base/java.util.concurrent.ThreadPoolExecutor$Worker.run(ThreadPoolExecutor.java:628)
	at java.base/java.lang.Thread.run(Thread.java:835)
     <Конечные остатки> from: 418303      to: 350925
Транзакция <1625> Финиш. Время операции: java.lang.InterruptedException: sleep interrupted
36,277 сек.
---------------------------------------------------------------------------------
	at java.base/java.lang.Thread.sleep(Native Method)
	at Bank.isFraud(Bank.java:33)
	at Bank.transfer(Bank.java:55)
	at TransferMaker.run(TransferMaker.java:23)
	at java.base/java.util.concurrent.Executors$RunnableAdapter.call(Executors.java:515)
	at java.base/java.util.concurrent.FutureTask.run(FutureTask.java:264)
	at java.base/java.util.concurrent.ThreadPoolExecutor.runWorker(ThreadPoolExecutor.java:1128)
	at java.base/java.util.concurrent.ThreadPoolExecutor$Worker.run(ThreadPoolExecutor.java:628)
	at java.base/java.lang.Thread.run(Thread.java:835)
java.lang.InterruptedException: sleep interrupted     <Конечные остатки> from: 
410425      to: 373229
Транзакция <1682> Финиш. Время операции: 36,107 сек.
---------------------------------------------------------------------------------
	at java.base/java.lang.Thread.sleep(Native Method)
	at Bank.isFraud(Bank.java:33)
	at Bank.transfer(Bank.java:55)
	at TransferMaker.run(TransferMaker.java:23)
	at java.base/java.util.concurrent.Executors$RunnableAdapter.call(Executors.java:515)
	at java.base/java.util.concurrent.FutureTask.run(FutureTask.java:264)
	at java.base/java.util.concurrent.ThreadPoolExecutor.runWorker(ThreadPoolExecutor.java:1128)
	at java.base/java.util.concurrent.ThreadPoolExecutor$Worker.run(ThreadPoolExecutor.java:628)
	at java.base/java.lang.Thread.run(Thread.java:835)
     <Конечные остатки> from: 470048      to: 459568
java.lang.InterruptedException: sleep interruptedТранзакция <1684> Финиш. Время операции: 
36,100 сек.
---------------------------------------------------------------------------------
	at java.base/java.lang.Thread.sleep(Native Method)
	at Bank.isFraud(Bank.java:33)
	at Bank.transfer(Bank.java:55)
	at TransferMaker.run(TransferMaker.java:23)
	at java.base/java.util.concurrent.Executors$RunnableAdapter.call(Executors.java:515)
	at java.base/java.util.concurrent.FutureTask.run(FutureTask.java:264)
	at java.base/java.util.concurrent.ThreadPoolExecutor.runWorker(ThreadPoolExecutor.java:1128)
	at java.base/java.util.concurrent.ThreadPoolExecutor$Worker.run(ThreadPoolExecutor.java:628)
	at java.base/java.lang.Thread.run(Thread.java:835)
     <Конечные остатки> from: 237281      to: 368607
Транзакция <1695> Финиш. Время операции: 36,063 сек.
---------------------------------------------------------------------------------
java.lang.InterruptedException: sleep interrupted
	at java.base/java.lang.Thread.sleep(Native Method)
	at Bank.isFraud(Bank.java:33)
	at Bank.transfer(Bank.java:55)
	at TransferMaker.run(TransferMaker.java:23)
     <Конечные остатки> from: 300713      to: 456014
Транзакция <1361> Финиш. Время операции: 37,113 сек.
---------------------------------------------------------------------------------
	at java.base/java.util.concurrent.Executors$RunnableAdapter.call(Executors.java:515)
	at java.base/java.util.concurrent.FutureTask.run(FutureTask.java:264)
	at java.base/java.util.concurrent.ThreadPoolExecutor.runWorker(ThreadPoolExecutor.java:1128)
	at java.base/java.util.concurrent.ThreadPoolExecutor$Worker.run(ThreadPoolExecutor.java:628)
	at java.base/java.lang.Thread.run(Thread.java:835)
java.lang.InterruptedException: sleep interrupted
	at java.base/java.lang.Thread.sleep(Native Method)
	at Bank.isFraud(Bank.java:33)
	at Bank.transfer(Bank.java:55)
	at TransferMaker.run(TransferMaker.java:23)
	at java.base/java.util.concurrent.Executors$RunnableAdapter.call(Executors.java:515)
	at java.base/java.util.concurrent.FutureTask.run(FutureTask.java:264)
	at java.base/java.util.concurrent.ThreadPoolExecutor.runWorker(ThreadPoolExecutor.java:1128)
	at java.base/java.util.concurrent.ThreadPoolExecutor$Worker.run(ThreadPoolExecutor.java:628)
	at java.base/java.lang.Thread.run(Thread.java:835)
     <Конечные остатки> from: 367084      to: 522859
Транзакция <1396> Финиш. Время операции: 36,986 сек.
---------------------------------------------------------------------------------
java.lang.InterruptedException: sleep interrupted
	at java.base/java.lang.Thread.sleep(Native Method)
	at Bank.isFraud(Bank.java:33)
	at Bank.transfer(Bank.java:55)
	at TransferMaker.run(TransferMaker.java:23)
	at java.base/java.util.concurrent.Executors$RunnableAdapter.call(Executors.java:515)
	at java.base/java.util.concurrent.FutureTask.run(FutureTask.java:264)
	at java.base/java.util.concurrent.ThreadPoolExecutor.runWorker(ThreadPoolExecutor.java:1128)
	at java.base/java.util.concurrent.ThreadPoolExecutor$Worker.run(ThreadPoolExecutor.java:628)
	at java.base/java.lang.Thread.run(Thread.java:835)
java.lang.InterruptedException: sleep interrupted     <Конечные остатки> from: 
346043    	at java.base/java.lang.Thread.sleep(Native Method)  to: 
399944
	at Bank.isFraud(Bank.java:33)
Транзакция <1288	at Bank.transfer(Bank.java:55)> Финиш. Время операции: 
	at TransferMaker.run(TransferMaker.java:23)37,598
 сек.
	at java.base/java.util.concurrent.Executors$RunnableAdapter.call(Executors.java:515)---------------------------------------------------------------------------------

	at java.base/java.util.concurrent.FutureTask.run(FutureTask.java:264)
	at java.base/java.util.concurrent.ThreadPoolExecutor.runWorker(ThreadPoolExecutor.java:1128)
	at java.base/java.util.concurrent.ThreadPoolExecutor$Worker.run(ThreadPoolExecutor.java:628)
	at java.base/java.lang.Thread.run(Thread.java:835)
java.lang.InterruptedException: sleep interrupted
     <Конечные остатки> from: 293608  	at java.base/java.lang.Thread.sleep(Native Method)
 	at Bank.isFraud(Bank.java:33)
	at Bank.transfer(Bank.java:55)
 	at TransferMaker.run(TransferMaker.java:23)
  to: 	at java.base/java.util.concurrent.Executors$RunnableAdapter.call(Executors.java:515)
409308	at java.base/java.util.concurrent.FutureTask.run(FutureTask.java:264)

	at java.base/java.util.concurrent.ThreadPoolExecutor.runWorker(ThreadPoolExecutor.java:1128)
	at java.base/java.util.concurrent.ThreadPoolExecutor$Worker.run(ThreadPoolExecutor.java:628)
	at java.base/java.lang.Thread.run(Thread.java:835)
Транзакция <1471> Финиш. Время операции: 36,758 сек.
---------------------------------------------------------------------------------
java.lang.InterruptedException: sleep interrupted
	at java.base/java.lang.Thread.sleep(Native Method)
	at Bank.isFraud(Bank.java:33)     <Конечные остатки> from: 391223      to: 453715
Транзакция <1267> Финиш. Время операции: 
37,746 сек.
---------------------------------------------------------------------------------
	at Bank.transfer(Bank.java:55)
	at TransferMaker.run(TransferMaker.java:23)
	at java.base/java.util.concurrent.Executors$RunnableAdapter.call(Executors.java:515)
	at java.base/java.util.concurrent.FutureTask.run(FutureTask.java:264)
	at java.base/java.util.concurrent.ThreadPoolExecutor.runWorker(ThreadPoolExecutor.java:1128)
	at java.base/java.util.concurrent.ThreadPoolExecutor$Worker.run(ThreadPoolExecutor.java:628)
	at java.base/java.lang.Thread.run(Thread.java:835)
java.lang.InterruptedException: sleep interrupted
     <Конечные остатки> from: 416387      to: 513209
Транзакция <1501> Финиш. Время операции: 36,669 сек.
---------------------------------------------------------------------------------
	at java.base/java.lang.Thread.sleep(Native Method)
	at Bank.isFraud(Bank.java:33)
	at Bank.transfer(Bank.java:55)
	at TransferMaker.run(TransferMaker.java:23)
	at java.base/java.util.concurrent.Executors$RunnableAdapter.call(Executors.java:515)
	at java.base/java.util.concurrent.FutureTask.run(FutureTask.java:264)
	at java.base/java.util.concurrent.ThreadPoolExecutor.runWorker(ThreadPoolExecutor.java:1128)
	at java.base/java.util.concurrent.ThreadPoolExecutor$Worker.run(ThreadPoolExecutor.java:628)
	at java.base/java.lang.Thread.run(Thread.java:835)
java.lang.InterruptedException: sleep interrupted
     <Конечные остатки> from: 322982   	at java.base/java.lang.Thread.sleep(Native Method) 
  to: 472385	at Bank.isFraud(Bank.java:33)

Транзакция <	at Bank.transfer(Bank.java:55)1178
> Финиш. Время операции: 	at TransferMaker.run(TransferMaker.java:23)
38,383	at java.base/java.util.concurrent.Executors$RunnableAdapter.call(Executors.java:515) сек.

---------------------------------------------------------------------------------	at java.base/java.util.concurrent.FutureTask.run(FutureTask.java:264)

	at java.base/java.util.concurrent.ThreadPoolExecutor.runWorker(ThreadPoolExecutor.java:1128)
     <Конечные остатки> from: 300713      to: 464016
Транзакция <1503> Финиш. Время операции: 36,667 сек.
---------------------------------------------------------------------------------
	at java.base/java.util.concurrent.ThreadPoolExecutor$Worker.run(ThreadPoolExecutor.java:628)
	at java.base/java.lang.Thread.run(Thread.java:835)
java.lang.InterruptedException: sleep interrupted
	at java.base/java.lang.Thread.sleep(Native Method)
	at Bank.isFraud(Bank.java:33)
	at Bank.transfer(Bank.java:55)
	at TransferMaker.run(TransferMaker.java:23)
	at java.base/java.util.concurrent.Executors$RunnableAdapter.call(Executors.java:515)
	at java.base/java.util.concurrent.FutureTask.run(FutureTask.java:264)
	at java.base/java.util.concurrent.ThreadPoolExecutor.runWorker(ThreadPoolExecutor.java:1128)
	at java.base/java.util.concurrent.ThreadPoolExecutor$Worker.run(ThreadPoolExecutor.java:628)
	at java.base/java.lang.Thread.run(Thread.java:835)
java.lang.InterruptedException: sleep interrupted
	at java.base/java.lang.Thread.sleep(Native Method)
     <Конечные остатки> from: 384415      to: 519356
Транзакция <773> Финиш. Время операции: 41,256 сек.
---------------------------------------------------------------------------------
	at Bank.isFraud(Bank.java:33)
	at Bank.transfer(Bank.java:55)
	at TransferMaker.run(TransferMaker.java:23)
	at java.base/java.util.concurrent.Executors$RunnableAdapter.call(Executors.java:515)
	at java.base/java.util.concurrent.FutureTask.run(FutureTask.java:264)
	at java.base/java.util.concurrent.ThreadPoolExecutor.runWorker(ThreadPoolExecutor.java:1128)
	at java.base/java.util.concurrent.ThreadPoolExecutor$Worker.run(ThreadPoolExecutor.java:628)
	at java.base/java.lang.Thread.run(Thread.java:835)
java.lang.InterruptedException: sleep interrupted
	at java.base/java.lang.Thread.sleep(Native Method)
	at Bank.isFraud(Bank.java:33)
	at Bank.transfer(Bank.java:55)
	at TransferMaker.run(TransferMaker.java:23)
	at java.base/java.util.concurrent.Executors$RunnableAdapter.call(Executors.java:515)
	at java.base/java.util.concurrent.FutureTask.run(FutureTask.java:264)
	at java.base/java.util.concurrent.ThreadPoolExecutor.runWorker(ThreadPoolExecutor.java:1128)
	at java.base/java.util.concurrent.ThreadPoolExecutor$Worker.run(ThreadPoolExecutor.java:628)
	at java.base/java.lang.Thread.run(Thread.java:835)
java.lang.InterruptedException: sleep interrupted
     <Конечные остатки> from: 487055      to: 390028
Транзакция <1615> Финиш. Время операции: 36,320 сек.
---------------------------------------------------------------------------------
     <Конечные остатки> from: 427578      to: 410752
Транзакция <1515> Финиш. Время операции: 36,632 сек.
---------------------------------------------------------------------------------
     <Конечные остатки> from: 245437      to: 421594
Транзакция <542> Финиш. Время операции: 43,765 сек.
---------------------------------------------------------------------------------
	at java.base/java.lang.Thread.sleep(Native Method)
	at Bank.isFraud(Bank.java:33)
	at Bank.transfer(Bank.java:55)
	at TransferMaker.run(TransferMaker.java:23)
	at java.base/java.util.concurrent.Executors$RunnableAdapter.call(Executors.java:515)
	at java.base/java.util.concurrent.FutureTask.run(FutureTask.java:264)
	at java.base/java.util.concurrent.ThreadPoolExecutor.runWorker(ThreadPoolExecutor.java:1128)
	at java.base/java.util.concurrent.ThreadPoolExecutor$Worker.run(ThreadPoolExecutor.java:628)
	at java.base/java.lang.Thread.run(Thread.java:835)
java.lang.InterruptedException: sleep interrupted
	at java.base/java.lang.Thread.sleep(Native Method)
	at Bank.isFraud(Bank.java:33)
	at Bank.transfer(Bank.java:55)
	at TransferMaker.run(TransferMaker.java:23)
     <Конечные остатки> from: 256666      to: 385799
Транзакция <1589> Финиш. Время операции: 36,399 сек.
---------------------------------------------------------------------------------
     <Конечные остатки> from: 268123      to: 429731
Транзакция <1617> Финиш. Время операции: 36,315 сек.
---------------------------------------------------------------------------------
     <Конечные остатки> from: 391120      to: 568814
Транзакция <3342> Финиш. Время операции: 31,758 сек.
---------------------------------------------------------------------------------
	at java.base/java.util.concurrent.Executors$RunnableAdapter.call(Executors.java:515)
	at java.base/java.util.concurrent.FutureTask.run(FutureTask.java:264)
	at java.base/java.util.concurrent.ThreadPoolExecutor.runWorker(ThreadPoolExecutor.java:1128)
	at java.base/java.util.concurrent.ThreadPoolExecutor$Worker.run(ThreadPoolExecutor.java:628)
	at java.base/java.lang.Thread.run(Thread.java:835)
java.lang.InterruptedException: sleep interrupted
	at java.base/java.lang.Thread.sleep(Native Method)
	at Bank.isFraud(Bank.java:33)
	at Bank.transfer(Bank.java:55)
	at TransferMaker.run(TransferMaker.java:23)
	at java.base/java.util.concurrent.Executors$RunnableAdapter.call(Executors.java:515)
	at java.base/java.util.concurrent.FutureTask.run(FutureTask.java:264)
	at java.base/java.util.concurrent.ThreadPoolExecutor.runWorker(ThreadPoolExecutor.java:1128)
	at java.base/java.util.concurrent.ThreadPoolExecutor$Worker.run(ThreadPoolExecutor.java:628)
	at java.base/java.lang.Thread.run(Thread.java:835)
java.lang.InterruptedException: sleep interrupted
	at java.base/java.lang.Thread.sleep(Native Method)
	at Bank.isFraud(Bank.java:33)
	at Bank.transfer(Bank.java:55)
	at TransferMaker.run(TransferMaker.java:23)
	at java.base/java.util.concurrent.Executors$RunnableAdapter.call(Executors.java:515)
	at java.base/java.util.concurrent.FutureTask.run(FutureTask.java:264)
	at java.base/java.util.concurrent.ThreadPoolExecutor.runWorker(ThreadPoolExecutor.java:1128)
	at java.base/java.util.concurrent.ThreadPoolExecutor$Worker.run(ThreadPoolExecutor.java:628)
	at java.base/java.lang.Thread.run(Thread.java:835)
java.lang.InterruptedException: sleep interrupted
	at java.base/java.lang.Thread.sleep(Native Method)
	at Bank.isFraud(Bank.java:33)
	at Bank.transfer(Bank.java:55)
	at TransferMaker.run(TransferMaker.java:23)
	at java.base/java.util.concurrent.Executors$RunnableAdapter.call(Executors.java:515)
	at java.base/java.util.concurrent.FutureTask.run(FutureTask.java:264)
	at java.base/java.util.concurrent.ThreadPoolExecutor.runWorker(ThreadPoolExecutor.java:1128)
	at java.base/java.util.concurrent.ThreadPoolExecutor$Worker.run(ThreadPoolExecutor.java:628)
	at java.base/java.lang.Thread.run(Thread.java:835)
     <Конечные остатки> from: 361247      to: 503948
Транзакция <3295> Финиш. Время операции: 31,808 сек.
---------------------------------------------------------------------------------
java.lang.InterruptedException: sleep interrupted
	at java.base/java.lang.Thread.sleep(Native Method)
	at Bank.isFraud(Bank.java:33)
	at Bank.transfer(Bank.java:55)
	at TransferMaker.run(TransferMaker.java:23)
	at java.base/java.util.concurrent.Executors$RunnableAdapter.call(Executors.java:515)
	at java.base/java.util.concurrent.FutureTask.run(FutureTask.java:264)
	at java.base/java.util.concurrent.ThreadPoolExecutor.runWorker(ThreadPoolExecutor.java:1128)
	at java.base/java.util.concurrent.ThreadPoolExecutor$Worker.run(ThreadPoolExecutor.java:628)
	at java.base/java.lang.Thread.run(Thread.java:835)
     <Конечные остатки> from: 349142      to: 529557
Транзакция <3228> Финиш. Время операции: 31,877 сек.
---------------------------------------------------------------------------------
     <Конечные остатки> from: 279994      to: 454403
Транзакция <1626> Финиш. Время операции: 36,290 сек.
---------------------------------------------------------------------------------
     <Конечные остатки> from: 269682      to: 381370
Транзакция <1628> Финиш. Время операции: 36,284 сек.
---------------------------------------------------------------------------------
java.lang.InterruptedException: sleep interrupted
	at java.base/java.lang.Thread.sleep(Native Method)
	at Bank.isFraud(Bank.java:33)
	at Bank.transfer(Bank.java:55)
	at TransferMaker.run(TransferMaker.java:23)
	at java.base/java.util.concurrent.Executors$RunnableAdapter.call(Executors.java:515)
	at java.base/java.util.concurrent.FutureTask.run(FutureTask.java:264)
	at java.base/java.util.concurrent.ThreadPoolExecutor.runWorker(ThreadPoolExecutor.java:1128)
	at java.base/java.util.concurrent.ThreadPoolExecutor$Worker.run(ThreadPoolExecutor.java:628)
	at java.base/java.lang.Thread.run(Thread.java:835)
java.lang.InterruptedException: sleep interrupted
	at java.base/java.lang.Thread.sleep(Native Method)
	at Bank.isFraud(Bank.java:33)
	at Bank.transfer(Bank.java:55)
	at TransferMaker.run(TransferMaker.java:23)
	at java.base/java.util.concurrent.Executors$RunnableAdapter.call(Executors.java:515)
	at java.base/java.util.concurrent.FutureTask.run(FutureTask.java:264)
	at java.base/java.util.concurrent.ThreadPoolExecutor.runWorker(ThreadPoolExecutor.java:1128)
	at java.base/java.util.concurrent.ThreadPoolExecutor$Worker.run(ThreadPoolExecutor.java:628)
	at java.base/java.lang.Thread.run(Thread.java:835)
java.lang.InterruptedException: sleep interrupted
	at java.base/java.lang.Thread.sleep(Native Method)
	at Bank.isFraud(Bank.java:33)
	at Bank.transfer(Bank.java:55)
	at TransferMaker.run(TransferMaker.java:23)
	at java.base/java.util.concurrent.Executors$RunnableAdapter.call(Executors.java:515)
	at java.base/java.util.concurrent.FutureTask.run(FutureTask.java:264)
	at java.base/java.util.concurrent.ThreadPoolExecutor.runWorker(ThreadPoolExecutor.java:1128)
	at java.base/java.util.concurrent.ThreadPoolExecutor$Worker.run(ThreadPoolExecutor.java:628)
	at java.base/java.lang.Thread.run(Thread.java:835)
java.lang.InterruptedException: sleep interrupted
     <Конечные остатки> from: 511762      to: 413566
Транзакция <1658> Финиш. Время операции: 36,192 сек.
---------------------------------------------------------------------------------
	at java.base/java.lang.Thread.sleep(Native Method)
	at Bank.isFraud(Bank.java:33)
	at Bank.transfer(Bank.java:55)
	at TransferMaker.run(TransferMaker.java:23)
	at java.base/java.util.concurrent.Executors$RunnableAdapter.call(Executors.java:515)
	at java.base/java.util.concurrent.FutureTask.run(FutureTask.java:264)
	at java.base/java.util.concurrent.ThreadPoolExecutor.runWorker(ThreadPoolExecutor.java:1128)
	at java.base/java.util.concurrent.ThreadPoolExecutor$Worker.run(ThreadPoolExecutor.java:628)
	at java.base/java.lang.Thread.run(Thread.java:835)
     <Конечные остатки> from: 463228      to: 347094
Транзакция <3127> Финиш. Время операции: 31,981 сек.
---------------------------------------------------------------------------------
java.lang.InterruptedException: sleep interrupted
	at java.base/java.lang.Thread.sleep(Native Method)
	at Bank.isFraud(Bank.java:33)
	at Bank.transfer(Bank.java:55)
	at TransferMaker.run(TransferMaker.java:23)
	at java.base/java.util.concurrent.Executors$RunnableAdapter.call(Executors.java:515)
	at java.base/java.util.concurrent.FutureTask.run(FutureTask.java:264)
	at java.base/java.util.concurrent.ThreadPoolExecutor.runWorker(ThreadPoolExecutor.java:1128)
	at java.base/java.util.concurrent.ThreadPoolExecutor$Worker.run(ThreadPoolExecutor.java:628)
	at java.base/java.lang.Thread.run(Thread.java:835)
java.lang.InterruptedException: sleep interrupted
	at java.base/java.lang.Thread.sleep(Native Method)
	at Bank.isFraud(Bank.java:33)
	at Bank.transfer(Bank.java:55)
	at TransferMaker.run(TransferMaker.java:23)
	at java.base/java.util.concurrent.Executors$RunnableAdapter.call(Executors.java:515)     <Конечные остатки> from: 304877      to: 509583
Транзакция <3111> Финиш. Время операции: 31,998 сек.
---------------------------------------------------------------------------------

	at java.base/java.util.concurrent.FutureTask.run(FutureTask.java:264)
	at java.base/java.util.concurrent.ThreadPoolExecutor.runWorker(ThreadPoolExecutor.java:1128)
	at java.base/java.util.concurrent.ThreadPoolExecutor$Worker.run(ThreadPoolExecutor.java:628)
	at java.base/java.lang.Thread.run(Thread.java:835)
java.lang.InterruptedException: sleep interrupted
	at java.base/java.lang.Thread.sleep(Native Method)
     <Конечные остатки> from: 416125      to: 506129
Транзакция <2940> Финиш. Время операции: 32,205 сек.
	at Bank.isFraud(Bank.java:33)---------------------------------------------------------------------------------

	at Bank.transfer(Bank.java:55)
	at TransferMaker.run(TransferMaker.java:23)
	at java.base/java.util.concurrent.Executors$RunnableAdapter.call(Executors.java:515)
	at java.base/java.util.concurrent.FutureTask.run(FutureTask.java:264)
	at java.base/java.util.concurrent.ThreadPoolExecutor.runWorker(ThreadPoolExecutor.java:1128)
	at java.base/java.util.concurrent.ThreadPoolExecutor$Worker.run(ThreadPoolExecutor.java:628)
	at java.base/java.lang.Thread.run(Thread.java:835)
java.lang.InterruptedException: sleep interrupted
	at java.base/java.lang.Thread.sleep(Native Method)
	at Bank.isFraud(Bank.java:33)
	at Bank.transfer(Bank.java:55)     <Конечные остатки> from: 317345      to: 397647

Транзакция <2844> Финиш. Время операции: 32,500 сек.
---------------------------------------------------------------------------------
	at TransferMaker.run(TransferMaker.java:23)
	at java.base/java.util.concurrent.Executors$RunnableAdapter.call(Executors.java:515)
	at java.base/java.util.concurrent.FutureTask.run(FutureTask.java:264)
	at java.base/java.util.concurrent.ThreadPoolExecutor.runWorker(ThreadPoolExecutor.java:1128)
	at java.base/java.util.concurrent.ThreadPoolExecutor$Worker.run(ThreadPoolExecutor.java:628)
	at java.base/java.lang.Thread.run(Thread.java:835)
java.lang.InterruptedException: sleep interrupted
	at java.base/java.lang.Thread.sleep(Native Method)
	at Bank.isFraud(Bank.java:33)
	at Bank.transfer(Bank.java:55)
	at TransferMaker.run(TransferMaker.java:23)
	at java.base/java.util.concurrent.Executors$RunnableAdapter.call(Executors.java:515)
	at java.base/java.util.concurrent.FutureTask.run(FutureTask.java:264)
     <Конечные остатки> from: 241664      to: 421154
	at java.base/java.util.concurrent.ThreadPoolExecutor.runWorker(ThreadPoolExecutor.java:1128)
Транзакция <2819> Финиш. Время операции: 32,576 сек.
---------------------------------------------------------------------------------
	at java.base/java.util.concurrent.ThreadPoolExecutor$Worker.run(ThreadPoolExecutor.java:628)
	at java.base/java.lang.Thread.run(Thread.java:835)
java.lang.InterruptedException: sleep interrupted
     <Конечные остатки> from: 406943      to: 300713
Транзакция <1662> Финиш. Время операции: 36,183 сек.
---------------------------------------------------------------------------------
	at java.base/java.lang.Thread.sleep(Native Method)
	at Bank.isFraud(Bank.java:33)
	at Bank.transfer(Bank.java:55)
	at TransferMaker.run(TransferMaker.java:23)
	at java.base/java.util.concurrent.Executors$RunnableAdapter.call(Executors.java:515)
	at java.base/java.util.concurrent.FutureTask.run(FutureTask.java:264)
	at java.base/java.util.concurrent.ThreadPoolExecutor.runWorker(ThreadPoolExecutor.java:1128)
	at java.base/java.util.concurrent.ThreadPoolExecutor$Worker.run(ThreadPoolExecutor.java:628)
	at java.base/java.lang.Thread.run(Thread.java:835)
java.lang.InterruptedException: sleep interrupted
	at java.base/java.lang.Thread.sleep(Native Method)     <Конечные остатки> from: 316415      to: 534808

Транзакция <1665> Финиш. Время операции: 36,174 сек.
---------------------------------------------------------------------------------
	at Bank.isFraud(Bank.java:33)
	at Bank.transfer(Bank.java:55)
	at TransferMaker.run(TransferMaker.java:23)
	at java.base/java.util.concurrent.Executors$RunnableAdapter.call(Executors.java:515)
	at java.base/java.util.concurrent.FutureTask.run(FutureTask.java:264)
	at java.base/java.util.concurrent.ThreadPoolExecutor.runWorker(ThreadPoolExecutor.java:1128)
	at java.base/java.util.concurrent.ThreadPoolExecutor$Worker.run(ThreadPoolExecutor.java:628)
	at java.base/java.lang.Thread.run(Thread.java:835)
java.lang.InterruptedException: sleep interrupted
	at java.base/java.lang.Thread.sleep(Native Method)
	at Bank.isFraud(Bank.java:33)
	at Bank.transfer(Bank.java:55)
	at TransferMaker.run(TransferMaker.java:23)
	at java.base/java.util.concurrent.Executors$RunnableAdapter.call(Executors.java:515)
     <Конечные остатки> from: 270163      to: 501002
Транзакция <2750> Финиш. Время операции: 32,785 сек.
	at java.base/java.util.concurrent.FutureTask.run(FutureTask.java:264)
	at java.base/java.util.concurrent.ThreadPoolExecutor.runWorker(ThreadPoolExecutor.java:1128)
---------------------------------------------------------------------------------	at java.base/java.util.concurrent.ThreadPoolExecutor$Worker.run(ThreadPoolExecutor.java:628)
	at java.base/java.lang.Thread.run(Thread.java:835)

java.lang.InterruptedException: sleep interrupted     <Конечные остатки> from: 312295      to: 453293
Транзакция <2775> Финиш. Время операции: 32,709 сек.
---------------------------------------------------------------------------------

	at java.base/java.lang.Thread.sleep(Native Method)
	at Bank.isFraud(Bank.java:33)
	at Bank.transfer(Bank.java:55)
	at TransferMaker.run(TransferMaker.java:23)
	at java.base/java.util.concurrent.Executors$RunnableAdapter.call(Executors.java:515)
	at java.base/java.util.concurrent.FutureTask.run(FutureTask.java:264)
     <Конечные остатки> from: 317553      to: 533229
	at java.base/java.util.concurrent.ThreadPoolExecutor.runWorker(ThreadPoolExecutor.java:1128)
	at java.base/java.util.concurrent.ThreadPoolExecutor$Worker.run(ThreadPoolExecutor.java:628)
	at java.base/java.lang.Thread.run(Thread.java:835)
Транзакция <2810> Финиш. Время операции: 32,605 сек.
---------------------------------------------------------------------------------
java.lang.InterruptedException: sleep interrupted
	at java.base/java.lang.Thread.sleep(Native Method)
	at Bank.isFraud(Bank.java:33)
	at Bank.transfer(Bank.java:55)
	at TransferMaker.run(TransferMaker.java:23)
	at java.base/java.util.concurrent.Executors$RunnableAdapter.call(Executors.java:515)
	at java.base/java.util.concurrent.FutureTask.run(FutureTask.java:264)
	at java.base/java.util.concurrent.ThreadPoolExecutor.runWorker(ThreadPoolExecutor.java:1128)
	at java.base/java.util.concurrent.ThreadPoolExecutor$Worker.run(ThreadPoolExecutor.java:628)
	at java.base/java.lang.Thread.run(Thread.java:835)
     <Конечные остатки> from: 394061      to: 484888
java.lang.InterruptedException: sleep interrupted
Транзакция <	at java.base/java.lang.Thread.sleep(Native Method)
	at Bank.isFraud(Bank.java:33)
	at Bank.transfer(Bank.java:55)
	at TransferMaker.run(TransferMaker.java:23)
	at java.base/java.util.concurrent.Executors$RunnableAdapter.call(Executors.java:515)
	at java.base/java.util.concurrent.FutureTask.run(FutureTask.java:264)
	at java.base/java.util.concurrent.ThreadPoolExecutor.runWorker(ThreadPoolExecutor.java:1128)
	at java.base/java.util.concurrent.ThreadPoolExecutor$Worker.run(ThreadPoolExecutor.java:628)
	at java.base/java.lang.Thread.run(Thread.java:835)
2811> Финиш. Время операции: 32,602 сек.
---------------------------------------------------------------------------------
     <Конечные остатки> from: 273475      to: 494286
Транзакция <2817> Финиш. Время операции: 32,585 сек.
---------------------------------------------------------------------------------
     <Конечные остатки> from: 413039      to: 504955
Транзакция <2837> Финиш. Время операции: 32,525 сек.
---------------------------------------------------------------------------------
java.lang.InterruptedException: sleep interrupted
	at java.base/java.lang.Thread.sleep(Native Method)
	at Bank.isFraud(Bank.java:33)
	at Bank.transfer(Bank.java:55)
	at TransferMaker.run(TransferMaker.java:23)
	at java.base/java.util.concurrent.Executors$RunnableAdapter.call(Executors.java:515)
	at java.base/java.util.concurrent.FutureTask.run(FutureTask.java:264)
	at java.base/java.util.concurrent.ThreadPoolExecutor.runWorker(ThreadPoolExecutor.java:1128)
	at java.base/java.util.concurrent.ThreadPoolExecutor$Worker.run(ThreadPoolExecutor.java:628)
	at java.base/java.lang.Thread.run(Thread.java:835)
java.lang.InterruptedException: sleep interrupted
	at java.base/java.lang.Thread.sleep(Native Method)
	at Bank.isFraud(Bank.java:33)
	at Bank.transfer(Bank.java:55)
	at TransferMaker.run(TransferMaker.java:23)
	at java.base/java.util.concurrent.Executors$RunnableAdapter.call(Executors.java:515)
	at java.base/java.util.concurrent.FutureTask.run(FutureTask.java:264)
	at java.base/java.util.concurrent.ThreadPoolExecutor.runWorker(ThreadPoolExecutor.java:1128)
	at java.base/java.util.concurrent.ThreadPoolExecutor$Worker.run(ThreadPoolExecutor.java:628)
	at java.base/java.lang.Thread.run(Thread.java:835)
     <Конечные остатки> from: 448119      to: 558292
     <Конечные остатки> from: 239111      to: 470048
Транзакция <2915> Финиш. Время операции: 32,289 сек.
---------------------------------------------------------------------------------
Транзакция <2871> Финиш. Время операции: 32,423 сек.
---------------------------------------------------------------------------------
     <Конечные остатки> from: java.lang.InterruptedException: sleep interrupted
338244	at java.base/java.lang.Thread.sleep(Native Method)
	at Bank.isFraud(Bank.java:33)
	at Bank.transfer(Bank.java:55)
	at TransferMaker.run(TransferMaker.java:23)
	at java.base/java.util.concurrent.Executors$RunnableAdapter.call(Executors.java:515)
	at java.base/java.util.concurrent.FutureTask.run(FutureTask.java:264)
	at java.base/java.util.concurrent.ThreadPoolExecutor.runWorker(ThreadPoolExecutor.java:1128)
	at java.base/java.util.concurrent.ThreadPoolExecutor$Worker.run(ThreadPoolExecutor.java:628)
	at java.base/java.lang.Thread.run(Thread.java:835)
java.lang.InterruptedException: sleep interrupted
	at java.base/java.lang.Thread.sleep(Native Method)
	at Bank.isFraud(Bank.java:33)
 	at Bank.transfer(Bank.java:55)
	at TransferMaker.run(TransferMaker.java:23)
	at java.base/java.util.concurrent.Executors$RunnableAdapter.call(Executors.java:515)
	at java.base/java.util.concurrent.FutureTask.run(FutureTask.java:264)
	at java.base/java.util.concurrent.ThreadPoolExecutor.runWorker(ThreadPoolExecutor.java:1128)
 	at java.base/java.util.concurrent.ThreadPoolExecutor$Worker.run(ThreadPoolExecutor.java:628)
	at java.base/java.lang.Thread.run(Thread.java:835)
    to: 500978
Транзакция <2945> Финиш. Время операции: 32,194 сек.
---------------------------------------------------------------------------------
     <Конечные остатки> from: 360158      to: 362379
Транзакция <2988> Финиш. Время операции: 32,127 сек.
---------------------------------------------------------------------------------
java.lang.InterruptedException: sleep interrupted
	at java.base/java.lang.Thread.sleep(Native Method)
	at Bank.isFraud(Bank.java:33)
	at Bank.transfer(Bank.java:55)
	at TransferMaker.run(TransferMaker.java:23)
	at java.base/java.util.concurrent.Executors$RunnableAdapter.call(Executors.java:515)
     <Конечные остатки> from: 	at java.base/java.util.concurrent.FutureTask.run(FutureTask.java:264)
	at java.base/java.util.concurrent.ThreadPoolExecutor.runWorker(ThreadPoolExecutor.java:1128)
	at java.base/java.util.concurrent.ThreadPoolExecutor$Worker.run(ThreadPoolExecutor.java:628)
	at java.base/java.lang.Thread.run(Thread.java:835)
java.lang.InterruptedException: sleep interrupted
	at java.base/java.lang.Thread.sleep(Native Method)
	at Bank.isFraud(Bank.java:33)
	at Bank.transfer(Bank.java:55)
	at TransferMaker.run(TransferMaker.java:23)
	at java.base/java.util.concurrent.Executors$RunnableAdapter.call(Executors.java:515)
	at java.base/java.util.concurrent.FutureTask.run(FutureTask.java:264)
	at java.base/java.util.concurrent.ThreadPoolExecutor.runWorker(ThreadPoolExecutor.java:1128)
414745	at java.base/java.util.concurrent.ThreadPoolExecutor$Worker.run(ThreadPoolExecutor.java:628)
	at java.base/java.lang.Thread.run(Thread.java:835)
java.lang.InterruptedException: sleep interrupted
	at java.base/java.lang.Thread.sleep(Native Method)
	at Bank.isFraud(Bank.java:33)
      to: 398417
Транзакция <2965> Финиш. Время операции: 32,151 сек.
---------------------------------------------------------------------------------
	at Bank.transfer(Bank.java:55)
	at TransferMaker.run(TransferMaker.java:23)
	at java.base/java.util.concurrent.Executors$RunnableAdapter.call(Executors.java:515)
	at java.base/java.util.concurrent.FutureTask.run(FutureTask.java:264)
	at java.base/java.util.concurrent.ThreadPoolExecutor.runWorker(ThreadPoolExecutor.java:1128)
	at java.base/java.util.concurrent.ThreadPoolExecutor$Worker.run(ThreadPoolExecutor.java:628)
	at java.base/java.lang.Thread.run(Thread.java:835)
java.lang.InterruptedException: sleep interrupted
	at java.base/java.lang.Thread.sleep(Native Method)
	at Bank.isFraud(Bank.java:33)
	at Bank.transfer(Bank.java:55)
	at TransferMaker.run(TransferMaker.java:23)
	at java.base/java.util.concurrent.Executors$RunnableAdapter.call(Executors.java:515)
	at java.base/java.util.concurrent.FutureTask.run(FutureTask.java:264)
	at java.base/java.util.concurrent.ThreadPoolExecutor.runWorker(ThreadPoolExecutor.java:1128)
	at java.base/java.util.concurrent.ThreadPoolExecutor$Worker.run(ThreadPoolExecutor.java:628)
	at java.base/java.lang.Thread.run(Thread.java:835)
     <Конечные остатки> from: 280940      to: 457425
Транзакция <2991> Финиш. Время операции: 32,125 сек.
---------------------------------------------------------------------------------
     <Конечные остатки> from: 432216      to: 397616
Транзакция <3056> Финиш. Время операции: 32,060 сек.
---------------------------------------------------------------------------------
java.lang.InterruptedException: sleep interrupted
	at java.base/java.lang.Thread.sleep(Native Method)
	at Bank.isFraud(Bank.java:33)
	at Bank.transfer(Bank.java:55)
	at TransferMaker.run(TransferMaker.java:23)
	at java.base/java.util.concurrent.Executors$RunnableAdapter.call(Executors.java:515)
	at java.base/java.util.concurrent.FutureTask.run(FutureTask.java:264)
	at java.base/java.util.concurrent.ThreadPoolExecutor.runWorker(ThreadPoolExecutor.java:1128)
	at java.base/java.util.concurrent.ThreadPoolExecutor$Worker.run(ThreadPoolExecutor.java:628)
	at java.base/java.lang.Thread.run(Thread.java:835)
java.lang.InterruptedException: sleep interrupted
	at java.base/java.lang.Thread.sleep(Native Method)
     <Конечные остатки> from: 	at Bank.isFraud(Bank.java:33)
	at Bank.transfer(Bank.java:55)
	at TransferMaker.run(TransferMaker.java:23)
	at java.base/java.util.concurrent.Executors$RunnableAdapter.call(Executors.java:515)
	at java.base/java.util.concurrent.FutureTask.run(FutureTask.java:264)
239573      to: 368989
Транзакция <3058> Финиш. Время операции: 32,059 сек.
---------------------------------------------------------------------------------
     <Конечные остатки> from: 318354      to: 429159
Транзакция <3086> Финиш. Время операции: 32,031 сек.
---------------------------------------------------------------------------------
	at java.base/java.util.concurrent.ThreadPoolExecutor.runWorker(ThreadPoolExecutor.java:1128)
	at java.base/java.util.concurrent.ThreadPoolExecutor$Worker.run(ThreadPoolExecutor.java:628)
	at java.base/java.lang.Thread.run(Thread.java:835)
java.lang.InterruptedException: sleep interrupted
	at java.base/java.lang.Thread.sleep(Native Method)
	at Bank.isFraud(Bank.java:33)
	at Bank.transfer(Bank.java:55)
	at TransferMaker.run(TransferMaker.java:23)
	at java.base/java.util.concurrent.Executors$RunnableAdapter.call(Executors.java:515)
	at java.base/java.util.concurrent.FutureTask.run(FutureTask.java:264)
	at java.base/java.util.concurrent.ThreadPoolExecutor.runWorker(ThreadPoolExecutor.java:1128)
	at java.base/java.util.concurrent.ThreadPoolExecutor$Worker.run(ThreadPoolExecutor.java:628)
	at java.base/java.lang.Thread.run(Thread.java:835)
     <Конечные остатки> from: 365587      to: 517363
Транзакция <3089> Финиш. Время операции: 32,029 сек.
---------------------------------------------------------------------------------
     <Конечные остатки> from: 399486      to: 402148
Транзакция <3133> Финиш. Время операции: 31,985 сек.
---------------------------------------------------------------------------------
     <Конечные остатки> from: 333205      to: 406621
Транзакция <3170> Финиш. Время операции: 31,947 сек.
---------------------------------------------------------------------------------
     <Конечные остатки> from: 448336      to: 375675
Транзакция <3176> Финиш. Время операции: 31,942 сек.
---------------------------------------------------------------------------------
java.lang.InterruptedException: sleep interrupted
	at java.base/java.lang.Thread.sleep(Native Method)
	at Bank.isFraud(Bank.java:33)
	at Bank.transfer(Bank.java:55)
	at TransferMaker.run(TransferMaker.java:23)
	at java.base/java.util.concurrent.Executors$RunnableAdapter.call(Executors.java:515)
	at java.base/java.util.concurrent.FutureTask.run(FutureTask.java:264)
	at java.base/java.util.concurrent.ThreadPoolExecutor.runWorker(ThreadPoolExecutor.java:1128)
	at java.base/java.util.concurrent.ThreadPoolExecutor$Worker.run(ThreadPoolExecutor.java:628)
	at java.base/java.lang.Thread.run(Thread.java:835)
java.lang.InterruptedException: sleep interrupted
	at java.base/java.lang.Thread.sleep(Native Method)
	at Bank.isFraud(Bank.java:33)
	at Bank.transfer(Bank.java:55)
	at TransferMaker.run(TransferMaker.java:23)
	at java.base/java.util.concurrent.Executors$RunnableAdapter.call(Executors.java:515)
	at java.base/java.util.concurrent.FutureTask.run(FutureTask.java:264)
	at java.base/java.util.concurrent.ThreadPoolExecutor.runWorker(ThreadPoolExecutor.java:1128)
	at java.base/java.util.concurrent.ThreadPoolExecutor$Worker.run(ThreadPoolExecutor.java:628)
	at java.base/java.lang.Thread.run(Thread.java:835)
java.lang.InterruptedException: sleep interrupted
	at java.base/java.lang.Thread.sleep(Native Method)
	at Bank.isFraud(Bank.java:33)
	at Bank.transfer(Bank.java:55)
	at TransferMaker.run(TransferMaker.java:23)
	at java.base/java.util.concurrent.Executors$RunnableAdapter.call(Executors.java:515)
	at java.base/java.util.concurrent.FutureTask.run(FutureTask.java:264)
	at java.base/java.util.concurrent.ThreadPoolExecutor.runWorker(ThreadPoolExecutor.java:1128)
	at java.base/java.util.concurrent.ThreadPoolExecutor$Worker.run(ThreadPoolExecutor.java:628)
	at java.base/java.lang.Thread.run(Thread.java:835)
java.lang.InterruptedException: sleep interrupted
	at java.base/java.lang.Thread.sleep(Native Method)
     <Конечные остатки> from: 307199   	at Bank.isFraud(Bank.java:33)
	at Bank.transfer(Bank.java:55)
	at TransferMaker.run(TransferMaker.java:23)
	at java.base/java.util.concurrent.Executors$RunnableAdapter.call(Executors.java:515)
	at java.base/java.util.concurrent.FutureTask.run(FutureTask.java:264)
 	at java.base/java.util.concurrent.ThreadPoolExecutor.runWorker(ThreadPoolExecutor.java:1128)
	at java.base/java.util.concurrent.ThreadPoolExecutor$Worker.run(ThreadPoolExecutor.java:628)
	at java.base/java.lang.Thread.run(Thread.java:835)
  to: java.lang.InterruptedException: sleep interrupted548125

Транзакция <3202> Финиш. Время операции: 	at java.base/java.lang.Thread.sleep(Native Method)
31,917	at Bank.isFraud(Bank.java:33) сек.

	at Bank.transfer(Bank.java:55)---------------------------------------------------------------------------------

	at TransferMaker.run(TransferMaker.java:23)
	at java.base/java.util.concurrent.Executors$RunnableAdapter.call(Executors.java:515)
	at java.base/java.util.concurrent.FutureTask.run(FutureTask.java:264)
	at java.base/java.util.concurrent.ThreadPoolExecutor.runWorker(ThreadPoolExecutor.java:1128)
	at java.base/java.util.concurrent.ThreadPoolExecutor$Worker.run(ThreadPoolExecutor.java:628)
	at java.base/java.lang.Thread.run(Thread.java:835)
     <Конечные остатки> from: java.lang.InterruptedException: sleep interrupted334689
      to: 434119
Транзакция <3272> Финиш. Время операции: 	at java.base/java.lang.Thread.sleep(Native Method)31,846 сек.
---------------------------------------------------------------------------------

	at Bank.isFraud(Bank.java:33)
	at Bank.transfer(Bank.java:55)
	at TransferMaker.run(TransferMaker.java:23)
	at java.base/java.util.concurrent.Executors$RunnableAdapter.call(Executors.java:515)
	at java.base/java.util.concurrent.FutureTask.run(FutureTask.java:264)
	at java.base/java.util.concurrent.ThreadPoolExecutor.runWorker(ThreadPoolExecutor.java:1128)
	at java.base/java.util.concurrent.ThreadPoolExecutor$Worker.run(ThreadPoolExecutor.java:628)
	at java.base/java.lang.Thread.run(Thread.java:835)
java.lang.InterruptedException: sleep interrupted
     <Конечные остатки> from: 312847      to: 596795
Транзакция <3276	at java.base/java.lang.Thread.sleep(Native Method)
	at Bank.isFraud(Bank.java:33)
	at Bank.transfer(Bank.java:55)
	at TransferMaker.run(TransferMaker.java:23)
	at java.base/java.util.concurrent.Executors$RunnableAdapter.call(Executors.java:515)
	at java.base/java.util.concurrent.FutureTask.run(FutureTask.java:264)
	at java.base/java.util.concurrent.ThreadPoolExecutor.runWorker(ThreadPoolExecutor.java:1128)
	at java.base/java.util.concurrent.ThreadPoolExecutor$Worker.run(ThreadPoolExecutor.java:628)
	at java.base/java.lang.Thread.run(Thread.java:835)
> Финиш. Время операции: java.lang.InterruptedException: sleep interrupted
31,843 сек.	at java.base/java.lang.Thread.sleep(Native Method)
	at Bank.isFraud(Bank.java:33)
	at Bank.transfer(Bank.java:55)

	at TransferMaker.run(TransferMaker.java:23)
	at java.base/java.util.concurrent.Executors$RunnableAdapter.call(Executors.java:515)
---------------------------------------------------------------------------------	at java.base/java.util.concurrent.FutureTask.run(FutureTask.java:264)
	at java.base/java.util.concurrent.ThreadPoolExecutor.runWorker(ThreadPoolExecutor.java:1128)

	at java.base/java.util.concurrent.ThreadPoolExecutor$Worker.run(ThreadPoolExecutor.java:628)
	at java.base/java.lang.Thread.run(Thread.java:835)
     <Конечные остатки> from: 208356      to: 538838
Транзакция <3394> Финиш. Время операции: 31,720 сек.
---------------------------------------------------------------------------------
     <Конечные остатки> from: 405194      to: 451727
Транзакция <java.lang.InterruptedException: sleep interrupted
3364> Финиш. Время операции: 31,752	at java.base/java.lang.Thread.sleep(Native Method)
	at Bank.isFraud(Bank.java:33)
	at Bank.transfer(Bank.java:55)
 сек.	at TransferMaker.run(TransferMaker.java:23)
	at java.base/java.util.concurrent.Executors$RunnableAdapter.call(Executors.java:515)
	at java.base/java.util.concurrent.FutureTask.run(FutureTask.java:264)
---------------------------------------------------------------------------------

	at java.base/java.util.concurrent.ThreadPoolExecutor.runWorker(ThreadPoolExecutor.java:1128)
	at java.base/java.util.concurrent.ThreadPoolExecutor$Worker.run(ThreadPoolExecutor.java:628)
	at java.base/java.lang.Thread.run(Thread.java:835)
     <Конечные остатки> from: 188619      to: 405471
Транзакция <501> Финиш. Время операции: 44,411 сек.
---------------------------------------------------------------------------------
java.lang.InterruptedException: sleep interrupted
	at java.base/java.lang.Thread.sleep(Native Method)
	at Bank.isFraud(Bank.java:33)
	at Bank.transfer(Bank.java:55)
	at TransferMaker.run(TransferMaker.java:23)
	at java.base/java.util.concurrent.Executors$RunnableAdapter.call(Executors.java:515)
	at java.base/java.util.concurrent.FutureTask.run(FutureTask.java:264)
	at java.base/java.util.concurrent.ThreadPoolExecutor.runWorker(ThreadPoolExecutor.java:1128)
	at java.base/java.util.concurrent.ThreadPoolExecutor$Worker.run(ThreadPoolExecutor.java:628)
	at java.base/java.lang.Thread.run(Thread.java:835)
     <Конечные остатки> from: 188619 java.lang.InterruptedException: sleep interrupted 
 	at java.base/java.lang.Thread.sleep(Native Method)
	at Bank.isFraud(Bank.java:33)
	at Bank.transfer(Bank.java:55) 
  to: 369729	at TransferMaker.run(TransferMaker.java:23)

Транзакция <	at java.base/java.util.concurrent.Executors$RunnableAdapter.call(Executors.java:515)550
> Финиш. Время операции: 	at java.base/java.util.concurrent.FutureTask.run(FutureTask.java:264)
43,664	at java.base/java.util.concurrent.ThreadPoolExecutor.runWorker(ThreadPoolExecutor.java:1128) сек.

	at java.base/java.util.concurrent.ThreadPoolExecutor$Worker.run(ThreadPoolExecutor.java:628)---------------------------------------------------------------------------------

	at java.base/java.lang.Thread.run(Thread.java:835)
     <Конечные остатки> from: 287810      to: 522859
Транзакция <605> Финиш. Время операции: 42,828 сек.
---------------------------------------------------------------------------------
java.lang.InterruptedException: sleep interrupted
	at java.base/java.lang.Thread.sleep(Native Method)
	at Bank.isFraud(Bank.java:33)
	at Bank.transfer(Bank.java:55)
	at TransferMaker.run(TransferMaker.java:23)
	at java.base/java.util.concurrent.Executors$RunnableAdapter.call(Executors.java:515)
	at java.base/java.util.concurrent.FutureTask.run(FutureTask.java:264)
	at java.base/java.util.concurrent.ThreadPoolExecutor.runWorker(ThreadPoolExecutor.java:1128)
	at java.base/java.util.concurrent.ThreadPoolExecutor$Worker.run(ThreadPoolExecutor.java:628)
	at java.base/java.lang.Thread.run(Thread.java:835)
java.lang.InterruptedException: sleep interrupted
     <Конечные остатки> from: 381927      to: 431100
Транзакция <607	at java.base/java.lang.Thread.sleep(Native Method)
> Финиш. Время операции: 	at Bank.isFraud(Bank.java:33)
	at Bank.transfer(Bank.java:55)
	at TransferMaker.run(TransferMaker.java:23)
	at java.base/java.util.concurrent.Executors$RunnableAdapter.call(Executors.java:515)
42,799 сек.
---------------------------------------------------------------------------------
	at java.base/java.util.concurrent.FutureTask.run(FutureTask.java:264)
	at java.base/java.util.concurrent.ThreadPoolExecutor.runWorker(ThreadPoolExecutor.java:1128)
	at java.base/java.util.concurrent.ThreadPoolExecutor$Worker.run(ThreadPoolExecutor.java:628)
	at java.base/java.lang.Thread.run(Thread.java:835)
java.lang.InterruptedException: sleep interrupted
     <Конечные остатки> from: 372346      to: 487195
Транзакция <657> Финиш. Время операции: 42,108 сек.
	at java.base/java.lang.Thread.sleep(Native Method)---------------------------------------------------------------------------------

	at Bank.isFraud(Bank.java:33)
	at Bank.transfer(Bank.java:55)
	at TransferMaker.run(TransferMaker.java:23)
	at java.base/java.util.concurrent.Executors$RunnableAdapter.call(Executors.java:515)
	at java.base/java.util.concurrent.FutureTask.run(FutureTask.java:264)
	at java.base/java.util.concurrent.ThreadPoolExecutor.runWorker(ThreadPoolExecutor.java:1128)
	at java.base/java.util.concurrent.ThreadPoolExecutor$Worker.run(ThreadPoolExecutor.java:628)
	at java.base/java.lang.Thread.run(Thread.java:835)
java.lang.InterruptedException: sleep interrupted
	at java.base/java.lang.Thread.sleep(Native Method)
	at Bank.isFraud(Bank.java:33)
	at Bank.transfer(Bank.java:55)
	at TransferMaker.run(TransferMaker.java:23)
	at java.base/java.util.concurrent.Executors$RunnableAdapter.call(Executors.java:515)
	at java.base/java.util.concurrent.FutureTask.run(FutureTask.java:264)
	at java.base/java.util.concurrent.ThreadPoolExecutor.runWorker(ThreadPoolExecutor.java:1128)
     <Конечные остатки> from: 378446      to: 421594
Транзакция <680> Финиш. Время операции: 	at java.base/java.util.concurrent.ThreadPoolExecutor$Worker.run(ThreadPoolExecutor.java:628)41,947 сек.
---------------------------------------------------------------------------------

	at java.base/java.lang.Thread.run(Thread.java:835)
     <Конечные остатки> from: 438075      to: 389482
Транзакция <686> Финиш. Время операции: 41,904 сек.
---------------------------------------------------------------------------------
java.lang.InterruptedException: sleep interrupted
	at java.base/java.lang.Thread.sleep(Native Method)
	at Bank.isFraud(Bank.java:33)
	at Bank.transfer(Bank.java:55)
	at TransferMaker.run(TransferMaker.java:23)
	at java.base/java.util.concurrent.Executors$RunnableAdapter.call(Executors.java:515)
	at java.base/java.util.concurrent.FutureTask.run(FutureTask.java:264)
	at java.base/java.util.concurrent.ThreadPoolExecutor.runWorker(ThreadPoolExecutor.java:1128)
	at java.base/java.util.concurrent.ThreadPoolExecutor$Worker.run(ThreadPoolExecutor.java:628)
	at java.base/java.lang.Thread.run(Thread.java:835)
     <Конечные остатки> from: java.lang.InterruptedException: sleep interrupted
342371   	at java.base/java.lang.Thread.sleep(Native Method)
 	at Bank.isFraud(Bank.java:33)  to: 
369953
	at Bank.transfer(Bank.java:55)
Транзакция <	at TransferMaker.run(TransferMaker.java:23)737
> Финиш. Время операции: 	at java.base/java.util.concurrent.Executors$RunnableAdapter.call(Executors.java:515)
41,533 сек.	at java.base/java.util.concurrent.FutureTask.run(FutureTask.java:264)

---------------------------------------------------------------------------------	at java.base/java.util.concurrent.ThreadPoolExecutor.runWorker(ThreadPoolExecutor.java:1128)

	at java.base/java.util.concurrent.ThreadPoolExecutor$Worker.run(ThreadPoolExecutor.java:628)
	at java.base/java.lang.Thread.run(Thread.java:835)
     <Конечные остатки> from: 239111      to: 376628
Транзакция <771> Финиш. Время операции: 41,293 сек.
---------------------------------------------------------------------------------
java.lang.InterruptedException: sleep interrupted
	at java.base/java.lang.Thread.sleep(Native Method)
	at Bank.isFraud(Bank.java:33)
	at Bank.transfer(Bank.java:55)
	at TransferMaker.run(TransferMaker.java:23)
	at java.base/java.util.concurrent.Executors$RunnableAdapter.call(Executors.java:515)
	at java.base/java.util.concurrent.FutureTask.run(FutureTask.java:264)
	at java.base/java.util.concurrent.ThreadPoolExecutor.runWorker(ThreadPoolExecutor.java:1128)
	at java.base/java.util.concurrent.ThreadPoolExecutor$Worker.run(ThreadPoolExecutor.java:628)
	at java.base/java.lang.Thread.run(Thread.java:835)
     <Конечные остатки> from: 305633      to: 372151
Транзакция <739> Финиш. Время операции: 41,519 сек.
---------------------------------------------------------------------------------
java.lang.InterruptedException: sleep interrupted
	at java.base/java.lang.Thread.sleep(Native Method)
	at Bank.isFraud(Bank.java:33)
	at Bank.transfer(Bank.java:55)
	at TransferMaker.run(TransferMaker.java:23)
	at java.base/java.util.concurrent.Executors$RunnableAdapter.call(Executors.java:515)
	at java.base/java.util.concurrent.FutureTask.run(FutureTask.java:264)
	at java.base/java.util.concurrent.ThreadPoolExecutor.runWorker(ThreadPoolExecutor.java:1128)
	at java.base/java.util.concurrent.ThreadPoolExecutor$Worker.run(ThreadPoolExecutor.java:628)
	at java.base/java.lang.Thread.run(Thread.java:835)
     <Конечные остатки> from: 491107      to: 410425
Транзакция <778> Финиш. Время операции: 41,245 сек.
---------------------------------------------------------------------------------
java.lang.InterruptedException: sleep interrupted
	at java.base/java.lang.Thread.sleep(Native Method)
	at Bank.isFraud(Bank.java:33)
	at Bank.transfer(Bank.java:55)
	at TransferMaker.run(TransferMaker.java:23)
	at java.base/java.util.concurrent.Executors$RunnableAdapter.call(Executors.java:515)
	at java.base/java.util.concurrent.FutureTask.run(FutureTask.java:264)
	at java.base/java.util.concurrent.ThreadPoolExecutor.runWorker(ThreadPoolExecutor.java:1128)
	at java.base/java.util.concurrent.ThreadPoolExecutor$Worker.run(ThreadPoolExecutor.java:628)
	at java.base/java.lang.Thread.run(Thread.java:835)
     <Конечные остатки> from: 303202java.lang.InterruptedException: sleep interrupted 
     to: 	at java.base/java.lang.Thread.sleep(Native Method)
391798
	at Bank.isFraud(Bank.java:33)
Транзакция <	at Bank.transfer(Bank.java:55)825
> Финиш. Время операции: 	at TransferMaker.run(TransferMaker.java:23)40,911
 сек.	at java.base/java.util.concurrent.Executors$RunnableAdapter.call(Executors.java:515)

---------------------------------------------------------------------------------	at java.base/java.util.concurrent.FutureTask.run(FutureTask.java:264)

	at java.base/java.util.concurrent.ThreadPoolExecutor.runWorker(ThreadPoolExecutor.java:1128)
	at java.base/java.util.concurrent.ThreadPoolExecutor$Worker.run(ThreadPoolExecutor.java:628)
	at java.base/java.lang.Thread.run(Thread.java:835)
     <Конечные остатки> from: 362379      to: 471674
Транзакция <833> Финиш. Время операции: 40,856 сек.
---------------------------------------------------------------------------------
java.lang.InterruptedException: sleep interrupted
	at java.base/java.lang.Thread.sleep(Native Method)
	at Bank.isFraud(Bank.java:33)
	at Bank.transfer(Bank.java:55)
	at TransferMaker.run(TransferMaker.java:23)
	at java.base/java.util.concurrent.Executors$RunnableAdapter.call(Executors.java:515)
	at java.base/java.util.concurrent.FutureTask.run(FutureTask.java:264)
	at java.base/java.util.concurrent.ThreadPoolExecutor.runWorker(ThreadPoolExecutor.java:1128)
	at java.base/java.util.concurrent.ThreadPoolExecutor$Worker.run(ThreadPoolExecutor.java:628)
	at java.base/java.lang.Thread.run(Thread.java:835)
     <Конечные остатки> from: java.lang.InterruptedException: sleep interrupted416251
    	at java.base/java.lang.Thread.sleep(Native Method)  to: 
452398	at Bank.isFraud(Bank.java:33)

Транзакция <	at Bank.transfer(Bank.java:55)834
> Финиш. Время операции: 	at TransferMaker.run(TransferMaker.java:23)
40,849 сек.	at java.base/java.util.concurrent.Executors$RunnableAdapter.call(Executors.java:515)

---------------------------------------------------------------------------------	at java.base/java.util.concurrent.FutureTask.run(FutureTask.java:264)

	at java.base/java.util.concurrent.ThreadPoolExecutor.runWorker(ThreadPoolExecutor.java:1128)
	at java.base/java.util.concurrent.ThreadPoolExecutor$Worker.run(ThreadPoolExecutor.java:628)
	at java.base/java.lang.Thread.run(Thread.java:835)
     <Конечные остатки> from: 400705      to: 406766
Транзакция <888> Финиш. Время операции: 40,472 сек.
---------------------------------------------------------------------------------
java.lang.InterruptedException: sleep interrupted
	at java.base/java.lang.Thread.sleep(Native Method)
	at Bank.isFraud(Bank.java:33)
	at Bank.transfer(Bank.java:55)
	at TransferMaker.run(TransferMaker.java:23)
	at java.base/java.util.concurrent.Executors$RunnableAdapter.call(Executors.java:515)
	at java.base/java.util.concurrent.FutureTask.run(FutureTask.java:264)
	at java.base/java.util.concurrent.ThreadPoolExecutor.runWorker(ThreadPoolExecutor.java:1128)
	at java.base/java.util.concurrent.ThreadPoolExecutor$Worker.run(ThreadPoolExecutor.java:628)
	at java.base/java.lang.Thread.run(Thread.java:835)
     <Конечные остатки> from: 414907      to: 381622
Транзакция <895> Финиш. Время операции: 40,423 сек.
---------------------------------------------------------------------------------
java.lang.InterruptedException: sleep interrupted
	at java.base/java.lang.Thread.sleep(Native Method)
	at Bank.isFraud(Bank.java:33)
	at Bank.transfer(Bank.java:55)
	at TransferMaker.run(TransferMaker.java:23)
	at java.base/java.util.concurrent.Executors$RunnableAdapter.call(Executors.java:515)
	at java.base/java.util.concurrent.FutureTask.run(FutureTask.java:264)
	at java.base/java.util.concurrent.ThreadPoolExecutor.runWorker(ThreadPoolExecutor.java:1128)
	at java.base/java.util.concurrent.ThreadPoolExecutor$Worker.run(ThreadPoolExecutor.java:628)
	at java.base/java.lang.Thread.run(Thread.java:835)
     <Конечные остатки> from: 338534  java.lang.InterruptedException: sleep interrupted 
   to: 330995
Транзакция <	at java.base/java.lang.Thread.sleep(Native Method)903
> Финиш. Время операции: 	at Bank.isFraud(Bank.java:33)
40,361	at Bank.transfer(Bank.java:55) сек.

	at TransferMaker.run(TransferMaker.java:23)---------------------------------------------------------------------------------

	at java.base/java.util.concurrent.Executors$RunnableAdapter.call(Executors.java:515)
	at java.base/java.util.concurrent.FutureTask.run(FutureTask.java:264)
	at java.base/java.util.concurrent.ThreadPoolExecutor.runWorker(ThreadPoolExecutor.java:1128)
	at java.base/java.util.concurrent.ThreadPoolExecutor$Worker.run(ThreadPoolExecutor.java:628)
	at java.base/java.lang.Thread.run(Thread.java:835)
     <Конечные остатки> from: 363946java.lang.InterruptedException: sleep interrupted 
     to: 	at java.base/java.lang.Thread.sleep(Native Method)491107

	at Bank.isFraud(Bank.java:33)Транзакция <
957	at Bank.transfer(Bank.java:55)> Финиш. Время операции: 
39,979	at TransferMaker.run(TransferMaker.java:23)
 сек.
	at java.base/java.util.concurrent.Executors$RunnableAdapter.call(Executors.java:515)---------------------------------------------------------------------------------

	at java.base/java.util.concurrent.FutureTask.run(FutureTask.java:264)
	at java.base/java.util.concurrent.ThreadPoolExecutor.runWorker(ThreadPoolExecutor.java:1128)
	at java.base/java.util.concurrent.ThreadPoolExecutor$Worker.run(ThreadPoolExecutor.java:628)
	at java.base/java.lang.Thread.run(Thread.java:835)
     <Конечные остатки> from: 208356      to: 554995
Транзакция <985> Финиш. Время операции: 39,784 сек.
---------------------------------------------------------------------------------
java.lang.InterruptedException: sleep interrupted
	at java.base/java.lang.Thread.sleep(Native Method)
	at Bank.isFraud(Bank.java:33)
	at Bank.transfer(Bank.java:55)
	at TransferMaker.run(TransferMaker.java:23)
	at java.base/java.util.concurrent.Executors$RunnableAdapter.call(Executors.java:515)
	at java.base/java.util.concurrent.FutureTask.run(FutureTask.java:264)
	at java.base/java.util.concurrent.ThreadPoolExecutor.runWorker(ThreadPoolExecutor.java:1128)
	at java.base/java.util.concurrent.ThreadPoolExecutor$Worker.run(ThreadPoolExecutor.java:628)
	at java.base/java.lang.Thread.run(Thread.java:835)
     <Конечные остатки> from: 337314java.lang.InterruptedException: sleep interrupted 
     to: 393785	at java.base/java.lang.Thread.sleep(Native Method)

	at Bank.isFraud(Bank.java:33)Транзакция <
997> Финиш. Время операции: 	at Bank.transfer(Bank.java:55)
39,697	at TransferMaker.run(TransferMaker.java:23) сек.

	at java.base/java.util.concurrent.Executors$RunnableAdapter.call(Executors.java:515)---------------------------------------------------------------------------------

	at java.base/java.util.concurrent.FutureTask.run(FutureTask.java:264)
	at java.base/java.util.concurrent.ThreadPoolExecutor.runWorker(ThreadPoolExecutor.java:1128)
	at java.base/java.util.concurrent.ThreadPoolExecutor$Worker.run(ThreadPoolExecutor.java:628)
	at java.base/java.lang.Thread.run(Thread.java:835)
     <Конечные остатки> from: 415528      to: 518080
Транзакция <1007> Финиш. Время операции: 39,627java.lang.InterruptedException: sleep interrupted
 сек.
---------------------------------------------------------------------------------
	at java.base/java.lang.Thread.sleep(Native Method)
	at Bank.isFraud(Bank.java:33)
	at Bank.transfer(Bank.java:55)
	at TransferMaker.run(TransferMaker.java:23)
	at java.base/java.util.concurrent.Executors$RunnableAdapter.call(Executors.java:515)
	at java.base/java.util.concurrent.FutureTask.run(FutureTask.java:264)
	at java.base/java.util.concurrent.ThreadPoolExecutor.runWorker(ThreadPoolExecutor.java:1128)
	at java.base/java.util.concurrent.ThreadPoolExecutor$Worker.run(ThreadPoolExecutor.java:628)
	at java.base/java.lang.Thread.run(Thread.java:835)
     <Конечные остатки> from: 255669      to: 441971
Транзакция <1011> Финиш. Время операции: java.lang.InterruptedException: sleep interrupted39,600
 сек.
---------------------------------------------------------------------------------
	at java.base/java.lang.Thread.sleep(Native Method)
	at Bank.isFraud(Bank.java:33)
	at Bank.transfer(Bank.java:55)
	at TransferMaker.run(TransferMaker.java:23)
	at java.base/java.util.concurrent.Executors$RunnableAdapter.call(Executors.java:515)
	at java.base/java.util.concurrent.FutureTask.run(FutureTask.java:264)
	at java.base/java.util.concurrent.ThreadPoolExecutor.runWorker(ThreadPoolExecutor.java:1128)
	at java.base/java.util.concurrent.ThreadPoolExecutor$Worker.run(ThreadPoolExecutor.java:628)
	at java.base/java.lang.Thread.run(Thread.java:835)
     <Конечные остатки> from: java.lang.InterruptedException: sleep interrupted
	at java.base/java.lang.Thread.sleep(Native Method)
282703	at Bank.isFraud(Bank.java:33) 
 	at Bank.transfer(Bank.java:55) 
 	at TransferMaker.run(TransferMaker.java:23)  to: 
489279	at java.base/java.util.concurrent.Executors$RunnableAdapter.call(Executors.java:515)

Транзакция <	at java.base/java.util.concurrent.FutureTask.run(FutureTask.java:264)1112
> Финиш. Время операции: 	at java.base/java.util.concurrent.ThreadPoolExecutor.runWorker(ThreadPoolExecutor.java:1128)
38,884	at java.base/java.util.concurrent.ThreadPoolExecutor$Worker.run(ThreadPoolExecutor.java:628)
 сек.
	at java.base/java.lang.Thread.run(Thread.java:835)---------------------------------------------------------------------------------

     <Конечные остатки> from: 398417      to: 460526
Транзакция <1026> Финиш. Время операции: 39,491 сек.
---------------------------------------------------------------------------------
java.lang.InterruptedException: sleep interrupted
	at java.base/java.lang.Thread.sleep(Native Method)
	at Bank.isFraud(Bank.java:33)
	at Bank.transfer(Bank.java:55)
	at TransferMaker.run(TransferMaker.java:23)
	at java.base/java.util.concurrent.Executors$RunnableAdapter.call(Executors.java:515)
	at java.base/java.util.concurrent.FutureTask.run(FutureTask.java:264)
	at java.base/java.util.concurrent.ThreadPoolExecutor.runWorker(ThreadPoolExecutor.java:1128)
	at java.base/java.util.concurrent.ThreadPoolExecutor$Worker.run(ThreadPoolExecutor.java:628)
	at java.base/java.lang.Thread.run(Thread.java:835)
     <Конечные остатки> from: 419156 java.lang.InterruptedException: sleep interrupted 
    to: 443833	at java.base/java.lang.Thread.sleep(Native Method)

	at Bank.isFraud(Bank.java:33)Транзакция <
1159	at Bank.transfer(Bank.java:55)> Финиш. Время операции: 
	at TransferMaker.run(TransferMaker.java:23)38,549
 сек.
	at java.base/java.util.concurrent.Executors$RunnableAdapter.call(Executors.java:515)
---------------------------------------------------------------------------------
	at java.base/java.util.concurrent.FutureTask.run(FutureTask.java:264)
	at java.base/java.util.concurrent.ThreadPoolExecutor.runWorker(ThreadPoolExecutor.java:1128)
	at java.base/java.util.concurrent.ThreadPoolExecutor$Worker.run(ThreadPoolExecutor.java:628)
	at java.base/java.lang.Thread.run(Thread.java:835)
     <Конечные остатки> from: 266526      to: 450270
java.lang.InterruptedException: sleep interrupted
Транзакция <1068> Финиш. Время операции: 	at java.base/java.lang.Thread.sleep(Native Method)
	at Bank.isFraud(Bank.java:33)
	at Bank.transfer(Bank.java:55)
	at TransferMaker.run(TransferMaker.java:23)
39,197	at java.base/java.util.concurrent.Executors$RunnableAdapter.call(Executors.java:515)
 сек.	at java.base/java.util.concurrent.FutureTask.run(FutureTask.java:264)
	at java.base/java.util.concurrent.ThreadPoolExecutor.runWorker(ThreadPoolExecutor.java:1128)

	at java.base/java.util.concurrent.ThreadPoolExecutor$Worker.run(ThreadPoolExecutor.java:628)
	at java.base/java.lang.Thread.run(Thread.java:835)
---------------------------------------------------------------------------------
java.lang.InterruptedException: sleep interrupted
     <Конечные остатки> from: 269149  	at java.base/java.lang.Thread.sleep(Native Method) 
   to: 515061
	at Bank.isFraud(Bank.java:33)Транзакция <1113> Финиш. Время операции: 
38,879 сек.
---------------------------------------------------------------------------------
	at Bank.transfer(Bank.java:55)
	at TransferMaker.run(TransferMaker.java:23)
	at java.base/java.util.concurrent.Executors$RunnableAdapter.call(Executors.java:515)
	at java.base/java.util.concurrent.FutureTask.run(FutureTask.java:264)
	at java.base/java.util.concurrent.ThreadPoolExecutor.runWorker(ThreadPoolExecutor.java:1128)
	at java.base/java.util.concurrent.ThreadPoolExecutor$Worker.run(ThreadPoolExecutor.java:628)
	at java.base/java.lang.Thread.run(Thread.java:835)
     <Конечные остатки> from: java.lang.InterruptedException: sleep interrupted
307523      to: 383048
Транзакция <	at java.base/java.lang.Thread.sleep(Native Method)
	at Bank.isFraud(Bank.java:33)
1177	at Bank.transfer(Bank.java:55)
	at TransferMaker.run(TransferMaker.java:23)
> Финиш. Время операции: 	at java.base/java.util.concurrent.Executors$RunnableAdapter.call(Executors.java:515)
38,424	at java.base/java.util.concurrent.FutureTask.run(FutureTask.java:264)
	at java.base/java.util.concurrent.ThreadPoolExecutor.runWorker(ThreadPoolExecutor.java:1128)
	at java.base/java.util.concurrent.ThreadPoolExecutor$Worker.run(ThreadPoolExecutor.java:628)
 сек.	at java.base/java.lang.Thread.run(Thread.java:835)

java.lang.InterruptedException: sleep interrupted
---------------------------------------------------------------------------------
     <Конечные остатки> from: 	at java.base/java.lang.Thread.sleep(Native Method)
	at Bank.isFraud(Bank.java:33)
	at Bank.transfer(Bank.java:55)
416515	at TransferMaker.run(TransferMaker.java:23)
	at java.base/java.util.concurrent.Executors$RunnableAdapter.call(Executors.java:515)
 	at java.base/java.util.concurrent.FutureTask.run(FutureTask.java:264)
	at java.base/java.util.concurrent.ThreadPoolExecutor.runWorker(ThreadPoolExecutor.java:1128)
 	at java.base/java.util.concurrent.ThreadPoolExecutor$Worker.run(ThreadPoolExecutor.java:628)
 	at java.base/java.lang.Thread.run(Thread.java:835)
   to: 517459
Транзакция <1197> Финиш. Время операции: 38,284 сек.
---------------------------------------------------------------------------------
java.lang.InterruptedException: sleep interrupted     <Конечные остатки> from: 
208356	at java.base/java.lang.Thread.sleep(Native Method)      to: 403090
Транзакция <1200> Финиш. Время операции: 
38,263 сек.
---------------------------------------------------------------------------------
	at Bank.isFraud(Bank.java:33)
	at Bank.transfer(Bank.java:55)
	at TransferMaker.run(TransferMaker.java:23)
	at java.base/java.util.concurrent.Executors$RunnableAdapter.call(Executors.java:515)
	at java.base/java.util.concurrent.FutureTask.run(FutureTask.java:264)
	at java.base/java.util.concurrent.ThreadPoolExecutor.runWorker(ThreadPoolExecutor.java:1128)
	at java.base/java.util.concurrent.ThreadPoolExecutor$Worker.run(ThreadPoolExecutor.java:628)
	at java.base/java.lang.Thread.run(Thread.java:835)
     <Конечные остатки> from: 247197 java.lang.InterruptedException: sleep interrupted
     to: 471451
Транзакция <1202	at java.base/java.lang.Thread.sleep(Native Method)
	at Bank.isFraud(Bank.java:33)
	at Bank.transfer(Bank.java:55)
	at TransferMaker.run(TransferMaker.java:23)
	at java.base/java.util.concurrent.Executors$RunnableAdapter.call(Executors.java:515)
	at java.base/java.util.concurrent.FutureTask.run(FutureTask.java:264)
	at java.base/java.util.concurrent.ThreadPoolExecutor.runWorker(ThreadPoolExecutor.java:1128)
	at java.base/java.util.concurrent.ThreadPoolExecutor$Worker.run(ThreadPoolExecutor.java:628)
	at java.base/java.lang.Thread.run(Thread.java:835)
> Финиш. Время операции: java.lang.InterruptedException: sleep interrupted
38,250 сек.
---------------------------------------------------------------------------------
	at java.base/java.lang.Thread.sleep(Native Method)
	at Bank.isFraud(Bank.java:33)
	at Bank.transfer(Bank.java:55)
	at TransferMaker.run(TransferMaker.java:23)
	at java.base/java.util.concurrent.Executors$RunnableAdapter.call(Executors.java:515)
	at java.base/java.util.concurrent.FutureTask.run(FutureTask.java:264)
	at java.base/java.util.concurrent.ThreadPoolExecutor.runWorker(ThreadPoolExecutor.java:1128)
	at java.base/java.util.concurrent.ThreadPoolExecutor$Worker.run(ThreadPoolExecutor.java:628)
	at java.base/java.lang.Thread.run(Thread.java:835)
     <Конечные остатки> from: 293608      to: 458818
Транзакция <1297> Финиш. Время операции: 37,573 сек.
---------------------------------------------------------------------------------
     <Конечные остатки> from: 382851      to: 456441
Транзакция <1282> Финиш. Время операции: 37,678 сек.
---------------------------------------------------------------------------------
java.lang.InterruptedException: sleep interrupted
	at java.base/java.lang.Thread.sleep(Native Method)
	at Bank.isFraud(Bank.java:33)
	at Bank.transfer(Bank.java:55)
	at TransferMaker.run(TransferMaker.java:23)
	at java.base/java.util.concurrent.Executors$RunnableAdapter.call(Executors.java:515)
	at java.base/java.util.concurrent.FutureTask.run(FutureTask.java:264)
	at java.base/java.util.concurrent.ThreadPoolExecutor.runWorker(ThreadPoolExecutor.java:1128)
	at java.base/java.util.concurrent.ThreadPoolExecutor$Worker.run(ThreadPoolExecutor.java:628)
	at java.base/java.lang.Thread.run(Thread.java:835)
     <Конечные остатки> from: 429731java.lang.InterruptedException: sleep interrupted 
   	at java.base/java.lang.Thread.sleep(Native Method)  to: 
316415	at Bank.isFraud(Bank.java:33)

Транзакция <	at Bank.transfer(Bank.java:55)1316
> Финиш. Время операции: 	at TransferMaker.run(TransferMaker.java:23)
37,433 сек.	at java.base/java.util.concurrent.Executors$RunnableAdapter.call(Executors.java:515)

---------------------------------------------------------------------------------	at java.base/java.util.concurrent.FutureTask.run(FutureTask.java:264)

	at java.base/java.util.concurrent.ThreadPoolExecutor.runWorker(ThreadPoolExecutor.java:1128)
	at java.base/java.util.concurrent.ThreadPoolExecutor$Worker.run(ThreadPoolExecutor.java:628)
	at java.base/java.lang.Thread.run(Thread.java:835)
     <Конечные остатки> from: 327685      to: 518080
Транзакция <1317> Финиш. Время операции: 37,426java.lang.InterruptedException: sleep interrupted сек.

---------------------------------------------------------------------------------
	at java.base/java.lang.Thread.sleep(Native Method)
	at Bank.isFraud(Bank.java:33)
	at Bank.transfer(Bank.java:55)
	at TransferMaker.run(TransferMaker.java:23)
	at java.base/java.util.concurrent.Executors$RunnableAdapter.call(Executors.java:515)
	at java.base/java.util.concurrent.FutureTask.run(FutureTask.java:264)
	at java.base/java.util.concurrent.ThreadPoolExecutor.runWorker(ThreadPoolExecutor.java:1128)
	at java.base/java.util.concurrent.ThreadPoolExecutor$Worker.run(ThreadPoolExecutor.java:628)
	at java.base/java.lang.Thread.run(Thread.java:835)
     <Конечные остатки> from: 410752      to: 516521
Транзакция <1349> Финиш. Время операции: 37,203 сек.
---------------------------------------------------------------------------------

Process finished with exit code 0
